Traceback (most recent call last):
  File "/Users/karol/dev/tools/wt-philo-11-06/scripts/graph_walk.py", line 6286, in <module>
    raise SystemExit(main())
                     ~~~~^^
  File "/Users/karol/dev/tools/wt-philo-11-06/scripts/graph_walk.py", line 6276, in main
    record = run_case(
        Path(args.atlas), args.case, brain=args.brain, viewport=args.viewport,
        out=Path(args.out), engine=args.engine, build=not args.no_build,
        headless=bool(args.headless),
    )
  File "/Users/karol/dev/tools/wt-philo-11-06/scripts/graph_walk.py", line 6095, in run_case
    cli_runner=_repo_path(cli_script) if cli_script else None).start()
                                                               ~~~~~^^
  File "/Users/karol/dev/tools/wt-philo-11-06/scripts/graph_walk.py", line 2426, in start
    raise RuntimeError("hub died on boot:\n" + "\n".join(self.lines[-40:]))
RuntimeError: hub died on boot:
Traceback (most recent call last):
  File "/Users/karol/dev/tools/wt-philo-11-06/scripts/graph_walk.py", line 6286, in <module>
    raise SystemExit(main())
                     ~~~~^^
  File "/Users/karol/dev/tools/wt-philo-11-06/scripts/graph_walk.py", line 6259, in main
    _serve(args.port or _free_port(), args.token,
    ~~~~~~^^^^^^^^^^^^^^^^^^^^^^^^^^^^^^^^^^^^^^^
           scheduler=bool(getattr(args, "scheduler", False)),
           ^^^^^^^^^^^^^^^^^^^^^^^^^^^^^^^^^^^^^^^^^^^^^^^^^^
    ...<3 lines>...
           transcript_path=getattr(args, "transcript_path", None),
           ^^^^^^^^^^^^^^^^^^^^^^^^^^^^^^^^^^^^^^^^^^^^^^^^^^^^^^^
           cli_runner=getattr(args, "cli_runner", None))
           ^^^^^^^^^^^^^^^^^^^^^^^^^^^^^^^^^^^^^^^^^^^^^
  File "/Users/karol/dev/tools/wt-philo-11-06/scripts/graph_walk.py", line 2940, in _serve
    from holdspeak.db import get_database
ModuleNotFoundError: No module named 'holdspeak'
