tests/integration/test_philo13_meeting_attendees_api.py::test_calendar_projection_preserves_ingested_attendees
tests/integration/test_philo13_meeting_attendees_api.py::test_list_projects_real_transcript_and_calendar_attendees
tests/integration/test_philo13_meeting_attendees_api.py::test_search_and_parked_list_keep_the_attendees_contract
tests/integration/test_philo13_meeting_attendees_api.py::test_transcript_only_meeting_has_sorted_trimmed_attendees
tests/integration/test_philo13_meeting_attendees_api.py::test_calendar_only_meeting_has_ingested_attendees
tests/integration/test_philo13_meeting_attendees_api.py::test_meeting_without_participants_returns_empty_attendees
tests/integration/test_web_meetings_facets_api.py::test_each_facet_filters_alone
tests/integration/test_web_meetings_facets_api.py::test_facets_compose_with_each_other_and_with_search
tests/integration/test_web_meetings_facets_api.py::test_legacy_q_parameter_never_silently_returns_unfiltered_archive
tests/integration/test_web_meetings_facets_api.py::test_facets_see_the_whole_archive_not_a_page
tests/integration/test_web_meetings_facets_api.py::test_no_params_keeps_the_existing_shape
tests/integration/test_web_meetings_facets_api.py::test_facet_values_endpoint
tests/unit/test_calendar_events_repository.py::test_replace_projection_upserts_and_removes_vanished_rows_atomically
tests/unit/test_calendar_events_repository.py::test_list_upcoming_orders_future_rows_without_raw_sql_in_consumers
tests/unit/test_calendar_events_repository.py::test_two_sources_coexist_independently
tests/unit/test_calendar_events_repository.py::test_scoped_replace_leaves_other_source_untouched
tests/unit/test_calendar_events_repository.py::test_failed_source_leaves_other_sources_rows
tests/unit/test_calendar_events_repository.py::test_orphan_cleanup_removes_disabled_source_rows
tests/unit/test_calendar_events_repository.py::test_orphan_cleanup_with_empty_list_removes_all
tests/unit/test_calendar_parser.py::test_basic_ics_projects_only_the_door_fields
tests/unit/test_calendar_parser.py::test_folded_ics_and_url_property_project_without_a_hand_rolled_parser
tests/unit/test_calendar_parser.py::test_tzid_event_projects_the_correct_utc_instants
tests/unit/test_calendar_parser.py::test_rrule_expands_only_the_fourteen_day_window_and_hard_occurrence_cap
tests/unit/test_calendar_parser.py::test_exdate_removes_a_recurring_occurrence
tests/unit/test_calendar_parser.py::test_rdate_adds_a_decoded_datetime_occurrence
tests/unit/test_calendar_parser.py::test_malformed_event_becomes_a_named_skip_while_good_sibling_survives
tests/unit/test_calendar_parser.py::test_garbage_bytes_and_huge_feed_are_bounded_feed_failures
tests/unit/test_calendar_parser.py::test_date_only_and_recurrence_override_are_explicitly_skipped_not_misrepresented
tests/unit/test_calendar_parser.py::test_unresolvable_tzid_and_malformed_rrule_are_named_skips
tests/unit/test_calendar_parser.py::test_horizon_constant_is_the_declared_two_week_window
tests/unit/test_calendar_ingest.py::test_file_subscription_projects_then_honestly_removes_vanished_events
tests/unit/test_calendar_ingest.py::test_https_subscription_projects_the_same_contract_without_auth_headers
tests/unit/test_calendar_ingest.py::test_reader_rejects_redirect_timeout_and_oversize_before_projection
tests/unit/test_calendar_ingest.py::test_bad_event_is_skipped_with_deduplicated_kernel_receipt
tests/unit/test_calendar_ingest.py::test_feed_failure_retains_last_known_good_projection_and_receipts_once
tests/unit/test_calendar_ingest_conductor.py::test_boot_refreshes_once_and_periodic_tick_rereads_current_subscription
tests/unit/test_calendar_ingest_conductor.py::test_boot_and_tick_contain_fetch_and_parse_failures
tests/unit/test_calendar_ingest_conductor.py::test_stop_joins_the_calendar_thread_and_prevents_later_refresh
tests/unit/test_calendar_ingest_conductor.py::test_multi_source_iteration_refreshes_all_enabled
tests/unit/test_calendar_ingest_conductor.py::test_per_source_failure_isolation
tests/unit/test_calendar_ingest_conductor.py::test_empty_sources_list_no_fetch
tests/unit/test_calendar_ingest_conductor.py::test_orphan_cleanup_after_source_removal
tests/unit/test_calendar_snapshot_route.py::TestExtractEndpoint::test_upload_single_image
tests/unit/test_calendar_snapshot_route.py::TestExtractEndpoint::test_upload_multiple_images
tests/unit/test_calendar_snapshot_route.py::TestExtractEndpoint::test_rejects_too_many_files
tests/unit/test_calendar_snapshot_route.py::TestExtractEndpoint::test_rejects_unsupported_type
tests/unit/test_calendar_snapshot_route.py::TestExtractEndpoint::test_unreadable_refusal_passthrough
tests/unit/test_calendar_snapshot_route.py::TestConfirmEndpoint::test_confirm_writes_ics
tests/unit/test_calendar_snapshot_route.py::TestConfirmEndpoint::test_confirm_rejects_missing_anchor
tests/unit/test_calendar_snapshot_route.py::TestConfirmEndpoint::test_confirm_rejects_invalid_anchor
tests/unit/test_scheduled_recording_routes.py::TestScheduledRecordingRoutes::test_list_empty
tests/unit/test_scheduled_recording_routes.py::TestScheduledRecordingRoutes::test_create_and_list
tests/unit/test_scheduled_recording_routes.py::TestScheduledRecordingRoutes::test_get
tests/unit/test_scheduled_recording_routes.py::TestScheduledRecordingRoutes::test_get_not_found
tests/unit/test_scheduled_recording_routes.py::TestScheduledRecordingRoutes::test_update
tests/unit/test_scheduled_recording_routes.py::TestScheduledRecordingRoutes::test_update_not_found
tests/unit/test_scheduled_recording_routes.py::TestScheduledRecordingRoutes::test_delete
tests/unit/test_scheduled_recording_routes.py::TestScheduledRecordingRoutes::test_delete_not_found
tests/unit/test_scheduled_recording_routes.py::TestScheduledRecordingRoutes::test_full_round_trip
tests/unit/test_scheduled_recording_routes.py::TestScheduledRecordingValidation::test_bad_cron_returns_422
tests/unit/test_scheduled_recording_routes.py::TestScheduledRecordingValidation::test_empty_cron_returns_422
tests/unit/test_scheduled_recording_routes.py::TestScheduledRecordingValidation::test_non_positive_duration_returns_422
tests/unit/test_scheduled_recording_routes.py::TestScheduledRecordingValidation::test_negative_duration_returns_422
tests/unit/test_scheduled_recording_routes.py::TestScheduledRecordingValidation::test_bad_cron_on_update_returns_422
tests/unit/test_scheduled_recording_routes.py::TestScheduledRecordingValidation::test_non_positive_duration_on_update_returns_422
tests/unit/test_scheduled_recording_routes.py::TestScheduledRecordingDelegation::test_create_enabled_writes_delegation_receipt
tests/unit/test_scheduled_recording_routes.py::TestScheduledRecordingDelegation::test_enable_via_update_writes_delegation_receipt
tests/unit/test_scheduled_recording_routes.py::TestScheduledRecordingTimestampSerialization::test_created_at_is_iso_string
tests/unit/test_scheduled_recording_routes.py::TestScheduledRecordingTimestampSerialization::test_next_fire_at_is_iso_with_correct_hour
tests/unit/test_scheduled_recording_routes.py::TestScheduledRecordingTimestampSerialization::test_all_timestamp_fields_are_strings_or_none
tests/unit/test_scheduled_recording_routes.py::TestScheduledRecordingTimestampSerialization::test_disabled_schedule_has_null_next_fire_at
tests/unit/test_scheduled_recording_routes.py::TestScheduledRecordingCancelArmed::test_cancel_not_armed_returns_409
tests/unit/test_scheduled_recording_routes.py::TestScheduledRecordingCancelArmed::test_cancel_not_found
tests/unit/test_scheduled_recording_routes.py::TestScheduledRecordingCancelArmed::test_delete_while_arming_returns_409
tests/unit/test_hs175_event_recordings.py::TestAutoRecordOff::test_off_creates_nothing
tests/unit/test_hs175_event_recordings.py::TestAutoRecordAllCalendar::test_creates_one_per_event_with_url
tests/unit/test_hs175_event_recordings.py::TestAutoRecordAllCalendar::test_no_recording_without_url
tests/unit/test_hs175_event_recordings.py::TestAutoRecordAllCalendar::test_lead_time
tests/unit/test_hs175_event_recordings.py::TestAutoRecordAllCalendar::test_duration_from_event
tests/unit/test_hs175_event_recordings.py::TestAutoRecordRoomLinked::test_creates_only_for_linked
tests/unit/test_hs175_event_recordings.py::TestAutoRecordRoomLinked::test_creates_when_linked
tests/unit/test_hs175_event_recordings.py::TestIdempotency::test_idempotent_across_refreshes
tests/unit/test_hs175_event_recordings.py::TestVanishedEvent::test_vanished_event_cancels_recording
tests/unit/test_hs175_event_recordings.py::TestMovedEvent::test_moved_event_updates_fire_time
tests/unit/test_hs175_event_recordings.py::TestArmsLikeEveryScheduledRecording::test_event_born_row_is_handed_to_the_scheduled_conductor
tests/unit/test_hs175_event_recordings.py::TestSettingOnHubRead::test_hub_read_exposes_auto_record
tests/unit/test_hs175_event_recordings.py::TestSettingOnHubRead::test_default_is_off
tests/unit/test_hs175_event_recordings.py::TestSettingOnHubRead::test_invalid_auto_record_rejected
tests/unit/test_hs175_event_recordings.py::TestRecordingReceipt::test_receipt_written
tests/unit/test_hs175_event_recordings.py::TestOwnerCancelIsFinal::test_cancel_then_refresh_does_not_rearm[owner_cancelled]
tests/unit/test_hs175_event_recordings.py::TestOwnerCancelIsFinal::test_cancel_then_refresh_does_not_rearm[cancelled]
tests/unit/test_hs175_event_recordings.py::TestOwnerCancelIsFinal::test_moved_occurrence_is_a_new_one_and_rearms
tests/unit/test_hs175_event_recordings.py::TestOwnerCancelIsFinal::test_event_removed_is_not_a_tombstone
tests/unit/test_hs175_event_recordings.py::TestSourceRemovedDisarms::test_remove_cancels_its_recordings_with_a_receipt
tests/unit/test_hs175_event_recordings.py::TestSourceRemovedDisarms::test_disable_last_source_prunes_with_zero_enabled
tests/unit/test_hs175_event_recordings.py::TestSourceRemovedDisarms::test_remove_everything_prunes_with_zero_configured
tests/unit/test_hs175_event_recordings.py::TestSourceRemovedDisarms::test_reenabled_source_rearms_under_the_toggle
tests/unit/test_hs175_event_recordings.py::TestSourceRemovedDisarms::test_zero_sources_ever_is_quiet
tests/unit/test_hs175_event_recordings.py::TestMatcherRunsBeforeAutoCreate::test_room_linked_event_arms_on_the_first_refresh
tests/unit/test_hs175_event_recordings.py::TestOwnerCancelStamp::test_stamp_alone_blocks_the_rearm
tests/unit/test_hs175_event_recordings.py::TestCancelIsThisOccurrence::test_cancel_one_of_four_leaves_three_armed
tests/unit/test_hs175_event_recordings.py::TestEveryArmReceipted::test_disable_enable_writes_two_create_receipts
tests/unit/test_hs175_event_recordings.py::TestB11BothConductors::test_event_born_row_is_armed_and_started_by_the_136_conductor
tests/unit/test_hs175_calendar_wire.py::TestSweepRunsCalendarRefresh::test_sweep_calls_refresh_and_receipts
tests/unit/test_hs175_calendar_wire.py::TestSweepRunsCalendarRefresh::test_sweep_receipts_applied_false_when_no_sources
tests/unit/test_hs175_calendar_wire.py::TestNoDoubleRefresh::test_conductor_start_does_not_spawn_thread
tests/unit/test_hs175_calendar_wire.py::TestTitleMatcher::test_title_match_links_event_to_room
tests/unit/test_hs175_calendar_wire.py::TestTitleMatcher::test_r1_short_one_word_name_links_when_its_whole_word_appears
tests/unit/test_hs175_calendar_wire.py::TestTitleMatcher::test_r1_generic_one_word_room_never_links
tests/unit/test_hs175_calendar_wire.py::TestTitleMatcher::test_r1_generic_stoplist_is_case_insensitive
tests/unit/test_hs175_calendar_wire.py::TestTitleMatcher::test_r1_non_generic_one_word_room_links
tests/unit/test_hs175_calendar_wire.py::TestTitleMatcher::test_r1_partial_phrase_never_links
tests/unit/test_hs175_calendar_wire.py::TestTitleMatcher::test_r1_phrase_match_is_punctuation_insensitive
tests/unit/test_hs175_calendar_wire.py::TestTitleMatcher::test_r1_whole_word_bounded
tests/unit/test_hs175_calendar_wire.py::TestTitleMatcher::test_longest_match_wins
tests/unit/test_hs175_calendar_wire.py::TestManualLinkOverrides::test_manual_link_survives_matcher_rerun
tests/unit/test_hs175_calendar_wire.py::TestDoorWeek::test_week_strip_with_events
tests/unit/test_hs175_calendar_wire.py::TestDoorWeek::test_week_strip_absent_when_no_calendar
tests/unit/test_hs175_calendar_wire.py::TestUpcomingCarriesRoom::test_upcoming_event_carries_project
tests/unit/test_hs175_calendar_wire.py::TestHttpsSourceReceipt::test_sweep_receipt_names_https_host
tests/unit/test_hs175_calendar_wire.py::TestAttendeeExtraction::test_attendees_extracted_from_ics
tests/unit/test_hs175_calendar_wire.py::TestCalendarEventProjectsRepo::test_link_and_list
tests/unit/test_hs175_calendar_wire.py::TestCalendarEventProjectsRepo::test_manual_link_survives_replace_auto
tests/unit/test_hs175_calendar_wire.py::TestCalendarEventProjectsRepo::test_unlink
tests/unit/test_hs175_calendar_wire.py::TestCalendarEventProjectsRepo::test_build_event_project_index
tests/unit/test_hs175_calendar_wire.py::TestUnlinkIsDurable::test_unlink_survives_the_next_refresh
tests/unit/test_hs175_calendar_wire.py::TestUnlinkIsDurable::test_unlink_all_survives_and_a_manual_link_clears_it
tests/unit/test_hs175_calendar_wire.py::TestUnlinkIsDurable::test_unlink_survives_a_time_change
tests/unit/test_hs175_calendar_wire.py::TestNoWatchQueryWarning::test_refresh_logs_no_broken_watch_query
tests/unit/test_hs175_calendar_wire.py::TestManualLinkFollowsTimeChange::test_manual_link_rebinds_by_uid
tests/unit/test_hs175_calendar_wire.py::TestManualLinkFollowsTimeChange::test_manual_link_dropped_when_uid_leaves
tests/unit/test_db.py::TestDatabase::test_init_creates_schema
tests/unit/test_db.py::TestDatabase::test_save_and_get_meeting
tests/unit/test_db.py::TestDatabase::test_save_meeting_with_intel
tests/unit/test_db.py::TestDatabase::test_get_nonexistent_meeting
tests/unit/test_db.py::TestDatabase::test_list_meetings
tests/unit/test_db.py::TestDatabase::test_list_meetings_with_limit
tests/unit/test_db.py::TestDatabase::test_list_meetings_date_filter
tests/unit/test_db.py::TestDatabase::test_delete_meeting
tests/unit/test_db.py::TestDatabase::test_delete_nonexistent_meeting
tests/unit/test_db.py::TestDatabase::test_get_meeting_count
tests/unit/test_db.py::TestActionItems::test_list_action_items
tests/unit/test_db.py::TestActionItems::test_list_action_items_by_owner
tests/unit/test_db.py::TestActionItems::test_update_action_item_status
tests/unit/test_db.py::TestActionItems::test_update_action_item_status_dismissed_sets_completed_at
tests/unit/test_db.py::TestActionItems::test_update_action_item_status_pending_clears_completed_at
tests/unit/test_db.py::TestActionItems::test_update_nonexistent_action_item
tests/unit/test_db.py::TestActionItems::test_update_action_item_status_rejects_invalid_status
tests/unit/test_db.py::TestActionItems::test_update_action_item_review_state
tests/unit/test_db.py::TestActionItems::test_update_action_item_review_state_rejects_invalid_value
tests/unit/test_db.py::TestActionItems::test_edit_action_item_auto_accepts
tests/unit/test_db.py::TestActionItems::test_edit_action_item_rejects_empty_task
tests/unit/test_db.py::TestActionItems::test_save_meeting_preserves_review_state_across_resave
tests/unit/test_db.py::TestActionItems::test_save_meeting_preserves_terminal_action_item_status_across_resave
tests/unit/test_db.py::TestActionItems::test_save_meeting_rejects_invalid_action_item_status
tests/unit/test_db.py::TestTranscriptSearch::test_search_transcripts
tests/unit/test_db.py::TestTranscriptSearch::test_search_transcripts_no_results
tests/unit/test_db.py::TestTranscriptSearch::test_search_transcripts_multiple_results
tests/unit/test_db.py::TestMeetingSummary::test_meeting_summary_in_list
tests/unit/test_db.py::TestUpsert::test_save_meeting_updates_existing
tests/unit/test_db.py::TestActivityLedgerPersistence::test_upsert_activity_record_persists_locally
tests/unit/test_db.py::TestActivityLedgerPersistence::test_duplicate_activity_records_merge_by_normalized_url
tests/unit/test_db.py::TestActivityLedgerPersistence::test_duplicate_activity_records_merge_by_entity
tests/unit/test_db.py::TestActivityLedgerPersistence::test_activity_import_checkpoint_round_trips_per_source_profile
tests/unit/test_db.py::TestActivityLedgerPersistence::test_delete_activity_records_supports_retention_filters
tests/unit/test_db.py::TestActivityLedgerPersistence::test_activity_privacy_settings_default_enabled_and_updateable
tests/unit/test_db.py::TestActivityLedgerPersistence::test_activity_domain_rules_match_subdomains
tests/unit/test_db.py::TestActivityLedgerPersistence::test_activity_project_rules_preview_and_apply_records
tests/unit/test_db.py::TestActivityLedgerPersistence::test_activity_project_rules_update_disable_and_delete
tests/unit/test_db.py::TestActivityLedgerPersistence::test_activity_enrichment_connector_state_round_trips
tests/unit/test_db.py::TestActivityLedgerPersistence::test_activity_annotations_attach_to_records_and_delete_by_connector
tests/unit/test_db.py::TestActivityLedgerPersistence::test_activity_annotations_validate_record_reference
tests/unit/test_db.py::TestActivityLedgerPersistence::test_activity_meeting_candidates_round_trip_and_status_update
tests/unit/test_db.py::TestActivityLedgerPersistence::test_activity_meeting_candidates_validate_status_and_record_reference
tests/unit/test_db.py::TestActivityLedgerPersistence::test_activity_meeting_candidates_dedupe_repeated_saves
tests/unit/test_db.py::TestDeferredIntelQueue::test_enqueue_and_claim_intel_job
tests/unit/test_db.py::TestDeferredIntelQueue::test_complete_intel_job_removes_queue_entry
tests/unit/test_db.py::TestDeferredIntelQueue::test_fail_intel_job_updates_meeting_status
tests/unit/test_db.py::TestDeferredIntelQueue::test_list_intel_jobs_includes_meeting_context
tests/unit/test_db.py::TestDeferredIntelQueue::test_requeue_intel_job_refreshes_failed_job
tests/unit/test_db.py::TestDeferredIntelQueue::test_claim_next_intel_job_skips_future_scheduled_jobs
tests/unit/test_db.py::TestDeferredIntelQueue::test_retry_intel_job_requeues_and_updates_meeting_status
tests/unit/test_db.py::TestDeferredIntelQueue::test_get_intel_queue_summary_reports_aggregate_telemetry
tests/unit/test_db.py::TestDeferredIntelQueue::test_intel_job_attempt_history_round_trips
tests/unit/test_db.py::TestDeferredIntelQueue::test_skip_remaining_intel_retains_completed_meeting_work
tests/unit/test_db.py::TestDeferredIntelQueue::test_running_intel_refuses_retry_and_skip
tests/unit/test_db.py::TestDeferredIntelQueue::test_manual_retry_requeues_same_meeting_and_resets_attempt_budget
tests/unit/test_db.py::TestMirPersistence::test_record_and_list_intent_windows
tests/unit/test_db.py::TestMirPersistence::test_record_and_list_plugin_runs
tests/unit/test_db.py::TestMirPersistence::test_record_and_list_artifacts_with_lineage
tests/unit/test_db.py::TestMirPersistence::test_plugin_run_job_queue_lifecycle
tests/unit/test_db.py::TestMirPersistence::test_plugin_run_job_fail_status
tests/unit/test_db.py::TestMirPersistence::test_plugin_run_job_summary_reports_queue_telemetry
tests/unit/test_db.py::TestMirPersistence::test_claim_next_plugin_run_job_can_include_scheduled
tests/unit/test_db.py::TestDatabaseShape::test_meeting_database_has_no_duplicate_method_definitions
tests/unit/test_db.py::TestDatabaseShape::test_fresh_schema_matches_canonical_snapshot
tests/unit/test_db.py::TestPhase200WorkingContextMigration::test_the_reconciler_refreshes_the_two_revised_note_triggers
tests/unit/test_db.py::TestPhase200WorkingContextMigration::test_a_reconciled_older_database_can_still_write_a_note
tests/unit/test_db.py::TestPhase200WorkingContextMigration::test_reconciling_twice_is_a_no_op_for_the_revised_triggers
tests/unit/test_db.py::TestConnectionCache::test_repeated_writes_reuse_one_connection_per_thread
tests/unit/test_db.py::TestConnectionCache::test_nested_connection_gets_its_own_connection
tests/unit/test_db.py::TestConnectionCache::test_exception_rolls_the_reused_connection_back
tests/unit/test_db.py::TestConnectionCache::test_a_second_database_over_the_same_file_shares_no_connection
tests/unit/test_db.py::TestConnectionCache::test_the_cap_holds_when_every_cached_entry_is_busy
tests/unit/test_db.py::TestConnectionCache::test_close_releases_cached_connections
tests/unit/test_db.py::TestConnectionCache::test_concurrent_threads_do_not_share_a_connection
tests/unit/test_db.py::TestMeshDispatchSchema::test_the_relay_queue_carries_explicit_dispatch_proof
tests/unit/test_db.py::TestMeshDispatchSchema::test_the_worker_reservation_key_makes_execution_at_most_once
tests/unit/test_reconcile.py::test_reconcile_recreates_dropped_table
tests/unit/test_reconcile.py::test_reconcile_adds_provider_command_table_to_old_shape_without_touching_rows
tests/unit/test_reconcile.py::test_reconcile_adds_calendar_events_to_old_shape_without_touching_rows
tests/unit/test_reconcile.py::test_reconcile_adds_missing_column
tests/unit/test_reconcile.py::test_reconcile_adds_datetime_default_column_with_constant
tests/unit/test_reconcile.py::test_reconcile_is_idempotent
tests/unit/test_reconcile.py::test_reconcile_no_alter_on_current_db
tests/unit/test_reconcile.py::test_reconcile_widens_historical_parent_kind_check_without_row_loss
tests/unit/test_reconcile.py::test_reconcile_preserves_orphan_table
tests/unit/test_reconcile.py::test_newer_db_opens_without_error
tests/unit/test_reconcile.py::test_newer_db_opens_via_database_class
tests/unit/test_reconcile.py::test_reference_schema_contains_canonical_tables
tests/unit/test_reconcile.py::test_is_function_default_detects_datetime
tests/unit/test_reconcile.py::test_soft_deleted_decision_survives_reconcile
tests/unit/test_reconcile.py::test_clean_db_reconcile_skips_backfills
tests/unit/test_reconcile.py::test_shape_change_triggers_backup_and_backfills
tests/unit/test_reconcile.py::test_fresh_creation_does_not_back_up
tests/unit/test_reconcile.py::test_fts_shadow_tables_excluded_from_reference
tests/unit/test_reconcile.py::test_reconcile_adds_source_columns_to_existing_calendar_events
tests/unit/test_reconcile.py::test_fts_shadow_tables_not_altered
tests/unit/test_philo13_a3h_meeting_summary.py::test_summary_flag_survives_persisted_config_and_run_status_disable
tests/unit/test_philo13_a3h_meeting_summary.py::test_list_and_search_rows_do_not_leak_detail_summary_text
tests/unit/test_philo13_meeting_parking.py::test_repository_parks_and_restores_without_deleting_retained_work
tests/unit/test_philo13_meeting_parking.py::test_repository_park_and_restore_are_idempotent_and_unknown_stays_missing
tests/unit/test_philo13_meeting_parking.py::test_save_does_not_accidentally_unpark_a_retained_meeting
tests/unit/test_philo13_meeting_parking.py::test_service_parked_search_reads_only_the_retained_meeting
tests/unit/test_philo13_meeting_parking.py::test_parked_meeting_proposal_refusal_tells_owner_to_restore
tests/unit/test_philo13_meeting_parking.py::test_mcp_delete_verbs_return_parked_receipts_and_retain_rows
tests/unit/test_philo13_meeting_parking.py::test_real_import_route_parks_reads_retained_detail_and_restores
tests/unit/test_philo13_meeting_parking.py::test_schema_reconciles_parked_columns_additively
tests/unit/test_philo13_meeting_parking.py::test_parked_meeting_is_absent_from_its_real_read_family[brief]
tests/unit/test_philo13_meeting_parking.py::test_parked_meeting_is_absent_from_its_real_read_family[calendar]
tests/unit/test_philo13_meeting_parking.py::test_parked_meeting_is_absent_from_its_real_read_family[recall]
tests/unit/test_philo13_meeting_parking.py::test_parked_meeting_is_absent_from_its_real_read_family[proposal]
tests/unit/test_philo13_meeting_parking.py::test_parked_meeting_is_absent_from_its_real_read_family[intel_claim]
tests/unit/test_philo13_meeting_parking.py::test_projection_route_hides_meeting_actuator_job_and_conflict_rows
tests/unit/test_philo13_meeting_parking.py::test_sync_conflict_tombstone_parks_and_restores_retained_children
tests/unit/test_philo13_meeting_parking.py::test_parked_meeting_actions_and_speakers_disappear_from_all_owner_reads
tests/unit/test_philo13_meeting_parking.py::test_bound_intel_claim_initial_fence_reads_real_parked_meeting
tests/unit/test_philo13_meeting_parking.py::test_bound_intel_claim_recheck_fence_rejects_meeting_parked_during_prepare
tests/unit/test_philo13_meeting_parking.py::test_follow_through_action_read_hides_parked_meeting_and_restores_it
tests/unit/test_philo13_meeting_parking.py::test_follow_through_decision_commitment_hides_parked_source_and_restores_it
tests/unit/test_philo13_meeting_parking.py::test_project_stats_hide_parked_meeting_actions_and_artifacts
tests/unit/test_philo13_meeting_parking.py::test_meeting_watch_source_hides_parked_meeting_and_restores_it
tests/unit/test_philo13_meeting_parking.py::test_intel_job_list_hides_parked_meeting_and_restores_it
tests/unit/test_philo13_meeting_parking.py::test_loop_collector_hides_parked_meeting_decision_and_restores_it
tests/unit/test_philo13_meeting_parking.py::test_room_commitment_read_hides_parked_source_and_restores_it
tests/unit/test_philo13_meeting_parking.py::test_recall_hides_parked_commitment_but_keeps_promoted_decision_record

256 tests collected in 1.39s
