FFFFFF                                                                   [100%]
=================================== FAILURES ===================================
____________ test_calendar_projection_preserves_ingested_attendees _____________

db = <holdspeak.db.core.Database object at 0x10cc47230>
tmp_path = PosixPath('/private/var/folders/q7/5dzz5g2116b3lq8rhg7hwjrr0000gn/T/pytest-of-karol/pytest-478/test_calendar_projection_prese0')

    def test_calendar_projection_preserves_ingested_attendees(
        db: Database, tmp_path: Path
    ) -> None:
        event, _ = _ingest_calendar_event(db, tmp_path)
    
>       assert event.attendees == ("bob@example.com", "alice@example.com")
               ^^^^^^^^^^^^^^^
E       AttributeError: 'CalendarEvent' object has no attribute 'attendees'

tests/integration/test_philo13_meeting_attendees_api.py:182: AttributeError
__________ test_list_projects_real_transcript_and_calendar_attendees ___________

client = <starlette.testclient.TestClient object at 0x110795d30>
db = <holdspeak.db.core.Database object at 0x10cdf7b10>
tmp_path = PosixPath('/private/var/folders/q7/5dzz5g2116b3lq8rhg7hwjrr0000gn/T/pytest-of-karol/pytest-478/test_list_projects_real_transc0')

    def test_list_projects_real_transcript_and_calendar_attendees(
        client: TestClient, db: Database, tmp_path: Path
    ) -> None:
        meeting_id = _seed_attendee_meeting(db, client, tmp_path)
    
        row = _row(client.get("/api/meetings"), meeting_id)
    
        assert row["title"] == "Quarterly review"
        assert "Priya" not in row["title"]
>       assert row["attendees"] == [
               ^^^^^^^^^^^^^^^^
            "Priya",
            "Zoe, PhD",
            "alice@example.com",
            "bob@example.com",
        ]
E       KeyError: 'attendees'

tests/integration/test_philo13_meeting_attendees_api.py:194: KeyError
___________ test_search_and_parked_list_keep_the_attendees_contract ____________

client = <starlette.testclient.TestClient object at 0x110827d90>
db = <holdspeak.db.core.Database object at 0x1107be0d0>
tmp_path = PosixPath('/private/var/folders/q7/5dzz5g2116b3lq8rhg7hwjrr0000gn/T/pytest-of-karol/pytest-478/test_search_and_parked_list_ke0')

    def test_search_and_parked_list_keep_the_attendees_contract(
        client: TestClient, db: Database, tmp_path: Path
    ) -> None:
        meeting_id = _seed_attendee_meeting(db, client, tmp_path)
    
        searched = _row(client.get("/api/meetings", params={"search": "Priya"}), meeting_id)
>       assert searched["attendees"] == [
               ^^^^^^^^^^^^^^^^^^^^^
            "Priya",
            "Zoe, PhD",
            "alice@example.com",
            "bob@example.com",
        ]
E       KeyError: 'attendees'

tests/integration/test_philo13_meeting_attendees_api.py:209: KeyError
__________ test_transcript_only_meeting_has_sorted_trimmed_attendees ___________

client = <starlette.testclient.TestClient object at 0x1120c2fd0>
db = <holdspeak.db.core.Database object at 0x111c46fd0>

    def test_transcript_only_meeting_has_sorted_trimmed_attendees(
        client: TestClient, db: Database
    ) -> None:
        db.meetings.save_meeting(
            MeetingState(
                id="transcript-only",
                started_at=datetime(2026, 10, 3, 9, 0, 0),
                ended_at=datetime(2026, 10, 3, 9, 30, 0),
                title="Transcript only",
                segments=[
                    TranscriptSegment("z", " Zed ", 0.0, 1.0),
                    TranscriptSegment("blank", "  ", 1.0, 2.0),
                    TranscriptSegment("a", "Alice", 2.0, 3.0),
                    TranscriptSegment("z2", "Zoë, PhD", 3.0, 4.0),
                ],
            )
        )
    
        row = _row(client.get("/api/meetings"), "transcript-only")
    
>       assert row["attendees"] == ["Alice", "Zed", "Zoë, PhD"]
               ^^^^^^^^^^^^^^^^
E       KeyError: 'attendees'

tests/integration/test_philo13_meeting_attendees_api.py:249: KeyError
______________ test_calendar_only_meeting_has_ingested_attendees _______________

client = <starlette.testclient.TestClient object at 0x1145a49d0>
db = <holdspeak.db.core.Database object at 0x1120c3d90>
tmp_path = PosixPath('/private/var/folders/q7/5dzz5g2116b3lq8rhg7hwjrr0000gn/T/pytest-of-karol/pytest-478/test_calendar_only_meeting_has0')

    def test_calendar_only_meeting_has_ingested_attendees(
        client: TestClient, db: Database, tmp_path: Path
    ) -> None:
        event, start = _ingest_calendar_event(db, tmp_path)
        linked = client.post(
            "/api/scheduled-recordings",
            json={"calendar_event_id": event.id},
        )
        assert linked.status_code == 201, linked.text
        db.meetings.save_meeting(
            MeetingState(
                id="calendar-only",
                started_at=start.replace(tzinfo=None),
                ended_at=(start + timedelta(hours=1)).replace(tzinfo=None),
                title="Calendar only",
                calendar_event_id=linked.json()["schedule"]["calendar_event_id"],
            )
        )
    
        row = _row(client.get("/api/meetings"), "calendar-only")
    
>       assert row["attendees"] == ["alice@example.com", "bob@example.com"]
               ^^^^^^^^^^^^^^^^
E       KeyError: 'attendees'

tests/integration/test_philo13_meeting_attendees_api.py:273: KeyError
__________ test_meeting_without_participants_returns_empty_attendees ___________

client = <starlette.testclient.TestClient object at 0x115a36fd0>
db = <holdspeak.db.core.Database object at 0x111c451d0>

    def test_meeting_without_participants_returns_empty_attendees(
        client: TestClient, db: Database
    ) -> None:
        db.meetings.save_meeting(
            MeetingState(
                id="meeting-without-participants",
                started_at=datetime(2026, 10, 3, 10, 0, 0),
                ended_at=datetime(2026, 10, 3, 10, 30, 0),
                title="Quiet review",
            )
        )
    
        row = _row(client.get("/api/meetings"), "meeting-without-participants")
    
>       assert row["attendees"] == []
               ^^^^^^^^^^^^^^^^
E       KeyError: 'attendees'

tests/integration/test_philo13_meeting_attendees_api.py:290: KeyError
=========================== short test summary info ============================
FAILED tests/integration/test_philo13_meeting_attendees_api.py::test_calendar_projection_preserves_ingested_attendees
FAILED tests/integration/test_philo13_meeting_attendees_api.py::test_list_projects_real_transcript_and_calendar_attendees
FAILED tests/integration/test_philo13_meeting_attendees_api.py::test_search_and_parked_list_keep_the_attendees_contract
FAILED tests/integration/test_philo13_meeting_attendees_api.py::test_transcript_only_meeting_has_sorted_trimmed_attendees
FAILED tests/integration/test_philo13_meeting_attendees_api.py::test_calendar_only_meeting_has_ingested_attendees
FAILED tests/integration/test_philo13_meeting_attendees_api.py::test_meeting_without_participants_returns_empty_attendees
6 failed in 8.00s
