.........
----------------------------------------------------------------------
Ran 9 tests in 0.003s

OK
Documentation navigation: 70 files checked; local targets and Markdown headings resolve.
Documentation navigation: 33 files checked; local targets and Markdown headings resolve.
Repository census: 5 outputs verified.
API reference checked
Boundary candidate census checked
Doctor reference: 41 check functions
Configuration declaration reference is current
note: subtype conflict edge.cli.hub_restart: astra=process.restart; muaddib=cli
note: subtype conflict edge.face.arrival_load: astra=lifecycle.mount; muaddib=navigation.load
note: subtype conflict edge.face.thought_keep: astra=pointer.blur; muaddib=pointer.click
note: subtype conflict edge.route.brief_item_shelf: astra=ui; muaddib=http
note: subtype conflict edge.route.brief_latest: astra=ui; muaddib=http
note: subtype conflict edge.route.heartbeat_run_now: astra=ui; muaddib=http
note: subtype conflict edge.route.inference_assignments_set: astra=ui; muaddib=http
note: subtype conflict edge.route.model_profile_delete: astra=ui; muaddib=http
note: subtype conflict edge.route.model_profile_unbind: astra=ui; muaddib=http
note: subtype conflict edge.route.projection_presentation: astra=ui; muaddib=http
note: subtype conflict edge.route.projections_list: astra=ui; muaddib=http
note: subtype conflict edge.timer.heartbeat_sweep: astra=ui; muaddib=timer
note: subtype conflict iface.face.arrival: astra=face.section; muaddib=face.window
note: subtype conflict iface.face.first_words: astra=face.card; muaddib=face.panel
graph join checked: docs/generated/graph.json; 14 subtype conflict note(s)
Architecture metadata: 4 shard(s), 147 record(s)
Architecture metadata validation passed.
Architecture documentation checked (10 outputs).
Documentation coverage checked.
