tests/unit/test_philo4_02_decision_rows.py::test_generate_carries_created_at_on_every_decision_item
tests/unit/test_philo4_02_decision_rows.py::test_generate_and_reload_sorts_decisions_by_record_created_at
tests/unit/test_philo4_02_decision_rows.py::test_generate_carries_created_at_from_meeting_decision_projection
tests/unit/test_philo4_02_readable_rows.py::test_readable_text_uses_element_from_point_and_rejects_a_covering_dock
tests/unit/test_philo4_02_readable_rows.py::test_readable_text_rejects_missing_text_or_unreadable_geometry[<lambda>0]
tests/unit/test_philo4_02_readable_rows.py::test_readable_text_rejects_missing_text_or_unreadable_geometry[<lambda>1]
tests/unit/test_philo4_02_readable_rows.py::test_readable_text_rejects_missing_text_or_unreadable_geometry[<lambda>2]
tests/unit/test_philo4_02_readable_rows.py::test_readable_text_rejects_missing_text_or_unreadable_geometry[<lambda>3]
tests/unit/test_philo4_02_readable_rows.py::test_readable_text_rejects_missing_text_or_unreadable_geometry[<lambda>4]
tests/unit/test_philo4_02_readable_rows.py::test_atlas_declares_readable_text_for_the_as_written_chain_case
tests/unit/test_philo4_02_readable_rows.py::test_readable_text_is_in_the_shared_schema_vocabulary
tests/unit/test_monday_brief_service.py::test_compute_window_on_monday_starts_previous_friday
tests/unit/test_monday_brief_service.py::test_compute_window_on_wednesday_starts_previous_day
tests/unit/test_monday_brief_service.py::test_compute_window_preserves_timezone_across_dst
tests/unit/test_monday_brief_service.py::test_generate_creates_empty_brief
tests/unit/test_monday_brief_service.py::test_generate_is_idempotent_for_same_day
tests/unit/test_monday_brief_service.py::test_get_latest_returns_most_recent_brief
tests/unit/test_monday_brief_service.py::test_generate_collects_write_operations_as_persisted_changes
tests/unit/test_monday_brief_service.py::test_collect_changes_excludes_read_only_operations
tests/unit/test_monday_brief_service.py::test_collect_changes_collapses_a_correlated_retry
tests/unit/test_monday_brief_service.py::test_collect_changes_collapses_an_uncorrelated_failed_retry
tests/unit/test_monday_brief_service.py::test_collect_changes_excludes_events_outside_the_window
tests/unit/test_monday_brief_service.py::test_collect_changes_returns_no_items_for_an_empty_window
tests/unit/test_monday_brief_service.py::test_compose_headline_mentions_each_populated_section
tests/unit/test_monday_brief_service.py::test_compose_headline_is_specific_to_the_populated_section
tests/unit/test_monday_brief_service.py::test_compose_empty_brief_has_honest_headline
tests/unit/test_monday_brief_service.py::test_compose_sorts_items_within_each_section_by_priority
tests/unit/test_monday_brief_service.py::test_compose_headline_is_deterministic
tests/unit/test_philo4_03_breakage_ids.py::test_a_pipeline_failure_in_two_lookbacks_generates_both_briefs
tests/unit/test_philo4_03_breakage_ids.py::test_a_connector_failure_in_two_lookbacks_generates_both_briefs
tests/unit/test_hs175_week_brief.py::TestComputeWindowUnchanged::test_monday_still_looks_back_to_friday
tests/unit/test_hs175_week_brief.py::TestComputeWindowUnchanged::test_wednesday_looks_back_to_tuesday
tests/unit/test_hs175_week_brief.py::TestComputeLookahead::test_wednesday_to_sunday
tests/unit/test_hs175_week_brief.py::TestComputeLookahead::test_monday_to_sunday
tests/unit/test_hs175_week_brief.py::TestComputeLookahead::test_sunday_to_same_sunday
tests/unit/test_hs175_week_brief.py::TestComputeLookahead::test_default_now_is_tz_aware
tests/unit/test_hs175_week_brief.py::TestCollectCalendarEvents::test_counts_events_in_range
tests/unit/test_hs175_week_brief.py::TestCollectCalendarEvents::test_next_event_after_now
tests/unit/test_hs175_week_brief.py::TestCollectCalendarEvents::test_empty_when_no_events
tests/unit/test_hs175_week_brief.py::TestCollectCalendarEvents::test_armed_count
tests/unit/test_hs175_week_brief.py::TestCollectMeetingWatch::test_new_decisions
tests/unit/test_hs175_week_brief.py::TestCollectMeetingWatch::test_commitments_due_this_week
tests/unit/test_hs175_week_brief.py::TestCollectMeetingWatch::test_empty_when_no_data
tests/unit/test_hs175_week_brief.py::TestBriefGenerationThisWeek::test_generate_lookback_unchanged
tests/unit/test_hs175_week_brief.py::TestBriefGenerationThisWeek::test_sections_include_this_week
tests/unit/test_hs175_week_brief.py::TestBriefGenerationThisWeek::test_calendar_items_land_in_this_week
tests/unit/test_hs175_week_brief.py::TestBriefGenerationThisWeek::test_meeting_watch_items_land_in_this_week
tests/unit/test_hs175_week_brief.py::TestBriefGenerationThisWeek::test_headline_includes_meeting_count
tests/unit/test_hs175_week_brief.py::TestBriefGenerationThisWeek::test_commitment_detail_includes_text_and_date
tests/unit/test_hs175_week_brief.py::TestComputeWindowByteIdentical::test_body_digest_pinned
tests/unit/test_hs175_week_brief.py::TestForwardHalfReadsFromNow::test_monday_afternoon_counts_only_what_is_coming
tests/unit/test_hs175_week_brief.py::TestForwardHalfReadsFromNow::test_naive_local_now_is_read_as_local
tests/unit/test_hs175_week_brief.py::TestForwardHalfReadsFromNow::test_commitment_due_today_counts_and_next_week_does_not
tests/unit/test_hs175_week_brief.py::TestRecordedOccurrenceDedup::test_recorded_occurrence_is_since_fridays_not_this_weeks
tests/unit/test_hs175_week_brief.py::TestRecordedOccurrenceDedup::test_recurring_series_next_occurrence_survives
tests/unit/test_hs175_week_brief.py::TestComposeCountsCalendarItems::test_headline_names_meetings_armed_and_due
tests/unit/test_hs175_week_brief.py::TestComposeCountsCalendarItems::test_headline_with_decisions
tests/unit/test_hs175_week_brief.py::TestCommitmentSaidOnce::test_commitment_due_today_appears_once_in_this_week
tests/unit/test_hs175_week_brief.py::TestShadeReadOfSeededBrief::test_latest_returns_the_seed_before_and_after_a_hub_generate
tests/unit/test_hs175_week_brief.py::TestComposeNeverPrintsABareStop::test_next_row_alone_is_one_item
tests/unit/test_philo_graph_atlas.py::test_every_atlas_file_is_read
tests/unit/test_philo_graph_atlas.py::test_schema_is_a_valid_2020_12_schema
tests/unit/test_philo_graph_atlas.py::test_atlas_validates_against_its_schema[atlas-phase3.json]
tests/unit/test_philo_graph_atlas.py::test_every_source_reference_lands_on_its_symbol[atlas-phase3.json]
tests/unit/test_philo_graph_atlas.py::test_atlas_validates_against_its_schema[atlas.json]
tests/unit/test_philo_graph_atlas.py::test_every_source_reference_lands_on_its_symbol[atlas.json]
tests/unit/test_philo_graph_atlas.py::test_ids_are_unique
tests/unit/test_philo_graph_atlas.py::test_every_case_state_id_resolves
tests/unit/test_philo_graph_atlas.py::test_every_case_reference_inside_the_atlas_resolves
tests/unit/test_philo_graph_atlas.py::test_every_clock_a_case_uses_is_declared
tests/unit/test_philo_graph_atlas.py::test_every_applicable_case_carries_one_trigger
tests/unit/test_philo_graph_atlas.py::test_no_timer_edge_is_triggered_by_a_substitute_button
tests/unit/test_philo_graph_atlas.py::test_every_api_setup_step_exists_in_the_generated_openapi
tests/unit/test_philo_graph_atlas.py::test_every_fixture_step_exists_and_hashes_as_claimed
tests/unit/test_philo_graph_atlas.py::test_every_phase1_reference_resolves_to_a_record
tests/unit/test_philo_graph_atlas.py::test_every_selected_job_has_an_applicable_case_except_j8
tests/unit/test_philo_graph_atlas.py::test_every_brief_family_is_present
tests/unit/test_philo_graph_atlas.py::test_quiet_is_never_an_attention_state
tests/unit/test_philo_graph_atlas.py::test_face_cases_carry_both_ruled_viewports
tests/unit/test_philo_graph_atlas.py::test_unexercised_states_name_a_mechanism_and_a_cost
tests/unit/test_philo_graph_atlas.py::test_source_commit_is_the_revision_the_atlas_was_derived_from
tests/unit/test_philo_graph_atlas.py::test_every_applicable_predicate_is_a_kind_the_rig_implements
tests/unit/test_philo_graph_atlas.py::test_every_predicate_observes_a_selector_or_a_route
tests/unit/test_philo_graph_atlas.py::test_protocol_predicates_ask_for_a_new_row
tests/unit/test_philo_graph_atlas.py::test_every_case_keeps_its_human_sentence
tests/unit/test_philo_graph_atlas.py::test_every_ui_action_is_one_the_rig_implements
tests/unit/test_philo_graph_atlas.py::test_every_boundary_names_its_substitution
tests/unit/test_philo_graph_atlas.py::test_summary_cases_use_the_retained_architect_import_fixture
tests/unit/test_philo_graph_atlas.py::test_summary_run_cases_have_one_run_trigger
tests/unit/test_philo_graph_atlas.py::test_summary_running_reads_the_claimed_job_wire_status
tests/unit/test_philo_graph_atlas.py::test_summary_queued_reads_the_run_admission_response
tests/unit/test_philo_graph_atlas.py::test_summary_preconditions_do_not_require_future_or_consumed_run_state
tests/unit/test_philo_graph_atlas.py::test_summary_state_reads_do_not_require_a_new_row_after_setup_run
tests/unit/test_philo_graph_atlas.py::test_summary_manual_retry_requires_failed_producer_and_current_route
tests/unit/test_philo_graph_atlas.py::test_summary_planned_host_cases_check_real_text_and_control_ownership
tests/unit/test_philo_graph_atlas.py::test_summary_failure_cases_retain_reply_at_the_provider_boundary
tests/unit/test_philo_graph_atlas.py::test_summary_imports_wait_for_real_completion_and_retain_title
tests/unit/test_philo_graph_atlas.py::test_summary_arrival_observations_name_the_rendered_states
tests/unit/test_philo_graph_atlas.py::test_summary_models_window_closes_before_arrival_steps
tests/unit/test_philo_graph_atlas.py::test_summary_restart_proof_retains_summary_receipt_and_identity
tests/unit/test_philo_graph_atlas.py::test_summary_microphone_cases_keep_the_lawful_blocked_boundary
tests/unit/test_philo_graph_atlas.py::test_summary_cases_do_not_claim_the_old_pangram
tests/unit/test_philo_graph_atlas.py::test_summary_stop_cases_require_a_real_active_meeting
tests/unit/test_philo_graph_atlas.py::test_the_two_schemas_agree_on_the_case_contract
tests/unit/test_philo_graph_atlas.py::test_every_case_validates_against_the_graph_case_schema
tests/unit/test_philo_graph_atlas.py::test_the_graph_predicate_enum_does_not_outrun_the_rig
tests/unit/test_philo_graph_atlas.py::test_a_case_without_a_predicate_is_unreachable_with_a_reason
tests/unit/test_philo_graph_atlas.py::test_every_council_reading_names_its_sources
tests/unit/test_philo_graph_atlas.py::test_no_precondition_check_compares_two_snapshots
tests/unit/test_philo_graph_atlas.py::test_every_precondition_check_observes_a_selector_or_a_route
tests/unit/test_philo_graph_atlas.py::test_no_check_asserts_the_result_the_trigger_must_produce
tests/unit/test_philo_graph_atlas.py::test_every_protocol_field_path_with_a_placeholder_is_a_json_pointer
tests/unit/test_philo_graph_atlas.py::test_no_step_acts_on_a_root_placeholder
tests/unit/test_philo_graph_atlas.py::test_navigation_steps_carry_no_selector
tests/unit/test_philo_graph_atlas.py::test_every_click_and_fill_names_a_control
tests/unit/test_philo_graph_atlas.py::test_every_desk_face_case_crosses_the_gate_first
tests/unit/test_philo_graph_atlas.py::test_no_gate_case_crosses_the_gate_in_setup
tests/unit/test_philo_graph_atlas.py::test_gate_cases_check_the_gate_not_the_desk
tests/unit/test_philo_graph_atlas.py::test_every_captured_id_names_the_field_it_reads
tests/unit/test_philo_graph_atlas.py::test_same_day_generate_again_binds_returned_displayed_and_retained
tests/unit/test_philo_graph_atlas.py::test_no_populated_brief_case_reads_the_headline
tests/unit/test_philo_graph_atlas.py::test_the_brief_recipe_fence_refuses_its_mutations
tests/unit/test_philo_graph_atlas.py::test_the_populated_brief_predicate_needs_the_minted_row
tests/unit/test_philo_graph_atlas.py::test_j11_kept_verifies_the_saved_words_in_the_store
tests/unit/test_philo_graph_atlas.py::test_same_day_same_id_fails_a_different_id_by_machine
tests/unit/test_philo_graph_atlas.py::test_j10_retention_is_proven_after_another_reload
tests/unit/test_philo_graph_atlas.py::test_summary_failure_settings_reach_the_real_drainer_after_restart
tests/unit/test_philo_graph_atlas.py::test_summary_no_engine_absence_is_read_inside_the_existing_meetings_scope
tests/unit/test_philo_graph_atlas.py::test_summary_reload_reads_the_same_already_persisted_summary
tests/unit/test_philo_graph_atlas.py::test_summary_terminal_cases_read_durable_meeting_not_active_queue[case.j6.run_summary.intel_ready-/intel_job/status]
tests/unit/test_philo_graph_atlas.py::test_summary_terminal_cases_read_durable_meeting_not_active_queue[case.j6.run_summary.host_named-/run_receipt/attempts/0/host]
tests/unit/test_philo_graph_schema.py::test_schema_is_a_valid_draft_2020_12_schema
tests/unit/test_philo_graph_schema.py::test_worked_example_passes_schema_and_integrity
tests/unit/test_philo_graph_schema.py::test_worked_example_joins_phase1_records_and_api_pairs
tests/unit/test_philo_graph_schema.py::test_observations_are_stored_one_per_brain_pass_viewport
tests/unit/test_philo_graph_schema.py::test_unresolved_link_endpoint_is_refused
tests/unit/test_philo_graph_schema.py::test_observation_without_provenance_is_refused
tests/unit/test_philo_graph_schema.py::test_finding_without_a_bin_is_refused
tests/unit/test_philo_graph_schema.py::test_case_without_an_expected_predicate_is_refused
tests/unit/test_philo_graph_schema.py::test_duplicate_ids_are_refused
tests/unit/test_philo_graph_schema.py::test_phase1_record_id_must_exist_in_that_inventory
tests/unit/test_philo_graph_schema.py::test_phase1_api_reference_must_exist_as_that_method_and_path
tests/unit/test_philo_graph_schema.py::test_phase1_api_reference_must_match_the_declared_method
tests/unit/test_philo_graph_schema.py::test_phase1_inventory_must_be_a_file_in_the_tree
tests/unit/test_philo_graph_schema.py::test_claim_review_record_reference_must_exist
tests/unit/test_philo_graph_schema.py::test_source_path_must_exist_in_the_tree
tests/unit/test_philo_graph_schema.py::test_evidence_path_must_exist_in_the_tree
tests/unit/test_philo_graph_schema.py::test_cli_exits_zero_on_the_example_and_one_on_a_broken_graph
tests/unit/test_graph_walk_calibration.py::test_rig_is_versioned
tests/unit/test_graph_walk_calibration.py::test_six_calibration_cases_get_their_expected_verdicts
tests/unit/test_graph_walk_calibration.py::test_no_calibration_verdict_comes_from_the_presence_of_a_diff
tests/unit/test_graph_walk_calibration.py::test_the_wrong_target_case_records_where_the_result_landed
tests/unit/test_graph_walk_calibration.py::test_the_operation_that_never_completes_is_incomplete_not_settled
tests/unit/test_graph_walk_calibration.py::test_every_observation_carries_provenance_and_before_after
tests/unit/test_graph_walk_calibration.py::test_run_ids_are_unique_per_case_brain_viewport
tests/unit/test_graph_walk_calibration.py::test_home_under_the_owners_local_share_is_refused
tests/unit/test_graph_walk_calibration.py::test_a_temporary_home_is_accepted
tests/unit/test_graph_walk_calibration.py::test_an_unexplained_zero_diff_is_not_a_pass
tests/unit/test_graph_walk_calibration.py::test_a_window_already_open_before_the_trigger_is_not_the_trigger_opening_it
tests/unit/test_graph_walk_calibration.py::test_every_negative_control_comes_out_as_stated
tests/unit/test_graph_walk_calibration.py::test_a_refresh_with_its_handler_removed_fails
tests/unit/test_graph_walk_calibration.py::test_a_replay_identity_must_name_an_attribute_or_the_response
tests/unit/test_graph_walk_calibration.py::test_a_result_after_the_bound_is_never_a_pass
tests/unit/test_graph_walk_calibration.py::test_an_absence_needs_a_scope_that_exists
tests/unit/test_graph_walk_calibration.py::test_the_ui_vocabulary_is_closed_and_blocks_before_anything_fires
tests/unit/test_graph_walk_calibration.py::test_a_precondition_that_does_not_hold_blocks_the_case
tests/unit/test_graph_walk_calibration.py::test_a_precondition_that_holds_lets_the_case_run
tests/unit/test_graph_walk_calibration.py::test_a_words_only_case_is_blocked_and_never_a_keyerror
tests/unit/test_graph_walk_calibration.py::test_an_unreachable_case_keeps_its_reason_verbatim
tests/unit/test_graph_walk_calibration.py::test_a_captured_value_drives_a_later_step_and_the_predicate
tests/unit/test_graph_walk_calibration.py::test_an_unresolved_placeholder_is_blocked_and_never_sent
tests/unit/test_graph_walk_calibration.py::test_substitution_fills_only_identifiers
tests/unit/test_graph_walk_calibration.py::test_a_capture_without_a_value_blocks
tests/unit/test_graph_walk_calibration.py::test_a_check_step_in_setup_blocks_where_it_stands
tests/unit/test_graph_walk_calibration.py::test_a_check_step_that_holds_lets_the_case_run
tests/unit/test_graph_walk_calibration.py::test_the_step_vocabulary_is_closed_and_exported
tests/unit/test_graph_walk_calibration.py::test_a_relative_goto_resolves_against_the_hub
tests/unit/test_graph_walk_calibration.py::test_a_fixture_step_captures_from_its_own_response
tests/unit/test_graph_walk_calibration.py::test_a_trigger_identity_is_read_from_the_response_not_the_page
tests/unit/test_graph_walk_calibration.py::test_identity_display_requires_the_returned_id_to_be_the_displayed_one
tests/unit/test_graph_walk_calibration.py::test_a_row_match_reaches_a_nested_field
tests/unit/test_graph_walk_calibration.py::test_prose_in_expected_words_is_not_a_placeholder
tests/unit/test_graph_walk_calibration.py::test_a_label_only_boundary_is_refused
tests/unit/test_graph_walk_calibration.py::test_an_engine_reply_boundary_blocks_when_it_was_never_installed
tests/unit/test_graph_walk_calibration.py::test_an_engine_reply_boundary_records_the_installed_reply
tests/unit/test_graph_walk_calibration.py::test_the_replay_engine_answers_the_recorded_reply
tests/unit/test_graph_walk_calibration.py::test_the_scheduler_wait_adapter_lets_a_timer_edge_produce_the_result
tests/unit/test_graph_walk_calibration.py::test_every_new_predicate_kind_gets_its_verdict
tests/unit/test_graph_walk_calibration.py::test_a_refusal_status_is_read_from_the_triggers_own_response
tests/unit/test_graph_walk_calibration.py::test_a_row_gone_is_named_never_merely_fewer
tests/unit/test_graph_walk_calibration.py::test_protocol_field_reads_one_named_field
tests/unit/test_graph_walk_calibration.py::test_input_value_reads_the_field_not_the_dom_text
tests/unit/test_graph_walk_calibration.py::test_a_restart_is_a_real_restart_and_the_value_survives
tests/unit/test_graph_walk_calibration.py::test_any_other_cli_command_stays_blocked_with_its_name
tests/unit/test_graph_walk_calibration.py::test_a_refusal_must_name_what_is_missing
tests/unit/test_graph_walk_calibration.py::test_an_asserted_absence_is_earned_by_the_named_bound
tests/unit/test_graph_walk_calibration.py::test_the_new_kinds_are_branches_the_atlas_fence_can_read
tests/unit/test_graph_walk_calibration.py::test_a_prose_predicate_is_blocked_not_guessed
tests/unit/test_graph_walk_calibration.py::test_protocol_rows_needs_a_NEW_matching_row_not_any_change
tests/unit/test_graph_walk_calibration.py::test_a_clock_step_blocks_instead_of_claiming_the_state
tests/unit/test_graph_walk_calibration.py::test_a_fixture_step_without_a_declared_boundary_blocks
tests/unit/test_graph_walk_calibration.py::test_an_unknown_step_kind_blocks
tests/unit/test_graph_walk_calibration.py::test_a_not_applicable_case_is_recorded_not_skipped
tests/unit/test_graph_walk_calibration.py::test_the_real_j4_import_case_fires_the_upload_and_binds_the_meeting_id
tests/unit/test_graph_walk_calibration.py::test_a_placeholder_nothing_binds_blocks_before_the_trigger
tests/unit/test_graph_walk_calibration.py::test_a_placeholder_still_unbound_after_the_trigger_blocks_naming_it
tests/unit/test_graph_walk_calibration.py::test_a_clicked_verb_reads_its_identity_from_its_own_response
tests/unit/test_graph_walk_calibration.py::test_a_clicked_verb_status_is_read_by_its_declared_route
tests/unit/test_graph_walk_calibration.py::test_a_different_id_beside_unchanged_old_content_fails
tests/unit/test_graph_walk_calibration.py::test_a_longer_id_does_not_display_a_shorter_one

210 tests collected in 1.59s
