.................................................................F...... [ 34%]
........................................................................ [ 68%]
..................................................................       [100%]
=================================== FAILURES ===================================
_________ test_every_source_reference_lands_on_its_symbol[atlas.json] __________

every_atlas = {'cases': [{'applicability': 'applicable', 'completion_bound_s': 20, 'edge_ids': ['edge.face.first_words_continue_late...son': 'the gate holds ONE capture state and ONE failure (web/src/desk/components/FirstWords.tsx:50, :51).'}, ...], ...}

    def test_every_source_reference_lands_on_its_symbol(every_atlas: dict) -> None:
        """A line number is evidence, not identity (brief section 1).
    
        The cited line must still hold the cited symbol, or the reference has
        drifted and the claim behind it is no longer proven.
        """
        problems: list[str] = []
        for state in every_atlas["states"]:
            for ref in state["sources"]:
                target = REPO / ref["path"]
                if not target.is_file():
                    problems.append(f"{state['id']}: missing file {ref['path']}")
                    continue
                lines = target.read_text(errors="replace").splitlines()
                if not 1 <= ref["line"] <= len(lines):
                    problems.append(
                        f"{state['id']}: {ref['path']}:{ref['line']} is past the end of the file"
                    )
                    continue
                line = lines[ref["line"] - 1]
                if ref["symbol"] not in line:
                    problems.append(
                        f"{state['id']}: {ref['path']}:{ref['line']} no longer holds "
                        f"{ref['symbol']!r} (line reads {line.strip()[:80]!r})"
                    )
>       assert not problems, "\n".join(problems)
E       AssertionError: state.briefs.absent: web/src/desk/chair/ChairHome.tsx:1278 no longer holds '!briefLoading && !brief' (line reads '>')
E         state.briefs.loading: web/src/desk/chair/ChairHome.tsx:522 no longer holds 'setBriefLoading' (line reads 'const readBrief = useCallback(() => {')
E         state.briefs.generating: web/src/desk/chair/ChairHome.tsx:713 no longer holds 'generating' (line reads 'idiom) or failed (BRIEF DID NOT GENERATE · <cause>). */')
E         state.briefs.generation_failure: web/src/desk/chair/ChairHome.tsx:688 no longer holds 'setGenerateFailed' (line reads '} catch (error) {')
E         state.briefs.generated_empty: holdspeak/services/monday_brief_service.py:1189 no longer holds 'is_empty' (line reads 'state = excluded.state,')
E         state.briefs.generated_empty: holdspeak/services/monday_brief_service.py:341 no longer holds 'No changes' (line reads 'for section in _SECTIONS')
E         state.briefs.populated: holdspeak/services/monday_brief_service.py:114 no longer holds 'is_empty' (line reads 'headline: str')
E         state.briefs.populated: web/src/desk/chair/ChairHome.tsx:846 no longer holds 'briefItems' (line reads 'const sortDecisionItems = (items: BriefItem[]) => [...items].sort((a, b) => {')
E         state.briefs.reload_persisted: web/src/desk/chair/ChairHome.tsx:1333 no longer holds 'arrival-brief' (line reads '</div>')
E         state.briefs.item.untouched: holdspeak/services/monday_brief_service.py:115 no longer holds 'untouched' (line reads 'sections: dict[str, list[BriefItem]]')
E         state.briefs.item.untouched: web/src/desk/chair/ChairHome.tsx:849 no longer holds 'briefShelf' (line reads 'return bTime - aTime;')
E         state.briefs.item.deferred: holdspeak/services/monday_brief_service.py:1117 no longer holds 'SHELF_STATES' (line reads '"""SELECT DISTINCT m.calendar_event_id AS event_id')
E         state.briefs.same_day_idempotent: holdspeak/services/monday_brief_service.py:198 no longer holds 'date_key' (line reads '"""Generate or return the existing brief for the current local date."""')
E         state.briefs.same_day_idempotent: holdspeak/services/monday_brief_service.py:213 no longer holds '_load_brief' (line reads '(date_key,),')
E         state.briefs.next_day_window: holdspeak/services/monday_brief_service.py:197 no longer holds 'self._clock()' (line reads ') -> MondayBrief:')
E         state.briefs.next_day_window: holdspeak/services/monday_brief_service.py:198 no longer holds 'date_key' (line reads '"""Generate or return the existing brief for the current local date."""')
E         state.meetings.transcription.present: web/src/desk/chair/ChairHome.tsx:2240 no longer holds 'hasTranscript' (line reads "// job with nothing to execute it says so here, in the badge species'")
E         state.desk_presentation.reload_reconnect: web/src/desk/chair/ChairHome.tsx:626 no longer holds 're-reads' (line reads '// `desk/returnToTask.ts:113`), and every face holding an unfinished task')
E         state.desk_presentation.reload_reconnect: web/src/desk/chair/ChairHome.tsx:525 no longer holds 'apiFetch' (line reads 'setGenerateFailed(null);')
E         state.time.next_day: holdspeak/services/monday_brief_service.py:198 no longer holds 'date_key' (line reads '"""Generate or return the existing brief for the current local date."""')
E       assert not ["state.briefs.absent: web/src/desk/chair/ChairHome.tsx:1278 no longer holds '!briefLoading && !brief' (line reads '>'...dspeak/services/monday_brief_service.py:341 no longer holds 'No changes' (line reads 'for section in _SECTIONS')", ...]

tests/unit/test_philo_graph_atlas.py:279: AssertionError
=========================== short test summary info ============================
FAILED tests/unit/test_philo_graph_atlas.py::test_every_source_reference_lands_on_its_symbol[atlas.json]
1 failed, 209 passed in 106.98s (0:01:46)
