[glass_infra] web bundle rebuilt in 4.5s
{
  "boundary": "browser API fixture; real built Chair and Generate",
  "before": {
    "hit_test": {
      "viewport": {
        "width": 393,
        "height": 852
      },
      "rect": {
        "x": 12,
        "y": 478,
        "w": 369,
        "h": 93
      },
      "in_viewport": true,
      "samples": [
        {
          "x": 14,
          "y": 480,
          "owned": true,
          "owner": "div.chair > div > section.surface-section > div.surface-ledger > li.surface-ledger-row > div.surface-ledger-line"
        },
        {
          "x": 14,
          "y": 525,
          "owned": true,
          "owner": "div.chair > div > section.surface-section > div.surface-ledger > li.surface-ledger-row > div.surface-ledger-line"
        },
        {
          "x": 14,
          "y": 569,
          "owned": true,
          "owner": "div.chair > div > section.surface-section > div.surface-ledger > li.surface-ledger-row > div.surface-ledger-line"
        },
        {
          "x": 197,
          "y": 480,
          "owned": true,
          "owner": "div.chair > div > section.surface-section > div.surface-ledger > li.surface-ledger-row > div.surface-ledger-line"
        },
        {
          "x": 197,
          "y": 525,
          "owned": true,
          "owner": "div.chair > div > section.surface-section > div.surface-ledger > li.surface-ledger-row > div.surface-ledger-line"
        },
        {
          "x": 197,
          "y": 569,
          "owned": true,
          "owner": "div.chair > div > section.surface-section > div.surface-ledger > li.surface-ledger-row > div.surface-ledger-line"
        },
        {
          "x": 379,
          "y": 480,
          "owned": true,
          "owner": "div.chair > div > section.surface-section > div.surface-ledger > li.surface-ledger-row > div.surface-ledger-line"
        },
        {
          "x": 379,
          "y": 525,
          "owned": true,
          "owner": "div.chair > div > section.surface-section > div.surface-ledger > li.surface-ledger-row > div.surface-ledger-line"
        },
        {
          "x": 379,
          "y": 569,
          "owned": true,
          "owner": "div.chair > div > section.surface-section > div.surface-ledger > li.surface-ledger-row > div.surface-ledger-line"
        }
      ],
      "all_owned": true
    },
    "clearance": {
      "chair": {
        "x": 0,
        "y": 54,
        "w": 393,
        "h": 746
      },
      "capture_bar": {
        "x": 12,
        "y": 573,
        "w": 369,
        "h": 138
      },
      "scroll_top": 238,
      "scroll_padding_bottom": "227px",
      "end_margin_bottom": "138px"
    }
  },
  "after": {
    "hit_test": {
      "viewport": {
        "width": 393,
        "height": 852
      },
      "rect": {
        "x": 12,
        "y": 438,
        "w": 369,
        "h": 135
      },
      "in_viewport": true,
      "samples": [
        {
          "x": 14,
          "y": 440,
          "owned": true,
          "owner": "div.chair > div > section.surface-section > div.surface-ledger > li.surface-ledger-row > div.surface-ledger-line"
        },
        {
          "x": 14,
          "y": 506,
          "owned": true,
          "owner": "div.chair > div > section.surface-section > div.surface-ledger > li.surface-ledger-row > div.surface-ledger-line"
        },
        {
          "x": 14,
          "y": 571,
          "owned": true,
          "owner": "div.chair > div > section.surface-section > div.surface-ledger > li.surface-ledger-row > div.surface-ledger-line"
        },
        {
          "x": 197,
          "y": 440,
          "owned": true,
          "owner": "div.chair > div > section.surface-section > div.surface-ledger > li.surface-ledger-row > div.surface-ledger-line"
        },
        {
          "x": 197,
          "y": 506,
          "owned": true,
          "owner": "div > section.surface-section > div.surface-ledger > li.surface-ledger-row > div.surface-ledger-line > span.surface-ledger-primary"
        },
        {
          "x": 197,
          "y": 571,
          "owned": true,
          "owner": "div.chair > div > section.surface-section > div.surface-ledger > li.surface-ledger-row > div.surface-ledger-line"
        },
        {
          "x": 379,
          "y": 440,
          "owned": true,
          "owner": "div.chair > div > section.surface-section > div.surface-ledger > li.surface-ledger-row > div.surface-ledger-line"
        },
        {
          "x": 379,
          "y": 506,
          "owned": true,
          "owner": "div.chair > div > section.surface-section > div.surface-ledger > li.surface-ledger-row > div.surface-ledger-line"
        },
        {
          "x": 379,
          "y": 571,
          "owned": true,
          "owner": "div.chair > div > section.surface-section > div.surface-ledger > li.surface-ledger-row > div.surface-ledger-line"
        }
      ],
      "all_owned": true
    },
    "clearance": {
      "chair": {
        "x": 0,
        "y": 54,
        "w": 393,
        "h": 746
      },
      "capture_bar": {
        "x": 12,
        "y": 573,
        "w": 369,
        "h": 138
      },
      "scroll_top": 278,
      "scroll_padding_bottom": "227px",
      "end_margin_bottom": "138px"
    }
  }
}
.
1 passed in 10.23s
