F                                                                        [100%]
=================================== FAILURES ===================================
______ test_generate_replacement_row_is_owned_above_the_real_capture_bar _______

tmp_path = PosixPath('/private/var/folders/q7/5dzz5g2116b3lq8rhg7hwjrr0000gn/T/pytest-of-karol/pytest-482/test_generate_replacement_row_0')

    def test_generate_replacement_row_is_owned_above_the_real_capture_bar(
        tmp_path: Path,
    ) -> None:
        initial = _brief(
            "brief-clearance-before",
            text="Old short waiting row",
            decision=False,
        )
        generated = _brief(
            "brief-clearance-after",
            text=(
                "Review decision: Keep the generated decision readable after the "
                "capture bar wraps at the owner phone width"
            ),
            decision=True,
        )
        needs = _needs_you()
        hub = Hub(tmp_path / "home", token=TOKEN).start()
        try:
            from playwright.sync_api import sync_playwright
    
            browser_cache = os.environ.get("PLAYWRIGHT_BROWSERS_PATH")
            if not browser_cache:
                browser_cache = str(Path(pwd.getpwuid(os.getuid()).pw_dir) / "Library/Caches/ms-playwright")
                os.environ["PLAYWRIGHT_BROWSERS_PATH"] = browser_cache
            with sync_playwright() as play:
                browser = play.chromium.launch(headless=True)
                page = browser.new_page(viewport={"width": 393, "height": 852})
                page.emulate_media(reduced_motion="reduce")
                calls = {"generate": 0}
    
                def route_payload(route: Any) -> None:
                    path = route.request.url.split("?", 1)[0].rsplit(hub.url, 1)[-1]
                    if path == "/api/brief/latest":
                        _fulfill(route, initial)
                    elif path == "/api/brief/generate":
                        calls["generate"] += 1
                        _fulfill(route, generated)
                    elif path == "/api/desk/needs-you":
                        _fulfill(route, needs)
                    elif path == "/api/door":
                        _fulfill(route, {"board": {}, "counts": {}, "upcoming": [], "calendar_configured": False})
                    elif path == "/api/inference/assignments":
                        _fulfill(route, {"schema": "InferenceAssignmentSummary@1", "rows": [], "task_overrides": [], "issue_count": 0})
                    else:
                        route.fallback()
    
                page.route("**/api/*", route_payload)
                page.goto(f"{hub.url}/?token={TOKEN}", wait_until="load")
                continue_later = page.get_by_role("button", name="Continue later", exact=True)
                try:
                    continue_later.click(timeout=10_000)
                except Exception:  # returning desk: the first-use gate is absent
                    pass
                page.get_by_test_id("arrival-capture-bar").wait_for(timeout=10_000)
>               page.get_by_test_id("arrival-brief-row").wait_for()

tests/e2e/test_philo4_02_generated_clearance.py:176: 
_ _ _ _ _ _ _ _ _ _ _ _ _ _ _ _ _ _ _ _ _ _ _ _ _ _ _ _ _ _ _ _ _ _ _ _ _ _ _ _ 
.venv/lib/python3.14/site-packages/playwright/sync_api/_generated.py:18080: in wait_for
    self._sync(self._impl_obj.wait_for(timeout=timeout, state=state))
.venv/lib/python3.14/site-packages/playwright/_impl/_locator.py:710: in wait_for
    await self._frame.wait_for_selector(
.venv/lib/python3.14/site-packages/playwright/_impl/_frame.py:369: in wait_for_selector
    await self._channel.send(
.venv/lib/python3.14/site-packages/playwright/_impl/_connection.py:69: in send
    return await self._connection.wrap_api_call(
_ _ _ _ _ _ _ _ _ _ _ _ _ _ _ _ _ _ _ _ _ _ _ _ _ _ _ _ _ _ _ _ _ _ _ _ _ _ _ _ 

self = <playwright._impl._connection.Connection object at 0x10a5957f0>
cb = <function Channel.send.<locals>.<lambda> at 0x10a605a60>
is_internal = False, title = None

    async def wrap_api_call(
        self, cb: Callable[[], Any], is_internal: bool = False, title: str = None
    ) -> Any:
        if self._api_zone.get():
            return await cb()
        task = asyncio.current_task(self._loop)
        st: List[inspect.FrameInfo] = getattr(
            task, "__pw_stack__", None
        ) or inspect.stack(0)
    
        parsed_st = _extract_stack_trace_information_from_stack(st, is_internal, title)
        self._api_zone.set(parsed_st)
        try:
            return await cb()
        except Exception as error:
>           raise rewrite_error(error, f"{parsed_st['apiName']}: {error}") from None
E           playwright._impl._errors.TimeoutError: Locator.wait_for: Timeout 30000ms exceeded.
E           Call log:
E             - waiting for get_by_test_id("arrival-brief-row") to be visible

.venv/lib/python3.14/site-packages/playwright/_impl/_connection.py:559: TimeoutError
=========================== short test summary info ============================
FAILED tests/e2e/test_philo4_02_generated_clearance.py::test_generate_replacement_row_is_owned_above_the_real_capture_bar
1 failed in 36.09s
