F                                                                        [100%]
=================================== FAILURES ===================================
______ test_generate_replacement_row_is_owned_above_the_real_capture_bar _______

tmp_path = PosixPath('/private/var/folders/q7/5dzz5g2116b3lq8rhg7hwjrr0000gn/T/pytest-of-karol/pytest-483/test_generate_replacement_row_0')

    def test_generate_replacement_row_is_owned_above_the_real_capture_bar(
        tmp_path: Path,
    ) -> None:
        initial = _brief(
            "brief-clearance-before",
            text="Old short waiting row",
            decision=False,
        )
        generated = _brief(
            "brief-clearance-after",
            text=(
                "Review decision: Keep the generated decision readable after the "
                "capture bar wraps at the owner phone width"
            ),
            decision=True,
        )
        needs = _needs_you()
        hub = Hub(tmp_path / "home", token=TOKEN).start()
        try:
            from playwright.sync_api import sync_playwright
    
            browser_cache = os.environ.get("PLAYWRIGHT_BROWSERS_PATH")
            if not browser_cache:
                browser_cache = str(Path(pwd.getpwuid(os.getuid()).pw_dir) / "Library/Caches/ms-playwright")
                os.environ["PLAYWRIGHT_BROWSERS_PATH"] = browser_cache
            with sync_playwright() as play:
                browser = play.chromium.launch(headless=True)
                page = browser.new_page(viewport={"width": 393, "height": 852})
                page.emulate_media(reduced_motion="reduce")
                calls = {"generate": 0}
    
                def route_payload(route: Any) -> None:
                    path = route.request.url.split("?", 1)[0].rsplit(hub.url, 1)[-1]
                    if path == "/api/brief/latest":
                        _fulfill(route, initial)
                    elif path == "/api/brief/generate":
                        calls["generate"] += 1
                        _fulfill(route, generated)
                    elif path == "/api/desk/needs-you":
                        _fulfill(route, needs)
                    elif path == "/api/door":
                        _fulfill(route, {"board": {}, "counts": {}, "upcoming": [], "calendar_configured": False})
                    elif path == "/api/inference/assignments":
                        _fulfill(route, {"schema": "InferenceAssignmentSummary@1", "rows": [], "task_overrides": [], "issue_count": 0})
                    else:
                        route.fallback()
    
                page.route("**/api/**", route_payload)
                page.goto(f"{hub.url}/?token={TOKEN}", wait_until="load")
                continue_later = page.get_by_role("button", name="Continue later", exact=True)
                try:
                    continue_later.click(timeout=10_000)
                except Exception:  # returning desk: the first-use gate is absent
                    pass
                page.get_by_test_id("arrival-capture-bar").wait_for(timeout=10_000)
                page.get_by_test_id("arrival-brief-row").wait_for()
                generate = page.get_by_test_id("arrival-brief-generate")
                generate.wait_for()
    
                before = _hit_snapshot(page)
                before_bar = page.get_by_test_id("arrival-capture-bar").bounding_box()
                assert before_bar is not None
>               assert before["hit_test"]["rect"]["y"] + before["hit_test"]["rect"]["h"] <= before_bar["y"] + 1, before
E               AssertionError: {'arrival_clearance': {'capture_bar': {'h': 138, 'w': 369, 'x': 12, 'y': 573}, 'chair': {'h': 746, 'w': 393, 'x': 0, '...ALK
E                 Write a thought
E                 Record meeting
E                 Schedule
E                 ◈
E                 3
E                 ◎
E                 ▤
E                 ⧉
E                 ◌
E                 Hide the menus
E                 ▧
E                 Places', 'field_value': None, ...}
E               assert (716 + 93) <= (573 + 1)

tests/e2e/test_philo4_02_generated_clearance.py:183: AssertionError
=========================== short test summary info ============================
FAILED tests/e2e/test_philo4_02_generated_clearance.py::test_generate_replacement_row_is_owned_above_the_real_capture_bar
1 failed in 5.53s
