149 runs, strictly sequential; out /Users/karol/dev/tools/wt-philo-11-06/.tmp/philo11-06/regressions-r1
[1/149] case.p7.zone_create.visible 1440: starting
HARNESS ERROR: case.p7.zone_create.visible--1440/20260930T134138Z-case.p7.zone_create.visible-astra-1440: provenance has no hub HOME and db path
[2/149] case.p7.zone_create.visible 393: starting
HARNESS ERROR: case.p7.zone_create.visible--393/20260930T134139Z-case.p7.zone_create.visible-astra-393: provenance has no hub HOME and db path
[3/149] case.p7.zone_file.note_in_zone 1440: starting
HARNESS ERROR: case.p7.zone_file.note_in_zone--1440/20260930T134139Z-case.p7.zone_file.note_in_zone-astra-1440: provenance has no hub HOME and db path
[4/149] case.p7.zone_file.note_in_zone 393: starting
HARNESS ERROR: case.p7.zone_file.note_in_zone--393/20260930T134140Z-case.p7.zone_file.note_in_zone-astra-393: provenance has no hub HOME and db path
[5/149] case.p7.zone_file.refile_moves 1440: starting
HARNESS ERROR: case.p7.zone_file.refile_moves--1440/20260930T134141Z-case.p7.zone_file.refile_moves-astra-1440: provenance has no hub HOME and db path
[6/149] case.p7.zone_file.refile_moves 393: starting
HARNESS ERROR: case.p7.zone_file.refile_moves--393/20260930T134142Z-case.p7.zone_file.refile_moves-astra-393: provenance has no hub HOME and db path
[7/149] case.p7.zone_unfile.note_leaves 1440: starting
HARNESS ERROR: case.p7.zone_unfile.note_leaves--1440/20260930T134143Z-case.p7.zone_unfile.note_leaves-astra-1440: provenance has no hub HOME and db path
[8/149] case.p7.zone_unfile.note_leaves 393: starting
HARNESS ERROR: case.p7.zone_unfile.note_leaves--393/20260930T134144Z-case.p7.zone_unfile.note_leaves-astra-393: provenance has no hub HOME and db path
[9/149] case.p7.kb_create.visible 1440: starting
HARNESS ERROR: case.p7.kb_create.visible--1440/20260930T134145Z-case.p7.kb_create.visible-astra-1440: provenance has no hub HOME and db path
[10/149] case.p7.kb_create.visible 393: starting
HARNESS ERROR: case.p7.kb_create.visible--393/20260930T134146Z-case.p7.kb_create.visible-astra-393: provenance has no hub HOME and db path
[11/149] case.p7.kb_member.add_and_remove 1440: starting
HARNESS ERROR: case.p7.kb_member.add_and_remove--1440/20260930T134147Z-case.p7.kb_member.add_and_remove-astra-1440: provenance has no hub HOME and db path
[12/149] case.p7.kb_member.add_and_remove 393: starting
HARNESS ERROR: case.p7.kb_member.add_and_remove--393/20260930T134148Z-case.p7.kb_member.add_and_remove-astra-393: provenance has no hub HOME and db path
[13/149] case.p7.decision_status.review_list 1440: starting
HARNESS ERROR: case.p7.decision_status.review_list--1440/20260930T134149Z-case.p7.decision_status.review_list-astra-1440: provenance has no hub HOME and db path
[14/149] case.p7.decision_status.review_list 393: starting
HARNESS ERROR: case.p7.decision_status.review_list--393/20260930T134149Z-case.p7.decision_status.review_list-astra-393: provenance has no hub HOME and db path
[15/149] case.p7.decision_supersede.successor_visible 1440: starting
HARNESS ERROR: case.p7.decision_supersede.successor_visible--1440/20260930T134150Z-case.p7.decision_supersede.successor_visible-astra-1440: provenance has no hub HOME and db path
[16/149] case.p7.decision_supersede.successor_visible 393: starting
HARNESS ERROR: case.p7.decision_supersede.successor_visible--393/20260930T134151Z-case.p7.decision_supersede.successor_visible-astra-393: provenance has no hub HOME and db path
[17/149] case.p7.decision_delete.gone 1440: starting
HARNESS ERROR: case.p7.decision_delete.gone--1440/20260930T134152Z-case.p7.decision_delete.gone-astra-1440: provenance has no hub HOME and db path
[18/149] case.p7.decision_delete.gone 393: starting
HARNESS ERROR: case.p7.decision_delete.gone--393/20260930T134153Z-case.p7.decision_delete.gone-astra-393: provenance has no hub HOME and db path
[19/149] case.p7.zone_create.visible.op op: starting
HARNESS ERROR: case.p7.zone_create.visible.op--op/20260930T134154Z-case.p7.zone_create.visible.op-astra-1440: provenance has no hub HOME and db path
[20/149] case.p7.zone_file.note_in_zone.op op: starting
HARNESS ERROR: case.p7.zone_file.note_in_zone.op--op/20260930T134155Z-case.p7.zone_file.note_in_zone.op-astra-1440: provenance has no hub HOME and db path
[21/149] case.p7.zone_file.refile_moves.op op: starting
HARNESS ERROR: case.p7.zone_file.refile_moves.op--op/20260930T134156Z-case.p7.zone_file.refile_moves.op-astra-1440: provenance has no hub HOME and db path
[22/149] case.p7.zone_unfile.note_leaves.op op: starting
HARNESS ERROR: case.p7.zone_unfile.note_leaves.op--op/20260930T134157Z-case.p7.zone_unfile.note_leaves.op-astra-1440: provenance has no hub HOME and db path
[23/149] case.p7.kb_create.visible.op op: starting
HARNESS ERROR: case.p7.kb_create.visible.op--op/20260930T134158Z-case.p7.kb_create.visible.op-astra-1440: provenance has no hub HOME and db path
[24/149] case.p7.kb_member.add_and_remove.op op: starting
HARNESS ERROR: case.p7.kb_member.add_and_remove.op--op/20260930T134159Z-case.p7.kb_member.add_and_remove.op-astra-1440: provenance has no hub HOME and db path
[25/149] case.p7.decision_status.review_list.op op: starting
HARNESS ERROR: case.p7.decision_status.review_list.op--op/20260930T134159Z-case.p7.decision_status.review_list.op-astra-1440: provenance has no hub HOME and db path
[26/149] case.p7.decision_supersede.successor_visible.op op: starting
HARNESS ERROR: case.p7.decision_supersede.successor_visible.op--op/20260930T134200Z-case.p7.decision_supersede.successor_visible.op-astra-1440: provenance has no hub HOME and db path
[27/149] case.p7.decision_supersede.receipt.op op: starting
HARNESS ERROR: case.p7.decision_supersede.receipt.op--op/20260930T134201Z-case.p7.decision_supersede.receipt.op-astra-1440: provenance has no hub HOME and db path
[28/149] case.p7.decision_delete.gone.op op: starting
HARNESS ERROR: case.p7.decision_delete.gone.op--op/20260930T134202Z-case.p7.decision_delete.gone.op-astra-1440: provenance has no hub HOME and db path
[29/149] case.p7.decision_create.receipt.op op: starting
HARNESS ERROR: case.p7.decision_create.receipt.op--op/20260930T134203Z-case.p7.decision_create.receipt.op-astra-1440: provenance has no hub HOME and db path
[30/149] case.p7.zone_file.refused_unknown_zone.op op: starting
HARNESS ERROR: case.p7.zone_file.refused_unknown_zone.op--op/20260930T134204Z-case.p7.zone_file.refused_unknown_zone.op-astra-1440: provenance has no hub HOME and db path
[31/149] case.p7.kb_member.refused_bad_ref.op op: starting
HARNESS ERROR: case.p7.kb_member.refused_bad_ref.op--op/20260930T134205Z-case.p7.kb_member.refused_bad_ref.op-astra-1440: provenance has no hub HOME and db path
[32/149] case.p7.decision_status.refused_invalid.op op: starting
HARNESS ERROR: case.p7.decision_status.refused_invalid.op--op/20260930T134206Z-case.p7.decision_status.refused_invalid.op-astra-1440: provenance has no hub HOME and db path
[33/149] case.p7.decision_delete.refused_unknown.op op: starting
HARNESS ERROR: case.p7.decision_delete.refused_unknown.op--op/20260930T134207Z-case.p7.decision_delete.refused_unknown.op-astra-1440: provenance has no hub HOME and db path
[34/149] case.j1.first_words_keep_as_note.kept.op op: starting
HARNESS ERROR: case.j1.first_words_keep_as_note.kept.op--op/20260930T134208Z-case.j1.first_words_keep_as_note.kept.op-astra-1440: provenance has no hub HOME and db path
[35/149] case.j11.write_a_thought.window_open.op op: starting
HARNESS ERROR: case.j11.write_a_thought.window_open.op--op/20260930T134208Z-case.j11.write_a_thought.window_open.op-astra-1440: provenance has no hub HOME and db path
[36/149] case.j11.thought_keep.kept.op op: starting
HARNESS ERROR: case.j11.thought_keep.kept.op--op/20260930T134209Z-case.j11.thought_keep.kept.op-astra-1440: provenance has no hub HOME and db path
[37/149] case.p8.zone_create.second_unnamed 1440: starting
HARNESS ERROR: case.p8.zone_create.second_unnamed--1440/20260930T134210Z-case.p8.zone_create.second_unnamed-astra-1440: provenance has no hub HOME and db path
[38/149] case.p8.zone_create.second_unnamed 393: starting
HARNESS ERROR: case.p8.zone_create.second_unnamed--393/20260930T134211Z-case.p8.zone_create.second_unnamed-astra-393: provenance has no hub HOME and db path
[39/149] case.p8.zone_create.second_unnamed_floor 1440: starting
HARNESS ERROR: case.p8.zone_create.second_unnamed_floor--1440/20260930T134212Z-case.p8.zone_create.second_unnamed_floor-astra-1440: provenance has no hub HOME and db path
[40/149] case.p8.zone_create.second_unnamed_floor 393: starting
HARNESS ERROR: case.p8.zone_create.second_unnamed_floor--393/20260930T134213Z-case.p8.zone_create.second_unnamed_floor-astra-393: provenance has no hub HOME and db path
[41/149] case.p8.zone_rename.list 1440: starting
HARNESS ERROR: case.p8.zone_rename.list--1440/20260930T134214Z-case.p8.zone_rename.list-astra-1440: provenance has no hub HOME and db path
[42/149] case.p8.zone_rename.list 393: starting
HARNESS ERROR: case.p8.zone_rename.list--393/20260930T134215Z-case.p8.zone_rename.list-astra-393: provenance has no hub HOME and db path
[43/149] case.p8.zone_rename.name_taken_list 1440: starting
HARNESS ERROR: case.p8.zone_rename.name_taken_list--1440/20260930T134216Z-case.p8.zone_rename.name_taken_list-astra-1440: provenance has no hub HOME and db path
[44/149] case.p8.zone_rename.name_taken_list 393: starting
HARNESS ERROR: case.p8.zone_rename.name_taken_list--393/20260930T134217Z-case.p8.zone_rename.name_taken_list-astra-393: provenance has no hub HOME and db path
[45/149] case.p8.zone_rename.name_taken_floor 1440: starting
HARNESS ERROR: case.p8.zone_rename.name_taken_floor--1440/20260930T134218Z-case.p8.zone_rename.name_taken_floor-astra-1440: provenance has no hub HOME and db path
[46/149] case.p8.zone_rename.name_taken_floor 393: starting
HARNESS ERROR: case.p8.zone_rename.name_taken_floor--393/20260930T134218Z-case.p8.zone_rename.name_taken_floor-astra-393: provenance has no hub HOME and db path
[47/149] case.p8.zone_rename.f2_row 1440: starting
HARNESS ERROR: case.p8.zone_rename.f2_row--1440/20260930T134219Z-case.p8.zone_rename.f2_row-astra-1440: provenance has no hub HOME and db path
[48/149] case.p8.zone_rename.f2_row 393: starting
HARNESS ERROR: case.p8.zone_rename.f2_row--393/20260930T134220Z-case.p8.zone_rename.f2_row-astra-393: provenance has no hub HOME and db path
[49/149] case.p8.chair.no_new_zone 1440: starting
HARNESS ERROR: case.p8.chair.no_new_zone--1440/20260930T134221Z-case.p8.chair.no_new_zone-astra-1440: provenance has no hub HOME and db path
[50/149] case.p8.chair.no_new_zone 393: starting
HARNESS ERROR: case.p8.chair.no_new_zone--393/20260930T134222Z-case.p8.chair.no_new_zone-astra-393: provenance has no hub HOME and db path
[51/149] case.p8.list_delete.gone 1440: starting
HARNESS ERROR: case.p8.list_delete.gone--1440/20260930T134223Z-case.p8.list_delete.gone-astra-1440: provenance has no hub HOME and db path
[52/149] case.p8.list_delete.gone 393: starting
HARNESS ERROR: case.p8.list_delete.gone--393/20260930T134224Z-case.p8.list_delete.gone-astra-393: provenance has no hub HOME and db path
[53/149] case.p8.list_delete.undo 1440: starting
HARNESS ERROR: case.p8.list_delete.undo--1440/20260930T134225Z-case.p8.list_delete.undo-astra-1440: provenance has no hub HOME and db path
[54/149] case.p8.list_delete.undo 393: starting
HARNESS ERROR: case.p8.list_delete.undo--393/20260930T134226Z-case.p8.list_delete.undo-astra-393: provenance has no hub HOME and db path
[55/149] case.p8.list_delete.long_list_393 1440: starting
HARNESS ERROR: case.p8.list_delete.long_list_393--1440/20260930T134227Z-case.p8.list_delete.long_list_393-astra-1440: provenance has no hub HOME and db path
[56/149] case.p8.list_delete.long_list_393 393: starting
HARNESS ERROR: case.p8.list_delete.long_list_393--393/20260930T134228Z-case.p8.list_delete.long_list_393-astra-393: provenance has no hub HOME and db path
[57/149] case.p8.delete_twice.both_gone 1440: starting
HARNESS ERROR: case.p8.delete_twice.both_gone--1440/20260930T134228Z-case.p8.delete_twice.both_gone-astra-1440: provenance has no hub HOME and db path
[58/149] case.p8.delete_twice.both_gone 393: starting
Traceback (most recent call last):
  File "/Users/karol/dev/tools/wt-philo-11-06/pm/roadmap/holdspeak-philo/phase-11-more-documents-on-the-channels/assets/story-06-proof/rig_run.py", line 295, in <module>
    raise SystemExit(main())
                     ~~~~^^
  File "/Users/karol/dev/tools/wt-philo-11-06/pm/roadmap/holdspeak-philo/phase-11-more-documents-on-the-channels/assets/story-06-proof/rig_run.py", line 270, in main
    row = one(run, label_dir, brain=args.brain,
              expected_revision=args.source_revision, expected_dirty=expected_dirty,
              python_bin=Path(args.python_bin).resolve())
  File "/Users/karol/dev/tools/wt-philo-11-06/pm/roadmap/holdspeak-philo/phase-11-more-documents-on-the-channels/assets/story-06-proof/rig_run.py", line 208, in one
    process = subprocess.run(command, cwd=ROOT, env=env, capture_output=True, text=True)
  File "/Users/karol/.local/share/uv/python/cpython-3.13.14-macos-aarch64-none/lib/python3.13/subprocess.py", line 556, in run
    stdout, stderr = process.communicate(input, timeout=timeout)
                     ~~~~~~~~~~~~~~~~~~~^^^^^^^^^^^^^^^^^^^^^^^^
  File "/Users/karol/.local/share/uv/python/cpython-3.13.14-macos-aarch64-none/lib/python3.13/subprocess.py", line 1222, in communicate
    stdout, stderr = self._communicate(input, endtime, timeout)
                     ~~~~~~~~~~~~~~~~~^^^^^^^^^^^^^^^^^^^^^^^^^
  File "/Users/karol/.local/share/uv/python/cpython-3.13.14-macos-aarch64-none/lib/python3.13/subprocess.py", line 2154, in _communicate
    ready = selector.select(timeout)
  File "/Users/karol/.local/share/uv/python/cpython-3.13.14-macos-aarch64-none/lib/python3.13/selectors.py", line 398, in select
    fd_event_list = self._selector.poll(timeout)
KeyboardInterrupt
