F..F                                                                     [100%]
=================================== FAILURES ===================================
__________________ test_no_test_writes_into_tracked_evidence ___________________

    def test_no_test_writes_into_tracked_evidence() -> None:
        offenders = []
        for path in sorted(TESTS.rglob("*.py")):
            rel = path.relative_to(REPO).as_posix()
            if rel in ALLOWLIST:
                continue
            source = path.read_text(encoding="utf-8")
            if "pm/roadmap" not in source or not WRITE_RE.search(source):
                continue
            lines = _anchored_lines(ast.parse(source, filename=rel))
            if lines:
                offenders.append(f"{rel}:{lines[0]}")
>       assert not offenders, (
            f"EVIDENCE-WRITE: {len(offenders)} test file(s) build a pm/roadmap path and write files; "
            "use tests._evidence.evidence_dir(\"<rel>\") for the write dir:\n  " + "\n  ".join(offenders)
        )
E       AssertionError: EVIDENCE-WRITE: 1 test file(s) build a pm/roadmap path and write files; use tests._evidence.evidence_dir("<rel>") for the write dir:
E           tests/unit/test_philo11_walk_harness.py:20
E       assert not ['tests/unit/test_philo11_walk_harness.py:20']

tests/unit/test_evidence_scratch_guard.py:76: AssertionError
___________________ test_every_emitted_code_has_a_face_word ____________________

    def test_every_emitted_code_has_a_face_word() -> None:
>       assert codes.missing() == []
E       AssertionError: assert [('unknown', ...:slack'), ...] == []
E         
E         Left contains 20 more items, first extra item: ('unknown', 'ack_missing')
E         Use -v to get more diff

tests/unit/test_philo10_face_words.py:25: AssertionError
=============================== warnings summary ===============================
tests/unit/test_evidence_scratch_guard.py::test_no_test_writes_into_tracked_evidence
  tests/e2e/test_hs202_05_first_use_type_floor.py:260: SyntaxWarning: invalid escape sequence '\s'
    ? '.' + el.className.trim().split(/\s+/)

tests/unit/test_evidence_scratch_guard.py::test_no_test_writes_into_tracked_evidence
  tests/e2e/test_hs202_05_first_use_type_floor.py:439: SyntaxWarning: invalid escape sequence '\('
    const m = /rgba?\(([^)]+)\)/.exec(s || '');

tests/unit/test_evidence_scratch_guard.py::test_no_test_writes_into_tracked_evidence
  tests/e2e/test_philo9_03_room_face_glass.py:807: SyntaxWarning: invalid escape sequence '\s'
    face = row.evaluate("""r => ({text: r.innerText.replace(/\s+/g, ' ').trim(),

-- Docs: https://docs.pytest.org/en/stable/how-to/capture-warnings.html
==================================== PASSES ====================================
_____________________________ test_speak_loop_1440 _____________________________
------------------------------ Captured log call -------------------------------
WARNING  holdspeak.intel_queue_conductor:intel_queue_conductor.py:130 Intel queue drainer is OFF: this process does not own the database.
_____________________________ test_speak_loop_393 ______________________________
------------------------------ Captured log call -------------------------------
WARNING  holdspeak.intel_queue_conductor:intel_queue_conductor.py:130 Intel queue drainer is OFF: this process does not own the database.
=========================== short test summary info ============================
PASSED tests/e2e/test_hs176_loop_glass.py::test_speak_loop_1440
PASSED tests/e2e/test_hs176_loop_glass.py::test_speak_loop_393
FAILED tests/unit/test_evidence_scratch_guard.py::test_no_test_writes_into_tracked_evidence
FAILED tests/unit/test_philo10_face_words.py::test_every_emitted_code_has_a_face_word
2 failed, 2 passed, 3 warnings in 16.06s
