tests/unit/test_phase200_intel_drain.py::test_the_conductor_starts_a_live_drainer_and_stop_joins_the_thread
tests/unit/test_phase200_intel_drain.py::test_a_second_start_in_one_process_is_a_no_op_returning_the_live_worker
tests/unit/test_phase200_intel_drain.py::test_a_process_that_does_not_own_the_database_starts_no_drainer
tests/unit/test_phase200_intel_drain.py::test_the_second_hub_refusal_is_the_real_lock_not_a_flag
tests/unit/test_phase200_intel_drain.py::test_run_intelligence_names_an_absent_drainer_instead_of_claiming_it_runs
tests/unit/test_phase200_intel_drain.py::test_run_intelligence_reports_a_running_drainer_and_wakes_it
tests/unit/test_phase200_intel_drain.py::test_the_drainer_computes_during_quiet_hours_and_notifies_nobody
tests/unit/test_phase200_intel_drain.py::test_a_failing_provider_retries_with_backoff_then_lands_failed_on_the_face
tests/unit/test_phase200_intel_drain.py::test_a_failing_job_with_no_routed_chain_still_reaches_its_ceiling
tests/unit/test_phase200_intel_drain.py::test_the_real_hub_lifespan_starts_drains_and_stops_the_intel_drainer
tests/unit/test_phase200_intel_drain.py::test_the_fence_trips_on_the_pre_fix_lifespan
tests/unit/test_phase200_intel_drain.py::test_a_finished_job_broadcasts_aftercare_ready_and_the_queue_frame
tests/unit/test_phase200_intel_drain.py::test_a_stuck_drainer_is_named_in_the_log_before_the_lock_is_released
tests/unit/test_phase200_intel_drain.py::test_the_hub_releases_the_database_only_after_the_conductors_are_stopped
tests/unit/test_phase200_intel_drain.py::test_the_model_host_is_restated_from_the_route_the_run_actually_takes
tests/unit/test_phase200_intel_drain.py::test_the_claim_planner_carries_the_recorded_host_onto_its_replacement_row
tests/unit/test_phase200_intel_drain.py::test_the_failure_alert_check_reads_the_real_database_surface
tests/unit/test_phase200_intel_drain.py::test_the_already_frozen_guard_holds_under_the_real_router
tests/unit/test_phase200_intel_drain.py::test_a_dead_cached_worker_is_replaced_not_returned
tests/unit/test_phase200_intel_drain.py::test_the_runtime_queue_frame_names_the_drainer
tests/unit/test_intel_queue.py::test_worker_start_and_stop
tests/unit/test_intel_queue.py::test_compute_retry_delay_seconds_uses_exponential_backoff
tests/unit/test_intel_queue.py::test_retry_or_fail_job_requeues_bound_owner_before_max_attempts
tests/unit/test_intel_queue.py::test_retry_or_fail_job_terminalizes_bound_owner_after_max_attempts
tests/unit/test_intel_queue.py::test_compute_failure_rate_percent
tests/unit/test_intel_queue.py::test_failure_alert_hysteresis_triggers_once_per_incident
tests/unit/test_intel_queue.py::test_post_failure_alert_webhook_posts_json_payload
tests/unit/test_intel_queue.py::test_post_failure_alert_webhook_resolved_payload
tests/unit/test_intel_queue.py::test_transcript_refresh_releases_its_own_claim_without_enqueue_reset
tests/unit/test_meeting_import.py::test_happy_path_windows_timestamps_and_persistence
tests/unit/test_meeting_import.py::test_stereo_44k_is_downmixed_and_resampled_before_transcription
tests/unit/test_meeting_import.py::test_empty_windows_are_skipped_and_all_empty_refuses
tests/unit/test_meeting_import.py::test_compressed_without_ffmpeg_is_refused_honestly
tests/unit/test_meeting_import.py::test_compressed_with_ffmpeg_decodes_via_ffmpeg
tests/unit/test_meeting_import.py::test_unsupported_format_is_refused
tests/unit/test_meeting_import.py::test_intel_disabled_means_no_job_and_honest_status
tests/unit/test_meeting_import.py::test_missing_file_and_speaker_label_override
tests/unit/test_meeting_import.py::test_import_command_exits_nonzero_on_unsupported_format

38 tests collected in 0.67s
