tests/unit/test_mcp_phase133_surface.py::test_retired_destination_and_profile_resources_are_absent
tests/unit/test_mcp_phase133_surface.py::test_workbench_resource_read_truncates_to_100
tests/unit/test_mcp_phase133_surface.py::test_desk_crud_descriptions_carry_kind_boundary_sentence
tests/unit/test_mcp_phase133_surface.py::test_pipeline_events_dispatches
tests/unit/test_mcp_phase133_surface.py::test_retired_underscore_name_absent_from_catalogue
tests/unit/test_philo7_discovery.py::test_each_job_phrase_maps_to_one_tool_and_its_argument_path[file a note into a zone]
tests/unit/test_philo7_discovery.py::test_each_job_phrase_maps_to_one_tool_and_its_argument_path[find a note]
tests/unit/test_philo7_discovery.py::test_each_job_phrase_maps_to_one_tool_and_its_argument_path[list the notes in a zone]
tests/unit/test_philo7_discovery.py::test_each_job_phrase_maps_to_one_tool_and_its_argument_path[make a zone]
tests/unit/test_philo7_discovery.py::test_each_job_phrase_maps_to_one_tool_and_its_argument_path[put a decision on my review list]
tests/unit/test_philo7_discovery.py::test_each_job_phrase_maps_to_one_tool_and_its_argument_path[read a note]
tests/unit/test_philo7_discovery.py::test_each_job_phrase_maps_to_one_tool_and_its_argument_path[the reason for a decision]
tests/unit/test_philo7_discovery.py::test_every_id_argument_names_where_its_value_comes_from[desk.list]
tests/unit/test_philo7_discovery.py::test_every_id_argument_names_where_its_value_comes_from[desk.get]
tests/unit/test_philo7_discovery.py::test_every_id_argument_names_where_its_value_comes_from[desk.create]
tests/unit/test_philo7_discovery.py::test_every_id_argument_names_where_its_value_comes_from[desk.update]
tests/unit/test_philo7_discovery.py::test_every_id_argument_names_where_its_value_comes_from[desk.delete]
tests/unit/test_philo7_discovery.py::test_every_id_argument_names_where_its_value_comes_from[desk.verb]
tests/unit/test_philo7_discovery.py::test_every_id_argument_names_where_its_value_comes_from[zone.file]
tests/unit/test_philo7_discovery.py::test_every_id_argument_names_where_its_value_comes_from[zone.unfile]
tests/unit/test_philo7_discovery.py::test_every_id_argument_names_where_its_value_comes_from[zone.list_members]
tests/unit/test_philo7_discovery.py::test_every_id_argument_names_where_its_value_comes_from[kb.add_member]
tests/unit/test_philo7_discovery.py::test_every_id_argument_names_where_its_value_comes_from[kb.remove_member]
tests/unit/test_philo7_discovery.py::test_every_id_argument_names_where_its_value_comes_from[kb.list_members]
tests/unit/test_engine_off_the_loop.py::test_recipe_run_and_chat_run_the_engine_off_the_loop
tests/unit/test_web_routes_recipe_chat.py::test_chat_alias_engine_runs_off_the_loop
tests/unit/test_people_mcp.py::test_people_mcp_catalogue_is_closed_and_does_not_offer_forbidden_operations
tests/unit/test_people_calendar_link.py::TestMCPTools::test_catalogue_includes_calendar_tools

28 tests collected in 0.75s
