tests/unit/test_philo7_discovery.py::test_each_job_phrase_maps_to_one_tool_and_its_argument_path[file a note into a zone]
tests/unit/test_philo7_discovery.py::test_each_job_phrase_maps_to_one_tool_and_its_argument_path[find a note]
tests/unit/test_philo7_discovery.py::test_each_job_phrase_maps_to_one_tool_and_its_argument_path[list the notes in a zone]
tests/unit/test_philo7_discovery.py::test_each_job_phrase_maps_to_one_tool_and_its_argument_path[make a zone]
tests/unit/test_philo7_discovery.py::test_each_job_phrase_maps_to_one_tool_and_its_argument_path[put a decision on my review list]
tests/unit/test_philo7_discovery.py::test_each_job_phrase_maps_to_one_tool_and_its_argument_path[read a note]
tests/unit/test_philo7_discovery.py::test_each_job_phrase_maps_to_one_tool_and_its_argument_path[the reason for a decision]
tests/unit/test_philo7_discovery.py::test_every_id_argument_names_where_its_value_comes_from[desk.list]
tests/unit/test_philo7_discovery.py::test_every_id_argument_names_where_its_value_comes_from[desk.get]
tests/unit/test_philo7_discovery.py::test_every_id_argument_names_where_its_value_comes_from[desk.create]
tests/unit/test_philo7_discovery.py::test_every_id_argument_names_where_its_value_comes_from[desk.update]
tests/unit/test_philo7_discovery.py::test_every_id_argument_names_where_its_value_comes_from[desk.delete]
tests/unit/test_philo7_discovery.py::test_every_id_argument_names_where_its_value_comes_from[desk.verb]
tests/unit/test_philo7_discovery.py::test_every_id_argument_names_where_its_value_comes_from[zone.file]
tests/unit/test_philo7_discovery.py::test_every_id_argument_names_where_its_value_comes_from[zone.unfile]
tests/unit/test_philo7_discovery.py::test_every_id_argument_names_where_its_value_comes_from[zone.list_members]
tests/unit/test_philo7_discovery.py::test_every_id_argument_names_where_its_value_comes_from[kb.add_member]
tests/unit/test_philo7_discovery.py::test_every_id_argument_names_where_its_value_comes_from[kb.remove_member]
tests/unit/test_philo7_discovery.py::test_every_id_argument_names_where_its_value_comes_from[kb.list_members]

19 tests collected in 0.05s
