tests/unit/test_engine_off_the_loop.py::test_recipe_run_and_chat_run_the_engine_off_the_loop
tests/unit/test_web_routes_recipe_chat.py::test_chat_alias_engine_runs_off_the_loop
tests/unit/test_philo11_channel_contract.py::test_generic_document_ref_is_one_wire_for_http_mcp_and_history_filter
tests/unit/test_philo11_channel_contract.py::test_prepared_send_uses_frozen_bytes_and_name_after_source_is_deleted[project_update]
tests/unit/test_philo11_channel_contract.py::test_prepared_send_uses_frozen_bytes_and_name_after_source_is_deleted[desk_decision]
tests/unit/test_philo11_channel_contract.py::test_legacy_prepared_non_file_row_does_not_reread_deleted_source
tests/unit/test_philo11_channel_contract.py::test_inline_send_refuses_changed_preview_then_sends_new_preview[project_update]
tests/unit/test_philo11_channel_contract.py::test_inline_send_refuses_changed_preview_then_sends_new_preview[desk_decision]
tests/unit/test_philo11_channel_contract.py::test_kernel_target_names_document_ref_and_external_agent_send_is_refused_over_mcp[project_update]
tests/unit/test_philo11_channel_contract.py::test_kernel_target_names_document_ref_and_external_agent_send_is_refused_over_mcp[desk_decision]
tests/unit/test_philo11_channel_contract.py::test_agent_brief_preview_and_prepare_keep_owner_overlay_and_payload
tests/unit/test_philo11_channel_contract.py::test_thread_palette_discovers_destination_then_prepares_without_send_admission
tests/unit/test_thread_tool_gate.py::TestTruthTable::test_row1_allow_policy_any_mode_any_class_admits
tests/unit/test_thread_tool_gate.py::TestTruthTable::test_row2_deny_policy_any_mode_any_class_denies
tests/unit/test_thread_tool_gate.py::TestTruthTable::test_row3_ask_policy_any_mode_any_class_holds
tests/unit/test_thread_tool_gate.py::TestTruthTable::test_row4_unset_yolo_any_class_admits
tests/unit/test_thread_tool_gate.py::TestTruthTable::test_row5_unset_neutral_read_or_candidate_admits
tests/unit/test_thread_tool_gate.py::TestTruthTable::test_row6_unset_neutral_effect_holds
tests/unit/test_thread_tool_gate.py::TestTruthTable::test_row7_unset_safe_read_admits
tests/unit/test_thread_tool_gate.py::TestTruthTable::test_row8_unset_safe_candidate_or_effect_holds
tests/unit/test_thread_tool_gate.py::TestAdmitCreatesKernelChild::test_admit_yolo_creates_handle_with_child
tests/unit/test_thread_tool_gate.py::TestAdmitCreatesKernelChild::test_admit_creates_tool_turn_rows_via_broker
tests/unit/test_thread_tool_gate.py::TestHoldAndApprove::test_hold_then_approve_executes
tests/unit/test_thread_tool_gate.py::TestDenyResult::test_deny_policy_produces_tool_denied
tests/unit/test_thread_tool_gate.py::TestAllowAlways::test_allow_always_writes_policy_and_next_auto_admits
tests/unit/test_thread_tool_gate.py::TestAllowOnce::test_allow_once_does_not_write_policy
tests/unit/test_thread_tool_gate.py::TestElicitation::test_elicitation_holds_and_answer_redispatches
tests/unit/test_thread_tool_gate.py::TestPeopleSensitive::test_people_tool_result_is_sensitive
tests/unit/test_thread_tool_gate.py::TestPeopleSensitive::test_non_people_tool_result_is_not_sensitive
tests/unit/test_thread_tool_gate.py::TestCancelMidExecute::test_cancel_before_execute_discards
tests/unit/test_thread_tool_gate.py::TestClassificationCensus::test_every_mcp_tool_is_classified
tests/unit/test_thread_tool_gate.py::TestClassificationCensus::test_no_phantom_classifications
tests/unit/test_thread_tool_gate.py::TestClassificationCensus::test_every_dispatched_tool_has_an_authority_row
tests/unit/test_thread_tool_gate.py::TestClassificationCensus::test_every_delegation_or_schedule_writer_is_authority_for_a_thread
tests/unit/test_thread_tool_gate.py::TestClassificationCensus::test_the_mixed_tools_decide_by_their_arguments
tests/unit/test_thread_tool_gate.py::TestClassificationCensus::test_the_rulings_examples_are_in_their_class
tests/unit/test_thread_tool_gate.py::TestClassificationCensus::test_an_excluded_tool_is_never_a_thread_tool
tests/unit/test_thread_tool_gate.py::TestClassificationCensus::test_every_owner_press_descriptor_is_excluded
tests/unit/test_thread_tool_gate.py::TestClassificationCensus::test_the_kernel_refuses_an_agent_by_one_set
tests/unit/test_thread_tool_gate.py::TestClassificationCensus::test_unclassified_tool_raises
tests/unit/test_thread_tool_gate.py::TestClassificationCensus::test_tool_class_returns_valid_class
tests/unit/test_thread_tool_gate.py::TestToolSchemas::test_renders_subset_of_tools
tests/unit/test_thread_tool_gate.py::TestToolSchemas::test_empty_set_returns_empty
tests/unit/test_thread_tool_gate.py::TestToolPolicyRepository::test_set_and_effective
tests/unit/test_thread_tool_gate.py::TestToolPolicyRepository::test_newest_wins
tests/unit/test_thread_tool_gate.py::TestToolPolicyRepository::test_unset_returns_none
tests/unit/test_thread_tool_gate.py::TestToolPolicyRepository::test_invalid_decision_raises
tests/unit/test_thread_tool_gate.py::TestOnDecidedHook::test_on_decided_called
tests/unit/test_thread_tool_loop.py::TestTwoPassHappyPath::test_happy_path_frames_and_db
tests/unit/test_thread_tool_loop.py::TestTwoPassHappyPath::test_status_line_emitted_on_second_pass
tests/unit/test_thread_tool_loop.py::TestHeldApprove::test_held_then_approved
tests/unit/test_thread_tool_loop.py::TestHeldDeny::test_held_then_denied
tests/unit/test_thread_tool_loop.py::TestPassCap::test_cap_exceeded
tests/unit/test_thread_tool_loop.py::TestAbortDuringExecute::test_abort_discards_in_flight
tests/unit/test_thread_tool_loop.py::TestSensitiveAccumulator::test_sensitive_text_in_accumulator
tests/unit/test_thread_tool_loop.py::TestSensitiveAccumulator::test_m1_redactor_strips_sensitive_tool_text
tests/unit/test_thread_tool_loop.py::TestNoToolsTurnByteIdentical::test_no_tools_identical
tests/unit/test_thread_tool_loop.py::TestErrorTaxonomy::test_tool_unknown_error_code
tests/unit/test_thread_tool_loop.py::TestBrokerRequired::test_executor_receives_broker
tests/unit/test_people_mcp.py::test_people_mcp_default_is_write_and_readiness_does_not_open_store_when_off
tests/unit/test_people_mcp.py::test_people_mcp_read_projection_omits_every_leader_private_field
tests/unit/test_people_mcp.py::test_people_mcp_write_flow_uses_domain_service_and_encrypted_authority
tests/unit/test_people_mcp.py::test_people_mcp_read_capability_refuses_writes_and_private_record_ids
tests/unit/test_people_mcp.py::test_people_mcp_resources_share_the_same_capability_and_redaction
tests/unit/test_people_mcp.py::test_people_mcp_catalogue_is_closed_and_does_not_offer_forbidden_operations
tests/unit/test_people_calendar_link.py::TestLinkResolveRoundtrip::test_link_then_resolve_returns_relationship
tests/unit/test_people_calendar_link.py::TestLinkResolveRoundtrip::test_unlink_restores_resolve_to_none
tests/unit/test_people_calendar_link.py::TestLinkResolveRoundtrip::test_relink_same_relationship_is_idempotent
tests/unit/test_people_calendar_link.py::TestLinkResolveRoundtrip::test_headless_seam_link_resolve
tests/unit/test_people_calendar_link.py::TestP1Invariant::test_p1_refuses_when_another_relationship_holds_series
tests/unit/test_people_calendar_link.py::TestP1Invariant::test_p1_allows_same_uid_different_source
tests/unit/test_people_calendar_link.py::TestP1Invariant::test_p1_ignores_archived_relationships
tests/unit/test_people_calendar_link.py::TestP1Invariant::test_multiple_links_on_one_relationship
tests/unit/test_people_calendar_link.py::TestGuardedResolution::test_locked_sidecar_returns_unavailable
tests/unit/test_people_calendar_link.py::TestGuardedResolution::test_unconfigured_store_returns_unavailable
tests/unit/test_people_calendar_link.py::TestGuardedResolution::test_ready_store_no_link_returns_none
tests/unit/test_people_calendar_link.py::TestRelationshipDetail::test_get_relationship_includes_calendar_links
tests/unit/test_people_calendar_link.py::TestRelationshipDetail::test_list_relationships_includes_calendar_links
tests/unit/test_people_calendar_link.py::TestValidation::test_empty_uid_refuses
tests/unit/test_people_calendar_link.py::TestValidation::test_empty_source_id_refuses
tests/unit/test_people_calendar_link.py::TestValidation::test_unlink_empty_uid_refuses
tests/unit/test_people_calendar_link.py::TestValidation::test_unlink_nonexistent_is_idempotent
tests/unit/test_people_calendar_link.py::TestSchemaGrepPin::test_no_person_or_relationship_referencing_columns_in_schema
tests/unit/test_people_calendar_link.py::TestHTTPRoutes::test_post_link_and_get_detail_includes_links
tests/unit/test_people_calendar_link.py::TestHTTPRoutes::test_delete_unlink
tests/unit/test_people_calendar_link.py::TestHTTPRoutes::test_p1_returns_409
tests/unit/test_people_calendar_link.py::TestMCPTools::test_catalogue_includes_calendar_tools
tests/unit/test_people_calendar_link.py::TestMCPTools::test_mcp_link_and_unlink
tests/unit/test_people_calendar_link.py::TestMCPTools::test_mcp_link_requires_write
tests/unit/test_people_calendar_link.py::TestMCPTools::test_mcp_p1_refusal
tests/unit/test_people_calendar_link.py::TestMCPTools::test_mcp_relationship_get_includes_calendar_links
tests/unit/test_people_calendar_link.py::TestMCPTools::test_mcp_grounding_includes_calendar_links
tests/unit/test_philo10_send_contract.py::test_the_words_map_his_asks_and_never_say_an_agent_sends

93 tests collected in 0.84s
