16:16  up 4 days, 21:55, 9 users, load averages: 26.68 24.08 22.84
Frepeat list 393: 200; DELETE 0
.repeat floor 1440: 200; DELETE 0
.repeat floor 393: 200; DELETE 0
.workbench repeat: kept True; receipt ''; DELETE 0
.refresh 1440: failure shown at 11.7s; status during None; DELETE at [16.12]; receipt after Retry 'Removal committed'
.refresh 393: failure shown at 3.6s; status during 200; DELETE at [8.14]; receipt after Retry 'Removed Refresh pending\nUndo\n01s'
.foot 1440: {'footTop': 738, 'footBottom': 815, 'rows': [{'text': '[ ] Last row 18', 'top': 611, 'bottom': 635, 'own': True}, {'text': '[x] Last row 19', 'top': 652, 'bottom': 676, 'own': True}, {'text': '[ ] Last row 20', 'top': 693, 'bottom': 717, 'own': True}]}
.foot 393: {'footTop': 590, 'footBottom': 695, 'rows': [{'text': '[ ] Last row 18', 'top': 403, 'bottom': 427, 'own': True}, {'text': '[x] Last row 19', 'top': 468, 'bottom': 492, 'own': True}, {'text': '[ ] Last row 20', 'top': 533, 'bottom': 557, 'own': True}]}
.refused 1440: 200; failure 'DELETE FAILED · HTTP 403\nRetry\nOK'; receipt ''
.refused 393: 200; failure 'DELETE FAILED · HTTP 403\nRetry\nOK'; receipt ''
.resize: 404; receipt 'Removal committed'
.
=================================== FAILURES ===================================
__ TestOneDelete.test_a_repeated_delete_never_offers_a_false_undo[list-1440] ___

self = <tests.e2e.test_philo8_one_delete_glass.TestOneDelete object at 0x10a57d0d0>
face = 'list', width = 1440

    @pytest.mark.e2e
    @pytest.mark.parametrize("width", [1440, 393])
    @pytest.mark.parametrize("face", ["list", "floor"])
    def test_a_repeated_delete_never_offers_a_false_undo(self, face: str, width: int) -> None:
        """P1-a: Delete the same object twice, then Undo. Never "Restored" with 404."""
        from playwright.sync_api import sync_playwright
    
        with sync_playwright() as pw:
            browser, page, (decision_id,), errors = self._open(pw, width, ["Repeat me"])
            try:
                _to_face(page, face, width)
                if face == "list":
                    # Scroll once: a later right-click must not spend the window scrolling.
                    _name_button(page, "Repeat me").scroll_into_view_if_needed()
                for turn in range(2):
                    if turn:
                        # A probe only inside the first window: still pending.
                        now = page.evaluate("() => document.querySelector('.undo-receipt')?.innerText || ''")
                        assert "Removed Repeat me" in now, f"the second Delete came after the window: {now!r}"
                    if face == "list":
>                       _row_menu_delete(page, "Repeat me")

tests/e2e/test_philo8_one_delete_glass.py:435: 
_ _ _ _ _ _ _ _ _ _ _ _ _ _ _ _ _ _ _ _ _ _ _ _ _ _ _ _ _ _ _ _ _ _ _ _ _ _ _ _ 
tests/e2e/test_philo8_one_delete_glass.py:125: in _row_menu_delete
    item.click()
.venv/lib/python3.14/site-packages/playwright/sync_api/_generated.py:15637: in click
    self._sync(
.venv/lib/python3.14/site-packages/playwright/_impl/_locator.py:162: in click
    return await self._frame._click(self._selector, strict=True, **params)
           ^^^^^^^^^^^^^^^^^^^^^^^^^^^^^^^^^^^^^^^^^^^^^^^^^^^^^^^^^^^^^^^
.venv/lib/python3.14/site-packages/playwright/_impl/_frame.py:566: in _click
    await self._channel.send("click", self._timeout, locals_to_params(locals()))
.venv/lib/python3.14/site-packages/playwright/_impl/_connection.py:69: in send
    return await self._connection.wrap_api_call(
_ _ _ _ _ _ _ _ _ _ _ _ _ _ _ _ _ _ _ _ _ _ _ _ _ _ _ _ _ _ _ _ _ _ _ _ _ _ _ _ 

self = <playwright._impl._connection.Connection object at 0x111a66a50>
cb = <function Channel.send.<locals>.<lambda> at 0x112d7b060>
is_internal = False, title = None

    async def wrap_api_call(
        self, cb: Callable[[], Any], is_internal: bool = False, title: str = None
    ) -> Any:
        if self._api_zone.get():
            return await cb()
        task = asyncio.current_task(self._loop)
        st: List[inspect.FrameInfo] = getattr(
            task, "__pw_stack__", None
        ) or inspect.stack(0)
    
        parsed_st = _extract_stack_trace_information_from_stack(st, is_internal, title)
        self._api_zone.set(parsed_st)
        try:
            return await cb()
        except Exception as error:
>           raise rewrite_error(error, f"{parsed_st['apiName']}: {error}") from None
E           playwright._impl._errors.TimeoutError: Locator.click: Timeout 30000ms exceeded.
E           Call log:
E             - waiting for locator(".desk-world-menu [role=menuitem]").filter(has_text="Delete").last
E               - locator resolved to <button type="button" role="menuitem" class="btn--chrome">…</button>
E             - attempting click action
E               2 × waiting for element to be visible, enabled and stable
E                 - element is not enabled
E               - retrying click action
E               - waiting 20ms
E               2 × waiting for element to be visible, enabled and stable
E                 - element is not enabled
E               - retrying click action
E                 - waiting 100ms
E               11 × waiting for element to be visible, enabled and stable
E                  - element is not enabled
E                - retrying click action
E                  - waiting 500ms

.venv/lib/python3.14/site-packages/playwright/_impl/_connection.py:559: TimeoutError
------------------------------ Captured log setup ------------------------------
WARNING  holdspeak.intel_queue_conductor:intel_queue_conductor.py:130 Intel queue drainer is OFF: this process does not own the database.
==================================== PASSES ====================================
___ TestOneDelete.test_a_repeated_delete_never_offers_a_false_undo[list-393] ___
------------------------------ Captured log setup ------------------------------
WARNING  holdspeak.intel_queue_conductor:intel_queue_conductor.py:130 Intel queue drainer is OFF: this process does not own the database.
__ TestOneDelete.test_a_repeated_delete_never_offers_a_false_undo[floor-1440] __
------------------------------ Captured log setup ------------------------------
WARNING  holdspeak.intel_queue_conductor:intel_queue_conductor.py:130 Intel queue drainer is OFF: this process does not own the database.
__ TestOneDelete.test_a_repeated_delete_never_offers_a_false_undo[floor-393] ___
------------------------------ Captured log setup ------------------------------
WARNING  holdspeak.intel_queue_conductor:intel_queue_conductor.py:130 Intel queue drainer is OFF: this process does not own the database.
___ TestOneDelete.test_a_repeated_workbench_remove_never_offers_a_false_undo ___
------------------------------ Captured log setup ------------------------------
WARNING  holdspeak.intel_queue_conductor:intel_queue_conductor.py:130 Intel queue drainer is OFF: this process does not own the database.
_ TestOneDelete.test_a_failed_refresh_keeps_the_pending_delete_and_its_undo[1440] _
------------------------------ Captured log setup ------------------------------
WARNING  holdspeak.intel_queue_conductor:intel_queue_conductor.py:130 Intel queue drainer is OFF: this process does not own the database.
_ TestOneDelete.test_a_failed_refresh_keeps_the_pending_delete_and_its_undo[393] _
------------------------------ Captured log setup ------------------------------
WARNING  holdspeak.intel_queue_conductor:intel_queue_conductor.py:130 Intel queue drainer is OFF: this process does not own the database.
_________ TestOneDelete.test_the_foot_never_covers_the_last_rows[1440] _________
------------------------------ Captured log setup ------------------------------
WARNING  holdspeak.intel_queue_conductor:intel_queue_conductor.py:130 Intel queue drainer is OFF: this process does not own the database.
_________ TestOneDelete.test_the_foot_never_covers_the_last_rows[393] __________
------------------------------ Captured log setup ------------------------------
WARNING  holdspeak.intel_queue_conductor:intel_queue_conductor.py:130 Intel queue drainer is OFF: this process does not own the database.
_________ TestOneDelete.test_a_refused_delete_says_so_with_retry[1440] _________
------------------------------ Captured log setup ------------------------------
WARNING  holdspeak.intel_queue_conductor:intel_queue_conductor.py:130 Intel queue drainer is OFF: this process does not own the database.
_________ TestOneDelete.test_a_refused_delete_says_so_with_retry[393] __________
------------------------------ Captured log setup ------------------------------
WARNING  holdspeak.intel_queue_conductor:intel_queue_conductor.py:130 Intel queue drainer is OFF: this process does not own the database.
__________ TestOneDelete.test_a_resize_that_changes_the_face_commits ___________
------------------------------ Captured log setup ------------------------------
WARNING  holdspeak.intel_queue_conductor:intel_queue_conductor.py:130 Intel queue drainer is OFF: this process does not own the database.
=========================== short test summary info ============================
PASSED tests/e2e/test_philo8_one_delete_glass.py::TestOneDelete::test_a_repeated_delete_never_offers_a_false_undo[list-393]
PASSED tests/e2e/test_philo8_one_delete_glass.py::TestOneDelete::test_a_repeated_delete_never_offers_a_false_undo[floor-1440]
PASSED tests/e2e/test_philo8_one_delete_glass.py::TestOneDelete::test_a_repeated_delete_never_offers_a_false_undo[floor-393]
PASSED tests/e2e/test_philo8_one_delete_glass.py::TestOneDelete::test_a_repeated_workbench_remove_never_offers_a_false_undo
PASSED tests/e2e/test_philo8_one_delete_glass.py::TestOneDelete::test_a_failed_refresh_keeps_the_pending_delete_and_its_undo[1440]
PASSED tests/e2e/test_philo8_one_delete_glass.py::TestOneDelete::test_a_failed_refresh_keeps_the_pending_delete_and_its_undo[393]
PASSED tests/e2e/test_philo8_one_delete_glass.py::TestOneDelete::test_the_foot_never_covers_the_last_rows[1440]
PASSED tests/e2e/test_philo8_one_delete_glass.py::TestOneDelete::test_the_foot_never_covers_the_last_rows[393]
PASSED tests/e2e/test_philo8_one_delete_glass.py::TestOneDelete::test_a_refused_delete_says_so_with_retry[1440]
PASSED tests/e2e/test_philo8_one_delete_glass.py::TestOneDelete::test_a_refused_delete_says_so_with_retry[393]
PASSED tests/e2e/test_philo8_one_delete_glass.py::TestOneDelete::test_a_resize_that_changes_the_face_commits
FAILED tests/e2e/test_philo8_one_delete_glass.py::TestOneDelete::test_a_repeated_delete_never_offers_a_false_undo[list-1440]
1 failed, 11 passed, 25 deselected in 353.86s (0:05:53)
16:22  up 4 days, 22:01, 9 users, load averages: 8.84 17.03 20.37
--- rerun alone at load: 16:23  up 4 days, 22:02, 9 users, load averages: 7.35 14.80 19.23
repeat list 1440: 200; DELETE 0
PASSED tests/e2e/test_philo8_one_delete_glass.py::TestOneDelete::test_a_repeated_delete_never_offers_a_false_undo[list-1440]
1 passed, 36 deselected in 41.01s
