16:08  up 4 days, 21:47, 9 users, load averages: 21.70 21.38 21.72
Frepeat list 393: 404; DELETE 1
Frepeat floor 1440: 404; DELETE 1
Frepeat floor 393: 404; DELETE 1
Fworkbench repeat: kept False; receipt ''; DELETE 1
Frefresh 1440: failure shown at 19.8s; status during None; DELETE at [17.58]; receipt after Retry ''
.refresh 393: failure shown at 3.8s; status during 404; DELETE at [3.77]; receipt after Retry ''
Ffoot 1440: {'footTop': 738, 'footBottom': 815, 'rows': [{'text': '[ ] Last row 18', 'top': 665, 'bottom': 689, 'own': True}, {'text': '[x] Last row 19', 'top': 706, 'bottom': 730, 'own': True}, {'text': '[ ] Last row 20', 'top': 747, 'bottom': 771, 'own': True}]}
Ffoot 393: {'footTop': 590, 'footBottom': 695, 'rows': [{'text': '[ ] Last row 18', 'top': 557, 'bottom': 581, 'own': True}, {'text': '[x] Last row 19', 'top': 622, 'bottom': 646, 'own': False}, {'text': '[ ] Last row 20', 'top': 687, 'bottom': 711, 'own': True}]}
FFFresize: 404; receipt 'Removal committed'
.
=================================== FAILURES ===================================
__ TestOneDelete.test_a_repeated_delete_never_offers_a_false_undo[list-1440] ___

self = <tests.e2e.test_philo8_one_delete_glass.TestOneDelete object at 0x10a2b82f0>
face = 'list', width = 1440

    @pytest.mark.e2e
    @pytest.mark.parametrize("width", [1440, 393])
    @pytest.mark.parametrize("face", ["list", "floor"])
    def test_a_repeated_delete_never_offers_a_false_undo(self, face: str, width: int) -> None:
        """P1-a: Delete the same object twice, then Undo. Never "Restored" with 404."""
        from playwright.sync_api import sync_playwright
    
        with sync_playwright() as pw:
            browser, page, (decision_id,), errors = self._open(pw, width, ["Repeat me"])
            try:
                _to_face(page, face, width)
                if face == "list":
                    # Scroll once: a later right-click must not spend the window scrolling.
                    _name_button(page, "Repeat me").scroll_into_view_if_needed()
                for turn in range(2):
                    if turn:
                        # A probe only inside the first window: still pending.
                        now = page.evaluate("() => document.querySelector('.undo-receipt')?.innerText || ''")
                        assert "Removed Repeat me" in now, f"the second Delete came after the window: {now!r}"
                    if face == "list":
>                       _row_menu_delete(page, "Repeat me")

tests/e2e/test_philo8_one_delete_glass.py:435: 
_ _ _ _ _ _ _ _ _ _ _ _ _ _ _ _ _ _ _ _ _ _ _ _ _ _ _ _ _ _ _ _ _ _ _ _ _ _ _ _ 
tests/e2e/test_philo8_one_delete_glass.py:125: in _row_menu_delete
    item.click()
.venv/lib/python3.14/site-packages/playwright/sync_api/_generated.py:15637: in click
    self._sync(
.venv/lib/python3.14/site-packages/playwright/_impl/_locator.py:162: in click
    return await self._frame._click(self._selector, strict=True, **params)
           ^^^^^^^^^^^^^^^^^^^^^^^^^^^^^^^^^^^^^^^^^^^^^^^^^^^^^^^^^^^^^^^
.venv/lib/python3.14/site-packages/playwright/_impl/_frame.py:566: in _click
    await self._channel.send("click", self._timeout, locals_to_params(locals()))
.venv/lib/python3.14/site-packages/playwright/_impl/_connection.py:69: in send
    return await self._connection.wrap_api_call(
_ _ _ _ _ _ _ _ _ _ _ _ _ _ _ _ _ _ _ _ _ _ _ _ _ _ _ _ _ _ _ _ _ _ _ _ _ _ _ _ 

self = <playwright._impl._connection.Connection object at 0x111ecd160>
cb = <function Channel.send.<locals>.<lambda> at 0x112d91220>
is_internal = False, title = None

    async def wrap_api_call(
        self, cb: Callable[[], Any], is_internal: bool = False, title: str = None
    ) -> Any:
        if self._api_zone.get():
            return await cb()
        task = asyncio.current_task(self._loop)
        st: List[inspect.FrameInfo] = getattr(
            task, "__pw_stack__", None
        ) or inspect.stack(0)
    
        parsed_st = _extract_stack_trace_information_from_stack(st, is_internal, title)
        self._api_zone.set(parsed_st)
        try:
            return await cb()
        except Exception as error:
>           raise rewrite_error(error, f"{parsed_st['apiName']}: {error}") from None
E           playwright._impl._errors.TimeoutError: Locator.click: Timeout 30000ms exceeded.
E           Call log:
E             - waiting for locator(".desk-world-menu [role=menuitem]").filter(has_text="Delete").last
E               - locator resolved to <button type="button" role="menuitem" class="btn--chrome">…</button>
E             - attempting click action
E               2 × waiting for element to be visible, enabled and stable
E                 - element is not enabled
E               - retrying click action
E               - waiting 20ms
E               2 × waiting for element to be visible, enabled and stable
E                 - element is not enabled
E               - retrying click action
E                 - waiting 100ms
E               10 × waiting for element to be visible, enabled and stable
E                  - element is not enabled
E                - retrying click action
E                  - waiting 500ms

.venv/lib/python3.14/site-packages/playwright/_impl/_connection.py:559: TimeoutError
------------------------------ Captured log setup ------------------------------
WARNING  holdspeak.intel_queue_conductor:intel_queue_conductor.py:130 Intel queue drainer is OFF: this process does not own the database.
___ TestOneDelete.test_a_repeated_delete_never_offers_a_false_undo[list-393] ___

self = <tests.e2e.test_philo8_one_delete_glass.TestOneDelete object at 0x10a2b8350>
face = 'list', width = 393

    @pytest.mark.e2e
    @pytest.mark.parametrize("width", [1440, 393])
    @pytest.mark.parametrize("face", ["list", "floor"])
    def test_a_repeated_delete_never_offers_a_false_undo(self, face: str, width: int) -> None:
        """P1-a: Delete the same object twice, then Undo. Never "Restored" with 404."""
        from playwright.sync_api import sync_playwright
    
        with sync_playwright() as pw:
            browser, page, (decision_id,), errors = self._open(pw, width, ["Repeat me"])
            try:
                _to_face(page, face, width)
                if face == "list":
                    # Scroll once: a later right-click must not spend the window scrolling.
                    _name_button(page, "Repeat me").scroll_into_view_if_needed()
                for turn in range(2):
                    if turn:
                        # A probe only inside the first window: still pending.
                        now = page.evaluate("() => document.querySelector('.undo-receipt')?.innerText || ''")
                        assert "Removed Repeat me" in now, f"the second Delete came after the window: {now!r}"
                    if face == "list":
                        _row_menu_delete(page, "Repeat me")
                    else:
                        if not _askbar_count(page):
                            _select(page, face, decision_id, "Repeat me")
                        page.keyboard.press("Delete")
                    page.wait_for_function(
                        "() => (document.querySelector('.undo-receipt')?.innerText || '').includes('Removed Repeat me')",
                        timeout=5_000,
                    )
                # Undo in one page call (the window is 8 s; each Playwright round
                # trip under load costs about a second).
                clicked = page.evaluate(
                    "() => { const b = document.querySelector('.undo-receipt-btn'); if (b) b.click(); return !!b; }"
                )
                assert clicked, "the window ended before Undo"
                _readable_receipt(page, "Restored Repeat me", 5_000)
                page.wait_for_timeout(WINDOW_WAIT_MS)
                status = _status(page, decision_id)
                print(f"repeat {face} {width}: {status}; DELETE {len(self.deletes)}")
>               assert (status, self.deletes) == (200, []), (status, self.deletes)
E               AssertionError: (404, ['http://127.0.0.1:57160/api/decisions/decision_9a9c84e70ae7'])
E               assert (404, ['http:...a9c84e70ae7']) == (200, [])
E                 
E                 At index 0 diff: 404 != 200
E                 Use -v to get more diff

tests/e2e/test_philo8_one_delete_glass.py:454: AssertionError
------------------------------ Captured log setup ------------------------------
WARNING  holdspeak.intel_queue_conductor:intel_queue_conductor.py:130 Intel queue drainer is OFF: this process does not own the database.
__ TestOneDelete.test_a_repeated_delete_never_offers_a_false_undo[floor-1440] __

self = <tests.e2e.test_philo8_one_delete_glass.TestOneDelete object at 0x10a2b83b0>
face = 'floor', width = 1440

    @pytest.mark.e2e
    @pytest.mark.parametrize("width", [1440, 393])
    @pytest.mark.parametrize("face", ["list", "floor"])
    def test_a_repeated_delete_never_offers_a_false_undo(self, face: str, width: int) -> None:
        """P1-a: Delete the same object twice, then Undo. Never "Restored" with 404."""
        from playwright.sync_api import sync_playwright
    
        with sync_playwright() as pw:
            browser, page, (decision_id,), errors = self._open(pw, width, ["Repeat me"])
            try:
                _to_face(page, face, width)
                if face == "list":
                    # Scroll once: a later right-click must not spend the window scrolling.
                    _name_button(page, "Repeat me").scroll_into_view_if_needed()
                for turn in range(2):
                    if turn:
                        # A probe only inside the first window: still pending.
                        now = page.evaluate("() => document.querySelector('.undo-receipt')?.innerText || ''")
                        assert "Removed Repeat me" in now, f"the second Delete came after the window: {now!r}"
                    if face == "list":
                        _row_menu_delete(page, "Repeat me")
                    else:
                        if not _askbar_count(page):
                            _select(page, face, decision_id, "Repeat me")
                        page.keyboard.press("Delete")
                    page.wait_for_function(
                        "() => (document.querySelector('.undo-receipt')?.innerText || '').includes('Removed Repeat me')",
                        timeout=5_000,
                    )
                # Undo in one page call (the window is 8 s; each Playwright round
                # trip under load costs about a second).
                clicked = page.evaluate(
                    "() => { const b = document.querySelector('.undo-receipt-btn'); if (b) b.click(); return !!b; }"
                )
                assert clicked, "the window ended before Undo"
                _readable_receipt(page, "Restored Repeat me", 5_000)
                page.wait_for_timeout(WINDOW_WAIT_MS)
                status = _status(page, decision_id)
                print(f"repeat {face} {width}: {status}; DELETE {len(self.deletes)}")
>               assert (status, self.deletes) == (200, []), (status, self.deletes)
E               AssertionError: (404, ['http://127.0.0.1:57305/api/decisions/decision_be310b92411e'])
E               assert (404, ['http:...e310b92411e']) == (200, [])
E                 
E                 At index 0 diff: 404 != 200
E                 Use -v to get more diff

tests/e2e/test_philo8_one_delete_glass.py:454: AssertionError
------------------------------ Captured log setup ------------------------------
WARNING  holdspeak.intel_queue_conductor:intel_queue_conductor.py:130 Intel queue drainer is OFF: this process does not own the database.
__ TestOneDelete.test_a_repeated_delete_never_offers_a_false_undo[floor-393] ___

self = <tests.e2e.test_philo8_one_delete_glass.TestOneDelete object at 0x10a2b8410>
face = 'floor', width = 393

    @pytest.mark.e2e
    @pytest.mark.parametrize("width", [1440, 393])
    @pytest.mark.parametrize("face", ["list", "floor"])
    def test_a_repeated_delete_never_offers_a_false_undo(self, face: str, width: int) -> None:
        """P1-a: Delete the same object twice, then Undo. Never "Restored" with 404."""
        from playwright.sync_api import sync_playwright
    
        with sync_playwright() as pw:
            browser, page, (decision_id,), errors = self._open(pw, width, ["Repeat me"])
            try:
                _to_face(page, face, width)
                if face == "list":
                    # Scroll once: a later right-click must not spend the window scrolling.
                    _name_button(page, "Repeat me").scroll_into_view_if_needed()
                for turn in range(2):
                    if turn:
                        # A probe only inside the first window: still pending.
                        now = page.evaluate("() => document.querySelector('.undo-receipt')?.innerText || ''")
                        assert "Removed Repeat me" in now, f"the second Delete came after the window: {now!r}"
                    if face == "list":
                        _row_menu_delete(page, "Repeat me")
                    else:
                        if not _askbar_count(page):
                            _select(page, face, decision_id, "Repeat me")
                        page.keyboard.press("Delete")
                    page.wait_for_function(
                        "() => (document.querySelector('.undo-receipt')?.innerText || '').includes('Removed Repeat me')",
                        timeout=5_000,
                    )
                # Undo in one page call (the window is 8 s; each Playwright round
                # trip under load costs about a second).
                clicked = page.evaluate(
                    "() => { const b = document.querySelector('.undo-receipt-btn'); if (b) b.click(); return !!b; }"
                )
                assert clicked, "the window ended before Undo"
                _readable_receipt(page, "Restored Repeat me", 5_000)
                page.wait_for_timeout(WINDOW_WAIT_MS)
                status = _status(page, decision_id)
                print(f"repeat {face} {width}: {status}; DELETE {len(self.deletes)}")
>               assert (status, self.deletes) == (200, []), (status, self.deletes)
E               AssertionError: (404, ['http://127.0.0.1:57551/api/decisions/decision_6f644b2e7530'])
E               assert (404, ['http:...f644b2e7530']) == (200, [])
E                 
E                 At index 0 diff: 404 != 200
E                 Use -v to get more diff

tests/e2e/test_philo8_one_delete_glass.py:454: AssertionError
------------------------------ Captured log setup ------------------------------
WARNING  holdspeak.intel_queue_conductor:intel_queue_conductor.py:130 Intel queue drainer is OFF: this process does not own the database.
___ TestOneDelete.test_a_repeated_workbench_remove_never_offers_a_false_undo ___

self = <tests.e2e.test_philo8_one_delete_glass.TestOneDelete object at 0x10a2b8470>

    @pytest.mark.e2e
    def test_a_repeated_workbench_remove_never_offers_a_false_undo(self) -> None:
        """P1-a, the Workbench window (the same hook)."""
        from playwright.sync_api import sync_playwright
    
        with sync_playwright() as pw:
            browser, page, _ids, errors = self._open(pw, 1440, [])
            try:
                wb = _api(page, "POST", "/api/workbenches", {"name": "WB Probe"}, token=TOKEN)["workbench"]["id"]
                item = _api(page, "POST", f"/api/workbenches/{wb}/items", {"title": "Repeat WB item"}, token=TOKEN)["item"]["id"]
                page.reload(wait_until="load")
                _normal_chair(page)
                _to_face(page, "list", 1440)
                _name_button(page, "WB Probe").click()
                window = page.locator(".desk-workbench-window")
                window.wait_for(timeout=10_000)
                window.get_by_text("Repeat WB item", exact=True).click()
                for _ in range(2):
                    window.get_by_role("button", name="Remove", exact=True).click()
                    page.wait_for_function(
                        "() => (document.querySelector('.desk-workbench-window .undo-receipt')?.innerText || '').includes('Removed')",
                        timeout=5_000,
                    )
                window.locator(".undo-receipt-btn").click()
                page.wait_for_timeout(WINDOW_WAIT_MS)
                receipt = page.evaluate("() => document.querySelector('.desk-workbench-window .undo-receipt')?.innerText || ''")
                items = _api(page, "GET", f"/api/workbenches/{wb}", token=TOKEN)["workbench"]["items"]
                kept = any(i["id"] == item for i in items)
                print(f"workbench repeat: kept {kept}; receipt {receipt!r}; DELETE {len(self.deletes)}")
>               assert kept and not self.deletes, (kept, receipt, self.deletes)
E               AssertionError: (False, '', ['http://127.0.0.1:57650/api/workbenches/workbench_f1288046011e/items/wbi_ac6c8c237637'])
E               assert (False)

tests/e2e/test_philo8_one_delete_glass.py:488: AssertionError
------------------------------ Captured log setup ------------------------------
WARNING  holdspeak.intel_queue_conductor:intel_queue_conductor.py:130 Intel queue drainer is OFF: this process does not own the database.
_ TestOneDelete.test_a_failed_refresh_keeps_the_pending_delete_and_its_undo[393] _

self = <tests.e2e.test_philo8_one_delete_glass.TestOneDelete object at 0x10a2b8530>
width = 393

    @pytest.mark.e2e
    @pytest.mark.parametrize("width", [1440, 393])
    def test_a_failed_refresh_keeps_the_pending_delete_and_its_undo(self, width: int) -> None:
        """P1-b: the setup read fails (503) while "Undo" shows. The desk shows
        its failure screen; the pending delete must NOT commit early (no DELETE
        before the 8 s window ends), and after Retry the receipt is back."""
        import time
        from playwright.sync_api import sync_playwright
    
        with sync_playwright() as pw:
            browser, page, (decision_id,), errors = self._open(pw, width, ["Refresh pending"])
            try:
                _to_face(page, "list", width)
                stamps: list[float] = []
                page.on("request", lambda req: stamps.append(time.monotonic()) if req.method == "DELETE" else None)
                _name_button(page, "Refresh pending").scroll_into_view_if_needed()
                t0 = time.monotonic()
                _row_menu_delete(page, "Refresh pending")
                fail = lambda route: route.fulfill(status=503, content_type="application/json", body="{}")
                page.route("**/api/setup/status", fail)
                _palette(page, "Refresh from hub", "desk.refresh")
                page.locator("[role=alert]").wait_for(timeout=10_000)
                shown = time.monotonic() - t0
                status_during = _status(page, decision_id) if shown < 7.0 else None
                page.unroute("**/api/setup/status", fail)
                page.locator("[role=alert]").get_by_role("button", name="Retry").click()
                page.locator(".desk-listmode").wait_for(timeout=10_000)
                recovered = time.monotonic() - t0
                receipt = page.evaluate("() => document.querySelector('.undo-receipt')?.innerText || ''")
                page.wait_for_timeout(WINDOW_WAIT_MS)
                early = [round(t - t0, 2) for t in stamps if t - t0 < 7.5]
                print(f"refresh {width}: failure shown at {shown:.1f}s; status during {status_during};"
                      f" DELETE at {[round(t - t0, 2) for t in stamps]}; receipt after Retry {receipt!r}")
>               assert status_during in (None, 200), status_during
E               AssertionError: 404
E               assert 404 in (None, 200)

tests/e2e/test_philo8_one_delete_glass.py:526: AssertionError
------------------------------ Captured log setup ------------------------------
WARNING  holdspeak.intel_queue_conductor:intel_queue_conductor.py:130 Intel queue drainer is OFF: this process does not own the database.
_________ TestOneDelete.test_the_foot_never_covers_the_last_rows[1440] _________

self = <tests.e2e.test_philo8_one_delete_glass.TestOneDelete object at 0x10a2b85f0>
width = 1440

    @pytest.mark.e2e
    @pytest.mark.parametrize("width", [1440, 393])
    def test_the_foot_never_covers_the_last_rows(self, width: int) -> None:
        """P2: with the receipt and the selection bar in the foot, the end of a
        long list scrolls clear of the foot; the last rows own their centres."""
        from playwright.sync_api import sync_playwright
    
        titles = [f"Last row {n:02d}" for n in range(1, 21)]
        with sync_playwright() as pw:
            browser, page, ids, errors = self._open(pw, width, titles)
            try:
                _to_face(page, "list", width)
                page.evaluate("() => window.scrollTo(0, document.documentElement.scrollHeight)")
                _select(page, "list", ids[-2], titles[-2])
                _row_menu_delete(page, titles[-1])
                _readable_receipt(page, "Removed", 5_000)
                page.evaluate("() => window.scrollTo(0, document.documentElement.scrollHeight)")
                page.wait_for_timeout(300)
                probe = page.evaluate("""() => {
                  const foot = document.querySelector('.desk-listmode > .desk-world-foot').getBoundingClientRect();
                  const rows = [...document.querySelectorAll('.desk-list-name-cell')]
                    .filter((e) => e.innerText.includes('Last row')).slice(-3).map((e) => {
                      const r = e.getBoundingClientRect();
                      const hit = document.elementFromPoint(r.x + r.width / 2, r.y + r.height / 2);
                      return {text: e.innerText.replace(/\\n/g, ' '), top: r.top, bottom: r.bottom,
                              own: !!hit && (hit === e || e.contains(hit))};
                    });
                  return {footTop: foot.top, footBottom: foot.bottom, rows};
                }""")
                page.screenshot(path=str(SHOTS / f"list-foot-clear-{width}.png"))
                print(f"foot {width}: {probe}")
>               assert all(r["own"] and r["bottom"] <= probe["footTop"] for r in probe["rows"]), probe
E               AssertionError: {'footBottom': 815, 'footTop': 738, 'rows': [{'bottom': 689, 'own': True, 'text': '[ ] Last row 18', 'top': 665}, {'bo...n': True, 'text': '[x] Last row 19', 'top': 706}, {'bottom': 771, 'own': True, 'text': '[ ] Last row 20', 'top': 747}]}
E               assert False
E                +  where False = all(<generator object TestOneDelete.test_the_foot_never_covers_the_last_rows.<locals>.<genexpr> at 0x11d927e60>)

tests/e2e/test_philo8_one_delete_glass.py:566: AssertionError
------------------------------ Captured log setup ------------------------------
WARNING  holdspeak.intel_queue_conductor:intel_queue_conductor.py:130 Intel queue drainer is OFF: this process does not own the database.
_________ TestOneDelete.test_the_foot_never_covers_the_last_rows[393] __________

self = <tests.e2e.test_philo8_one_delete_glass.TestOneDelete object at 0x10a2b86b0>
width = 393

    @pytest.mark.e2e
    @pytest.mark.parametrize("width", [1440, 393])
    def test_the_foot_never_covers_the_last_rows(self, width: int) -> None:
        """P2: with the receipt and the selection bar in the foot, the end of a
        long list scrolls clear of the foot; the last rows own their centres."""
        from playwright.sync_api import sync_playwright
    
        titles = [f"Last row {n:02d}" for n in range(1, 21)]
        with sync_playwright() as pw:
            browser, page, ids, errors = self._open(pw, width, titles)
            try:
                _to_face(page, "list", width)
                page.evaluate("() => window.scrollTo(0, document.documentElement.scrollHeight)")
                _select(page, "list", ids[-2], titles[-2])
                _row_menu_delete(page, titles[-1])
                _readable_receipt(page, "Removed", 5_000)
                page.evaluate("() => window.scrollTo(0, document.documentElement.scrollHeight)")
                page.wait_for_timeout(300)
                probe = page.evaluate("""() => {
                  const foot = document.querySelector('.desk-listmode > .desk-world-foot').getBoundingClientRect();
                  const rows = [...document.querySelectorAll('.desk-list-name-cell')]
                    .filter((e) => e.innerText.includes('Last row')).slice(-3).map((e) => {
                      const r = e.getBoundingClientRect();
                      const hit = document.elementFromPoint(r.x + r.width / 2, r.y + r.height / 2);
                      return {text: e.innerText.replace(/\\n/g, ' '), top: r.top, bottom: r.bottom,
                              own: !!hit && (hit === e || e.contains(hit))};
                    });
                  return {footTop: foot.top, footBottom: foot.bottom, rows};
                }""")
                page.screenshot(path=str(SHOTS / f"list-foot-clear-{width}.png"))
                print(f"foot {width}: {probe}")
>               assert all(r["own"] and r["bottom"] <= probe["footTop"] for r in probe["rows"]), probe
E               AssertionError: {'footBottom': 695, 'footTop': 590, 'rows': [{'bottom': 581, 'own': True, 'text': '[ ] Last row 18', 'top': 557}, {'bo...': False, 'text': '[x] Last row 19', 'top': 622}, {'bottom': 711, 'own': True, 'text': '[ ] Last row 20', 'top': 687}]}
E               assert False
E                +  where False = all(<generator object TestOneDelete.test_the_foot_never_covers_the_last_rows.<locals>.<genexpr> at 0x11e2b3bc0>)

tests/e2e/test_philo8_one_delete_glass.py:566: AssertionError
------------------------------ Captured log setup ------------------------------
WARNING  holdspeak.intel_queue_conductor:intel_queue_conductor.py:130 Intel queue drainer is OFF: this process does not own the database.
_________ TestOneDelete.test_a_refused_delete_says_so_with_retry[1440] _________

self = <tests.e2e.test_philo8_one_delete_glass.TestOneDelete object at 0x10a2b8770>
width = 1440

    @pytest.mark.e2e
    @pytest.mark.parametrize("width", [1440, 393])
    def test_a_refused_delete_says_so_with_retry(self, width: int) -> None:
        """MISSED 1: the hub refuses the DELETE (403). The face must not say
        "Removal committed"; it names the failure with Retry; the object stays."""
        from playwright.sync_api import sync_playwright
    
        with sync_playwright() as pw:
            browser, page, (decision_id,), errors = self._open(pw, width, ["Refuse me"])
            try:
                _to_face(page, "list", width)
    
                def refuse(route: Any) -> None:
                    if route.request.method == "DELETE":
                        route.fulfill(status=403, content_type="application/json",
                                      body='{"detail":"Delete refused by the glass"}')
                    else:
                        route.continue_()
    
                page.route(f"**/api/decisions/{decision_id}", refuse)
                _row_menu_delete(page, "Refuse me")
                _readable_receipt(page, "Removed Refuse me", 5_000)
>               page.locator(".write-receipt").first.wait_for(timeout=WINDOW_WAIT_MS + 3_000)

tests/e2e/test_philo8_one_delete_glass.py:593: 
_ _ _ _ _ _ _ _ _ _ _ _ _ _ _ _ _ _ _ _ _ _ _ _ _ _ _ _ _ _ _ _ _ _ _ _ _ _ _ _ 
.venv/lib/python3.14/site-packages/playwright/sync_api/_generated.py:18080: in wait_for
    self._sync(self._impl_obj.wait_for(timeout=timeout, state=state))
.venv/lib/python3.14/site-packages/playwright/_impl/_locator.py:710: in wait_for
    await self._frame.wait_for_selector(
.venv/lib/python3.14/site-packages/playwright/_impl/_frame.py:369: in wait_for_selector
    await self._channel.send(
.venv/lib/python3.14/site-packages/playwright/_impl/_connection.py:69: in send
    return await self._connection.wrap_api_call(
_ _ _ _ _ _ _ _ _ _ _ _ _ _ _ _ _ _ _ _ _ _ _ _ _ _ _ _ _ _ _ _ _ _ _ _ _ _ _ _ 

self = <playwright._impl._connection.Connection object at 0x11dacbd50>
cb = <function Channel.send.<locals>.<lambda> at 0x11f2c9fe0>
is_internal = False, title = None

    async def wrap_api_call(
        self, cb: Callable[[], Any], is_internal: bool = False, title: str = None
    ) -> Any:
        if self._api_zone.get():
            return await cb()
        task = asyncio.current_task(self._loop)
        st: List[inspect.FrameInfo] = getattr(
            task, "__pw_stack__", None
        ) or inspect.stack(0)
    
        parsed_st = _extract_stack_trace_information_from_stack(st, is_internal, title)
        self._api_zone.set(parsed_st)
        try:
            return await cb()
        except Exception as error:
>           raise rewrite_error(error, f"{parsed_st['apiName']}: {error}") from None
E           playwright._impl._errors.TimeoutError: Locator.wait_for: Timeout 15000ms exceeded.
E           Call log:
E             - waiting for locator(".write-receipt").first to be visible

.venv/lib/python3.14/site-packages/playwright/_impl/_connection.py:559: TimeoutError
------------------------------ Captured log setup ------------------------------
WARNING  holdspeak.intel_queue_conductor:intel_queue_conductor.py:130 Intel queue drainer is OFF: this process does not own the database.
_________ TestOneDelete.test_a_refused_delete_says_so_with_retry[393] __________

self = <tests.e2e.test_philo8_one_delete_glass.TestOneDelete object at 0x10a2b8830>
width = 393

    @pytest.mark.e2e
    @pytest.mark.parametrize("width", [1440, 393])
    def test_a_refused_delete_says_so_with_retry(self, width: int) -> None:
        """MISSED 1: the hub refuses the DELETE (403). The face must not say
        "Removal committed"; it names the failure with Retry; the object stays."""
        from playwright.sync_api import sync_playwright
    
        with sync_playwright() as pw:
            browser, page, (decision_id,), errors = self._open(pw, width, ["Refuse me"])
            try:
                _to_face(page, "list", width)
    
                def refuse(route: Any) -> None:
                    if route.request.method == "DELETE":
                        route.fulfill(status=403, content_type="application/json",
                                      body='{"detail":"Delete refused by the glass"}')
                    else:
                        route.continue_()
    
                page.route(f"**/api/decisions/{decision_id}", refuse)
                _row_menu_delete(page, "Refuse me")
                _readable_receipt(page, "Removed Refuse me", 5_000)
>               page.locator(".write-receipt").first.wait_for(timeout=WINDOW_WAIT_MS + 3_000)

tests/e2e/test_philo8_one_delete_glass.py:593: 
_ _ _ _ _ _ _ _ _ _ _ _ _ _ _ _ _ _ _ _ _ _ _ _ _ _ _ _ _ _ _ _ _ _ _ _ _ _ _ _ 
.venv/lib/python3.14/site-packages/playwright/sync_api/_generated.py:18080: in wait_for
    self._sync(self._impl_obj.wait_for(timeout=timeout, state=state))
.venv/lib/python3.14/site-packages/playwright/_impl/_locator.py:710: in wait_for
    await self._frame.wait_for_selector(
.venv/lib/python3.14/site-packages/playwright/_impl/_frame.py:369: in wait_for_selector
    await self._channel.send(
.venv/lib/python3.14/site-packages/playwright/_impl/_connection.py:69: in send
    return await self._connection.wrap_api_call(
_ _ _ _ _ _ _ _ _ _ _ _ _ _ _ _ _ _ _ _ _ _ _ _ _ _ _ _ _ _ _ _ _ _ _ _ _ _ _ _ 

self = <playwright._impl._connection.Connection object at 0x11d466450>
cb = <function Channel.send.<locals>.<lambda> at 0x120b4a770>
is_internal = False, title = None

    async def wrap_api_call(
        self, cb: Callable[[], Any], is_internal: bool = False, title: str = None
    ) -> Any:
        if self._api_zone.get():
            return await cb()
        task = asyncio.current_task(self._loop)
        st: List[inspect.FrameInfo] = getattr(
            task, "__pw_stack__", None
        ) or inspect.stack(0)
    
        parsed_st = _extract_stack_trace_information_from_stack(st, is_internal, title)
        self._api_zone.set(parsed_st)
        try:
            return await cb()
        except Exception as error:
>           raise rewrite_error(error, f"{parsed_st['apiName']}: {error}") from None
E           playwright._impl._errors.TimeoutError: Locator.wait_for: Timeout 15000ms exceeded.
E           Call log:
E             - waiting for locator(".write-receipt").first to be visible

.venv/lib/python3.14/site-packages/playwright/_impl/_connection.py:559: TimeoutError
------------------------------ Captured log setup ------------------------------
WARNING  holdspeak.intel_queue_conductor:intel_queue_conductor.py:130 Intel queue drainer is OFF: this process does not own the database.
==================================== PASSES ====================================
_ TestOneDelete.test_a_failed_refresh_keeps_the_pending_delete_and_its_undo[1440] _
------------------------------ Captured log setup ------------------------------
WARNING  holdspeak.intel_queue_conductor:intel_queue_conductor.py:130 Intel queue drainer is OFF: this process does not own the database.
__________ TestOneDelete.test_a_resize_that_changes_the_face_commits ___________
------------------------------ Captured log setup ------------------------------
WARNING  holdspeak.intel_queue_conductor:intel_queue_conductor.py:130 Intel queue drainer is OFF: this process does not own the database.
=========================== short test summary info ============================
PASSED tests/e2e/test_philo8_one_delete_glass.py::TestOneDelete::test_a_failed_refresh_keeps_the_pending_delete_and_its_undo[1440]
PASSED tests/e2e/test_philo8_one_delete_glass.py::TestOneDelete::test_a_resize_that_changes_the_face_commits
FAILED tests/e2e/test_philo8_one_delete_glass.py::TestOneDelete::test_a_repeated_delete_never_offers_a_false_undo[list-1440]
FAILED tests/e2e/test_philo8_one_delete_glass.py::TestOneDelete::test_a_repeated_delete_never_offers_a_false_undo[list-393]
FAILED tests/e2e/test_philo8_one_delete_glass.py::TestOneDelete::test_a_repeated_delete_never_offers_a_false_undo[floor-1440]
FAILED tests/e2e/test_philo8_one_delete_glass.py::TestOneDelete::test_a_repeated_delete_never_offers_a_false_undo[floor-393]
FAILED tests/e2e/test_philo8_one_delete_glass.py::TestOneDelete::test_a_repeated_workbench_remove_never_offers_a_false_undo
FAILED tests/e2e/test_philo8_one_delete_glass.py::TestOneDelete::test_a_failed_refresh_keeps_the_pending_delete_and_its_undo[393]
FAILED tests/e2e/test_philo8_one_delete_glass.py::TestOneDelete::test_the_foot_never_covers_the_last_rows[1440]
FAILED tests/e2e/test_philo8_one_delete_glass.py::TestOneDelete::test_the_foot_never_covers_the_last_rows[393]
FAILED tests/e2e/test_philo8_one_delete_glass.py::TestOneDelete::test_a_refused_delete_says_so_with_retry[1440]
FAILED tests/e2e/test_philo8_one_delete_glass.py::TestOneDelete::test_a_refused_delete_says_so_with_retry[393]
10 failed, 2 passed, 25 deselected in 437.54s (0:07:17)
16:16  up 4 days, 21:55, 9 users, load averages: 29.08 24.44 22.95
E               AssertionError: (404, ['http://127.0.0.1:60588/api/decisions/decision_50476e1c5cf5'])
E               assert (404, ['http:...0476e1c5cf5']) == (200, [])
E               AssertionError: (404, ['http://127.0.0.1:60589/api/decisions/decision_df2dde171419'])
E               assert (404, ['http:...f2dde171419']) == (200, [])
FAILED tests/e2e/test_philo8_one_delete_glass.py::TestOneDelete::test_a_repeated_delete_never_offers_a_false_undo[list-393]
FAILED tests/e2e/test_philo8_one_delete_glass.py::TestOneDelete::test_a_repeated_delete_never_offers_a_false_undo[list-1440]
2 failed in 39.09s
