refresh 393: during the failure (404, ['http://127.0.0.1:62258/api/decisions/decision_13583f6b345e'])
Fresize: 404; receipt 'Removed Resize me\nUndo\n02s'
F
=================================== FAILURES ===================================
_ TestOneDelete.test_a_failed_refresh_keeps_the_pending_delete_and_its_undo[393] _

self = <tests.e2e.test_philo8_one_delete_glass.TestOneDelete object at 0x109041310>
width = 393

    @pytest.mark.e2e
    @pytest.mark.parametrize("width", [1440, 393])
    def test_a_failed_refresh_keeps_the_pending_delete_and_its_undo(self, width: int) -> None:
        """P1-b: the setup read fails (503) while "Undo" shows; the delete must
        not commit early, and after Retry the Undo is still there and works."""
        from playwright.sync_api import sync_playwright
    
        with sync_playwright() as pw:
            browser, page, (decision_id,), errors = self._open(pw, width, ["Refresh pending"])
            try:
                _to_face(page, "list", width)
                _row_menu_delete(page, "Refresh pending")
                _readable_receipt(page, "Removed Refresh pending", 5_000)
                fail = lambda route: route.fulfill(status=503, content_type="application/json", body="{}")
                page.route("**/api/setup/status", fail)
                _palette(page, "Refresh from hub", "desk.refresh")
                page.locator("[role=alert]").wait_for(timeout=5_000)
                page.wait_for_timeout(1_000)
                during = (_status(page, decision_id), list(self.deletes))
                print(f"refresh {width}: during the failure {during}")
>               assert during == (200, []), during
E               AssertionError: (404, ['http://127.0.0.1:62258/api/decisions/decision_13583f6b345e'])
E               assert (404, ['http:...3583f6b345e']) == (200, [])
E                 
E                 At index 0 diff: 404 != 200
E                 Use -v to get more diff

tests/e2e/test_philo8_one_delete_glass.py:495: AssertionError
------------------------------ Captured log setup ------------------------------
WARNING  holdspeak.intel_queue_conductor:intel_queue_conductor.py:130 Intel queue drainer is OFF: this process does not own the database.
__________ TestOneDelete.test_a_resize_that_changes_the_face_commits ___________

self = <tests.e2e.test_philo8_one_delete_glass.TestOneDelete object at 0x109041670>

    @pytest.mark.e2e
    def test_a_resize_that_changes_the_face_commits(self) -> None:
        """MISSED 2: the face is the one the owner SEES. 393 opens the list;
        widening to 1440 resolves the spatial Floor: the pending delete commits."""
        from playwright.sync_api import sync_playwright
    
        with sync_playwright() as pw:
            browser, page, (decision_id,), errors = self._open(pw, 393, ["Resize me"])
            try:
                _to_face(page, "list", 393)
                _row_menu_delete(page, "Resize me")
                _readable_receipt(page, "Removed Resize me", 5_000)
                page.set_viewport_size({"width": 1440, "height": 900})
                page.locator(".desk-world-a11y").wait_for(state="attached", timeout=10_000)
                page.wait_for_timeout(500)
                # Read at once: the commit is the face change's, not the window's end.
                receipt = page.evaluate("() => document.querySelector('.undo-receipt')?.innerText || ''")
                page.wait_for_timeout(1_000)
                status = _status(page, decision_id)
                print(f"resize: {status}; receipt {receipt!r}")
>               assert "Removal committed" in receipt, (status, receipt)
E               AssertionError: (404, 'Removed Resize me
E                 Undo
E                 02s')
E               assert 'Removal committed' in 'Removed Resize me\nUndo\n02s'

tests/e2e/test_philo8_one_delete_glass.py:604: AssertionError
------------------------------ Captured log setup ------------------------------
WARNING  holdspeak.intel_queue_conductor:intel_queue_conductor.py:130 Intel queue drainer is OFF: this process does not own the database.
=========================== short test summary info ============================
FAILED tests/e2e/test_philo8_one_delete_glass.py::TestOneDelete::test_a_failed_refresh_keeps_the_pending_delete_and_its_undo[393]
FAILED tests/e2e/test_philo8_one_delete_glass.py::TestOneDelete::test_a_resize_that_changes_the_face_commits
2 failed, 35 deselected in 31.88s
