18:51  up 5 days, 30 mins, 9 users, load averages: 2.70 5.69 8.70
workbench repeat: kept True; receipt ''; DELETE 0
.refused list 1440: failure at {'top': 1.5, 'bottom': 25.5, 'left': 646.109375, 'right': 950.609375, 'inViewport': True, 'own': True}; Retry at {'top': 3.5, 'bottom': 23.5, 'left': 862.203125, 'right': 910.203125, 'inViewport': True, 'own': True}
refused list 1440: 200; failure 'DELETE FAILED · HTTP 403\nRetry\nOK'; title 'DELETE FAILED · HTTP 403 · Delete refused by the glass'; history ['', 'Removed Refuse me\nUndo\n08s', 'Removed Refuse me\nUndo\n07s', 'Removed Refuse me\nUndo\n06s', 'Removed Refuse me\nUndo\n05s', 'Removed Refuse me\nUndo\n04s', 'Removed Refuse me\nUndo\n03s', 'Removed Refuse me\nUndo\n02s', 'Removed Refuse me\nUndo\n01s', 'Removed Refuse me', 'DELETE FAILED · HTTP 403\nRetry\nOK | Removed Refuse me', 'DELETE FAILED · HTTP 403\nRetry\nOK']
.Frefused floor 1440: failure at {'top': 1.5, 'bottom': 25.5, 'left': 646.109375, 'right': 950.609375, 'inViewport': True, 'own': True}; Retry at {'top': 3.5, 'bottom': 23.5, 'left': 862.203125, 'right': 910.203125, 'inViewport': True, 'own': True}
refused floor 1440: 200; failure 'DELETE FAILED · HTTP 403\nRetry\nOK'; title 'DELETE FAILED · HTTP 403 · Delete refused by the glass'; history ['', 'Removed Refuse me\nUndo\n08s', 'Removed Refuse me\nUndo\n07s', 'Removed Refuse me\nUndo\n06s', 'Removed Refuse me\nUndo\n05s', 'Removed Refuse me\nUndo\n04s', 'Removed Refuse me\nUndo\n03s', 'Removed Refuse me\nUndo\n02s', 'Removed Refuse me\nUndo\n01s', 'Removed Refuse me', 'DELETE FAILED · HTTP 403\nRetry\nOK | Removed Refuse me', 'DELETE FAILED · HTTP 403\nRetry\nOK']
.refused floor 393: failure at {'top': 54, 'bottom': 112, 'left': 12, 'right': 381, 'inViewport': True, 'own': True}; Retry at {'top': 71, 'bottom': 95, 'left': 273, 'right': 323, 'inViewport': True, 'own': True}
refused floor 393: 200; failure 'DELETE FAILED · HTTP 403\nRetry\nOK'; title 'DELETE FAILED · HTTP 403 · Delete refused by the glass'; history ['', 'Removed Refuse me\nUndo\n08s', 'Removed Refuse me\nUndo\n07s', 'Removed Refuse me\nUndo\n06s', 'Removed Refuse me\nUndo\n05s', 'Removed Refuse me\nUndo\n04s', 'Removed Refuse me\nUndo\n03s', 'Removed Refuse me\nUndo\n02s', 'Removed Refuse me\nUndo\n01s', 'Removed Refuse me', 'DELETE FAILED · HTTP 403\nRetry\nOK | Removed Refuse me', 'DELETE FAILED · HTTP 403\nRetry\nOK']
.FFFFresize: 404; receipt 'Removed Resize me'; window left '05s'; DELETE 75.69999998807907 ms after the resize
.
=================================== FAILURES ===================================
_______ TestOneDelete.test_a_refused_delete_says_so_with_retry[list-393] _______

self = <tests.e2e.test_philo8_one_delete_glass.TestOneDelete object at 0x10a75d9d0>
face = 'list', width = 393

    @pytest.mark.e2e
    @pytest.mark.parametrize("width", [1440, 393])
    @pytest.mark.parametrize("face", ["list", "floor"])
    def test_a_refused_delete_says_so_with_retry(self, face: str, width: int) -> None:
        """MISSED 1 (round three) + round four item 4: the hub refuses the DELETE
        (403, one second late). From the press to the failure the face never
        says "Removal committed"; it names the failure with Retry and the
        hub's own words in the chip's title; the object stays; Retry deletes."""
        import time
        from playwright.sync_api import sync_playwright
    
        with sync_playwright() as pw:
            browser, page, (decision_id,), errors = self._open(pw, width, ["Refuse me"])
            try:
                _to_face(page, face, width)
                _observe_receipts(page)
    
                def refuse(route: Any) -> None:
                    if route.request.method == "DELETE":
                        time.sleep(1)
                        route.fulfill(status=403, content_type="application/json",
                                      body='{"detail":"Delete refused by the glass"}')
                    else:
                        route.continue_()
    
                page.route(f"**/api/decisions/{decision_id}", refuse)
                if face == "list":
                    _row_menu_delete(page, "Refuse me")
                else:
                    _select(page, face, decision_id, "Refuse me")
                    page.keyboard.press("Delete")
                page.locator(".write-receipt").first.wait_for(timeout=WINDOW_WAIT_MS + 6_000)
                page.wait_for_timeout(300)
                # Round five (P2): the failure and its Retry are where the owner's
                # eyes are, without scrolling (read before any click).
>               failure_box = _readable_in_view(page, ".write-receipt")
                              ^^^^^^^^^^^^^^^^^^^^^^^^^^^^^^^^^^^^^^^^^

tests/e2e/test_philo8_one_delete_glass.py:662: 
_ _ _ _ _ _ _ _ _ _ _ _ _ _ _ _ _ _ _ _ _ _ _ _ _ _ _ _ _ _ _ _ _ _ _ _ _ _ _ _ 

page = <Page url='http://127.0.0.1:51580/'>, selector = '.write-receipt'

    def _readable_in_view(page: Any, selector: str) -> dict[str, Any]:
        """Read BEFORE any click (a Playwright click scrolls): one match of the
        selector is inside the viewport and owns the point at its centre."""
        boxes = page.evaluate(_IN_VIEW_JS, selector)
        seen = [b for b in boxes if b["inViewport"] and b["own"]]
>       assert seen, f"{selector} is not readable in the viewport: {boxes}"
E       AssertionError: .write-receipt is not readable in the viewport: [{'top': -1196, 'bottom': -1138, 'left': 12, 'right': 381, 'inViewport': False, 'own': False}]
E       assert []

tests/e2e/test_philo8_one_delete_glass.py:170: AssertionError
------------------------------ Captured log setup ------------------------------
WARNING  holdspeak.intel_queue_conductor:intel_queue_conductor.py:130 Intel queue drainer is OFF: this process does not own the database.
___ TestOneDelete.test_a_workbench_remove_works_again_after_a_refusal[1440] ____

self = <tests.e2e.test_philo8_one_delete_glass.TestOneDelete object at 0x10a75dbb0>
width = 1440

    @pytest.mark.e2e
    @pytest.mark.parametrize("width", [1440, 393])
    def test_a_workbench_remove_works_again_after_a_refusal(self, width: int) -> None:
        """Round four item 2: a refused Remove (403) frees the item: the next
        Remove sends a DELETE; the window never says "Removal committed"."""
        from playwright.sync_api import sync_playwright
    
        with sync_playwright() as pw:
            browser, page, _ids, errors = self._open(pw, width, [])
            try:
                wb = _api(page, "POST", "/api/workbenches", {"name": "Refused WB"}, token=TOKEN)["workbench"]["id"]
                item = _api(page, "POST", f"/api/workbenches/{wb}/items", {"title": "Refused item"}, token=TOKEN)["item"]["id"]
                page.reload(wait_until="load")
                _normal_chair(page)
                _to_face(page, "list", width)
                _name_button(page, "Refused WB").click()
                window = page.locator(".desk-workbench-window")
                window.wait_for(timeout=10_000)
                window.get_by_text("Refused item", exact=True).click()
                _observe_receipts(page)
                url = f"**/api/workbenches/{wb}/items/{item}"
    
                def refuse(route: Any) -> None:
                    if route.request.method == "DELETE":
                        route.fulfill(status=403, content_type="application/json", body='{"detail":"Item locked by the glass"}')
                    else:
                        route.continue_()
    
                page.route(url, refuse)
                window.get_by_role("button", name="Remove", exact=True).click()
                window.locator(".write-receipt").wait_for(timeout=WINDOW_WAIT_MS + 6_000)
                page.unroute(url, refuse)
                before = len(self.deletes)
                window.get_by_role("button", name="Remove", exact=True).click()
                # Round five (MISSED 1): the renewed window shows its Undo.
>               page.wait_for_function(
                    "() => (document.querySelector('.desk-workbench-window .undo-receipt')?.innerText || '').includes('Removed Refused item')",
                    timeout=5_000,
                )

tests/e2e/test_philo8_one_delete_glass.py:719: 
_ _ _ _ _ _ _ _ _ _ _ _ _ _ _ _ _ _ _ _ _ _ _ _ _ _ _ _ _ _ _ _ _ _ _ _ _ _ _ _ 
.venv/lib/python3.14/site-packages/playwright/sync_api/_generated.py:11595: in wait_for_function
    self._sync(
.venv/lib/python3.14/site-packages/playwright/_impl/_page.py:1110: in wait_for_function
    return await self._main_frame.wait_for_function(**locals_to_params(locals()))
           ^^^^^^^^^^^^^^^^^^^^^^^^^^^^^^^^^^^^^^^^^^^^^^^^^^^^^^^^^^^^^^^^^^^^^^
.venv/lib/python3.14/site-packages/playwright/_impl/_frame.py:878: in wait_for_function
    await self._channel.send("waitForFunction", self._timeout, params)
.venv/lib/python3.14/site-packages/playwright/_impl/_connection.py:69: in send
    return await self._connection.wrap_api_call(
_ _ _ _ _ _ _ _ _ _ _ _ _ _ _ _ _ _ _ _ _ _ _ _ _ _ _ _ _ _ _ _ _ _ _ _ _ _ _ _ 

self = <playwright._impl._connection.Connection object at 0x119e18ef0>
cb = <function Channel.send.<locals>.<lambda> at 0x11a3575e0>
is_internal = False, title = None

    async def wrap_api_call(
        self, cb: Callable[[], Any], is_internal: bool = False, title: str = None
    ) -> Any:
        if self._api_zone.get():
            return await cb()
        task = asyncio.current_task(self._loop)
        st: List[inspect.FrameInfo] = getattr(
            task, "__pw_stack__", None
        ) or inspect.stack(0)
    
        parsed_st = _extract_stack_trace_information_from_stack(st, is_internal, title)
        self._api_zone.set(parsed_st)
        try:
            return await cb()
        except Exception as error:
>           raise rewrite_error(error, f"{parsed_st['apiName']}: {error}") from None
E           playwright._impl._errors.TimeoutError: Page.wait_for_function: Timeout 5000ms exceeded.

.venv/lib/python3.14/site-packages/playwright/_impl/_connection.py:559: TimeoutError
------------------------------ Captured log setup ------------------------------
WARNING  holdspeak.intel_queue_conductor:intel_queue_conductor.py:130 Intel queue drainer is OFF: this process does not own the database.
____ TestOneDelete.test_a_workbench_remove_works_again_after_a_refusal[393] ____

self = <tests.e2e.test_philo8_one_delete_glass.TestOneDelete object at 0x10a75dc10>
width = 393

    @pytest.mark.e2e
    @pytest.mark.parametrize("width", [1440, 393])
    def test_a_workbench_remove_works_again_after_a_refusal(self, width: int) -> None:
        """Round four item 2: a refused Remove (403) frees the item: the next
        Remove sends a DELETE; the window never says "Removal committed"."""
        from playwright.sync_api import sync_playwright
    
        with sync_playwright() as pw:
            browser, page, _ids, errors = self._open(pw, width, [])
            try:
                wb = _api(page, "POST", "/api/workbenches", {"name": "Refused WB"}, token=TOKEN)["workbench"]["id"]
                item = _api(page, "POST", f"/api/workbenches/{wb}/items", {"title": "Refused item"}, token=TOKEN)["item"]["id"]
                page.reload(wait_until="load")
                _normal_chair(page)
                _to_face(page, "list", width)
                _name_button(page, "Refused WB").click()
                window = page.locator(".desk-workbench-window")
                window.wait_for(timeout=10_000)
                window.get_by_text("Refused item", exact=True).click()
                _observe_receipts(page)
                url = f"**/api/workbenches/{wb}/items/{item}"
    
                def refuse(route: Any) -> None:
                    if route.request.method == "DELETE":
                        route.fulfill(status=403, content_type="application/json", body='{"detail":"Item locked by the glass"}')
                    else:
                        route.continue_()
    
                page.route(url, refuse)
                window.get_by_role("button", name="Remove", exact=True).click()
                window.locator(".write-receipt").wait_for(timeout=WINDOW_WAIT_MS + 6_000)
                page.unroute(url, refuse)
                before = len(self.deletes)
                window.get_by_role("button", name="Remove", exact=True).click()
                # Round five (MISSED 1): the renewed window shows its Undo.
>               page.wait_for_function(
                    "() => (document.querySelector('.desk-workbench-window .undo-receipt')?.innerText || '').includes('Removed Refused item')",
                    timeout=5_000,
                )

tests/e2e/test_philo8_one_delete_glass.py:719: 
_ _ _ _ _ _ _ _ _ _ _ _ _ _ _ _ _ _ _ _ _ _ _ _ _ _ _ _ _ _ _ _ _ _ _ _ _ _ _ _ 
.venv/lib/python3.14/site-packages/playwright/sync_api/_generated.py:11595: in wait_for_function
    self._sync(
.venv/lib/python3.14/site-packages/playwright/_impl/_page.py:1110: in wait_for_function
    return await self._main_frame.wait_for_function(**locals_to_params(locals()))
           ^^^^^^^^^^^^^^^^^^^^^^^^^^^^^^^^^^^^^^^^^^^^^^^^^^^^^^^^^^^^^^^^^^^^^^
.venv/lib/python3.14/site-packages/playwright/_impl/_frame.py:878: in wait_for_function
    await self._channel.send("waitForFunction", self._timeout, params)
.venv/lib/python3.14/site-packages/playwright/_impl/_connection.py:69: in send
    return await self._connection.wrap_api_call(
_ _ _ _ _ _ _ _ _ _ _ _ _ _ _ _ _ _ _ _ _ _ _ _ _ _ _ _ _ _ _ _ _ _ _ _ _ _ _ _ 

self = <playwright._impl._connection.Connection object at 0x11aaad590>
cb = <function Channel.send.<locals>.<lambda> at 0x11abc9dd0>
is_internal = False, title = None

    async def wrap_api_call(
        self, cb: Callable[[], Any], is_internal: bool = False, title: str = None
    ) -> Any:
        if self._api_zone.get():
            return await cb()
        task = asyncio.current_task(self._loop)
        st: List[inspect.FrameInfo] = getattr(
            task, "__pw_stack__", None
        ) or inspect.stack(0)
    
        parsed_st = _extract_stack_trace_information_from_stack(st, is_internal, title)
        self._api_zone.set(parsed_st)
        try:
            return await cb()
        except Exception as error:
>           raise rewrite_error(error, f"{parsed_st['apiName']}: {error}") from None
E           playwright._impl._errors.TimeoutError: Page.wait_for_function: Timeout 5000ms exceeded.

.venv/lib/python3.14/site-packages/playwright/_impl/_connection.py:559: TimeoutError
------------------------------ Captured log setup ------------------------------
WARNING  holdspeak.intel_queue_conductor:intel_queue_conductor.py:130 Intel queue drainer is OFF: this process does not own the database.
___ TestOneDelete.test_a_workbench_remove_after_a_refusal_offers_undo[1440] ____

self = <tests.e2e.test_philo8_one_delete_glass.TestOneDelete object at 0x10a75dc70>
width = 1440

    @pytest.mark.e2e
    @pytest.mark.parametrize("width", [1440, 393])
    def test_a_workbench_remove_after_a_refusal_offers_undo(self, width: int) -> None:
        """Round five P1: refusal, then an ordinary Remove: its Undo is visible
        (the old refusal never hides it) and Undo keeps the item."""
        from playwright.sync_api import sync_playwright
    
        with sync_playwright() as pw:
            browser, page, _ids, errors = self._open(pw, width, [])
            try:
                wb = _api(page, "POST", "/api/workbenches", {"name": "Undo WB"}, token=TOKEN)["workbench"]["id"]
                item = _api(page, "POST", f"/api/workbenches/{wb}/items", {"title": "Undo item"}, token=TOKEN)["item"]["id"]
                page.reload(wait_until="load")
                _normal_chair(page)
                _to_face(page, "list", width)
                _name_button(page, "Undo WB").click()
                window = page.locator(".desk-workbench-window")
                window.wait_for(timeout=10_000)
                window.get_by_text("Undo item", exact=True).click()
                url = f"**/api/workbenches/{wb}/items/{item}"
    
                def refuse(route: Any) -> None:
                    if route.request.method == "DELETE":
                        route.fulfill(status=403, content_type="application/json", body='{"detail":"Item locked by the glass"}')
                    else:
                        route.continue_()
    
                page.route(url, refuse)
                window.get_by_role("button", name="Remove", exact=True).click()
                window.locator(".write-receipt").wait_for(timeout=WINDOW_WAIT_MS + 6_000)
                page.unroute(url, refuse)
                before = len(self.deletes)
                window.get_by_role("button", name="Remove", exact=True).click()
>               page.wait_for_function(
                    "() => !!document.querySelector('.desk-workbench-window .undo-receipt-btn')", timeout=5_000,
                )

tests/e2e/test_philo8_one_delete_glass.py:771: 
_ _ _ _ _ _ _ _ _ _ _ _ _ _ _ _ _ _ _ _ _ _ _ _ _ _ _ _ _ _ _ _ _ _ _ _ _ _ _ _ 
.venv/lib/python3.14/site-packages/playwright/sync_api/_generated.py:11595: in wait_for_function
    self._sync(
.venv/lib/python3.14/site-packages/playwright/_impl/_page.py:1110: in wait_for_function
    return await self._main_frame.wait_for_function(**locals_to_params(locals()))
           ^^^^^^^^^^^^^^^^^^^^^^^^^^^^^^^^^^^^^^^^^^^^^^^^^^^^^^^^^^^^^^^^^^^^^^
.venv/lib/python3.14/site-packages/playwright/_impl/_frame.py:878: in wait_for_function
    await self._channel.send("waitForFunction", self._timeout, params)
.venv/lib/python3.14/site-packages/playwright/_impl/_connection.py:69: in send
    return await self._connection.wrap_api_call(
_ _ _ _ _ _ _ _ _ _ _ _ _ _ _ _ _ _ _ _ _ _ _ _ _ _ _ _ _ _ _ _ _ _ _ _ _ _ _ _ 

self = <playwright._impl._connection.Connection object at 0x11be64050>
cb = <function Channel.send.<locals>.<lambda> at 0x11c5b2090>
is_internal = False, title = None

    async def wrap_api_call(
        self, cb: Callable[[], Any], is_internal: bool = False, title: str = None
    ) -> Any:
        if self._api_zone.get():
            return await cb()
        task = asyncio.current_task(self._loop)
        st: List[inspect.FrameInfo] = getattr(
            task, "__pw_stack__", None
        ) or inspect.stack(0)
    
        parsed_st = _extract_stack_trace_information_from_stack(st, is_internal, title)
        self._api_zone.set(parsed_st)
        try:
            return await cb()
        except Exception as error:
>           raise rewrite_error(error, f"{parsed_st['apiName']}: {error}") from None
E           playwright._impl._errors.TimeoutError: Page.wait_for_function: Timeout 5000ms exceeded.

.venv/lib/python3.14/site-packages/playwright/_impl/_connection.py:559: TimeoutError
------------------------------ Captured log setup ------------------------------
WARNING  holdspeak.intel_queue_conductor:intel_queue_conductor.py:130 Intel queue drainer is OFF: this process does not own the database.
____ TestOneDelete.test_a_workbench_remove_after_a_refusal_offers_undo[393] ____

self = <tests.e2e.test_philo8_one_delete_glass.TestOneDelete object at 0x10a75dcd0>
width = 393

    @pytest.mark.e2e
    @pytest.mark.parametrize("width", [1440, 393])
    def test_a_workbench_remove_after_a_refusal_offers_undo(self, width: int) -> None:
        """Round five P1: refusal, then an ordinary Remove: its Undo is visible
        (the old refusal never hides it) and Undo keeps the item."""
        from playwright.sync_api import sync_playwright
    
        with sync_playwright() as pw:
            browser, page, _ids, errors = self._open(pw, width, [])
            try:
                wb = _api(page, "POST", "/api/workbenches", {"name": "Undo WB"}, token=TOKEN)["workbench"]["id"]
                item = _api(page, "POST", f"/api/workbenches/{wb}/items", {"title": "Undo item"}, token=TOKEN)["item"]["id"]
                page.reload(wait_until="load")
                _normal_chair(page)
                _to_face(page, "list", width)
                _name_button(page, "Undo WB").click()
                window = page.locator(".desk-workbench-window")
                window.wait_for(timeout=10_000)
                window.get_by_text("Undo item", exact=True).click()
                url = f"**/api/workbenches/{wb}/items/{item}"
    
                def refuse(route: Any) -> None:
                    if route.request.method == "DELETE":
                        route.fulfill(status=403, content_type="application/json", body='{"detail":"Item locked by the glass"}')
                    else:
                        route.continue_()
    
                page.route(url, refuse)
                window.get_by_role("button", name="Remove", exact=True).click()
                window.locator(".write-receipt").wait_for(timeout=WINDOW_WAIT_MS + 6_000)
                page.unroute(url, refuse)
                before = len(self.deletes)
                window.get_by_role("button", name="Remove", exact=True).click()
>               page.wait_for_function(
                    "() => !!document.querySelector('.desk-workbench-window .undo-receipt-btn')", timeout=5_000,
                )

tests/e2e/test_philo8_one_delete_glass.py:771: 
_ _ _ _ _ _ _ _ _ _ _ _ _ _ _ _ _ _ _ _ _ _ _ _ _ _ _ _ _ _ _ _ _ _ _ _ _ _ _ _ 
.venv/lib/python3.14/site-packages/playwright/sync_api/_generated.py:11595: in wait_for_function
    self._sync(
.venv/lib/python3.14/site-packages/playwright/_impl/_page.py:1110: in wait_for_function
    return await self._main_frame.wait_for_function(**locals_to_params(locals()))
           ^^^^^^^^^^^^^^^^^^^^^^^^^^^^^^^^^^^^^^^^^^^^^^^^^^^^^^^^^^^^^^^^^^^^^^
.venv/lib/python3.14/site-packages/playwright/_impl/_frame.py:878: in wait_for_function
    await self._channel.send("waitForFunction", self._timeout, params)
.venv/lib/python3.14/site-packages/playwright/_impl/_connection.py:69: in send
    return await self._connection.wrap_api_call(
_ _ _ _ _ _ _ _ _ _ _ _ _ _ _ _ _ _ _ _ _ _ _ _ _ _ _ _ _ _ _ _ _ _ _ _ _ _ _ _ 

self = <playwright._impl._connection.Connection object at 0x118560550>
cb = <function Channel.send.<locals>.<lambda> at 0x11dc30510>
is_internal = False, title = None

    async def wrap_api_call(
        self, cb: Callable[[], Any], is_internal: bool = False, title: str = None
    ) -> Any:
        if self._api_zone.get():
            return await cb()
        task = asyncio.current_task(self._loop)
        st: List[inspect.FrameInfo] = getattr(
            task, "__pw_stack__", None
        ) or inspect.stack(0)
    
        parsed_st = _extract_stack_trace_information_from_stack(st, is_internal, title)
        self._api_zone.set(parsed_st)
        try:
            return await cb()
        except Exception as error:
>           raise rewrite_error(error, f"{parsed_st['apiName']}: {error}") from None
E           playwright._impl._errors.TimeoutError: Page.wait_for_function: Timeout 5000ms exceeded.

.venv/lib/python3.14/site-packages/playwright/_impl/_connection.py:559: TimeoutError
------------------------------ Captured log setup ------------------------------
WARNING  holdspeak.intel_queue_conductor:intel_queue_conductor.py:130 Intel queue drainer is OFF: this process does not own the database.
==================================== PASSES ====================================
___ TestOneDelete.test_a_repeated_workbench_remove_never_offers_a_false_undo ___
------------------------------ Captured log setup ------------------------------
WARNING  holdspeak.intel_queue_conductor:intel_queue_conductor.py:130 Intel queue drainer is OFF: this process does not own the database.
______ TestOneDelete.test_a_refused_delete_says_so_with_retry[list-1440] _______
------------------------------ Captured log setup ------------------------------
WARNING  holdspeak.intel_queue_conductor:intel_queue_conductor.py:130 Intel queue drainer is OFF: this process does not own the database.
______ TestOneDelete.test_a_refused_delete_says_so_with_retry[floor-1440] ______
------------------------------ Captured log setup ------------------------------
WARNING  holdspeak.intel_queue_conductor:intel_queue_conductor.py:130 Intel queue drainer is OFF: this process does not own the database.
______ TestOneDelete.test_a_refused_delete_says_so_with_retry[floor-393] _______
------------------------------ Captured log setup ------------------------------
WARNING  holdspeak.intel_queue_conductor:intel_queue_conductor.py:130 Intel queue drainer is OFF: this process does not own the database.
__________ TestOneDelete.test_a_resize_that_changes_the_face_commits ___________
------------------------------ Captured log setup ------------------------------
WARNING  holdspeak.intel_queue_conductor:intel_queue_conductor.py:130 Intel queue drainer is OFF: this process does not own the database.
=========================== short test summary info ============================
PASSED tests/e2e/test_philo8_one_delete_glass.py::TestOneDelete::test_a_repeated_workbench_remove_never_offers_a_false_undo
PASSED tests/e2e/test_philo8_one_delete_glass.py::TestOneDelete::test_a_refused_delete_says_so_with_retry[list-1440]
PASSED tests/e2e/test_philo8_one_delete_glass.py::TestOneDelete::test_a_refused_delete_says_so_with_retry[floor-1440]
PASSED tests/e2e/test_philo8_one_delete_glass.py::TestOneDelete::test_a_refused_delete_says_so_with_retry[floor-393]
PASSED tests/e2e/test_philo8_one_delete_glass.py::TestOneDelete::test_a_resize_that_changes_the_face_commits
FAILED tests/e2e/test_philo8_one_delete_glass.py::TestOneDelete::test_a_refused_delete_says_so_with_retry[list-393]
FAILED tests/e2e/test_philo8_one_delete_glass.py::TestOneDelete::test_a_workbench_remove_works_again_after_a_refusal[1440]
FAILED tests/e2e/test_philo8_one_delete_glass.py::TestOneDelete::test_a_workbench_remove_works_again_after_a_refusal[393]
FAILED tests/e2e/test_philo8_one_delete_glass.py::TestOneDelete::test_a_workbench_remove_after_a_refusal_offers_undo[1440]
FAILED tests/e2e/test_philo8_one_delete_glass.py::TestOneDelete::test_a_workbench_remove_after_a_refusal_offers_undo[393]
5 failed, 5 passed, 36 deselected in 283.32s (0:04:43)
18:56  up 5 days, 35 mins, 9 users, load averages: 11.64 10.06 9.88
--- resize with the time bound: 19:08  up 5 days, 47 mins, 9 users, load averages: 7.49 14.10 13.27
b65107f5: resize: 200; receipt 'Removed Resize me\nUndo\n02s'; window left '05s'; DELETE 4146.099999964237 ms after the resize
b65107f5: E               AssertionError: (4146.099999964237, '05s')
b65107f5: 1 failed, 45 deselected in 16.10s
fix: resize: 404; receipt 'Removed Resize me'; window left '04s'; DELETE 69.19999998807907 ms after the resize
fix: 1 passed, 45 deselected in 15.24s
