17:36  up 4 days, 23:15, 9 users, load averages: 2.75 4.31 6.71
bringing up nodes...
bringing up nodes...

FFFFFFFFF
=================================== FAILURES ===================================
______ TestOneDelete.test_a_refused_delete_says_so_with_retry[floor-1440] ______
[gw1] darwin -- Python 3.14.2 /Users/karol/dev/tools/wt-philo-8-02/.venv/bin/python

self = <tests.e2e.test_philo8_one_delete_glass.TestOneDelete object at 0x1083db7d0>
face = 'floor', width = 1440

    @pytest.mark.e2e
    @pytest.mark.parametrize("width", [1440, 393])
    @pytest.mark.parametrize("face", ["list", "floor"])
    def test_a_refused_delete_says_so_with_retry(self, face: str, width: int) -> None:
        """MISSED 1 (round three) + round four item 4: the hub refuses the DELETE
        (403, one second late). From the press to the failure the face never
        says "Removal committed"; it names the failure with Retry and the
        hub's own words in the chip's title; the object stays; Retry deletes."""
        import time
        from playwright.sync_api import sync_playwright
    
        with sync_playwright() as pw:
            browser, page, (decision_id,), errors = self._open(pw, width, ["Refuse me"])
            try:
                _to_face(page, face, width)
                _observe_receipts(page)
    
                def refuse(route: Any) -> None:
                    if route.request.method == "DELETE":
                        time.sleep(1)
                        route.fulfill(status=403, content_type="application/json",
                                      body='{"detail":"Delete refused by the glass"}')
                    else:
                        route.continue_()
    
                page.route(f"**/api/decisions/{decision_id}", refuse)
                if face == "list":
                    _row_menu_delete(page, "Refuse me")
                else:
                    _select(page, face, decision_id, "Refuse me")
                    page.keyboard.press("Delete")
                page.locator(".write-receipt").first.wait_for(timeout=WINDOW_WAIT_MS + 6_000)
                page.wait_for_timeout(300)
                history = page.evaluate("() => window.__receipts")
                failure = page.locator(".write-receipt").first.inner_text()
                title = page.locator(".write-receipt-label").first.get_attribute("title") or ""
                status = _status(page, decision_id)
                page.screenshot(path=str(SHOTS / f"{face}-delete-refused-{width}.png"))
                print(f"refused {face} {width}: {status}; failure {failure!r}; title {title!r};"
                      f" history {[h['text'] for h in history]}")
                assert status == 200
>               assert not any("Removal committed" in h["text"] for h in history), history
E               AssertionError: [{'t': 10108.199999988079, 'text': ''}, {'t': 14231.899999976158, 'text': 'Removed Refuse me
E                 Undo
E                 08s'}, {'t': 15426...001192, 'text': 'Removed Refuse me
E                 Undo
E                 05s'}, {'t': 19047.69999998808, 'text': 'Removed Refuse me
E                 Undo
E                 04s'}, ...]
E               assert not True
E                +  where True = any(<generator object TestOneDelete.test_a_refused_delete_says_so_with_retry.<locals>.<genexpr> at 0x110d0ea40>)

tests/e2e/test_philo8_one_delete_glass.py:650: AssertionError
------------------------------ Captured log setup ------------------------------
WARNING  holdspeak.intel_queue_conductor:intel_queue_conductor.py:130 Intel queue drainer is OFF: this process does not own the database.
______ TestOneDelete.test_a_refused_delete_says_so_with_retry[list-1440] _______
[gw0] darwin -- Python 3.14.2 /Users/karol/dev/tools/wt-philo-8-02/.venv/bin/python

self = <tests.e2e.test_philo8_one_delete_glass.TestOneDelete object at 0x10a633890>
face = 'list', width = 1440

    @pytest.mark.e2e
    @pytest.mark.parametrize("width", [1440, 393])
    @pytest.mark.parametrize("face", ["list", "floor"])
    def test_a_refused_delete_says_so_with_retry(self, face: str, width: int) -> None:
        """MISSED 1 (round three) + round four item 4: the hub refuses the DELETE
        (403, one second late). From the press to the failure the face never
        says "Removal committed"; it names the failure with Retry and the
        hub's own words in the chip's title; the object stays; Retry deletes."""
        import time
        from playwright.sync_api import sync_playwright
    
        with sync_playwright() as pw:
            browser, page, (decision_id,), errors = self._open(pw, width, ["Refuse me"])
            try:
                _to_face(page, face, width)
                _observe_receipts(page)
    
                def refuse(route: Any) -> None:
                    if route.request.method == "DELETE":
                        time.sleep(1)
                        route.fulfill(status=403, content_type="application/json",
                                      body='{"detail":"Delete refused by the glass"}')
                    else:
                        route.continue_()
    
                page.route(f"**/api/decisions/{decision_id}", refuse)
                if face == "list":
                    _row_menu_delete(page, "Refuse me")
                else:
                    _select(page, face, decision_id, "Refuse me")
                    page.keyboard.press("Delete")
                page.locator(".write-receipt").first.wait_for(timeout=WINDOW_WAIT_MS + 6_000)
                page.wait_for_timeout(300)
                history = page.evaluate("() => window.__receipts")
                failure = page.locator(".write-receipt").first.inner_text()
                title = page.locator(".write-receipt-label").first.get_attribute("title") or ""
                status = _status(page, decision_id)
                page.screenshot(path=str(SHOTS / f"{face}-delete-refused-{width}.png"))
                print(f"refused {face} {width}: {status}; failure {failure!r}; title {title!r};"
                      f" history {[h['text'] for h in history]}")
                assert status == 200
>               assert not any("Removal committed" in h["text"] for h in history), history
E               AssertionError: [{'t': 7740.299999952316, 'text': ''}, {'t': 17643.299999952316, 'text': 'Removed Refuse me
E                 Undo
E                 08s'}, {'t': 18701,...964237, 'text': 'Removed Refuse me
E                 Undo
E                 05s'}, {'t': 22489.69999998808, 'text': 'Removed Refuse me
E                 Undo
E                 04s'}, ...]
E               assert not True
E                +  where True = any(<generator object TestOneDelete.test_a_refused_delete_says_so_with_retry.<locals>.<genexpr> at 0x112ef6f80>)

tests/e2e/test_philo8_one_delete_glass.py:650: AssertionError
------------------------------ Captured log setup ------------------------------
WARNING  holdspeak.intel_queue_conductor:intel_queue_conductor.py:130 Intel queue drainer is OFF: this process does not own the database.
_______ TestOneDelete.test_a_refused_delete_says_so_with_retry[list-393] _______
[gw0] darwin -- Python 3.14.2 /Users/karol/dev/tools/wt-philo-8-02/.venv/bin/python

self = <tests.e2e.test_philo8_one_delete_glass.TestOneDelete object at 0x10a633950>
face = 'list', width = 393

    @pytest.mark.e2e
    @pytest.mark.parametrize("width", [1440, 393])
    @pytest.mark.parametrize("face", ["list", "floor"])
    def test_a_refused_delete_says_so_with_retry(self, face: str, width: int) -> None:
        """MISSED 1 (round three) + round four item 4: the hub refuses the DELETE
        (403, one second late). From the press to the failure the face never
        says "Removal committed"; it names the failure with Retry and the
        hub's own words in the chip's title; the object stays; Retry deletes."""
        import time
        from playwright.sync_api import sync_playwright
    
        with sync_playwright() as pw:
            browser, page, (decision_id,), errors = self._open(pw, width, ["Refuse me"])
            try:
                _to_face(page, face, width)
                _observe_receipts(page)
    
                def refuse(route: Any) -> None:
                    if route.request.method == "DELETE":
                        time.sleep(1)
                        route.fulfill(status=403, content_type="application/json",
                                      body='{"detail":"Delete refused by the glass"}')
                    else:
                        route.continue_()
    
                page.route(f"**/api/decisions/{decision_id}", refuse)
                if face == "list":
                    _row_menu_delete(page, "Refuse me")
                else:
                    _select(page, face, decision_id, "Refuse me")
                    page.keyboard.press("Delete")
                page.locator(".write-receipt").first.wait_for(timeout=WINDOW_WAIT_MS + 6_000)
                page.wait_for_timeout(300)
                history = page.evaluate("() => window.__receipts")
                failure = page.locator(".write-receipt").first.inner_text()
                title = page.locator(".write-receipt-label").first.get_attribute("title") or ""
                status = _status(page, decision_id)
                page.screenshot(path=str(SHOTS / f"{face}-delete-refused-{width}.png"))
                print(f"refused {face} {width}: {status}; failure {failure!r}; title {title!r};"
                      f" history {[h['text'] for h in history]}")
                assert status == 200
>               assert not any("Removal committed" in h["text"] for h in history), history
E               AssertionError: [{'t': 4215.800000011921, 'text': ''}, {'t': 4269.100000023842, 'text': 'Removed Refuse me
E                 Undo
E                 08s'}, {'t': 8110.89...521.800000011921, 'text': 'Removed Refuse me
E                 Undo
E                 03s'}, {'t': 10557.5, 'text': 'Removed Refuse me
E                 Undo
E                 02s'}, ...]
E               assert not True
E                +  where True = any(<generator object TestOneDelete.test_a_refused_delete_says_so_with_retry.<locals>.<genexpr> at 0x114560660>)

tests/e2e/test_philo8_one_delete_glass.py:650: AssertionError
------------------------------ Captured log setup ------------------------------
WARNING  holdspeak.intel_queue_conductor:intel_queue_conductor.py:130 Intel queue drainer is OFF: this process does not own the database.
______ TestOneDelete.test_a_refused_delete_says_so_with_retry[floor-393] _______
[gw1] darwin -- Python 3.14.2 /Users/karol/dev/tools/wt-philo-8-02/.venv/bin/python

self = <tests.e2e.test_philo8_one_delete_glass.TestOneDelete object at 0x1083db890>
face = 'floor', width = 393

    @pytest.mark.e2e
    @pytest.mark.parametrize("width", [1440, 393])
    @pytest.mark.parametrize("face", ["list", "floor"])
    def test_a_refused_delete_says_so_with_retry(self, face: str, width: int) -> None:
        """MISSED 1 (round three) + round four item 4: the hub refuses the DELETE
        (403, one second late). From the press to the failure the face never
        says "Removal committed"; it names the failure with Retry and the
        hub's own words in the chip's title; the object stays; Retry deletes."""
        import time
        from playwright.sync_api import sync_playwright
    
        with sync_playwright() as pw:
            browser, page, (decision_id,), errors = self._open(pw, width, ["Refuse me"])
            try:
                _to_face(page, face, width)
                _observe_receipts(page)
    
                def refuse(route: Any) -> None:
                    if route.request.method == "DELETE":
                        time.sleep(1)
                        route.fulfill(status=403, content_type="application/json",
                                      body='{"detail":"Delete refused by the glass"}')
                    else:
                        route.continue_()
    
                page.route(f"**/api/decisions/{decision_id}", refuse)
                if face == "list":
                    _row_menu_delete(page, "Refuse me")
                else:
                    _select(page, face, decision_id, "Refuse me")
                    page.keyboard.press("Delete")
                page.locator(".write-receipt").first.wait_for(timeout=WINDOW_WAIT_MS + 6_000)
                page.wait_for_timeout(300)
                history = page.evaluate("() => window.__receipts")
                failure = page.locator(".write-receipt").first.inner_text()
                title = page.locator(".write-receipt-label").first.get_attribute("title") or ""
                status = _status(page, decision_id)
                page.screenshot(path=str(SHOTS / f"{face}-delete-refused-{width}.png"))
                print(f"refused {face} {width}: {status}; failure {failure!r}; title {title!r};"
                      f" history {[h['text'] for h in history]}")
                assert status == 200
>               assert not any("Removal committed" in h["text"] for h in history), history
E               AssertionError: [{'t': 8123.300000011921, 'text': ''}, {'t': 9193.600000023842, 'text': 'Removed Refuse me
E                 Undo
E                 08s'}, {'t': 10392.8...11921, 'text': 'Removed Refuse me
E                 Undo
E                 05s'}, {'t': 13390.900000035763, 'text': 'Removed Refuse me
E                 Undo
E                 04s'}, ...]
E               assert not True
E                +  where True = any(<generator object TestOneDelete.test_a_refused_delete_says_so_with_retry.<locals>.<genexpr> at 0x112202ea0>)

tests/e2e/test_philo8_one_delete_glass.py:650: AssertionError
------------------------------ Captured log setup ------------------------------
WARNING  holdspeak.intel_queue_conductor:intel_queue_conductor.py:130 Intel queue drainer is OFF: this process does not own the database.
____ TestOneDelete.test_a_workbench_remove_works_again_after_a_refusal[393] ____
[gw0] darwin -- Python 3.14.2 /Users/karol/dev/tools/wt-philo-8-02/.venv/bin/python

self = <tests.e2e.test_philo8_one_delete_glass.TestOneDelete object at 0x10a633b90>
width = 393

    @pytest.mark.e2e
    @pytest.mark.parametrize("width", [1440, 393])
    def test_a_workbench_remove_works_again_after_a_refusal(self, width: int) -> None:
        """Round four item 2: a refused Remove (403) frees the item: the next
        Remove sends a DELETE; the window never says "Removal committed"."""
        from playwright.sync_api import sync_playwright
    
        with sync_playwright() as pw:
            browser, page, _ids, errors = self._open(pw, width, [])
            try:
                wb = _api(page, "POST", "/api/workbenches", {"name": "Refused WB"}, token=TOKEN)["workbench"]["id"]
                item = _api(page, "POST", f"/api/workbenches/{wb}/items", {"title": "Refused item"}, token=TOKEN)["item"]["id"]
                page.reload(wait_until="load")
                _normal_chair(page)
                _to_face(page, "list", width)
                _name_button(page, "Refused WB").click()
                window = page.locator(".desk-workbench-window")
                window.wait_for(timeout=10_000)
                window.get_by_text("Refused item", exact=True).click()
                _observe_receipts(page)
                url = f"**/api/workbenches/{wb}/items/{item}"
    
                def refuse(route: Any) -> None:
                    if route.request.method == "DELETE":
                        route.fulfill(status=403, content_type="application/json", body='{"detail":"Item locked by the glass"}')
                    else:
                        route.continue_()
    
                page.route(url, refuse)
                window.get_by_role("button", name="Remove", exact=True).click()
                window.locator(".write-receipt").wait_for(timeout=WINDOW_WAIT_MS + 6_000)
                page.unroute(url, refuse)
                before = len(self.deletes)
                window.get_by_role("button", name="Remove", exact=True).click()
                page.wait_for_timeout(WINDOW_WAIT_MS)
                history = page.evaluate("() => window.__receipts")
                items = _api(page, "GET", f"/api/workbenches/{wb}", token=TOKEN)["workbench"]["items"]
                sent = len(self.deletes) - before
                print(f"workbench refusal {width}: DELETE after refusal {sent}; items {len(items)};"
                      f" history {[h['text'] for h in history]}")
>               assert sent == 1 and not items, (sent, items)
E               AssertionError: (0, [{'body': '', 'claimed_at': None, 'completed_at': None, 'context': {}, ...}])
E               assert (0 == 1)

tests/e2e/test_philo8_one_delete_glass.py:701: AssertionError
------------------------------ Captured log setup ------------------------------
WARNING  holdspeak.intel_queue_conductor:intel_queue_conductor.py:130 Intel queue drainer is OFF: this process does not own the database.
___ TestOneDelete.test_a_workbench_remove_works_again_after_a_refusal[1440] ____
[gw1] darwin -- Python 3.14.2 /Users/karol/dev/tools/wt-philo-8-02/.venv/bin/python

self = <tests.e2e.test_philo8_one_delete_glass.TestOneDelete object at 0x1083db8f0>
width = 1440

    @pytest.mark.e2e
    @pytest.mark.parametrize("width", [1440, 393])
    def test_a_workbench_remove_works_again_after_a_refusal(self, width: int) -> None:
        """Round four item 2: a refused Remove (403) frees the item: the next
        Remove sends a DELETE; the window never says "Removal committed"."""
        from playwright.sync_api import sync_playwright
    
        with sync_playwright() as pw:
            browser, page, _ids, errors = self._open(pw, width, [])
            try:
                wb = _api(page, "POST", "/api/workbenches", {"name": "Refused WB"}, token=TOKEN)["workbench"]["id"]
                item = _api(page, "POST", f"/api/workbenches/{wb}/items", {"title": "Refused item"}, token=TOKEN)["item"]["id"]
                page.reload(wait_until="load")
                _normal_chair(page)
                _to_face(page, "list", width)
                _name_button(page, "Refused WB").click()
                window = page.locator(".desk-workbench-window")
                window.wait_for(timeout=10_000)
                window.get_by_text("Refused item", exact=True).click()
                _observe_receipts(page)
                url = f"**/api/workbenches/{wb}/items/{item}"
    
                def refuse(route: Any) -> None:
                    if route.request.method == "DELETE":
                        route.fulfill(status=403, content_type="application/json", body='{"detail":"Item locked by the glass"}')
                    else:
                        route.continue_()
    
                page.route(url, refuse)
                window.get_by_role("button", name="Remove", exact=True).click()
                window.locator(".write-receipt").wait_for(timeout=WINDOW_WAIT_MS + 6_000)
                page.unroute(url, refuse)
                before = len(self.deletes)
                window.get_by_role("button", name="Remove", exact=True).click()
                page.wait_for_timeout(WINDOW_WAIT_MS)
                history = page.evaluate("() => window.__receipts")
                items = _api(page, "GET", f"/api/workbenches/{wb}", token=TOKEN)["workbench"]["items"]
                sent = len(self.deletes) - before
                print(f"workbench refusal {width}: DELETE after refusal {sent}; items {len(items)};"
                      f" history {[h['text'] for h in history]}")
>               assert sent == 1 and not items, (sent, items)
E               AssertionError: (0, [{'body': '', 'claimed_at': None, 'completed_at': None, 'context': {}, ...}])
E               assert (0 == 1)

tests/e2e/test_philo8_one_delete_glass.py:701: AssertionError
------------------------------ Captured log setup ------------------------------
WARNING  holdspeak.intel_queue_conductor:intel_queue_conductor.py:130 Intel queue drainer is OFF: this process does not own the database.
______ TestOneDelete.test_a_delete_keeps_an_unrelated_rename_failure[393] ______
[gw1] darwin -- Python 3.14.2 /Users/karol/dev/tools/wt-philo-8-02/.venv/bin/python

self = <tests.e2e.test_philo8_one_delete_glass.TestOneDelete object at 0x1083dbad0>
width = 393

    @pytest.mark.e2e
    @pytest.mark.parametrize("width", [1440, 393])
    def test_a_delete_keeps_an_unrelated_rename_failure(self, width: int) -> None:
        """Round four item 1: a rename failure stands (NAME TAKEN, with Retry);
        a successful delete of another object must not clear it."""
        from playwright.sync_api import sync_playwright
    
        with sync_playwright() as pw:
            browser, page, (decision_id,), errors = self._open(pw, width, ["Unrelated decision"])
            try:
                _to_face(page, "list", width)
                _palette(page, "New Zone", "desk.new-zone")
                field = page.locator("input.desk-zone-rename")
                field.wait_for(timeout=10_000)
                field.fill("Inbox")
                page.locator("[data-testid=chair-floor-toggle]").click()
                page.locator(".chair").wait_for(timeout=10_000)
                rename = page.locator(".write-receipt").filter(has_text="RENAME ZONE")
                rename.first.wait_for(timeout=10_000)
                page.locator("[data-testid=chair-floor-toggle]").click()
                page.locator(".desk-listmode").wait_for(timeout=10_000)
                _row_menu_delete(page, "Unrelated decision")
                page.wait_for_timeout(WINDOW_WAIT_MS)
                status = _status(page, decision_id)
                standing = [t for t in page.locator(".write-receipt").all_inner_texts() if "RENAME ZONE" in t]
                page.screenshot(path=str(SHOTS / f"list-rename-failure-kept-{width}.png"))
                print(f"unrelated {width}: {status}; standing {standing}")
                assert status == 404
>               assert standing and "Retry" in standing[0], standing
E               AssertionError: []
E               assert ([])

tests/e2e/test_philo8_one_delete_glass.py:736: AssertionError
------------------------------ Captured log setup ------------------------------
WARNING  holdspeak.intel_queue_conductor:intel_queue_conductor.py:130 Intel queue drainer is OFF: this process does not own the database.
_____ TestOneDelete.test_a_delete_keeps_an_unrelated_rename_failure[1440] ______
[gw0] darwin -- Python 3.14.2 /Users/karol/dev/tools/wt-philo-8-02/.venv/bin/python

self = <tests.e2e.test_philo8_one_delete_glass.TestOneDelete object at 0x10a633c50>
width = 1440

    @pytest.mark.e2e
    @pytest.mark.parametrize("width", [1440, 393])
    def test_a_delete_keeps_an_unrelated_rename_failure(self, width: int) -> None:
        """Round four item 1: a rename failure stands (NAME TAKEN, with Retry);
        a successful delete of another object must not clear it."""
        from playwright.sync_api import sync_playwright
    
        with sync_playwright() as pw:
            browser, page, (decision_id,), errors = self._open(pw, width, ["Unrelated decision"])
            try:
                _to_face(page, "list", width)
                _palette(page, "New Zone", "desk.new-zone")
                field = page.locator("input.desk-zone-rename")
                field.wait_for(timeout=10_000)
                field.fill("Inbox")
                page.locator("[data-testid=chair-floor-toggle]").click()
                page.locator(".chair").wait_for(timeout=10_000)
                rename = page.locator(".write-receipt").filter(has_text="RENAME ZONE")
                rename.first.wait_for(timeout=10_000)
                page.locator("[data-testid=chair-floor-toggle]").click()
                page.locator(".desk-listmode").wait_for(timeout=10_000)
                _row_menu_delete(page, "Unrelated decision")
                page.wait_for_timeout(WINDOW_WAIT_MS)
                status = _status(page, decision_id)
                standing = [t for t in page.locator(".write-receipt").all_inner_texts() if "RENAME ZONE" in t]
                page.screenshot(path=str(SHOTS / f"list-rename-failure-kept-{width}.png"))
                print(f"unrelated {width}: {status}; standing {standing}")
                assert status == 404
>               assert standing and "Retry" in standing[0], standing
E               AssertionError: []
E               assert ([])

tests/e2e/test_philo8_one_delete_glass.py:736: AssertionError
------------------------------ Captured log setup ------------------------------
WARNING  holdspeak.intel_queue_conductor:intel_queue_conductor.py:130 Intel queue drainer is OFF: this process does not own the database.
__________ TestOneDelete.test_a_recreated_object_can_be_deleted_again __________
[gw0] darwin -- Python 3.14.2 /Users/karol/dev/tools/wt-philo-8-02/.venv/bin/python

self = <tests.e2e.test_philo8_one_delete_glass.TestOneDelete object at 0x10a633d70>

    @pytest.mark.e2e
    def test_a_recreated_object_can_be_deleted_again(self) -> None:
        """Round four item 3: delete A; the hub re-creates A with the same id;
        after a refresh, Delete on it sends a DELETE and it is gone."""
        from playwright.sync_api import sync_playwright
    
        with sync_playwright() as pw:
            browser, page, (decision_id,), errors = self._open(pw, 1440, ["First incarnation"])
            try:
                _to_face(page, "list", 1440)
                _row_menu_delete(page, "First incarnation")
                page.wait_for_timeout(WINDOW_WAIT_MS)
                assert _status(page, decision_id) == 404
                made = _api(page, "POST", "/api/decisions",
                            {"id": decision_id, "title": "Second incarnation", "status": "accepted"}, token=TOKEN)
                assert made["decision"]["id"] == decision_id, made
                _palette(page, "Refresh from hub", "desk.refresh")
                _name_button(page, "Second incarnation").wait_for(timeout=10_000)
                before = len(self.deletes)
                _row_menu_delete(page, "Second incarnation")
                page.wait_for_timeout(WINDOW_WAIT_MS)
                status = _status(page, decision_id)
                sent = len(self.deletes) - before
                print(f"recreated: {status}; DELETE {sent}")
>               assert (status, sent) == (404, 1), (status, sent)
E               AssertionError: (200, 0)
E               assert (200, 0) == (404, 1)
E                 
E                 At index 0 diff: 200 != 404
E                 Use -v to get more diff

tests/e2e/test_philo8_one_delete_glass.py:765: AssertionError
------------------------------ Captured log setup ------------------------------
WARNING  holdspeak.intel_queue_conductor:intel_queue_conductor.py:130 Intel queue drainer is OFF: this process does not own the database.
=========================== short test summary info ============================
FAILED tests/e2e/test_philo8_one_delete_glass.py::TestOneDelete::test_a_refused_delete_says_so_with_retry[floor-1440]
FAILED tests/e2e/test_philo8_one_delete_glass.py::TestOneDelete::test_a_refused_delete_says_so_with_retry[list-1440]
FAILED tests/e2e/test_philo8_one_delete_glass.py::TestOneDelete::test_a_refused_delete_says_so_with_retry[list-393]
FAILED tests/e2e/test_philo8_one_delete_glass.py::TestOneDelete::test_a_refused_delete_says_so_with_retry[floor-393]
FAILED tests/e2e/test_philo8_one_delete_glass.py::TestOneDelete::test_a_workbench_remove_works_again_after_a_refusal[393]
FAILED tests/e2e/test_philo8_one_delete_glass.py::TestOneDelete::test_a_workbench_remove_works_again_after_a_refusal[1440]
FAILED tests/e2e/test_philo8_one_delete_glass.py::TestOneDelete::test_a_delete_keeps_an_unrelated_rename_failure[393]
FAILED tests/e2e/test_philo8_one_delete_glass.py::TestOneDelete::test_a_delete_keeps_an_unrelated_rename_failure[1440]
FAILED tests/e2e/test_philo8_one_delete_glass.py::TestOneDelete::test_a_recreated_object_can_be_deleted_again
9 failed in 192.07s (0:03:12)
17:39  up 4 days, 23:18, 9 users, load averages: 13.04 9.62 8.56
resize fence (Undo gone at the face change) on b65107f5: resize: 200; receipt 'Removed Resize me
Undo
02s' -> FAILED; on the fix: resize: 404; receipt 'Removed Resize me' -> passed
