$ python scripts/philo_doctor_reference.py --check
Doctor reference: 41 check functions

EXIT=0

$ python scripts/philo_config_reference.py --check
Configuration declaration reference is current

EXIT=0

$ python scripts/philo_graph_reference.py --check
note: subtype conflict edge.cli.hub_restart: astra=process.restart; muaddib=cli
note: subtype conflict edge.face.arrival_load: astra=lifecycle.mount; muaddib=navigation.load
note: subtype conflict edge.face.thought_keep: astra=pointer.blur; muaddib=pointer.click
note: subtype conflict edge.route.brief_item_shelf: astra=ui; muaddib=http
note: subtype conflict edge.route.brief_latest: astra=ui; muaddib=http
note: subtype conflict edge.route.heartbeat_run_now: astra=ui; muaddib=http
note: subtype conflict edge.route.inference_assignments_set: astra=ui; muaddib=http
note: subtype conflict edge.route.model_profile_delete: astra=ui; muaddib=http
note: subtype conflict edge.route.model_profile_unbind: astra=ui; muaddib=http
note: subtype conflict edge.route.projection_presentation: astra=ui; muaddib=http
note: subtype conflict edge.route.projections_list: astra=ui; muaddib=http
note: subtype conflict edge.timer.heartbeat_sweep: astra=ui; muaddib=timer
note: subtype conflict iface.face.arrival: astra=face.section; muaddib=face.window
note: subtype conflict iface.face.first_words: astra=face.card; muaddib=face.panel
graph join checked: docs/generated/graph.json; 14 subtype conflict note(s)

EXIT=0

$ python scripts/validate_architecture.py
Architecture metadata: 4 shard(s), 147 record(s)
Architecture metadata validation passed.

EXIT=0

$ python scripts/generate_capability_docs.py --check
Architecture documentation checked (10 outputs).

EXIT=0

$ python scripts/check_doc_coverage.py --check
Documentation coverage checked.

EXIT=0
