RECORDED meeting=94c45e5a spare=323a8978 segments=1
PLANNED host=same_device hash=sha256:5d8beca90c43996f0f3eaf8e5d45a1b17d8e5ae2ada4a5ef4e9d8554e7dcac65
ROW 94c45e5a MeetingSEP 23 · OFFSEP 23·1 S·3 WORDS·OFFTHIS DEVICERun summary
CANON primaries=['Run summary'] zeros=[] run_verbs_in_rail=['Run summary', 'Run summary']
SHOT /Users/karol/dev/tools/wt-philo-3-02/pm/roadmap/holdspeak/phase-201-one-meeting-result/assets/story-04-shots/record-before-run-1440.png
SHOT /Users/karol/dev/tools/wt-philo-3-02/pm/roadmap/holdspeak/phase-201-one-meeting-result/assets/story-04-shots/record-before-run-393.png
RUN POST {'path': '/api/meetings/94c45e5a/intelligence/run', 'body': '{"expected_selection_hash":"sha256:5d8beca90c43996f0f3eaf8e5d45a1b17d8e5ae2ada4a5ef4e9d8554e7dcac65"}'}
RECEIPT {'attempts': [{'host': 'same_device', 'leg_ordinal': 1, 'operation_id': 'op_8fcb1e256378415eaf8fa45c3f9bde83', 'outcome': 'succeeded'}], 'job_id': 'ij_5b29c7ab87fcc91de57d480667ebd04d53e3e8fd366ace0ee309700a439e76bc', 'meeting_id': '94c45e5a', 'outcome': 'succeeded', 'receipt_id': 'rr_69d13bcb3ef195f6bf0bc7d6da4fd6b9', 'selection_hash': 'sha256:5d8beca90c43996f0f3eaf8e5d45a1b17d8e5ae2ada4a5ef4e9d8554e7dcac65'}
ROW 94c45e5a MeetingSEP 23 · RANSEP 23·1 S·3 WORDS·RANTHIS DEVICEOpen
SHOT /Users/karol/dev/tools/wt-philo-3-02/pm/roadmap/holdspeak/phase-201-one-meeting-result/assets/story-04-shots/record-after-run-1440.png
SHOT /Users/karol/dev/tools/wt-philo-3-02/pm/roadmap/holdspeak/phase-201-one-meeting-result/assets/story-04-shots/record-after-run-393.png
REVIEW 'PROPOSALS · NOT RUN'
SHOT /Users/karol/dev/tools/wt-philo-3-02/pm/roadmap/holdspeak/phase-201-one-meeting-result/assets/story-04-shots/review-not-run-1440.png
SHOT /Users/karol/dev/tools/wt-philo-3-02/pm/roadmap/holdspeak/phase-201-one-meeting-result/assets/story-04-shots/review-not-run-393.png
FAILED job attempts=1 state=failed
ROW 5c58e9cb MeetingSEP 23 · FAILEDSEP 23·1 S·3 WORDS·FAILEDTHIS DEVICEFAILEDTHIS DEVICERetry
FACTS width=237 of row=366
REFUSAL REFUSED · ROUTE CHANGED
AFTER REFUSAL run_receipt={'attempts': [{'host': 'same_device', 'leg_ordinal': 1, 'operation_id': 'op_71a9a63e23fe48778df07c76c67e4b05', 'outcome': 'failed'}], 'job_id': 'ij_8d07bf0e99a2063fa17153e6362fb491ff9fa01388f276e79538435ec237b87e', 'meeting_id': '5c58e9cb', 'outcome': 'failed', 'receipt_id': 'rr_eed585922a00b5d2b447524d4d629f94', 'selection_hash': 'sha256:5d8beca90c43996f0f3eaf8e5d45a1b17d8e5ae2ada4a5ef4e9d8554e7dcac65'}
AFTER REFUSAL last_refusal={'attempts': [], 'job_id': 'ij_bf949821cf7976c41d456cd752668bf6b6f2795fe267902d03a6f7f1cda57cd4', 'meeting_id': '5c58e9cb', 'outcome': 'refused', 'receipt_id': 'rr_b96e73a728ddf5802228c1794488657a', 'selection_hash': 'sha256:5d8beca90c43996f0f3eaf8e5d45a1b17d8e5ae2ada4a5ef4e9d8554e7dcac65'}
F
=================================== FAILURES ===================================
___________ test_the_summary_is_asked_for_disclosed_and_found_again ____________

tmp_path = PosixPath('/private/var/folders/q7/5dzz5g2116b3lq8rhg7hwjrr0000gn/T/pytest-of-karol/pytest-409/test_the_summary_is_asked_for_0')
monkeypatch = <_pytest.monkeypatch.MonkeyPatch object at 0x10e2bb5c0>

    def test_the_summary_is_asked_for_disclosed_and_found_again(tmp_path, monkeypatch):
        from holdspeak.db import get_database
        from playwright.sync_api import sync_playwright
    
        monkeypatch.setenv("HOLDSPEAK_PEOPLE_KEYSTORE_FILE", str(tmp_path / "people-keys.json"))
        _ensure_build()
        server, url = _boot(tmp_path, monkeypatch, token=TOKEN)
        db = get_database()
        _configure(db)
        engine = FakeIntel()
        monkeypatch.setattr("holdspeak.intel.engine.MeetingIntel", lambda **kw: engine)
        monkeypatch.setattr("holdspeak.intel.providers._configured_engine", lambda: engine)
        monkeypatch.setattr("holdspeak.intel_queue.get_database", lambda: db)
        monkeypatch.setattr("holdspeak.db.get_database", lambda *a, **k: db)
        monkeypatch.setattr(
            "holdspeak.meeting_plugins.build_bound_meeting_plugin_host", lambda: FakeHost(())
        )
        monkeypatch.setattr(
            "holdspeak.plugins.router.preview_route_from_transcript", lambda **kw: _Route(())
        )
        # Both halves of the meeting path on one local profile: speech becomes
        # text, and text becomes a summary (glass_infra.seed_meeting_engines).
        seed_meeting_engines()
    
        # Astra's counsel round 2: TWO summary-ready meetings, so the canon
        # probe measures a rail that can draw more than one run verb. Only the
        # lead row may wear the filled species.
        spare_id = _record_fixture_meeting(monkeypatch)
        first_id = _record_fixture_meeting(monkeypatch)
        saved = db.meetings.get_meeting(first_id)
        assert saved is not None and saved.segments, "the fixture WAV produced no transcript"
        assert saved.intel is None, "recording must not run a summary"
        print(f"RECORDED meeting={first_id} spare={spare_id} segments={len(saved.segments)}")
    
        try:
            with sync_playwright() as pw:
                browser = pw.chromium.launch()
                page = browser.new_page(viewport={"width": 1440, "height": 900})
                errors: list[str] = []
                requests: list[dict] = []
                page.on("pageerror", lambda error: errors.append(str(error)))
                page.on(
                    "request",
                    lambda request: requests.append(
                        {
                            "path": request.url.split("?")[0].replace(url, ""),
                            "body": request.post_data or "",
                        }
                    )
                    if request.method == "POST"
                    else None,
                )
    
                def open_meetings(meeting_id: str | None = None) -> None:
                    """The Meetings window, with one record open when asked."""
                    page.evaluate(
                        """() => {
                            localStorage.removeItem('hs.desk.workspace.v1');
                            sessionStorage.setItem('hs.desk.staged-surface-open',
                                JSON.stringify({key:'review-meetings'}));
                        }"""
                    )
                    page.reload(wait_until="load")
                    _normal_chair(page)
                    if meeting_id is None:
                        page.locator(".meetings-stream-rows").wait_for(timeout=15_000)
                        return
                    row = page.get_by_test_id(f"meeting-row-{meeting_id}")
                    row.wait_for(timeout=15_000)
                    print(f"ROW {meeting_id} {row.text_content()}")
                    row.locator(".meetings-stream-row-body").click()
                    page.locator(".meetings-detail-head").wait_for(timeout=15_000)
    
                page.goto(f"{url}/?token={TOKEN}", wait_until="load")
                _api(page, "PUT", "/api/setup/onboarding", {"disposition": "completed"}, token=TOKEN)
    
                # ── the disclosed route, read before any click ──
                page.goto(f"{url}/?token={TOKEN}", wait_until="load")
                _normal_chair(page)
                detail = _api(page, "GET", f"/api/meetings/{first_id}", token=TOKEN)
                planned = detail["planned_route"]
                assert planned["status"] == "ready", planned
                assert planned["legs"], planned
                host = planned["legs"][0]["host"]
                print(f"PLANNED host={host} hash={planned['selection_hash']}")
    
                # ── station 1: the record BEFORE the run ──
                open_meetings(first_id)
                route_chip = page.get_by_test_id("detail-route")
                route_chip.wait_for(timeout=15_000)
                assert _chip_label(host) in (route_chip.text_content() or ""), (
                    route_chip.text_content()
                )
                page.get_by_test_id("detail-run-intelligence-btn").wait_for()
                _assert_canon(page)
                _shot(page, "record-before-run")
    
                # ── station 2: the first summary, from the verb, with the hash ──
                requests.clear()
                page.get_by_test_id("detail-run-intelligence-btn").click()
                page.wait_for_timeout(600)
                run_post = _run_posts(requests)[-1]
                assert run_post["path"] == f"/api/meetings/{first_id}/intelligence/run"
                assert json.loads(run_post["body"])["expected_selection_hash"] == (
                    planned["selection_hash"]
                ), run_post
                print(f"RUN POST {run_post}")
    
                _drain(db, first_id)
                produced = db.meetings.get_meeting(first_id)
                assert produced.intel is not None, "no summary was produced"
                assert produced.intel.summary == engine.result.summary
                receipt = _api(
                    page, "GET", f"/api/meetings/{first_id}/intel-recovery", token=TOKEN
                )["run_receipt"]
                assert receipt["outcome"] == "succeeded", receipt
                assert receipt["attempts"], receipt
                assert receipt["selection_hash"] == planned["selection_hash"], receipt
                print(f"RECEIPT {receipt}")
    
                # ── station 3: the record AFTER the run: the text and the hosts ──
                open_meetings(first_id)
                meetings_surface = page.locator("#surface-meetings")
                summary_text = meetings_surface.get_by_test_id("meeting-summary-text")
                summary_text.wait_for(timeout=15_000)
                assert (summary_text.text_content() or "").strip() == engine.result.summary
                attempts = meetings_surface.get_by_test_id("summary-record-attempts")
                attempts.wait_for()
                for attempt in receipt["attempts"]:
                    assert _chip_label(attempt["host"]) in (attempts.text_content() or "")
                # The parked proposal chain never says a counter of zero.
                body = page.locator(".desk-surface-window").first.text_content() or ""
                assert "0 PROPOSALS" not in body.upper(), body
                _shot(page, "record-after-run")
    
                # ── the Review wing after a real run (Astra's counsel finding 3) ──
                # A disclosed summary request runs ANALYSIS only. Review must say
                # the proposal chain did NOT run — never `EXTRACTED <time>`, whose
                # stamp is the summary's own completion, and never the bare
                # "Nothing to review" that claims it looked.
                page.get_by_role("tab", name="Review").click()
                not_run = page.get_by_test_id("review-not-run")
                not_run.wait_for(timeout=15_000)
                assert (not_run.text_content() or "").strip() == "PROPOSALS · NOT RUN"
                review_words = (page.locator(".desk-surface-window").first.text_content() or "")
                assert "EXTRACTED" not in review_words.upper(), review_words
                assert "Nothing to review" not in review_words, review_words
                print(f"REVIEW {not_run.text_content()!r}")
                _shot(page, "review-not-run")
                page.get_by_role("tab", name="Outcomes").click()
                page.locator("#surface-meetings").get_by_test_id(
                    "meeting-summary-text"
                ).wait_for(timeout=15_000)
    
                # ── station 4: a FAILED record, its slab, and a STALE refusal ──
                # The producer refuses once, with retries exhausted, so the
                # record carries a real FAILED summary and its recovery slab.
                second_id = _record_fixture_meeting(monkeypatch)
                second_route = _api(page, "GET", f"/api/meetings/{second_id}", token=TOKEN)[
                    "planned_route"
                ]
                engine.error = "the producer refused"
                queued = _api(
                    page,
                    "POST",
                    f"/api/meetings/{second_id}/intelligence/run",
                    {"expected_selection_hash": second_route["selection_hash"]},
                    token=TOKEN,
                )
                assert queued["state"] == "queued", queued
                for _ in range(60):
                    job = db.intel.get_latest_intel_job(second_id)
                    if job is not None and job.status == "failed":
                        break
                    process_next_intel_job(retry_max_attempts=1)
                    time.sleep(0.05)
                engine.error = None
                failed_job = db.intel.get_latest_intel_job(second_id)
                assert failed_job is not None and failed_job.status == "failed", failed_job
                print(f"FAILED job attempts={failed_job.attempts} state={failed_job.status}")
    
                open_meetings(second_id)
                slab = page.locator(".meeting-intel-recovery")
                slab.wait_for(timeout=15_000)
                slab_retry = slab.get_by_role("button", name="Retry", exact=True)
                slab_retry.wait_for(timeout=15_000)
                assert _chip_label(host) in (
                    page.get_by_test_id("recovery-route").text_content() or ""
                )
                assert _chip_label(host) in (
                    page.get_by_test_id("recovery-attempts").text_content() or ""
                )
                # Audit defect 6: the facts span the row, never a 7-character column.
                _assert_facts_span_the_row(page)
    
                # The face holds the hash it disclosed; the assignment moves
                # under it, so the hub refuses BEFORE any provider is contacted.
                stale = _api(page, "GET", f"/api/meetings/{second_id}", token=TOKEN)[
                    "planned_route"
                ]["selection_hash"]
                engine_profile("hs201-second-engine")
                assign_engine(SUMMARY_CAPABILITY, 3, profile_id="hs201-second-engine")
                moved = _api(page, "GET", f"/api/meetings/{second_id}", token=TOKEN)[
                    "planned_route"
                ]["selection_hash"]
                assert moved != stale, (stale, moved)
                requests.clear()
                slab_retry.click()
                refusal = page.get_by_test_id("recovery-refusal")
                refusal.wait_for(timeout=15_000)
                refusal_words = refusal.text_content() or ""
                assert "REFUSED" in refusal_words, refusal_words
                print(f"REFUSAL {refusal_words}")
                stale_post = _recovery_posts(requests)[-1]
                assert stale_post["path"] == (
                    f"/api/meetings/{second_id}/intel-recovery/retry"
                )
                assert json.loads(stale_post["body"])["expected_selection_hash"] == stale
                assert db.meetings.get_meeting(second_id).intel is None, (
                    "a refused run must publish no summary"
                )
                # The first meeting's receipt is untouched by the refusal, and
                # the failed run's own attempts are still on the record.
                assert _api(
                    page, "GET", f"/api/meetings/{first_id}/intel-recovery", token=TOKEN
                )["run_receipt"] == receipt
                # Lane A's follow-up (`a07d4bb5`): a refusal no longer replaces
                # the receipt of the run that really happened. `run_receipt` is
                # the last EXECUTED receipt and the no-call refusal is served
                # beside it as `last_refusal` (holdspeak/db/intel.py:2352, :2363).
                after_refusal = _api(
                    page, "GET", f"/api/meetings/{second_id}/intel-recovery", token=TOKEN
                )
                print(f"AFTER REFUSAL run_receipt={after_refusal.get('run_receipt')}")
                print(f"AFTER REFUSAL last_refusal={after_refusal.get('last_refusal')}")
                executed = after_refusal["run_receipt"]
                durable = after_refusal["last_refusal"]
                # The executed receipt is the FAILED run of station 4 — the
                # producer refused, so the host was contacted and the attempt
                # stands. A route refusal does not erase it any more.
                assert executed["outcome"] == "failed", executed
                assert executed["attempts"], executed
                assert executed["attempts"][0]["host"] == host, executed
                # …and the no-call refusal is beside it, with no attempt at all.
                assert durable is not None, after_refusal
                assert durable["outcome"] == "refused", durable
                assert durable["attempts"] == [], durable
                assert durable["receipt_id"] != executed["receipt_id"], (durable, executed)
                # The face shows the executed destinations from the HUB now, not
                # from anything this client remembered.
                assert _chip_label(host) in (
                    page.get_by_test_id("recovery-attempts").text_content() or ""
                )
                # The route the NEXT run will use is still disclosed beside the verb.
                assert _chip_label(host) in (
                    page.get_by_test_id("recovery-route").text_content() or ""
                )
                # Audit defect 7: no refusal surface overlaps a verb or the footer.
>               _assert_no_overlap(page)

tests/e2e/test_hs201_summary_face_glass.py:385: 
_ _ _ _ _ _ _ _ _ _ _ _ _ _ _ _ _ _ _ _ _ _ _ _ _ _ _ _ _ _ _ _ _ _ _ _ _ _ _ _ 

page = <Page url='http://127.0.0.1:51096/'>

    def _assert_no_overlap(page) -> None:
        """Standing rule: no surface overlaps a verb or the window footer.
    
        Covers the refusal token, any error surface, and the summary slab's
        fact line (audit defect 7; the first 201-04 shot caught the fact line
        running under Retry/Skip).
        """
        overlap = page.evaluate(
            """() => {
                const footer = document.querySelector('.surface-footer');
                const bad = [];
                const hits = (a, b) =>
                  a.bottom > b.top && a.top < b.bottom && a.right > b.left && a.left < b.right;
                for (const surface of document.querySelectorAll(
                    '.surface-state-error, [data-testid$="-refusal"],' +
                    ' .meeting-intel-recovery-facts')) {
                  const a = surface.getBoundingClientRect();
                  if (a.width === 0) continue;
                  if (footer && hits(a, footer.getBoundingClientRect())) bad.push('footer');
                  // …and nothing may run out of its own window's right edge
                  // (UX-CANON A.6: a window's wings never leave the window).
                  const win = surface.closest('.desk-surface-window');
                  if (win) {
                    const w = win.getBoundingClientRect();
                    if (a.right > w.right + 1) bad.push('out of window: ' + (surface.textContent || ''));
                  }
                  for (const verb of document.querySelectorAll('button')) {
                    const b = verb.getBoundingClientRect();
                    if (b.width === 0) continue;
                    if (hits(a, b)) bad.push(verb.textContent || 'verb');
                  }
                }
                return bad;
            }"""
        )
>       assert overlap == [], overlap
E       AssertionError: ['▸TRANSCRIPT3 WORDS', '▸TRANSCRIPT3 WORDS']
E       assert ['▸TRANSCRIPT...CRIPT3 WORDS'] == []
E         
E         Left contains 2 more items, first extra item: '▸TRANSCRIPT3 WORDS'
E         Use -v to get more diff

tests/e2e/test_hs201_summary_face_glass.py:542: AssertionError
------------------------------ Captured log call -------------------------------
WARNING  holdspeak.intel_queue_conductor:intel_queue_conductor.py:130 Intel queue drainer is OFF: this process does not own the database.
=========================== short test summary info ============================
FAILED tests/e2e/test_hs201_summary_face_glass.py::test_the_summary_is_asked_for_disclosed_and_found_again
1 failed in 12.63s
FOCUSED_E2E_EXIT=1
