tests/unit/test_phase200_intel_drain.py::test_the_conductor_starts_a_live_drainer_and_stop_joins_the_thread
tests/unit/test_phase200_intel_drain.py::test_a_second_start_in_one_process_is_a_no_op_returning_the_live_worker
tests/unit/test_phase200_intel_drain.py::test_a_process_that_does_not_own_the_database_starts_no_drainer
tests/unit/test_phase200_intel_drain.py::test_the_second_hub_refusal_is_the_real_lock_not_a_flag
tests/unit/test_phase200_intel_drain.py::test_run_intelligence_names_an_absent_drainer_instead_of_claiming_it_runs
tests/unit/test_phase200_intel_drain.py::test_run_intelligence_reports_a_running_drainer_and_wakes_it
tests/unit/test_phase200_intel_drain.py::test_the_drainer_computes_during_quiet_hours_and_notifies_nobody
tests/unit/test_phase200_intel_drain.py::test_a_failing_provider_retries_with_backoff_then_lands_failed_on_the_face
tests/unit/test_phase200_intel_drain.py::test_a_failing_job_with_no_routed_chain_still_reaches_its_ceiling
tests/unit/test_phase200_intel_drain.py::test_the_real_hub_lifespan_starts_drains_and_stops_the_intel_drainer
tests/unit/test_phase200_intel_drain.py::test_the_fence_trips_on_the_pre_fix_lifespan
tests/unit/test_phase200_intel_drain.py::test_a_finished_job_broadcasts_aftercare_ready_and_the_queue_frame
tests/unit/test_phase200_intel_drain.py::test_a_stuck_drainer_is_named_in_the_log_before_the_lock_is_released
tests/unit/test_phase200_intel_drain.py::test_the_hub_releases_the_database_only_after_the_conductors_are_stopped
tests/unit/test_phase200_intel_drain.py::test_the_model_host_is_restated_from_the_route_the_run_actually_takes
tests/unit/test_phase200_intel_drain.py::test_the_claim_planner_carries_the_recorded_host_onto_its_replacement_row
tests/unit/test_phase200_intel_drain.py::test_the_failure_alert_check_reads_the_real_database_surface
tests/unit/test_phase200_intel_drain.py::test_the_already_frozen_guard_holds_under_the_real_router
tests/unit/test_phase200_intel_drain.py::test_a_dead_cached_worker_is_replaced_not_returned
tests/unit/test_phase200_intel_drain.py::test_the_runtime_queue_frame_names_the_drainer
tests/e2e/test_hs201_summary_face_glass.py::test_the_summary_is_asked_for_disclosed_and_found_again
tests/e2e/test_hs201_summary_face_glass.py::test_import_transcribes_and_stops_then_the_summary_is_asked_for

22 tests collected in 0.47s
