tests/e2e/test_dictation_enrichment_e2e.py::test_spoken_dictation_enriches_against_real_endpoint
tests/e2e/test_dictation_journal_e2e.py::test_real_dictation_run_is_durably_journaled
tests/e2e/test_dogfood_plumbing_e2e.py::test_harness_layout_present
tests/e2e/test_dogfood_plumbing_e2e.py::test_repo_kb_and_context_load[ledgerline]
tests/e2e/test_dogfood_plumbing_e2e.py::test_repo_kb_and_context_load[questline]
tests/e2e/test_dogfood_plumbing_e2e.py::test_repo_kb_and_context_load[pylon-infra]
tests/e2e/test_dogfood_plumbing_e2e.py::test_scenario_well_formed[dictation-german]
tests/e2e/test_dogfood_plumbing_e2e.py::test_scenario_well_formed[dictation-ledgerline]
tests/e2e/test_dogfood_plumbing_e2e.py::test_scenario_well_formed[dictation-pylon]
tests/e2e/test_dogfood_plumbing_e2e.py::test_scenario_well_formed[dictation-questline]
tests/e2e/test_dogfood_plumbing_e2e.py::test_scenario_well_formed[dictation-spoken-symbols]
tests/e2e/test_dogfood_plumbing_e2e.py::test_scenario_well_formed[dictation-voice-macros]
tests/e2e/test_dogfood_plumbing_e2e.py::test_scenario_well_formed[meeting-ledgerline-arch-review]
tests/e2e/test_dogfood_plumbing_e2e.py::test_scenario_well_formed[meeting-ledgerline-incident-retro]
tests/e2e/test_dogfood_plumbing_e2e.py::test_scenario_well_formed[meeting-pylon-incident-warroom]
tests/e2e/test_dogfood_plumbing_e2e.py::test_scenario_well_formed[meeting-questline-balanced-sync]
tests/e2e/test_dogfood_plumbing_e2e.py::test_scenario_well_formed[meeting-questline-delivery-standup]
tests/e2e/test_dogfood_plumbing_e2e.py::test_scenario_well_formed[meeting-questline-product-review]
tests/e2e/test_dogfood_plumbing_e2e.py::test_every_profile_is_covered
tests/e2e/test_dogfood_plumbing_e2e.py::test_committed_transcript_parses[pylon-incident.vtt]
tests/e2e/test_dogfood_plumbing_e2e.py::test_committed_transcript_parses[ledgerline-sync.srt]
tests/e2e/test_dogfood_plumbing_e2e.py::test_committed_transcript_parses[questline-notes.txt]
tests/e2e/test_graph_walk_smoke.py::test_the_rig_drives_the_real_atlas[case.j1.first_words_continue_later.idle]
tests/e2e/test_graph_walk_smoke.py::test_the_rig_drives_the_real_atlas[case.j10.arrival_generate_again.retained_after_reload]
tests/e2e/test_graph_walk_smoke.py::test_the_rig_drives_the_real_atlas[case.j10.arrival_generate_again.same_day_idempotent]
tests/e2e/test_graph_walk_smoke.py::test_the_rig_drives_the_real_atlas[case.j10.arrival_generate_brief.generated_empty]
tests/e2e/test_graph_walk_smoke.py::test_the_rig_drives_the_real_atlas[case.j10.route_generate_again.same_day_same_id]
tests/e2e/test_graph_walk_smoke.py::test_the_rig_drives_the_real_atlas[case.j4.meetings_import.imported]
tests/e2e/test_graph_walk_smoke.py::test_the_rig_drives_the_real_atlas[case.j9.shade_receipt_open.rhythm_face]
tests/e2e/test_graph_walk_smoke.py::test_the_rig_drives_j9_through_the_real_hub[1440]
tests/e2e/test_graph_walk_smoke.py::test_the_rig_drives_j9_through_the_real_hub[393]
tests/e2e/test_hs14104_refinement_glass.py::test_hs14104_real_kernel_refinement_glass[1440-1440]
tests/e2e/test_hs14104_refinement_glass.py::test_hs14104_real_kernel_refinement_glass[393-393]
tests/e2e/test_hs14105_context_glass.py::test_hs14105_real_context_walk[1440-1440]
tests/e2e/test_hs14105_context_glass.py::test_hs14105_real_context_walk[393-393]
tests/e2e/test_hs14105a_default_context_glass.py::test_hs14105a_default_context_walk[1440-1440]
tests/e2e/test_hs14105a_default_context_glass.py::test_hs14105a_default_context_walk[393-393]
tests/e2e/test_hs141_chair_geometry.py::test_normal_chair_stays_inside_chrome_at_all_owner_widths
tests/e2e/test_hs141_thought_workbench_glass.py::test_thought_workbench_real_glass[1440]
tests/e2e/test_hs141_thought_workbench_glass.py::test_thought_workbench_real_glass[393]
tests/e2e/test_hs144_door_glass.py::test_hs144_door_cold_open_keeps_first_sentence_one_job
tests/e2e/test_hs144_door_glass.py::test_hs144_door_populated_glass_action_refusal_and_shots
tests/e2e/test_hs144_door_glass.py::test_hs144_door_empty_and_error_shots[1440]
tests/e2e/test_hs144_door_glass.py::test_hs144_door_empty_and_error_shots[393]
tests/e2e/test_hs144_door_glass.py::test_upcoming_rail_real_hub_states_and_dimensions
tests/e2e/test_hs144_door_glass.py::test_upcoming_rail_schedule_create_round_trip_and_form_cancel
tests/e2e/test_hs144_door_glass.py::test_go_menu_is_usable_at_393
tests/e2e/test_hs144_door_glass.py::test_meetings_settings_calendar_glass_and_egress_fact
tests/e2e/test_hs144_door_glass.py::test_meetings_deep_link_waits_for_registered_surface_x15
tests/e2e/test_hs145_door_polish_glass.py::test_hs145_scroll_hint_gradient_393_and_1440
tests/e2e/test_hs145_door_polish_glass.py::test_hs145_connect_calendar_affordance_and_quiet_state
tests/e2e/test_hs146_calendar_snapshot_glass.py::test_hs146_snapshot_upload_confirm_shows_rail
tests/e2e/test_hs147_one_tap_glass.py::test_hs147_one_tap_arm_cancel_refusal_and_shots
tests/e2e/test_hs151_thread_glass.py::test_streaming_deltas_arrive_progressively
tests/e2e/test_hs151_thread_glass.py::test_done_row_has_receipt_id
tests/e2e/test_hs151_thread_glass.py::test_abort_mid_stream_flips_send_stop_send
tests/e2e/test_hs152_hands_glass.py::test_allow_once_decision_box_to_receipted
tests/e2e/test_hs152_hands_glass.py::test_deny_shows_tool_denied_row
tests/e2e/test_hs152_hands_glass.py::test_elicitation_form_submit_and_decline
tests/e2e/test_hs152_hands_glass.py::test_failed_tool_row_and_no_overflow
tests/e2e/test_hs152_hands_glass.py::test_allow_always_auto_admit
tests/e2e/test_hs152_renderers_glass.py::test_set_status_updates_head_live
tests/e2e/test_hs152_renderers_glass.py::test_desk_list_renders_result
tests/e2e/test_hs153_practice_glass.py::test_modes_tabs_render_and_switch
tests/e2e/test_hs153_practice_glass.py::test_slash_completion_and_prompt_insert
tests/e2e/test_hs153_practice_glass.py::test_guardrail_row_renders_and_deny_focused
tests/e2e/test_hs153_practice_glass.py::test_annotation_popover_and_chips
tests/e2e/test_hs153_practice_glass.py::test_compact_cut_marker_and_fold
tests/e2e/test_hs153_practice_glass.py::test_todo_receipt_and_door_card_chip
tests/e2e/test_hs154_call_glass.py::test_tts_api_404_law
tests/e2e/test_hs154_call_glass.py::test_tts_settings_glass
tests/e2e/test_hs154_call_glass.py::test_call_loop_glass
tests/e2e/test_hs154_call_glass.py::test_call_chip_glass
tests/e2e/test_hs154_call_glass.py::test_speaker_glyph_glass
tests/e2e/test_hs156_front_door_glass.py::test_door_cards
tests/e2e/test_hs156_front_door_glass.py::test_door_apply
tests/e2e/test_hs156_front_door_glass.py::test_door_strip
tests/e2e/test_hs156_front_door_glass.py::test_topology
tests/e2e/test_hs156_front_door_glass.py::test_topology_add_node
tests/e2e/test_hs156_front_door_glass.py::test_beauty_cards
tests/e2e/test_hs156_front_door_glass.py::test_beauty_candidate_picker
tests/e2e/test_hs158_room_glass.py::test_room_populated[1440]
tests/e2e/test_hs158_room_glass.py::test_room_populated[393]
tests/e2e/test_hs158_room_glass.py::test_room_empty[1440]
tests/e2e/test_hs158_room_glass.py::test_room_empty[393]
tests/e2e/test_hs158_room_glass.py::test_room_degraded
tests/e2e/test_hs159_interview_glass.py::test_interview_walk[1440]
tests/e2e/test_hs159_interview_glass.py::test_interview_walk[393]
tests/e2e/test_hs159_interview_glass.py::test_interview_face_shots
tests/e2e/test_hs159_interview_glass.py::test_blank_leg
tests/e2e/test_hs159_interview_glass.py::test_abandon_leg
tests/e2e/test_hs160_delta_glass.py::test_delta_review_loop[1440]
tests/e2e/test_hs160_delta_glass.py::test_delta_review_loop[393]
tests/e2e/test_hs160_delta_glass.py::test_delta_repeat_api
tests/e2e/test_hs160_delta_glass.py::test_delta_degraded_coverage
tests/e2e/test_hs161_github_glass.py::test_stopwatch_walk[1440]
tests/e2e/test_hs161_github_glass.py::test_stopwatch_walk[393]
tests/e2e/test_hs161_github_glass.py::test_auth_degraded[1440]
tests/e2e/test_hs161_github_glass.py::test_auth_degraded[393]
tests/e2e/test_hs161_github_glass.py::test_evaluation_delta[1440]
tests/e2e/test_hs161_github_glass.py::test_evaluation_delta[393]
tests/e2e/test_hs161_github_glass.py::test_wizard_states[1440]
tests/e2e/test_hs161_github_glass.py::test_wizard_states[393]
tests/e2e/test_hs161_github_glass.py::test_real_metal
tests/e2e/test_hs162_update_glass.py::test_stopwatch_and_retention[1440]
tests/e2e/test_hs162_update_glass.py::test_stopwatch_and_retention[393]
tests/e2e/test_hs162_update_glass.py::test_degraded_model_fallback[1440]
tests/e2e/test_hs162_update_glass.py::test_degraded_model_fallback[393]
tests/e2e/test_hs162_update_glass.py::test_publish_immutability_regenerate[1440]
tests/e2e/test_hs162_update_glass.py::test_publish_immutability_regenerate[393]
tests/e2e/test_hs163_steward_glass.py::test_dogfood_run_and_dedup[1440]
tests/e2e/test_hs163_steward_glass.py::test_dogfood_run_and_dedup[393]
tests/e2e/test_hs163_steward_glass.py::test_stop_mid_run[1440]
tests/e2e/test_hs163_steward_glass.py::test_stop_mid_run[393]
tests/e2e/test_hs163_steward_glass.py::test_degraded_partial_coverage[1440]
tests/e2e/test_hs163_steward_glass.py::test_degraded_partial_coverage[393]
tests/e2e/test_hs163_steward_glass.py::test_run_history_and_policy[1440]
tests/e2e/test_hs163_steward_glass.py::test_run_history_and_policy[393]
tests/e2e/test_hs164_unattended_glass.py::test_gate_a_two_unattended_runs[1440]
tests/e2e/test_hs164_unattended_glass.py::test_gate_a_two_unattended_runs[393]
tests/e2e/test_hs164_unattended_glass.py::test_dedup_across_ticks[1440]
tests/e2e/test_hs164_unattended_glass.py::test_dedup_across_ticks[393]
tests/e2e/test_hs164_unattended_glass.py::test_circuit_open_and_recovery[1440]
tests/e2e/test_hs164_unattended_glass.py::test_circuit_open_and_recovery[393]
tests/e2e/test_hs164_unattended_glass.py::test_opt_out_mid_cadence[1440]
tests/e2e/test_hs164_unattended_glass.py::test_opt_out_mid_cadence[393]
tests/e2e/test_hs166_jira_glass.py::test_jira_setup_walk[1440]
tests/e2e/test_hs166_jira_glass.py::test_jira_setup_walk[393]
tests/e2e/test_hs166_jira_walk.py::test_jira_live_walk[1440]
tests/e2e/test_hs166_jira_walk.py::test_jira_live_walk[393]
tests/e2e/test_hs168_connections_glass.py::test_connections_cold_at_both_widths[1440]
tests/e2e/test_hs168_connections_glass.py::test_connections_cold_at_both_widths[393]
tests/e2e/test_hs168_connections_glass.py::test_connections_recheck_updates_card
tests/e2e/test_hs168_connections_glass.py::test_connections_fold_sign_in_state
tests/e2e/test_hs168_connections_glass.py::test_connections_real_readiness[1440]
tests/e2e/test_hs168_connections_glass.py::test_connections_real_readiness[393]
tests/e2e/test_hs168_sources_glass.py::test_sources_cold[1440]
tests/e2e/test_hs168_sources_glass.py::test_sources_cold[393]
tests/e2e/test_hs168_sources_glass.py::test_sources_connected[1440]
tests/e2e/test_hs168_sources_glass.py::test_sources_connected[393]
tests/e2e/test_hs168_window_wings_glass.py::test_wings_inside_head[1440]
tests/e2e/test_hs168_window_wings_glass.py::test_wings_inside_head[393]
tests/e2e/test_hs169_door_glass.py::test_door_connected[1440]
tests/e2e/test_hs169_door_glass.py::test_door_connected[393]
tests/e2e/test_hs169_door_glass.py::test_door_cold[1440]
tests/e2e/test_hs169_door_glass.py::test_door_cold[393]
tests/e2e/test_hs169_door_legs_glass.py::test_blank_project
tests/e2e/test_hs169_door_legs_glass.py::test_cancel_door
tests/e2e/test_hs169_room_glass.py::test_room_glass[1440]
tests/e2e/test_hs169_room_glass.py::test_room_glass[393]
tests/e2e/test_hs170_arrival_glass.py::TestArrivalGlass::test_arrival_needs_you_1440
tests/e2e/test_hs170_arrival_glass.py::TestArrivalGlass::test_arrival_needs_you_393
tests/e2e/test_hs170_arrival_glass.py::TestArrivalGlass::test_arrival_quiet_1440
tests/e2e/test_hs170_arrival_glass.py::TestArrivalGlass::test_arrival_quiet_393
tests/e2e/test_hs170_arrival_glass.py::TestArrivalGlass::test_arrival_brief_filter_1440
tests/e2e/test_hs170_arrival_glass.py::TestArrivalGlass::test_arrival_muted_1440
tests/e2e/test_hs170_census_glass.py::test_census_glass
tests/e2e/test_hs170_concierge_glass.py::test_concierge_main[desktop]
tests/e2e/test_hs170_concierge_glass.py::test_concierge_main[phone]
tests/e2e/test_hs170_concierge_glass.py::test_concierge_picker
tests/e2e/test_hs170_concierge_glass.py::test_concierge_adjust
tests/e2e/test_hs170_concierge_glass.py::test_concierge_cold
tests/e2e/test_hs170_concierge_glass.py::test_concierge_downloading
tests/e2e/test_hs170_concierge_glass.py::test_concierge_use_these_off_frees
tests/e2e/test_hs170_meetings_glass.py::TestMeetingsGlass::test_meetings_face
tests/e2e/test_hs170_settings_hub_glass.py::test_settings_hub_cold[1440]
tests/e2e/test_hs170_settings_hub_glass.py::test_settings_hub_cold[393]
tests/e2e/test_hs170_settings_hub_glass.py::test_settings_hub_rows_update_after_seed
tests/e2e/test_hs170_settings_hub_glass.py::test_settings_hub_open_verb_opens_surface
tests/e2e/test_hs170_speak_glass.py::test_speak_idle_1440
tests/e2e/test_hs170_speak_glass.py::test_speak_idle_393
tests/e2e/test_hs170_speak_glass.py::test_speak_landed_1440
tests/e2e/test_hs170_speak_glass.py::test_speak_landed_393
tests/e2e/test_hs170_speak_glass.py::test_speak_unset_1440
tests/e2e/test_hs170_speak_glass.py::test_speak_details_folded
tests/e2e/test_hs170_speak_glass.py::test_speak_footer_this_device
tests/e2e/test_hs170_speak_glass.py::test_speak_engine_never_ready_while_pending
tests/e2e/test_hs171_command_deck_glass.py::test_command_deck_projects_1440
tests/e2e/test_hs171_command_deck_glass.py::test_command_deck_projects_393
tests/e2e/test_hs171_command_deck_glass.py::test_command_deck_cap_1440
tests/e2e/test_hs171_command_deck_glass.py::test_command_deck_search_1440
tests/e2e/test_hs171_command_deck_glass.py::test_command_deck_archive_1440
tests/e2e/test_hs171_command_deck_glass.py::test_command_deck_zero_egress
tests/e2e/test_hs171_rhythm_glass.py::TestRhythmFace::test_cold_state_1440
tests/e2e/test_hs171_rhythm_glass.py::TestRhythmFace::test_change_cadence
tests/e2e/test_hs171_rhythm_glass.py::TestRhythmFace::test_run_now
tests/e2e/test_hs171_rhythm_glass.py::TestRhythmFace::test_mute_toggle
tests/e2e/test_hs171_rhythm_glass.py::TestRhythmFace::test_quiet_hours_held
tests/e2e/test_hs171_rhythm_glass.py::TestRhythmFace::test_phone_width
tests/e2e/test_hs171_rhythm_glass.py::TestRhythmFace::test_settings_hub_rhythm_row
tests/e2e/test_hs171_shade_glass.py::test_shade_projects_1440
tests/e2e/test_hs171_shade_glass.py::test_shade_projects_393
tests/e2e/test_hs171_shade_glass.py::test_shade_quiet_1440
tests/e2e/test_hs171_shade_glass.py::test_shade_quiet_393
tests/e2e/test_hs171_shade_glass.py::test_dock_badge_1440
tests/e2e/test_hs171_shade_glass.py::test_shade_polling_stops_on_close
tests/e2e/test_hs171_shade_glass.py::test_shade_artboard_1440
tests/e2e/test_hs171_shade_glass.py::test_shade_artboard_393
tests/e2e/test_hs171_shade_glass.py::test_shade_zero_egress
tests/e2e/test_hs171_shade_glass.py::test_cache_timing
tests/e2e/test_hs171_shade_glass.py::test_zero_egress_cached_read
tests/e2e/test_hs171_shade_glass.py::test_shade_brief_row_1440
tests/e2e/test_hs172_arrival_glass.py::TestArrivalProposals::test_arrival_proposals[1440]
tests/e2e/test_hs172_arrival_glass.py::TestArrivalProposals::test_arrival_proposals[393]
tests/e2e/test_hs172_arrival_glass.py::TestArrivalProposals::test_arrival_confirm_fires
tests/e2e/test_hs172_meeting_glass.py::TestMeetingAfterRun::test_meeting_ran_with_proposals[1440]
tests/e2e/test_hs172_meeting_glass.py::TestMeetingAfterRun::test_meeting_ran_with_proposals[393]
tests/e2e/test_hs172_meeting_glass.py::TestMeetingQueued::test_meeting_queued
tests/e2e/test_hs172_people_glass.py::test_prep_at_1440
tests/e2e/test_hs172_people_glass.py::test_prep_at_393
tests/e2e/test_hs172_people_glass.py::test_now_wing_from_prep
tests/e2e/test_hs172_people_glass.py::test_now_wing_at_393
tests/e2e/test_hs172_room_glass.py::TestRoomProposalsGlass::test_proposals_1440
tests/e2e/test_hs172_room_glass.py::TestRoomProposalsGlass::test_proposals_393
tests/e2e/test_hs172_room_glass.py::TestRoomProposalsGlass::test_edit_1440
tests/e2e/test_hs172_room_glass.py::TestRoomProposalsGlass::test_confirmed_1440
tests/e2e/test_hs172_room_glass.py::TestRoomProposalsGlass::test_suggested_1440
tests/e2e/test_hs172_room_glass.py::TestRoomProposalsGlass::test_suggested_393
tests/e2e/test_hs172_room_people_glass.py::test_room_people_1440
tests/e2e/test_hs172_room_people_glass.py::test_room_people_393
tests/e2e/test_hs172_settings_meetings_glass.py::TestSettingsMeetingsAutoRun::test_settings_meetings_nomodel[1440]
tests/e2e/test_hs172_settings_meetings_glass.py::TestSettingsMeetingsAutoRun::test_settings_meetings_nomodel[393]
tests/e2e/test_hs172_settings_meetings_glass.py::TestSettingsMeetingsAutoRun::test_settings_meetings_with_host[1440]
tests/e2e/test_hs172_settings_meetings_glass.py::TestSettingsMeetingsAutoRun::test_settings_meetings_with_host[393]
tests/e2e/test_hs173_health_glass.py::test_health_rows_1440
tests/e2e/test_hs173_health_glass.py::test_health_rows_393
tests/e2e/test_hs173_health_glass.py::test_health_ready_1440
tests/e2e/test_hs173_health_glass.py::test_health_ready_393
tests/e2e/test_hs173_health_glass.py::test_nudge_card_1440
tests/e2e/test_hs173_health_glass.py::test_nudge_card_393
tests/e2e/test_hs173_health_glass.py::test_nudge_sent_1440
tests/e2e/test_hs173_health_glass.py::test_nudge_sent_393
tests/e2e/test_hs173_policy_glass.py::test_sixth_row_unchecked_with_badge_1440
tests/e2e/test_hs173_policy_glass.py::test_check_reveals_template_and_save
tests/e2e/test_hs173_policy_glass.py::test_policy_stacking_393
tests/e2e/test_hs173_update_glass.py::test_model_draft_footer_and_claims_1440
tests/e2e/test_hs173_update_glass.py::test_model_draft_footer_393
tests/e2e/test_hs173_update_glass.py::test_deterministic_no_model_footer
tests/e2e/test_hs174_door_confluence_glass.py::test_door_confluence_connected_1440
tests/e2e/test_hs174_door_confluence_glass.py::test_door_confluence_connected_393
tests/e2e/test_hs174_door_confluence_glass.py::test_door_confluence_not_connected_1440
tests/e2e/test_hs174_receipts_glass.py::test_shade_remote_receipts_1440
tests/e2e/test_hs174_receipts_glass.py::test_shade_remote_receipts_393
tests/e2e/test_hs174_receipts_glass.py::test_egress_remote_css
tests/e2e/test_hs174_receipts_glass.py::test_room_receipts_1440
tests/e2e/test_hs174_receipts_glass.py::test_room_receipts_393
tests/e2e/test_hs174_remote_settings_glass.py::TestSettingsRemoteAccess::test_remote_off_state[1440]
tests/e2e/test_hs174_remote_settings_glass.py::TestSettingsRemoteAccess::test_remote_off_state[393]
tests/e2e/test_hs174_remote_settings_glass.py::TestSettingsRemoteAccess::test_remote_on_issue_revoke[1440]
tests/e2e/test_hs174_remote_settings_glass.py::TestSettingsRemoteAccess::test_remote_on_issue_revoke[393]
tests/e2e/test_hs174_rhythm_runs_on_glass.py::test_runs_on_local_1440
tests/e2e/test_hs174_rhythm_runs_on_glass.py::test_runs_on_remote_1440
tests/e2e/test_hs174_rhythm_runs_on_glass.py::test_runs_on_remote_393
tests/e2e/test_hs174_rhythm_runs_on_glass.py::test_run_now_once
tests/e2e/test_hs175_arrival_glass.py::TestArrivalWeekStrip::test_arrival_week_strip[1440]
tests/e2e/test_hs175_arrival_glass.py::TestArrivalWeekStrip::test_arrival_week_strip[393]
tests/e2e/test_hs175_arrival_glass.py::TestArrivalWeekStrip::test_arrival_orphan
tests/e2e/test_hs175_arrival_glass.py::TestArrivalWeekStrip::test_arrival_past_future_mix
tests/e2e/test_hs175_arrival_glass.py::TestArrivalWeekStrip::test_arrival_no_calendar
tests/e2e/test_hs175_arrival_glass.py::TestArrivalWeekStrip::test_arrival_cancel_idle_event_born
tests/e2e/test_hs175_arrival_glass.py::TestArrivalWeekStrip::test_arrival_cancel_refused_names_reason
tests/e2e/test_hs175_arrival_glass.py::TestArrivalWeekStrip::test_arrival_unlink_room[1440]
tests/e2e/test_hs175_arrival_glass.py::TestArrivalWeekStrip::test_arrival_unlink_room[393]
tests/e2e/test_hs175_arrival_glass.py::TestArrivalWeekStrip::test_arrival_this_week_bound
tests/e2e/test_hs175_arrival_glass.py::TestArrivalWeekStrip::test_arrival_week_overflow_reads_five_plus
tests/e2e/test_hs175_arrival_glass.py::TestArrivalWeekStrip::test_arrival_local_clock_minus_six
tests/e2e/test_hs175_rhythm_brief_glass.py::TestRhythmWeeklyBrief::test_rhythm_brief_row_with_calendar
tests/e2e/test_hs175_rhythm_brief_glass.py::TestRhythmWeeklyBrief::test_brief_this_week_section
tests/e2e/test_hs175_rhythm_brief_glass.py::TestRhythmMondayBrief::test_no_calendar_monday_brief
tests/e2e/test_hs175_room_glass.py::TestRoomMeetingSourceGlass::test_meeting_source_1440
tests/e2e/test_hs175_room_glass.py::TestRoomMeetingSourceGlass::test_meeting_source_393
tests/e2e/test_hs175_room_glass.py::TestRoomMeetingSourceGlass::test_no_meetings_no_row
tests/e2e/test_hs175_room_glass.py::TestRoomMeetingSourceGlass::test_retire_is_a_tombstone
tests/e2e/test_hs175_settings_meetings_glass.py::TestSettingsCalendarSection::test_calendar_section[1440]
tests/e2e/test_hs175_settings_meetings_glass.py::TestSettingsCalendarSection::test_calendar_section[393]
tests/e2e/test_hs175_settings_meetings_glass.py::TestSettingsCalendarSection::test_calendar_well_unfold
tests/e2e/test_hs175_settings_meetings_glass.py::TestSettingsCalendarSection::test_matched_absent_when_zero
tests/e2e/test_hs176_journal_glass.py::test_journal_stream[1440-900]
tests/e2e/test_hs176_journal_glass.py::test_journal_stream[393-852]
tests/e2e/test_hs176_journal_glass.py::test_journal_row_open[1440-900]
tests/e2e/test_hs176_journal_glass.py::test_journal_row_open[393-852]
tests/e2e/test_hs176_journal_glass.py::test_journal_filtered[1440-900]
tests/e2e/test_hs176_journal_glass.py::test_journal_filtered[393-852]
tests/e2e/test_hs176_journal_glass.py::test_journal_quiet[1440-900]
tests/e2e/test_hs176_journal_glass.py::test_journal_quiet[393-852]
tests/e2e/test_hs176_journal_glass.py::test_journal_taught_row_wears_taught
tests/e2e/test_hs176_journal_glass.py::test_journal_search_marks_a_final_text_only_hit
tests/e2e/test_hs176_journal_glass.py::test_journal_live_frame_obeys_the_active_filter
tests/e2e/test_hs176_journal_glass.py::test_journal_pushes_without_a_reload
tests/e2e/test_hs176_loop_glass.py::test_speak_loop_1440
tests/e2e/test_hs176_loop_glass.py::test_speak_loop_393
tests/e2e/test_hs176_speak_glass.py::test_speak_teach_loop_1440
tests/e2e/test_hs176_speak_glass.py::test_speak_teach_loop_393
tests/e2e/test_hs176_speak_glass.py::test_speak_teach_wire_is_the_real_one
tests/e2e/test_hs200_attention_glass.py::TestAttentionGlass::test_one_project_1440
tests/e2e/test_hs200_attention_glass.py::TestAttentionGlass::test_one_project_393
tests/e2e/test_hs200_attention_glass.py::TestAttentionGlass::test_three_projects_1440
tests/e2e/test_hs200_attention_glass.py::TestAttentionGlass::test_three_projects_393
tests/e2e/test_hs200_attention_glass.py::TestAttentionGlass::test_long_row_1440
tests/e2e/test_hs200_attention_glass.py::TestAttentionGlass::test_long_row_393
tests/e2e/test_hs200_attention_glass.py::TestAttentionGlass::test_quiet_all_clear_1440
tests/e2e/test_hs200_attention_glass.py::TestAttentionGlass::test_quiet_all_clear_393
tests/e2e/test_hs200_claim_support_glass.py::test_real_draft_supported_then_edited_1440
tests/e2e/test_hs200_claim_support_glass.py::test_mixed_claims_axes_1440
tests/e2e/test_hs200_claim_support_glass.py::test_mixed_claims_axes_393
tests/e2e/test_hs200_continuity_glass.py::TestContinuityGlass::test_recall_1440
tests/e2e/test_hs200_continuity_glass.py::TestContinuityGlass::test_recall_393
tests/e2e/test_hs200_continuity_glass.py::TestContinuityGlass::test_chain_survives_a_hub_restart
tests/e2e/test_hs200_coverage_glass.py::TestCoverageGlass::test_arrival_complete_empty_1440
tests/e2e/test_hs200_coverage_glass.py::TestCoverageGlass::test_arrival_complete_empty_393
tests/e2e/test_hs200_coverage_glass.py::TestCoverageGlass::test_arrival_partial_empty_1440
tests/e2e/test_hs200_coverage_glass.py::TestCoverageGlass::test_arrival_partial_empty_393
tests/e2e/test_hs200_coverage_glass.py::TestCoverageGlass::test_arrival_one_failed_among_healthy_1440
tests/e2e/test_hs200_coverage_glass.py::TestCoverageGlass::test_arrival_one_failed_among_healthy_393
tests/e2e/test_hs200_coverage_glass.py::TestCoverageGlass::test_shade_coverage_1440
tests/e2e/test_hs200_coverage_glass.py::TestCoverageGlass::test_shade_coverage_393
tests/e2e/test_hs200_meeting_outcomes_glass.py::test_meeting_summary_ready[1440-1200]
tests/e2e/test_hs200_meeting_outcomes_glass.py::test_meeting_summary_ready[393-900]
tests/e2e/test_hs200_meeting_outcomes_glass.py::test_meeting_review_proposals_stay_live_under_amendment[1440-1200]
tests/e2e/test_hs200_meeting_outcomes_glass.py::test_meeting_review_proposals_stay_live_under_amendment[393-900]
tests/e2e/test_hs200_meeting_outcomes_glass.py::test_meeting_partial_chain_retry_stays_live_under_amendment[1440-1200]
tests/e2e/test_hs200_meeting_outcomes_glass.py::test_meeting_partial_chain_retry_stays_live_under_amendment[393-900]
tests/e2e/test_hs200_people_preparation_glass.py::TestPeoplePreparationGlass::test_ready_resolve_people_locked_1440
tests/e2e/test_hs200_people_preparation_glass.py::TestPeoplePreparationGlass::test_ready_resolve_people_locked_393
tests/e2e/test_hs200_people_preparation_glass.py::TestPeoplePreparationGlass::test_not_set_up_1440
tests/e2e/test_hs200_people_preparation_glass.py::TestPeoplePreparationGlass::test_not_set_up_393
tests/e2e/test_hs200_preparation_brief_glass.py::test_prepare_face_states_coverage_before_the_run[1440]
tests/e2e/test_hs200_preparation_brief_glass.py::test_prepare_face_states_coverage_before_the_run[393]
tests/e2e/test_hs200_preparation_brief_glass.py::test_running_then_kept_brief_with_claims_and_not_read[1440]
tests/e2e/test_hs200_preparation_brief_glass.py::test_running_then_kept_brief_with_claims_and_not_read[393]
tests/e2e/test_hs200_preparation_brief_glass.py::test_unavailable_model_refuses_and_keeps_the_purpose[1440]
tests/e2e/test_hs200_preparation_brief_glass.py::test_unavailable_model_refuses_and_keeps_the_purpose[393]
tests/e2e/test_hs200_preparation_brief_glass.py::test_a_sent_and_answered_request_is_never_reported_as_nothing_sent
tests/e2e/test_hs200_preparation_brief_glass.py::test_a_hosted_endpoint_without_its_key_is_key_not_set
tests/e2e/test_hs200_preparation_brief_glass.py::test_stop_leaves_no_orphan_draft
tests/e2e/test_hs200_runtime_identity_glass.py::test_runtime_identity_healthy[1440]
tests/e2e/test_hs200_runtime_identity_glass.py::test_runtime_identity_healthy[393]
tests/e2e/test_hs200_runtime_identity_glass.py::test_runtime_identity_stale_bundle[1440]
tests/e2e/test_hs200_runtime_identity_glass.py::test_runtime_identity_stale_bundle[393]
tests/e2e/test_hs200_task_resume_glass.py::test_saved_ask_draws_the_ratified_unfinished_row[1440]
tests/e2e/test_hs200_task_resume_glass.py::test_saved_ask_draws_the_ratified_unfinished_row[393]
tests/e2e/test_hs200_task_resume_glass.py::test_failed_ask_carries_the_hubs_own_words[1440]
tests/e2e/test_hs200_task_resume_glass.py::test_failed_ask_carries_the_hubs_own_words[393]
tests/e2e/test_hs200_task_resume_glass.py::test_narrow_container_rule_at_393
tests/e2e/test_hs200_task_resume_glass.py::test_a_saved_ask_survives_a_hub_restart
tests/e2e/test_hs200_task_resume_glass.py::test_the_custody_token_after_a_restart_at_1440[1440]
tests/e2e/test_hs200_task_resume_glass.py::test_the_custody_token_after_a_restart_at_1440[393]
tests/e2e/test_hs200_task_resume_glass.py::test_resume_claims_a_landed_answer_without_a_second_dispatch
tests/e2e/test_hs200_task_resume_glass.py::test_the_list_is_one_tab_stop_and_every_verb_is_named
tests/e2e/test_hs200_task_resume_glass.py::test_the_rows_rove_on_a_list_that_mounted_empty
tests/e2e/test_hs200_task_resume_glass.py::test_a_full_unfinished_list_leaves_the_room_standing
tests/e2e/test_hs200_task_resume_glass.py::test_a_refused_send_reads_as_refused[1440]
tests/e2e/test_hs200_task_resume_glass.py::test_a_refused_send_reads_as_refused[393]
tests/e2e/test_hs200_task_resume_glass.py::test_the_ref_chip_x_paints_no_hover_background[1440]
tests/e2e/test_hs200_task_resume_glass.py::test_the_ref_chip_x_paints_no_hover_background[393]
tests/e2e/test_hs200_voice_custody_glass.py::test_hotkey_custody_block_1440
tests/e2e/test_hs200_voice_custody_glass.py::test_hotkey_custody_block_393
tests/e2e/test_hs200_voice_custody_glass.py::test_the_custody_the_face_draws_is_the_wire_the_route_serves
tests/e2e/test_hs201_09_connect_engine_glass.py::TestConnectAnEngineFromTheFace::test_a_stranger_connects_an_engine_and_the_face_keeps_his_choice[1440]
tests/e2e/test_hs201_09_connect_engine_glass.py::TestConnectAnEngineFromTheFace::test_a_stranger_connects_an_engine_and_the_face_keeps_his_choice[393]
tests/e2e/test_hs201_12_thought_note_glass.py::test_thought_note_is_one_clean_note[1440]
tests/e2e/test_hs201_12_thought_note_glass.py::test_thought_note_is_one_clean_note[393]
tests/e2e/test_hs201_12_thought_note_glass.py::test_thought_note_long_note_and_long_question_never_clip[1440]
tests/e2e/test_hs201_12_thought_note_glass.py::test_thought_note_long_note_and_long_question_never_clip[393]
tests/e2e/test_hs201_12_thought_note_glass.py::test_thought_note_draft_is_appended_never_replaced[1440]
tests/e2e/test_hs201_12_thought_note_glass.py::test_thought_note_draft_is_appended_never_replaced[393]
tests/e2e/test_hs201_12_thought_note_glass.py::test_thought_note_long_context_and_open_well_never_clip[1440]
tests/e2e/test_hs201_12_thought_note_glass.py::test_thought_note_long_context_and_open_well_never_clip[393]
tests/e2e/test_hs201_dispatch_exception.py::test_finalize_failure_keeps_the_contacted_host_in_the_public_receipt
tests/e2e/test_hs201_dispatch_exception.py::test_settlement_failure_projects_dispatch_intent_as_indeterminate
tests/e2e/test_hs201_dispatch_exception.py::test_pre_send_refusal_keeps_the_receipt_empty_and_does_not_call_provider
tests/e2e/test_hs201_lane_a_glass.py::test_summary_and_receipt_survive_real_hub_restart_on_both_glasses
tests/e2e/test_hs201_one_thing_glass.py::TestOneThing::test_chair_names_the_blocker[1440]
tests/e2e/test_hs201_one_thing_glass.py::TestOneThing::test_chair_names_the_blocker[393]
tests/e2e/test_hs201_one_thing_glass.py::TestOneThing::test_meetings_window_over_a_failed_row[1440]
tests/e2e/test_hs201_one_thing_glass.py::TestOneThing::test_meetings_window_over_a_failed_row[393]
tests/e2e/test_hs201_one_thing_glass.py::TestOneThing::test_chip_and_trust_agree[1440]
tests/e2e/test_hs201_one_thing_glass.py::TestOneThing::test_chip_and_trust_agree[393]
tests/e2e/test_hs201_one_thing_glass.py::TestOneThing::test_unknown_setup_is_its_own_row[1440]
tests/e2e/test_hs201_one_thing_glass.py::TestOneThing::test_unknown_setup_is_its_own_row[393]
tests/e2e/test_hs201_one_thing_glass.py::TestOneThing::test_open_to_network_is_its_own_token[1440]
tests/e2e/test_hs201_one_thing_glass.py::TestOneThing::test_open_to_network_is_its_own_token[393]
tests/e2e/test_hs201_one_thing_glass.py::TestQuietDesk::test_cold_arrival_is_quiet[1440]
tests/e2e/test_hs201_one_thing_glass.py::TestQuietDesk::test_cold_arrival_is_quiet[393]
tests/e2e/test_hs201_one_thing_glass.py::TestQuietDesk::test_the_calendar_offer_never_moves_the_count[1440]
tests/e2e/test_hs201_one_thing_glass.py::TestQuietDesk::test_the_calendar_offer_never_moves_the_count[393]
tests/e2e/test_hs201_one_thing_glass.py::TestQuietDesk::test_no_open_actions_filter_over_a_meeting_with_no_action[1440]
tests/e2e/test_hs201_one_thing_glass.py::TestQuietDesk::test_no_open_actions_filter_over_a_meeting_with_no_action[393]
tests/e2e/test_hs201_record_transcript.py::test_record_fixture_wav_saves_nonempty_transcript_without_summary_model
tests/e2e/test_hs201_route_execution.py::test_real_drainer_records_primary_failure_and_fallback_at_distinct_hosts_and_reopens
tests/e2e/test_hs201_route_execution.py::test_assignment_drift_after_binder_prepare_refuses_before_provider_dispatch
tests/e2e/test_hs201_route_execution.py::test_inconsistent_disclosure_missing_third_leg_refuses_all_provider_dispatch
tests/e2e/test_hs201_summary_assignment.py::test_summary_selection_is_owner_only_and_returns_one_visible_receipt
tests/e2e/test_hs201_summary_assignment.py::test_summary_selection_conflict_is_truthful_over_http
tests/e2e/test_hs201_summary_face_glass.py::test_the_summary_is_asked_for_disclosed_and_found_again
tests/e2e/test_hs201_summary_face_glass.py::test_import_transcribes_and_stops_then_the_summary_is_asked_for
tests/e2e/test_hs201_summary_producer_chain.py::test_model_library_producer_revision_survives_summary_route_and_queue_freeze
tests/e2e/test_hs201_summary_producer_chain.py::test_real_producer_bad_output_is_failed_with_contact_receipt_and_no_summary
tests/e2e/test_hs201_summary_producer_chain.py::test_import_asks_for_no_summary_and_the_gesture_runs_the_frozen_producer[stub]
tests/e2e/test_hs201_summary_producer_chain.py::test_import_asks_for_no_summary_and_the_gesture_runs_the_frozen_producer[lan]
tests/e2e/test_hs201_summary_trust_glass.py::test_summary_cloud_route_is_visible_in_trust_glass
tests/e2e/test_hs202_02_first_use_glass.py::test_the_import_reaches_the_open_record_with_no_reload
tests/e2e/test_hs202_03_species_glass.py::TestSharedControlsAreSpecies::test_menus_dock_and_wings[1440-900]
tests/e2e/test_hs202_03_species_glass.py::TestSharedControlsAreSpecies::test_menus_dock_and_wings[393-852]
tests/e2e/test_hs202_03_species_glass.py::TestSharedControlsAreSpecies::test_the_editor_rail[1440-900]
tests/e2e/test_hs202_03_species_glass.py::TestSharedControlsAreSpecies::test_the_editor_rail[393-852]
tests/e2e/test_hs202_05_button_hit_ownership.py::test_button_owns_44px_at_393
tests/e2e/test_hs202_05_button_hit_ownership.py::test_button_face_is_untouched_at_1440
tests/e2e/test_hs202_05_disabled_stays_distinct.py::test_disabled_button_stays_distinct[393]
tests/e2e/test_hs202_05_disabled_stays_distinct.py::test_disabled_button_stays_distinct[1440]
tests/e2e/test_hs202_05_first_use_type_floor.py::test_first_use_screens_hold_the_floor_and_the_contrast[393]
tests/e2e/test_hs202_05_first_use_type_floor.py::test_first_use_screens_hold_the_floor_and_the_contrast[1440]
tests/e2e/test_hs202_first_use_smoke.py::test_first_use_fence[1440-900]
tests/e2e/test_hs202_first_use_smoke.py::test_first_use_fence[393-852]
tests/e2e/test_hs526_desk_memory_glass.py::test_desk_memory_results[1440-900]
tests/e2e/test_hs526_desk_memory_glass.py::test_desk_memory_results[393-852]
tests/e2e/test_hs526_desk_memory_glass.py::test_desk_memory_empty[1440-900]
tests/e2e/test_hs526_desk_memory_glass.py::test_desk_memory_empty[393-852]
tests/e2e/test_live_bus.py::test_every_live_page_opens_exactly_one_runtime_socket
tests/e2e/test_live_bus.py::test_a_real_broadcast_reaches_the_presence_card_via_the_bus
tests/e2e/test_live_bus.py::test_the_bus_reconnects_after_a_server_restart
tests/e2e/test_meeting_transcription.py::TestMeetingTranscription::test_full_meeting_transcription
tests/e2e/test_meeting_transcription.py::TestMeetingTranscription::test_meeting_contains_meeting_keywords
tests/e2e/test_meeting_transcription.py::TestMeetingTranscription::test_chunked_transcription
tests/e2e/test_meeting_transcription.py::TestMeetingPerformance::test_memory_usage_reasonable
tests/e2e/test_meeting_transcription.py::TestMeetingPerformance::test_repeated_transcriptions_stable
tests/e2e/test_meeting_transcription.py::TestMeetingIntelExtraction::test_extract_intel_from_transcript
tests/e2e/test_meeting_transcription.py::TestMeetingIntelExtraction::test_intel_topics_are_relevant
tests/e2e/test_meeting_transcription.py::TestMeetingIntelExtraction::test_intel_action_items_structure
tests/e2e/test_meeting_transcription.py::TestMeetingIntelExtraction::test_intel_summary_quality
tests/e2e/test_meeting_transcription.py::TestFullPipelineE2E::test_full_pipeline_audio_to_intel
tests/e2e/test_mermaid_renders.py::test_docs_have_at_least_one_mermaid_block
tests/e2e/test_mermaid_renders.py::test_every_mermaid_block_renders
tests/e2e/test_phase200_daily_loop.py::test_a_project_carries_work_across_two_working_days[1440]
tests/e2e/test_phase200_daily_loop.py::test_a_project_carries_work_across_two_working_days[393]
tests/e2e/test_phase200_readiness_glass.py::test_each_repair_state_is_drawn_with_one_verb[desktop-credential-expired]
tests/e2e/test_phase200_readiness_glass.py::test_each_repair_state_is_drawn_with_one_verb[desktop-endpoint-unreachable]
tests/e2e/test_phase200_readiness_glass.py::test_each_repair_state_is_drawn_with_one_verb[desktop-model-file-missing]
tests/e2e/test_phase200_readiness_glass.py::test_each_repair_state_is_drawn_with_one_verb[desktop-tool-incompatible]
tests/e2e/test_phase200_readiness_glass.py::test_each_repair_state_is_drawn_with_one_verb[phone-credential-expired]
tests/e2e/test_phase200_readiness_glass.py::test_each_repair_state_is_drawn_with_one_verb[phone-endpoint-unreachable]
tests/e2e/test_phase200_readiness_glass.py::test_each_repair_state_is_drawn_with_one_verb[phone-model-file-missing]
tests/e2e/test_phase200_readiness_glass.py::test_each_repair_state_is_drawn_with_one_verb[phone-tool-incompatible]
tests/e2e/test_philo304_thought_foot_reflow.py::test_the_receipt_yields_to_the_verbs[1440-600]
tests/e2e/test_philo304_thought_foot_reflow.py::test_the_receipt_yields_to_the_verbs[1440-700]
tests/e2e/test_philo304_thought_foot_reflow.py::test_the_receipt_yields_to_the_verbs[1440-None]
tests/e2e/test_philo304_thought_foot_reflow.py::test_the_receipt_yields_to_the_verbs[393-None]
tests/e2e/test_philo3_01_receipt_hits.py::test_receipt_verbs_own_their_areas[1440]
tests/e2e/test_philo3_01_receipt_hits.py::test_receipt_verbs_own_their_areas[393]
tests/e2e/test_route_preflight.py::test_preflight_covers_every_html_route
tests/e2e/test_route_preflight.py::test_every_route_loads_without_page_errors
tests/e2e/test_voice_typing_flow.py::TestVoiceTypingFlow::test_full_pipeline_press_record_release_transcribe_type
tests/e2e/test_voice_typing_flow.py::TestVoiceTypingFlow::test_short_recording_not_transcribed
tests/e2e/test_voice_typing_flow.py::TestVoiceTypingFlow::test_empty_transcription_not_typed
tests/e2e/test_voice_typing_flow.py::TestVoiceTypingFlow::test_transcription_error_handling
tests/e2e/test_voice_typing_flow.py::TestVoiceTypingFlow::test_recording_error_handling
tests/e2e/test_voice_typing_flow.py::TestVoiceTypingFlow::test_multiple_press_release_cycles
tests/e2e/test_voice_typing_flow.py::TestVoiceTypingFlow::test_state_transitions
tests/e2e/test_voice_typing_flow.py::TestVoiceTypingFlow::test_very_short_audio_rejected
tests/e2e/test_voice_typing_flow.py::TestVoiceTypingFlow::test_hotkey_listener_integration
tests/e2e/test_voice_typing_flow.py::TestVoiceTypingFlow::test_pipeline_tracks_call_counts
tests/e2e/test_voice_typing_flow.py::TestVoiceTypingFlow::test_audio_passed_to_transcriber
tests/e2e/test_voice_typing_flow.py::TestVoiceTypingFlow::test_typed_text_matches_transcription

=========================== short test summary info ============================
SKIPPED [1] tests/e2e/test_dictation_learning_digest_spoken_e2e.py:33: opt-in: set HOLDSPEAK_SPOKEN_DICTATION_E2E=1 to run the spoken-dictation learning-digest e2e (uses macOS `say` + the Whisper base model)
SKIPPED [1] tests/e2e/test_hs141_models_setup_glass.py:21: HS-170: Settings -> Models module PARKED (HS-170-03, settled-design-four-faces.md Face 3); capability now at the Concierge (web/src/features/concierge/ConciergeCore.tsx, open-concierge window)
SKIPPED [1] tests/e2e/test_hs142_model_acquisition_glass.py:26: HS-170: Model Library front-door PARKED (HS-170-03, settled-design-four-faces.md Face 3); download-verify-add now at the Concierge's preset Download (ConciergeCore.tsx)
SKIPPED [1] tests/e2e/test_hs143_assignments_glass.py:17: HS-170: Settings -> Assignments PARKED (HS-170-03, settled-design-four-faces.md Face 3); capability now at the Concierge's THE SET section + Adjust well (ConciergeCore.tsx)
SKIPPED [1] tests/e2e/test_hs143_model_library_glass.py:19: HS-170: ModelLibraryCore PARKED (HS-170-03, settled-design-four-faces.md Face 3); capability now at the Concierge's FOUND section (ConciergeCore.tsx)
SKIPPED [1] tests/e2e/test_spoken_meeting_e2e.py:41: opt-in: set HOLDSPEAK_SPOKEN_E2E=1 to run the spoken-meeting e2e
SKIPPED [1] tests/e2e/test_workbench_walk.py:46: no hub listening at http://localhost:8778
463 tests collected in 1.57s
