tests/unit/test_graph_walk_calibration.py::test_rig_is_versioned
tests/unit/test_graph_walk_calibration.py::test_six_calibration_cases_get_their_expected_verdicts
tests/unit/test_graph_walk_calibration.py::test_no_calibration_verdict_comes_from_the_presence_of_a_diff
tests/unit/test_graph_walk_calibration.py::test_the_wrong_target_case_records_where_the_result_landed
tests/unit/test_graph_walk_calibration.py::test_the_operation_that_never_completes_is_incomplete_not_settled
tests/unit/test_graph_walk_calibration.py::test_every_observation_carries_provenance_and_before_after
tests/unit/test_graph_walk_calibration.py::test_run_ids_are_unique_per_case_brain_viewport
tests/unit/test_graph_walk_calibration.py::test_home_under_the_owners_local_share_is_refused
tests/unit/test_graph_walk_calibration.py::test_a_temporary_home_is_accepted
tests/unit/test_graph_walk_calibration.py::test_an_unexplained_zero_diff_is_not_a_pass
tests/unit/test_graph_walk_calibration.py::test_a_window_already_open_before_the_trigger_is_not_the_trigger_opening_it
tests/unit/test_graph_walk_calibration.py::test_every_negative_control_comes_out_as_stated
tests/unit/test_graph_walk_calibration.py::test_a_refresh_with_its_handler_removed_fails
tests/unit/test_graph_walk_calibration.py::test_a_replay_identity_must_name_an_attribute_or_the_response
tests/unit/test_graph_walk_calibration.py::test_a_result_after_the_bound_is_never_a_pass
tests/unit/test_graph_walk_calibration.py::test_an_absence_needs_a_scope_that_exists
tests/unit/test_graph_walk_calibration.py::test_the_ui_vocabulary_is_closed_and_blocks_before_anything_fires
tests/unit/test_graph_walk_calibration.py::test_a_precondition_that_does_not_hold_blocks_the_case
tests/unit/test_graph_walk_calibration.py::test_a_precondition_that_holds_lets_the_case_run
tests/unit/test_graph_walk_calibration.py::test_a_words_only_case_is_blocked_and_never_a_keyerror
tests/unit/test_graph_walk_calibration.py::test_an_unreachable_case_keeps_its_reason_verbatim
tests/unit/test_graph_walk_calibration.py::test_a_captured_value_drives_a_later_step_and_the_predicate
tests/unit/test_graph_walk_calibration.py::test_an_unresolved_placeholder_is_blocked_and_never_sent
tests/unit/test_graph_walk_calibration.py::test_substitution_fills_only_identifiers
tests/unit/test_graph_walk_calibration.py::test_a_capture_without_a_value_blocks
tests/unit/test_graph_walk_calibration.py::test_a_check_step_in_setup_blocks_where_it_stands
tests/unit/test_graph_walk_calibration.py::test_a_check_step_that_holds_lets_the_case_run
tests/unit/test_graph_walk_calibration.py::test_the_step_vocabulary_is_closed_and_exported
tests/unit/test_graph_walk_calibration.py::test_a_relative_goto_resolves_against_the_hub
tests/unit/test_graph_walk_calibration.py::test_a_fixture_step_captures_from_its_own_response
tests/unit/test_graph_walk_calibration.py::test_a_trigger_identity_is_read_from_the_response_not_the_page
tests/unit/test_graph_walk_calibration.py::test_identity_display_requires_the_returned_id_to_be_the_displayed_one
tests/unit/test_graph_walk_calibration.py::test_a_row_match_reaches_a_nested_field
tests/unit/test_graph_walk_calibration.py::test_prose_in_expected_words_is_not_a_placeholder
tests/unit/test_graph_walk_calibration.py::test_a_label_only_boundary_is_refused
tests/unit/test_graph_walk_calibration.py::test_an_engine_reply_boundary_blocks_when_it_was_never_installed
tests/unit/test_graph_walk_calibration.py::test_an_engine_reply_boundary_records_the_installed_reply
tests/unit/test_graph_walk_calibration.py::test_the_replay_engine_answers_the_recorded_reply
tests/unit/test_graph_walk_calibration.py::test_the_scheduler_wait_adapter_lets_a_timer_edge_produce_the_result
tests/unit/test_graph_walk_calibration.py::test_every_new_predicate_kind_gets_its_verdict
tests/unit/test_graph_walk_calibration.py::test_a_refusal_status_is_read_from_the_triggers_own_response
tests/unit/test_graph_walk_calibration.py::test_a_row_gone_is_named_never_merely_fewer
tests/unit/test_graph_walk_calibration.py::test_protocol_field_reads_one_named_field
tests/unit/test_graph_walk_calibration.py::test_input_value_reads_the_field_not_the_dom_text
tests/unit/test_graph_walk_calibration.py::test_a_restart_is_a_real_restart_and_the_value_survives
tests/unit/test_graph_walk_calibration.py::test_any_other_cli_command_stays_blocked_with_its_name
tests/unit/test_graph_walk_calibration.py::test_a_refusal_must_name_what_is_missing
tests/unit/test_graph_walk_calibration.py::test_an_asserted_absence_is_earned_by_the_named_bound
tests/unit/test_graph_walk_calibration.py::test_the_new_kinds_are_branches_the_atlas_fence_can_read
tests/unit/test_graph_walk_calibration.py::test_a_prose_predicate_is_blocked_not_guessed
tests/unit/test_graph_walk_calibration.py::test_protocol_rows_needs_a_NEW_matching_row_not_any_change
tests/unit/test_graph_walk_calibration.py::test_a_clock_step_blocks_instead_of_claiming_the_state
tests/unit/test_graph_walk_calibration.py::test_a_fixture_step_without_a_declared_boundary_blocks
tests/unit/test_graph_walk_calibration.py::test_an_unknown_step_kind_blocks
tests/unit/test_graph_walk_calibration.py::test_a_not_applicable_case_is_recorded_not_skipped
tests/unit/test_graph_walk_calibration.py::test_the_real_j4_import_case_fires_the_upload_and_binds_the_meeting_id
tests/unit/test_graph_walk_calibration.py::test_a_placeholder_nothing_binds_blocks_before_the_trigger
tests/unit/test_graph_walk_calibration.py::test_a_placeholder_still_unbound_after_the_trigger_blocks_naming_it
tests/unit/test_graph_walk_calibration.py::test_a_clicked_verb_reads_its_identity_from_its_own_response
tests/unit/test_graph_walk_calibration.py::test_a_clicked_verb_status_is_read_by_its_declared_route
tests/unit/test_graph_walk_calibration.py::test_a_different_id_beside_unchanged_old_content_fails
tests/unit/test_graph_walk_calibration.py::test_a_longer_id_does_not_display_a_shorter_one

62 tests collected in 0.05s
