
> holdspeak-web@0.0.1 check
> npm run tokens:check && npm run tokens:gate && npm run guard:architecture && npm run typecheck && npm run test:web && npm run build && npm run bundle:gate


> holdspeak-web@0.0.1 tokens:check
> node scripts/generate-tokens.cjs --check

tokens.css and tokens.gen.ts match design-tokens.json

> holdspeak-web@0.0.1 tokens:gate
> node scripts/validate-tokens.cjs

token gate: clean (11 allow-listed exceptions, all in use)

> holdspeak-web@0.0.1 guard:architecture
> node scripts/guard-architecture.mjs

React architecture guard passed (826 source files; zero framework residue).

> holdspeak-web@0.0.1 typecheck
> tsc --noEmit


> holdspeak-web@0.0.1 test:web
> vitest run --maxWorkers=2


 RUN  v4.1.9 /Users/karol/dev/tools/wt-philo-3-02/web

Error: Not implemented: HTMLCanvasElement.prototype.getContext (without installing the canvas npm package)
    at module.exports (/Users/karol/dev/tools/wt-philo-3-02/web/node_modules/jsdom/lib/jsdom/browser/not-implemented.js:9:17)
    at HTMLCanvasElementImpl.getContext (/Users/karol/dev/tools/wt-philo-3-02/web/node_modules/jsdom/lib/jsdom/living/nodes/HTMLCanvasElement-impl.js:42:5)
    at HTMLCanvasElement.getContext (/Users/karol/dev/tools/wt-philo-3-02/web/node_modules/jsdom/lib/jsdom/living/generated/HTMLCanvasElement.js:131:58)
    at createColoredCanvas (file:///Users/karol/dev/tools/wt-philo-3-02/web/node_modules/pixi.js/lib/rendering/renderers/canvas/utils/canUseNewCanvasBlendModes.mjs:7:26)
    at canUseNewCanvasBlendModes (file:///Users/karol/dev/tools/wt-philo-3-02/web/node_modules/pixi.js/lib/rendering/renderers/canvas/utils/canUseNewCanvasBlendModes.mjs:17:21)
    at file:///Users/karol/dev/tools/wt-philo-3-02/web/node_modules/pixi.js/lib/rendering/renderers/canvas/utils/canvasUtils.mjs:11:19
    at ModuleJob.run (node:internal/modules/esm/module_job:343:25)
    at processTicksAndRejections (node:internal/process/task_queues:105:5)
    at onImport.tracePromise.__proto__ (node:internal/modules/esm/loader:665:26)
    at VitestModuleEvaluator.runExternalModule (file:///Users/karol/dev/tools/wt-philo-3-02/web/node_modules/vitest/dist/module-evaluator.js:80:21) undefined
Error: Not implemented: HTMLCanvasElement.prototype.getContext (without installing the canvas npm package)
    at module.exports (/Users/karol/dev/tools/wt-philo-3-02/web/node_modules/jsdom/lib/jsdom/browser/not-implemented.js:9:17)
    at HTMLCanvasElementImpl.getContext (/Users/karol/dev/tools/wt-philo-3-02/web/node_modules/jsdom/lib/jsdom/living/nodes/HTMLCanvasElement-impl.js:42:5)
    at HTMLCanvasElement.getContext (/Users/karol/dev/tools/wt-philo-3-02/web/node_modules/jsdom/lib/jsdom/living/generated/HTMLCanvasElement.js:131:58)
    at getTestContext (file:///Users/karol/dev/tools/wt-philo-3-02/web/node_modules/pixi.js/lib/rendering/renderers/gl/shader/program/getTestContext.mjs:8:22)
    at getMaxFragmentPrecision (file:///Users/karol/dev/tools/wt-philo-3-02/web/node_modules/pixi.js/lib/rendering/renderers/gl/shader/program/getMaxFragmentPrecision.mjs:8:16)
    at new _GlProgram (file:///Users/karol/dev/tools/wt-philo-3-02/web/node_modules/pixi.js/lib/rendering/renderers/gl/shader/GlProgram.mjs:37:40)
    at Function.from (file:///Users/karol/dev/tools/wt-philo-3-02/web/node_modules/pixi.js/lib/rendering/renderers/gl/shader/GlProgram.mjs:77:27)
    at new ParticleShader (file:///Users/karol/dev/tools/wt-philo-3-02/web/node_modules/pixi.js/lib/scene/particle-container/shared/shader/ParticleShader.mjs:15:33)
    at new ParticleContainerPipe (file:///Users/karol/dev/tools/wt-philo-3-02/web/node_modules/pixi.js/lib/scene/particle-container/shared/ParticleContainerPipe.mjs:29:26)
    at new CanvasParticleContainerPipe (file:///Users/karol/dev/tools/wt-philo-3-02/web/node_modules/pixi.js/lib/scene/particle-container/canvas/CanvasParticleContainerPipe.mjs:8:5) undefined
Error: Not implemented: HTMLCanvasElement.prototype.getContext (without installing the canvas npm package)
    at module.exports (/Users/karol/dev/tools/wt-philo-3-02/web/node_modules/jsdom/lib/jsdom/browser/not-implemented.js:9:17)
    at HTMLCanvasElementImpl.getContext (/Users/karol/dev/tools/wt-philo-3-02/web/node_modules/jsdom/lib/jsdom/living/nodes/HTMLCanvasElement-impl.js:42:5)
    at HTMLCanvasElement.getContext (/Users/karol/dev/tools/wt-philo-3-02/web/node_modules/jsdom/lib/jsdom/living/generated/HTMLCanvasElement.js:131:58)
    at CanvasContextSystem.init (file:///Users/karol/dev/tools/wt-philo-3-02/web/node_modules/pixi.js/lib/rendering/renderers/canvas/CanvasContextSystem.mjs:35:46)
    at CanvasRenderer.init (file:///Users/karol/dev/tools/wt-philo-3-02/web/node_modules/pixi.js/lib/rendering/renderers/shared/system/AbstractRenderer.mjs:69:40)
    at processTicksAndRejections (node:internal/process/task_queues:105:5)
    at autoDetectRenderer (file:///Users/karol/dev/tools/wt-philo-3-02/web/node_modules/pixi.js/lib/rendering/renderers/autoDetectRenderer.mjs:53:3)
    at _Application.init (file:///Users/karol/dev/tools/wt-philo-3-02/web/node_modules/pixi.js/lib/app/Application.mjs:52:21)
    at WorldEngine.init (/Users/karol/dev/tools/wt-philo-3-02/web/src/desk/gl/engine.ts:188:7) undefined
Error: Not implemented: HTMLCanvasElement.prototype.getContext (without installing the canvas npm package)
    at module.exports (/Users/karol/dev/tools/wt-philo-3-02/web/node_modules/jsdom/lib/jsdom/browser/not-implemented.js:9:17)
    at HTMLCanvasElementImpl.getContext (/Users/karol/dev/tools/wt-philo-3-02/web/node_modules/jsdom/lib/jsdom/living/nodes/HTMLCanvasElement-impl.js:42:5)
    at HTMLCanvasElement.getContext (/Users/karol/dev/tools/wt-philo-3-02/web/node_modules/jsdom/lib/jsdom/living/generated/HTMLCanvasElement.js:131:58)
    at CanvasContextSystem.init (file:///Users/karol/dev/tools/wt-philo-3-02/web/node_modules/pixi.js/lib/rendering/renderers/canvas/CanvasContextSystem.mjs:35:46)
    at CanvasRenderer.init (file:///Users/karol/dev/tools/wt-philo-3-02/web/node_modules/pixi.js/lib/rendering/renderers/shared/system/AbstractRenderer.mjs:69:40)
    at processTicksAndRejections (node:internal/process/task_queues:105:5)
    at autoDetectRenderer (file:///Users/karol/dev/tools/wt-philo-3-02/web/node_modules/pixi.js/lib/rendering/renderers/autoDetectRenderer.mjs:53:3)
    at _Application.init (file:///Users/karol/dev/tools/wt-philo-3-02/web/node_modules/pixi.js/lib/app/Application.mjs:52:21)
    at WorldEngine.init (/Users/karol/dev/tools/wt-philo-3-02/web/src/desk/gl/engine.ts:188:7) undefined
Error: Not implemented: HTMLCanvasElement.prototype.getContext (without installing the canvas npm package)
    at module.exports (/Users/karol/dev/tools/wt-philo-3-02/web/node_modules/jsdom/lib/jsdom/browser/not-implemented.js:9:17)
    at HTMLCanvasElementImpl.getContext (/Users/karol/dev/tools/wt-philo-3-02/web/node_modules/jsdom/lib/jsdom/living/nodes/HTMLCanvasElement-impl.js:42:5)
    at HTMLCanvasElement.getContext (/Users/karol/dev/tools/wt-philo-3-02/web/node_modules/jsdom/lib/jsdom/living/generated/HTMLCanvasElement.js:131:58)
    at createColoredCanvas (file:///Users/karol/dev/tools/wt-philo-3-02/web/node_modules/pixi.js/lib/rendering/renderers/canvas/utils/canUseNewCanvasBlendModes.mjs:7:26)
    at canUseNewCanvasBlendModes (file:///Users/karol/dev/tools/wt-philo-3-02/web/node_modules/pixi.js/lib/rendering/renderers/canvas/utils/canUseNewCanvasBlendModes.mjs:17:21)
    at file:///Users/karol/dev/tools/wt-philo-3-02/web/node_modules/pixi.js/lib/rendering/renderers/canvas/utils/canvasUtils.mjs:11:19
    at ModuleJob.run (node:internal/modules/esm/module_job:343:25)
    at processTicksAndRejections (node:internal/process/task_queues:105:5)
    at onImport.tracePromise.__proto__ (node:internal/modules/esm/loader:665:26)
    at VitestModuleEvaluator.runExternalModule (file:///Users/karol/dev/tools/wt-philo-3-02/web/node_modules/vitest/dist/module-evaluator.js:80:21) undefined
Error: Not implemented: HTMLCanvasElement.prototype.getContext (without installing the canvas npm package)
    at module.exports (/Users/karol/dev/tools/wt-philo-3-02/web/node_modules/jsdom/lib/jsdom/browser/not-implemented.js:9:17)
    at HTMLCanvasElementImpl.getContext (/Users/karol/dev/tools/wt-philo-3-02/web/node_modules/jsdom/lib/jsdom/living/nodes/HTMLCanvasElement-impl.js:42:5)
    at HTMLCanvasElement.getContext (/Users/karol/dev/tools/wt-philo-3-02/web/node_modules/jsdom/lib/jsdom/living/generated/HTMLCanvasElement.js:131:58)
    at getTestContext (file:///Users/karol/dev/tools/wt-philo-3-02/web/node_modules/pixi.js/lib/rendering/renderers/gl/shader/program/getTestContext.mjs:8:22)
    at getMaxFragmentPrecision (file:///Users/karol/dev/tools/wt-philo-3-02/web/node_modules/pixi.js/lib/rendering/renderers/gl/shader/program/getMaxFragmentPrecision.mjs:8:16)
    at new _GlProgram (file:///Users/karol/dev/tools/wt-philo-3-02/web/node_modules/pixi.js/lib/rendering/renderers/gl/shader/GlProgram.mjs:37:40)
    at Function.from (file:///Users/karol/dev/tools/wt-philo-3-02/web/node_modules/pixi.js/lib/rendering/renderers/gl/shader/GlProgram.mjs:77:27)
    at new ParticleShader (file:///Users/karol/dev/tools/wt-philo-3-02/web/node_modules/pixi.js/lib/scene/particle-container/shared/shader/ParticleShader.mjs:15:33)
    at new ParticleContainerPipe (file:///Users/karol/dev/tools/wt-philo-3-02/web/node_modules/pixi.js/lib/scene/particle-container/shared/ParticleContainerPipe.mjs:29:26)
    at new CanvasParticleContainerPipe (file:///Users/karol/dev/tools/wt-philo-3-02/web/node_modules/pixi.js/lib/scene/particle-container/canvas/CanvasParticleContainerPipe.mjs:8:5) undefined
Error: Not implemented: HTMLCanvasElement.prototype.getContext (without installing the canvas npm package)
    at module.exports (/Users/karol/dev/tools/wt-philo-3-02/web/node_modules/jsdom/lib/jsdom/browser/not-implemented.js:9:17)
    at HTMLCanvasElementImpl.getContext (/Users/karol/dev/tools/wt-philo-3-02/web/node_modules/jsdom/lib/jsdom/living/nodes/HTMLCanvasElement-impl.js:42:5)
    at HTMLCanvasElement.getContext (/Users/karol/dev/tools/wt-philo-3-02/web/node_modules/jsdom/lib/jsdom/living/generated/HTMLCanvasElement.js:131:58)
    at CanvasContextSystem.init (file:///Users/karol/dev/tools/wt-philo-3-02/web/node_modules/pixi.js/lib/rendering/renderers/canvas/CanvasContextSystem.mjs:35:46)
    at CanvasRenderer.init (file:///Users/karol/dev/tools/wt-philo-3-02/web/node_modules/pixi.js/lib/rendering/renderers/shared/system/AbstractRenderer.mjs:69:40)
    at processTicksAndRejections (node:internal/process/task_queues:105:5)
    at autoDetectRenderer (file:///Users/karol/dev/tools/wt-philo-3-02/web/node_modules/pixi.js/lib/rendering/renderers/autoDetectRenderer.mjs:53:3)
    at _Application.init (file:///Users/karol/dev/tools/wt-philo-3-02/web/node_modules/pixi.js/lib/app/Application.mjs:52:21)
    at WorldEngine.init (/Users/karol/dev/tools/wt-philo-3-02/web/src/desk/gl/engine.ts:188:7) undefined
Error: Not implemented: HTMLCanvasElement.prototype.getContext (without installing the canvas npm package)
    at module.exports (/Users/karol/dev/tools/wt-philo-3-02/web/node_modules/jsdom/lib/jsdom/browser/not-implemented.js:9:17)
    at HTMLCanvasElementImpl.getContext (/Users/karol/dev/tools/wt-philo-3-02/web/node_modules/jsdom/lib/jsdom/living/nodes/HTMLCanvasElement-impl.js:42:5)
    at HTMLCanvasElement.getContext (/Users/karol/dev/tools/wt-philo-3-02/web/node_modules/jsdom/lib/jsdom/living/generated/HTMLCanvasElement.js:131:58)
    at CanvasContextSystem.init (file:///Users/karol/dev/tools/wt-philo-3-02/web/node_modules/pixi.js/lib/rendering/renderers/canvas/CanvasContextSystem.mjs:35:46)
    at CanvasRenderer.init (file:///Users/karol/dev/tools/wt-philo-3-02/web/node_modules/pixi.js/lib/rendering/renderers/shared/system/AbstractRenderer.mjs:69:40)
    at processTicksAndRejections (node:internal/process/task_queues:105:5)
    at autoDetectRenderer (file:///Users/karol/dev/tools/wt-philo-3-02/web/node_modules/pixi.js/lib/rendering/renderers/autoDetectRenderer.mjs:53:3)
    at _Application.init (file:///Users/karol/dev/tools/wt-philo-3-02/web/node_modules/pixi.js/lib/app/Application.mjs:52:21)
    at WorldEngine.init (/Users/karol/dev/tools/wt-philo-3-02/web/src/desk/gl/engine.ts:188:7) undefined
Error: Not implemented: HTMLCanvasElement.prototype.getContext (without installing the canvas npm package)
    at module.exports (/Users/karol/dev/tools/wt-philo-3-02/web/node_modules/jsdom/lib/jsdom/browser/not-implemented.js:9:17)
    at HTMLCanvasElementImpl.getContext (/Users/karol/dev/tools/wt-philo-3-02/web/node_modules/jsdom/lib/jsdom/living/nodes/HTMLCanvasElement-impl.js:42:5)
    at HTMLCanvasElement.getContext (/Users/karol/dev/tools/wt-philo-3-02/web/node_modules/jsdom/lib/jsdom/living/generated/HTMLCanvasElement.js:131:58)
    at /Users/karol/dev/tools/wt-philo-3-02/web/node_modules/axe-core/axe.js:16723:49
    at Object.get (/Users/karol/dev/tools/wt-philo-3-02/web/node_modules/axe-core/axe.js:11239:23)
    at _isIconLigature (/Users/karol/dev/tools/wt-philo-3-02/web/node_modules/axe-core/axe.js:16722:41)
    at /Users/karol/dev/tools/wt-philo-3-02/web/node_modules/axe-core/axe.js:28288:54
    at Array.some (<anonymous>)
    at hasRealTextChildren (/Users/karol/dev/tools/wt-philo-3-02/web/node_modules/axe-core/axe.js:28287:35)
    at Rule.colorContrastMatches [as matches] (/Users/karol/dev/tools/wt-philo-3-02/web/node_modules/axe-core/axe.js:28249:12) undefined

 Test Files  306 passed (306)
      Tests  2806 passed (2806)
   Start at  13:08:36
   Duration  89.60s (transform 4.69s, setup 11.94s, import 31.98s, tests 61.26s, environment 52.44s)


> holdspeak-web@0.0.1 build
> vite build

vite v7.3.6 building client environment for production...
transforming...
✓ 1690 modules transformed.
rendering chunks...
[plugin vite:reporter] 
(!) /Users/karol/dev/tools/wt-philo-3-02/web/src/features/project-room/api.ts is dynamically imported by /Users/karol/dev/tools/wt-philo-3-02/web/src/features/project-room/prepare/usePrepareController.ts but also statically imported by /Users/karol/dev/tools/wt-philo-3-02/web/src/features/project-room/ProjectRoomCore.tsx, /Users/karol/dev/tools/wt-philo-3-02/web/src/features/project-room/RoomPeopleSection.tsx, /Users/karol/dev/tools/wt-philo-3-02/web/src/features/project-room/useProjectRoomController.ts, dynamic import will not move module into another chunk.

[plugin vite:reporter] 
(!) /Users/karol/dev/tools/wt-philo-3-02/web/src/desk/shell.ts is dynamically imported by /Users/karol/dev/tools/wt-philo-3-02/web/src/desk/components/window/Dock.tsx, /Users/karol/dev/tools/wt-philo-3-02/web/src/desk/store/compositorSlice.ts, /Users/karol/dev/tools/wt-philo-3-02/web/src/features/concierge/useConciergeController.ts, /Users/karol/dev/tools/wt-philo-3-02/web/src/features/project-room/prepare/usePrepareController.ts, /Users/karol/dev/tools/wt-philo-3-02/web/src/pages/cores/SettingsCore.tsx, /Users/karol/dev/tools/wt-philo-3-02/web/src/pages/cores/dictation/SpeakFace.tsx but also statically imported by /Users/karol/dev/tools/wt-philo-3-02/web/src/App.tsx, /Users/karol/dev/tools/wt-philo-3-02/web/src/components/AmbientLayer.tsx, /Users/karol/dev/tools/wt-philo-3-02/web/src/desk/chair/ChairHome.tsx, /Users/karol/dev/tools/wt-philo-3-02/web/src/desk/components/AttentionDrawer.tsx, /Users/karol/dev/tools/wt-philo-3-02/web/src/desk/components/DeskStartActions.tsx, /Users/karol/dev/tools/wt-philo-3-02/web/src/desk/components/DeskToolInspector.tsx, /Users/karol/dev/tools/wt-philo-3-02/web/src/desk/components/DeskToolShelf.tsx, /Users/karol/dev/tools/wt-philo-3-02/web/src/desk/components/FirstWords.tsx, /Users/karol/dev/tools/wt-philo-3-02/web/src/desk/components/GlassDropLayer.tsx, /Users/karol/dev/tools/wt-philo-3-02/web/src/desk/components/Pullout.tsx, /Users/karol/dev/tools/wt-philo-3-02/web/src/desk/components/RecordOrb.tsx, /Users/karol/dev/tools/wt-philo-3-02/web/src/desk/components/SurfaceWindows.tsx, /Users/karol/dev/tools/wt-philo-3-02/web/src/desk/components/SystemShade.tsx, /Users/karol/dev/tools/wt-philo-3-02/web/src/desk/components/TrustWindow.tsx, /Users/karol/dev/tools/wt-philo-3-02/web/src/desk/pullouts/ArtifactPullout.tsx, /Users/karol/dev/tools/wt-philo-3-02/web/src/desk/pullouts/ChainPullout.tsx, /Users/karol/dev/tools/wt-philo-3-02/web/src/desk/pullouts/CoderPullout.tsx, /Users/karol/dev/tools/wt-philo-3-02/web/src/desk/pullouts/DecisionPullout.tsx, /Users/karol/dev/tools/wt-philo-3-02/web/src/desk/pullouts/DirectoryPullout.tsx, /Users/karol/dev/tools/wt-philo-3-02/web/src/desk/pullouts/KbPullout.tsx, /Users/karol/dev/tools/wt-philo-3-02/web/src/desk/pullouts/MeetingPullout.tsx, /Users/karol/dev/tools/wt-philo-3-02/web/src/desk/pullouts/NotePullout.tsx, /Users/karol/dev/tools/wt-philo-3-02/web/src/desk/pullouts/RecipePullout.tsx, /Users/karol/dev/tools/wt-philo-3-02/web/src/desk/pullouts/WorkflowPullout.tsx, /Users/karol/dev/tools/wt-philo-3-02/web/src/desk/pullouts/shared/CapabilitySection.tsx, /Users/karol/dev/tools/wt-philo-3-02/web/src/desk/pullouts/views/BriefView.tsx, /Users/karol/dev/tools/wt-philo-3-02/web/src/desk/pullouts/views/FollowThroughView.tsx, /Users/karol/dev/tools/wt-philo-3-02/web/src/desk/surface/citations.tsx, /Users/karol/dev/tools/wt-philo-3-02/web/src/desk/thought-workspace/ThoughtWorkspaceWindow.tsx, /Users/karol/dev/tools/wt-philo-3-02/web/src/desk/verbRegistry.ts, /Users/karol/dev/tools/wt-philo-3-02/web/src/features/project-room/ProjectRoomCore.tsx, /Users/karol/dev/tools/wt-philo-3-02/web/src/features/project-room/RoomPeopleSection.tsx, /Users/karol/dev/tools/wt-philo-3-02/web/src/features/project-room/door/useDoorController.ts, /Users/karol/dev/tools/wt-philo-3-02/web/src/features/project-room/prepare/PreparePosture.tsx, /Users/karol/dev/tools/wt-philo-3-02/web/src/features/project-room/recall/RecallFace.tsx, /Users/karol/dev/tools/wt-philo-3-02/web/src/features/project-room/useProjectRoomController.ts, /Users/karol/dev/tools/wt-philo-3-02/web/src/pages/cores/CommandsCore.tsx, /Users/karol/dev/tools/wt-philo-3-02/web/src/pages/cores/CompanionCore.tsx, /Users/karol/dev/tools/wt-philo-3-02/web/src/pages/cores/HistoryCore.tsx, /Users/karol/dev/tools/wt-philo-3-02/web/src/pages/cores/LiveCore.tsx, /Users/karol/dev/tools/wt-philo-3-02/web/src/pages/cores/PeopleCore.tsx, /Users/karol/dev/tools/wt-philo-3-02/web/src/pages/cores/RuntimeDocsCore.tsx, /Users/karol/dev/tools/wt-philo-3-02/web/src/pages/cores/SettingsCore.tsx, /Users/karol/dev/tools/wt-philo-3-02/web/src/pages/cores/SetupCore.tsx, /Users/karol/dev/tools/wt-philo-3-02/web/src/pages/cores/dictation/DictationSections.tsx, /Users/karol/dev/tools/wt-philo-3-02/web/src/pages/cores/dictation/Readiness.tsx, /Users/karol/dev/tools/wt-philo-3-02/web/src/pages/cores/history/ArtifactsLibrary.tsx, /Users/karol/dev/tools/wt-philo-3-02/web/src/pages/cores/history/DoorSection.tsx, /Users/karol/dev/tools/wt-philo-3-02/web/src/pages/cores/history/ImportSection.tsx, /Users/karol/dev/tools/wt-philo-3-02/web/src/pages/cores/history/MeetingReview.tsx, dynamic import will not move module into another chunk.

[plugin vite:reporter] 
(!) /Users/karol/dev/tools/wt-philo-3-02/web/src/desk/store.ts is dynamically imported by /Users/karol/dev/tools/wt-philo-3-02/web/src/desk/shell.ts, /Users/karol/dev/tools/wt-philo-3-02/web/src/desk/shell.ts, /Users/karol/dev/tools/wt-philo-3-02/web/src/features/concierge/useConciergeController.ts, /Users/karol/dev/tools/wt-philo-3-02/web/src/features/concierge/useConciergeController.ts, /Users/karol/dev/tools/wt-philo-3-02/web/src/features/concierge/useConciergeController.ts but also statically imported by /Users/karol/dev/tools/wt-philo-3-02/web/src/desk/DeskApp.tsx, /Users/karol/dev/tools/wt-philo-3-02/web/src/desk/chair/ChairHome.tsx, /Users/karol/dev/tools/wt-philo-3-02/web/src/desk/components/AskPanel.tsx, /Users/karol/dev/tools/wt-philo-3-02/web/src/desk/components/DeskChrome.tsx, /Users/karol/dev/tools/wt-philo-3-02/web/src/desk/components/DeskFilingStrip.tsx, /Users/karol/dev/tools/wt-philo-3-02/web/src/desk/components/DeskListView.tsx, /Users/karol/dev/tools/wt-philo-3-02/web/src/desk/components/DeskMenuBar.tsx, /Users/karol/dev/tools/wt-philo-3-02/web/src/desk/components/DeskStartActions.tsx, /Users/karol/dev/tools/wt-philo-3-02/web/src/desk/components/DeskToolInspector.tsx, /Users/karol/dev/tools/wt-philo-3-02/web/src/desk/components/DeskToolShelf.tsx, /Users/karol/dev/tools/wt-philo-3-02/web/src/desk/components/DeskWindow.tsx, /Users/karol/dev/tools/wt-philo-3-02/web/src/desk/components/EmptyDesk.tsx, /Users/karol/dev/tools/wt-philo-3-02/web/src/desk/components/FirstWords.tsx, /Users/karol/dev/tools/wt-philo-3-02/web/src/desk/components/GroundingSection.tsx, /Users/karol/dev/tools/wt-philo-3-02/web/src/desk/components/InfoWindow.tsx, /Users/karol/dev/tools/wt-philo-3-02/web/src/desk/components/InlineEditor.tsx, /Users/karol/dev/tools/wt-philo-3-02/web/src/desk/components/InterviewPanel.tsx, /Users/karol/dev/tools/wt-philo-3-02/web/src/desk/components/NewWorkbenchChooser.tsx, /Users/karol/dev/tools/wt-philo-3-02/web/src/desk/components/Pullout.tsx, /Users/karol/dev/tools/wt-philo-3-02/web/src/desk/components/RecordOrb.tsx, /Users/karol/dev/tools/wt-philo-3-02/web/src/desk/components/RepoWindow.tsx, /Users/karol/dev/tools/wt-philo-3-02/web/src/desk/components/RoadmapWindow.tsx, /Users/karol/dev/tools/wt-philo-3-02/web/src/desk/components/ScheduleCreateWindow.tsx, /Users/karol/dev/tools/wt-philo-3-02/web/src/desk/components/SessionPullout.tsx, /Users/karol/dev/tools/wt-philo-3-02/web/src/desk/components/SurfaceWindows.tsx, /Users/karol/dev/tools/wt-philo-3-02/web/src/desk/components/ThreadComposer.tsx, /Users/karol/dev/tools/wt-philo-3-02/web/src/desk/components/WorkbenchTemplatePicker.tsx, /Users/karol/dev/tools/wt-philo-3-02/web/src/desk/components/WorkbenchWindow.tsx, /Users/karol/dev/tools/wt-philo-3-02/web/src/desk/components/ZoneWindow.tsx, /Users/karol/dev/tools/wt-philo-3-02/web/src/desk/components/window/Dock.tsx, /Users/karol/dev/tools/wt-philo-3-02/web/src/desk/components/window/Expose.tsx, /Users/karol/dev/tools/wt-philo-3-02/web/src/desk/components/window/RoomActions.tsx, /Users/karol/dev/tools/wt-philo-3-02/web/src/desk/components/window/windowCommands.ts, /Users/karol/dev/tools/wt-philo-3-02/web/src/desk/components/window/windowRegistry.ts, /Users/karol/dev/tools/wt-philo-3-02/web/src/desk/gl/WorldStage.tsx, /Users/karol/dev/tools/wt-philo-3-02/web/src/desk/gl/atmosphereActivity.ts, /Users/karol/dev/tools/wt-philo-3-02/web/src/desk/gl/engine.ts, /Users/karol/dev/tools/wt-philo-3-02/web/src/desk/infoContract.ts, /Users/karol/dev/tools/wt-philo-3-02/web/src/desk/intelligenceNavigation.ts, /Users/karol/dev/tools/wt-philo-3-02/web/src/desk/keymap.ts, /Users/karol/dev/tools/wt-philo-3-02/web/src/desk/newThought.ts, /Users/karol/dev/tools/wt-philo-3-02/web/src/desk/pullouts/ArtifactPullout.tsx, /Users/karol/dev/tools/wt-philo-3-02/web/src/desk/pullouts/ChainPullout.tsx, /Users/karol/dev/tools/wt-philo-3-02/web/src/desk/pullouts/CoderPullout.tsx, /Users/karol/dev/tools/wt-philo-3-02/web/src/desk/pullouts/DecisionPullout.tsx, /Users/karol/dev/tools/wt-philo-3-02/web/src/desk/pullouts/DirectoryPullout.tsx, /Users/karol/dev/tools/wt-philo-3-02/web/src/desk/pullouts/KbPullout.tsx, /Users/karol/dev/tools/wt-philo-3-02/web/src/desk/pullouts/MeetingPullout.tsx, /Users/karol/dev/tools/wt-philo-3-02/web/src/desk/pullouts/NotePullout.tsx, /Users/karol/dev/tools/wt-philo-3-02/web/src/desk/pullouts/RecipePullout.tsx, /Users/karol/dev/tools/wt-philo-3-02/web/src/desk/pullouts/ThreadPullout.tsx, /Users/karol/dev/tools/wt-philo-3-02/web/src/desk/pullouts/WorkflowPullout.tsx, /Users/karol/dev/tools/wt-philo-3-02/web/src/desk/pullouts/editors/KbEditor.tsx, /Users/karol/dev/tools/wt-philo-3-02/web/src/desk/pullouts/editors/NoteEditor.tsx, /Users/karol/dev/tools/wt-philo-3-02/web/src/desk/pullouts/editors/RecipeEditor.tsx, /Users/karol/dev/tools/wt-philo-3-02/web/src/desk/pullouts/editors/WorkflowEditor.tsx, /Users/karol/dev/tools/wt-philo-3-02/web/src/desk/pullouts/editors/useDebouncedSave.ts, /Users/karol/dev/tools/wt-philo-3-02/web/src/desk/pullouts/shared/CapabilitySection.tsx, /Users/karol/dev/tools/wt-philo-3-02/web/src/desk/pullouts/shared/ThreadsSection.tsx, /Users/karol/dev/tools/wt-philo-3-02/web/src/desk/pullouts/views/DecisionsView.tsx, /Users/karol/dev/tools/wt-philo-3-02/web/src/desk/thought-workspace/ThoughtWorkspaceWindow.tsx, /Users/karol/dev/tools/wt-philo-3-02/web/src/desk/useDeskChangedRefresh.ts, /Users/karol/dev/tools/wt-philo-3-02/web/src/desk/verbRegistry.ts, /Users/karol/dev/tools/wt-philo-3-02/web/src/features/project-room/ProjectRoomCore.tsx, /Users/karol/dev/tools/wt-philo-3-02/web/src/features/project-room/door/useDoorController.ts, /Users/karol/dev/tools/wt-philo-3-02/web/src/pages/cores/ChangePlacesCore.tsx, /Users/karol/dev/tools/wt-philo-3-02/web/src/pages/cores/WorkbenchesHomeCore.tsx, /Users/karol/dev/tools/wt-philo-3-02/web/src/pages/cores/settingsPrefs.tsx, dynamic import will not move module into another chunk.

[plugin vite:reporter] 
(!) /Users/karol/dev/tools/wt-philo-3-02/web/src/desk/threads.ts is dynamically imported by /Users/karol/dev/tools/wt-philo-3-02/web/src/desk/shell.ts, /Users/karol/dev/tools/wt-philo-3-02/web/src/desk/surface/citations.tsx, /Users/karol/dev/tools/wt-philo-3-02/web/src/desk/verbRegistry.ts, /Users/karol/dev/tools/wt-philo-3-02/web/src/desk/verbRegistry.ts but also statically imported by /Users/karol/dev/tools/wt-philo-3-02/web/src/desk/callLoopWiring.ts, /Users/karol/dev/tools/wt-philo-3-02/web/src/desk/components/CallChip.tsx, /Users/karol/dev/tools/wt-philo-3-02/web/src/desk/components/DeskToolInspector.tsx, /Users/karol/dev/tools/wt-philo-3-02/web/src/desk/components/DeskToolShelf.tsx, /Users/karol/dev/tools/wt-philo-3-02/web/src/desk/hooks/useChatImport.ts, /Users/karol/dev/tools/wt-philo-3-02/web/src/desk/pullouts/RecipePullout.tsx, /Users/karol/dev/tools/wt-philo-3-02/web/src/desk/pullouts/ThreadPullout.tsx, /Users/karol/dev/tools/wt-philo-3-02/web/src/desk/pullouts/shared/ThreadsSection.tsx, dynamic import will not move module into another chunk.

[plugin vite:reporter] 
(!) /Users/karol/dev/tools/wt-philo-3-02/web/src/desk/steering.ts is dynamically imported by /Users/karol/dev/tools/wt-philo-3-02/web/src/desk/shell.ts but also statically imported by /Users/karol/dev/tools/wt-philo-3-02/web/src/desk/components/MissionControlConveyor.tsx, /Users/karol/dev/tools/wt-philo-3-02/web/src/desk/components/SessionPullout.tsx, /Users/karol/dev/tools/wt-philo-3-02/web/src/desk/pullouts/CoderPullout.tsx, dynamic import will not move module into another chunk.

computing gzip size...
../holdspeak/static/_built/index.html                                                     0.90 kB │ gzip:   0.44 kB
../holdspeak/static/_built/assets/space-grotesk-vietnamese-700-normal-DMty7AZE.woff2      4.20 kB
../holdspeak/static/_built/assets/jetbrains-mono-greek-400-normal-C190GLew.woff2          4.23 kB
../holdspeak/static/_built/assets/jetbrains-mono-greek-500-normal-JpySY46c.woff2          4.28 kB
../holdspeak/static/_built/assets/space-grotesk-vietnamese-600-normal-DUi7WF5p.woff2      4.31 kB
../holdspeak/static/_built/assets/space-grotesk-vietnamese-500-normal-BmEvtly_.woff2      4.32 kB
../holdspeak/static/_built/assets/inter-vietnamese-400-normal-DMkecbls.woff2              4.97 kB
../holdspeak/static/_built/assets/inter-vietnamese-600-normal-Cc8MFFhd.woff2              5.10 kB
../holdspeak/static/_built/assets/inter-vietnamese-500-normal-DOriooB6.woff2              5.11 kB
../holdspeak/static/_built/assets/inter-greek-ext-400-normal-DGGRlc-M.woff2               5.26 kB
../holdspeak/static/_built/assets/jetbrains-mono-cyrillic-400-normal-BEIGL1Tu.woff2       5.33 kB
../holdspeak/static/_built/assets/jetbrains-mono-cyrillic-500-normal-DmUKJPL_.woff2       5.36 kB
../holdspeak/static/_built/assets/jetbrains-mono-vietnamese-400-normal-CqNFfHCs.woff      5.37 kB
../holdspeak/static/_built/assets/inter-greek-ext-500-normal-C4iEst2y.woff2               5.43 kB
../holdspeak/static/_built/assets/inter-greek-ext-600-normal-DRtmH8MT.woff2               5.43 kB
../holdspeak/static/_built/assets/jetbrains-mono-vietnamese-500-normal-DNRqzVM1.woff      5.48 kB
../holdspeak/static/_built/assets/space-grotesk-vietnamese-700-normal-Duxec5Rn.woff       5.59 kB
../holdspeak/static/_built/assets/jetbrains-mono-greek-400-normal-B9oWc5Lo.woff           5.66 kB
../holdspeak/static/_built/assets/space-grotesk-vietnamese-600-normal-D6zpsUhD.woff       5.70 kB
../holdspeak/static/_built/assets/space-grotesk-vietnamese-500-normal-BTqKIpxg.woff       5.72 kB
../holdspeak/static/_built/assets/jetbrains-mono-greek-500-normal-D7SFKleX.woff           5.72 kB
../holdspeak/static/_built/assets/inter-vietnamese-400-normal-Bbgyi5SW.woff               6.50 kB
../holdspeak/static/_built/assets/inter-vietnamese-500-normal-mJboJaSs.woff               6.60 kB
../holdspeak/static/_built/assets/inter-vietnamese-600-normal-BuLX-rYi.woff               6.64 kB
../holdspeak/static/_built/assets/jetbrains-mono-cyrillic-400-normal-ugxPyKxw.woff        6.98 kB
../holdspeak/static/_built/assets/jetbrains-mono-cyrillic-500-normal-DJqRU3vO.woff        7.02 kB
../holdspeak/static/_built/assets/inter-greek-ext-400-normal-KugGGMne.woff                7.06 kB
../holdspeak/static/_built/assets/inter-greek-ext-500-normal-2j5mBUwD.woff                7.19 kB
../holdspeak/static/_built/assets/inter-greek-ext-600-normal-B8X0CLgF.woff                7.21 kB
../holdspeak/static/_built/assets/jetbrains-mono-latin-ext-400-normal-Bc8Ftmh3.woff2      7.34 kB
../holdspeak/static/_built/assets/jetbrains-mono-latin-ext-500-normal-Cut-4mMH.woff2      7.53 kB
../holdspeak/static/_built/assets/inter-cyrillic-400-normal-obahsSVq.woff2                7.71 kB
../holdspeak/static/_built/assets/inter-greek-400-normal-B4URO6DV.woff2                   7.78 kB
../holdspeak/static/_built/assets/inter-cyrillic-500-normal-BasfLYem.woff2                7.90 kB
../holdspeak/static/_built/assets/inter-greek-500-normal-BIZE56-Y.woff2                   7.92 kB
../holdspeak/static/_built/assets/inter-greek-600-normal-plRanbMR.woff2                   7.94 kB
../holdspeak/static/_built/assets/inter-cyrillic-600-normal-CWCymEST.woff2                7.97 kB
../holdspeak/static/_built/assets/inter-cyrillic-400-normal-HOLc17fK.woff                 9.78 kB
../holdspeak/static/_built/assets/inter-greek-400-normal-q2sYcFCs.woff                    9.92 kB
../holdspeak/static/_built/assets/inter-cyrillic-600-normal-4D_pXhcN.woff                 9.94 kB
../holdspeak/static/_built/assets/inter-cyrillic-500-normal-CxZf_p3X.woff                 9.94 kB
../holdspeak/static/_built/assets/inter-greek-500-normal-Xzm54t5V.woff                    9.98 kB
../holdspeak/static/_built/assets/inter-greek-600-normal-BZpKdvQh.woff                   10.03 kB
../holdspeak/static/_built/assets/jetbrains-mono-latin-ext-400-normal-fXTG6kC5.woff      10.13 kB
../holdspeak/static/_built/assets/inter-cyrillic-ext-400-normal-BQZuk6qB.woff2           10.23 kB
../holdspeak/static/_built/assets/jetbrains-mono-latin-ext-500-normal-ckzbgY84.woff      10.34 kB
../holdspeak/static/_built/assets/inter-cyrillic-ext-500-normal-B0yAr1jD.woff2           10.43 kB
../holdspeak/static/_built/assets/inter-cyrillic-ext-600-normal-Dfes3d0z.woff2           10.48 kB
../holdspeak/static/_built/assets/space-grotesk-latin-ext-700-normal-BQnZhY3m.woff2      11.99 kB
../holdspeak/static/_built/assets/space-grotesk-latin-ext-500-normal-DUe3BAxM.woff2      12.27 kB
../holdspeak/static/_built/assets/space-grotesk-latin-ext-600-normal-DxxdqCpr.woff2      12.29 kB
../holdspeak/static/_built/assets/space-grotesk-latin-700-normal-RjhwGPKo.woff2          12.84 kB
../holdspeak/static/_built/assets/space-grotesk-latin-600-normal-DjKNqYRj.woff2          13.28 kB
../holdspeak/static/_built/assets/space-grotesk-latin-500-normal-lFbtlQH6.woff2          13.31 kB
../holdspeak/static/_built/assets/inter-cyrillic-ext-400-normal-DQukG94-.woff            13.34 kB
../holdspeak/static/_built/assets/inter-cyrillic-ext-500-normal-BmqWE9Dz.woff            13.45 kB
../holdspeak/static/_built/assets/inter-cyrillic-ext-600-normal-Bcila6Z-.woff            13.46 kB
../holdspeak/static/_built/assets/space-grotesk-latin-700-normal-CwsQ-cCU.woff           16.42 kB
../holdspeak/static/_built/assets/space-grotesk-latin-ext-700-normal-HVCqSBdx.woff       16.46 kB
../holdspeak/static/_built/assets/space-grotesk-latin-ext-600-normal-VcznFIpX.woff       16.73 kB
../holdspeak/static/_built/assets/space-grotesk-latin-ext-500-normal-3dgZTiw9.woff       16.79 kB
../holdspeak/static/_built/assets/space-grotesk-latin-600-normal-BflQw4A9.woff           16.88 kB
../holdspeak/static/_built/assets/space-grotesk-latin-500-normal-CNSSEhBt.woff           16.99 kB
../holdspeak/static/_built/assets/rainy-masonry-DIBtQ-m6.webp                            17.21 kB
../holdspeak/static/_built/assets/jetbrains-mono-latin-400-normal-V6pRDFza.woff2         21.17 kB
../holdspeak/static/_built/assets/jetbrains-mono-latin-500-normal-BWZEU5yA.woff2         21.83 kB
../holdspeak/static/_built/assets/inter-latin-400-normal-C38fXH4l.woff2                  23.66 kB
../holdspeak/static/_built/assets/inter-latin-500-normal-Cerq10X2.woff2                  24.27 kB
../holdspeak/static/_built/assets/inter-latin-600-normal-LgqL8muc.woff2                  24.45 kB
../holdspeak/static/_built/assets/jetbrains-mono-latin-400-normal-6-qcROiO.woff          27.50 kB
../holdspeak/static/_built/assets/jetbrains-mono-latin-500-normal-CJOVTJB7.woff          28.21 kB
../holdspeak/static/_built/assets/inter-latin-400-normal-CyCys3Eg.woff                   30.70 kB
../holdspeak/static/_built/assets/inter-latin-600-normal-CiBQ2DWP.woff                   31.26 kB
../holdspeak/static/_built/assets/inter-latin-500-normal-BL9OpVg8.woff                   31.28 kB
../holdspeak/static/_built/assets/inter-latin-ext-400-normal-C1nco2VV.woff2              35.00 kB
../holdspeak/static/_built/assets/inter-latin-ext-500-normal-CV4jyFjo.woff2              36.02 kB
../holdspeak/static/_built/assets/inter-latin-ext-600-normal-D2bJ5OIk.woff2              36.26 kB
../holdspeak/static/_built/assets/inter-latin-ext-400-normal-77YHD8bZ.woff               47.56 kB
../holdspeak/static/_built/assets/inter-latin-ext-500-normal-BxGbmqWO.woff               48.49 kB
../holdspeak/static/_built/assets/inter-latin-ext-600-normal-CIVaiw4L.woff               48.67 kB
../holdspeak/static/_built/assets/wet-concrete-B8Jlfxi3.webp                             61.50 kB
../holdspeak/static/_built/assets/wet-asphalt-nQmNY0GR.webp                              65.97 kB
../holdspeak/static/_built/assets/ConstitutionalContextCore-cE2vkmv2.css                  0.50 kB │ gzip:   0.23 kB
../holdspeak/static/_built/assets/CadenceCore-BcDWJsh4.css                                0.63 kB │ gzip:   0.34 kB
../holdspeak/static/_built/assets/RepoWindow-Dmvmdom7.css                                 1.59 kB │ gzip:   0.64 kB
../holdspeak/static/_built/assets/SettingsCore-BVsDobrN.css                               2.51 kB │ gzip:   0.68 kB
../holdspeak/static/_built/assets/XtermPane-DDGTF8rc.css                                  3.62 kB │ gzip:   0.99 kB
../holdspeak/static/_built/assets/RoadmapWindow-BpQxUh51.css                              3.81 kB │ gzip:   1.07 kB
../holdspeak/static/_built/assets/PeopleCore-DawtcWHJ.css                                 4.94 kB │ gzip:   1.29 kB
../holdspeak/static/_built/assets/DoorCore-CASx1vIJ.css                                   5.56 kB │ gzip:   1.45 kB
../holdspeak/static/_built/assets/ConciergeCore-B7BZbZ8k.css                              8.77 kB │ gzip:   1.79 kB
../holdspeak/static/_built/assets/DictationCore-DMwTh7Sg.css                             13.08 kB │ gzip:   2.39 kB
../holdspeak/static/_built/assets/WorkbenchWindow-Bbq47XG1.css                           13.47 kB │ gzip:   2.50 kB
../holdspeak/static/_built/assets/ProjectMemoryCore-oz-meLoZ.css                         22.75 kB │ gzip:   4.41 kB
../holdspeak/static/_built/assets/index-B77rbR73.css                                     91.91 kB │ gzip:  31.03 kB
../holdspeak/static/_built/assets/desk-C_h0bGUY.css                                     319.05 kB │ gzip:  47.58 kB
../holdspeak/static/_built/assets/atmosphereLighting-D2uEdGO0.js                          0.14 kB │ gzip:   0.14 kB
../holdspeak/static/_built/assets/WelcomePage-CyxSIprL.js                                 0.38 kB │ gzip:   0.27 kB
../holdspeak/static/_built/assets/core-layout-DwW2BQw8.js                                 0.44 kB │ gzip:   0.26 kB
../holdspeak/static/_built/assets/PresencePage-ClHKehZq.js                                0.56 kB │ gzip:   0.37 kB
../holdspeak/static/_built/assets/core-hooks-6QzhdsZM.js                                  0.57 kB │ gzip:   0.37 kB
../holdspeak/static/_built/assets/atmosphereControls-nB4jNh-k.js                          0.77 kB │ gzip:   0.41 kB
../holdspeak/static/_built/assets/Filter-CdpLmmfL.js                                      0.91 kB │ gzip:   0.48 kB
../holdspeak/static/_built/assets/ChangePlacesCore-DUkIvje5.js                            0.92 kB │ gzip:   0.49 kB
../holdspeak/static/_built/assets/useUndoReceipt-WsAK8cti.js                              1.63 kB │ gzip:   0.74 kB
../holdspeak/static/_built/assets/SetupCore--IBCYQbY.js                                   2.07 kB │ gzip:   1.02 kB
../holdspeak/static/_built/assets/api--17wQf3k.js                                         2.11 kB │ gzip:   0.70 kB
../holdspeak/static/_built/assets/greenhouseScene-CbiPReIQ.js                             2.48 kB │ gzip:   1.34 kB
../holdspeak/static/_built/assets/midnightArchiveScene-Cks10AbM.js                        2.49 kB │ gzip:   1.36 kB
../holdspeak/static/_built/assets/deepSeaScene-Kph6_2or.js                                2.81 kB │ gzip:   1.52 kB
../holdspeak/static/_built/assets/nightTrainScene-DxGfS3yD.js                             2.90 kB │ gzip:   1.57 kB
../holdspeak/static/_built/assets/ConstitutionalContextCore-DabD1chB.js                   2.99 kB │ gzip:   1.32 kB
../holdspeak/static/_built/assets/CompanionCore-D0102lyM.js                               3.00 kB │ gzip:   1.35 kB
../holdspeak/static/_built/assets/WorkbenchesHomeCore-5S9ccMZl.js                         3.04 kB │ gzip:   1.41 kB
../holdspeak/static/_built/assets/laundromatScene-BNGSS1T1.js                             3.05 kB │ gzip:   1.58 kB
../holdspeak/static/_built/assets/radioStationScene-s-EUOSVI.js                           3.20 kB │ gzip:   1.61 kB
../holdspeak/static/_built/assets/ActivityCore-D9019qA1.js                                3.24 kB │ gzip:   1.44 kB
../holdspeak/static/_built/assets/RoadmapWindow-CDXmMt5n.js                               3.62 kB │ gzip:   1.43 kB
../holdspeak/static/_built/assets/settingsWallpaper-Cobb1Up5.js                           3.62 kB │ gzip:   1.64 kB
../holdspeak/static/_built/assets/CommandsCore-CNcCvJoE.js                                4.00 kB │ gzip:   1.70 kB
../holdspeak/static/_built/assets/CalendarSnapshotReviewCore-CZhl4tQL.js                  4.06 kB │ gzip:   1.68 kB
../holdspeak/static/_built/assets/helpers-M5flVTQa.js                                     4.24 kB │ gzip:   1.59 kB
../holdspeak/static/_built/assets/api-zFCQnUGT.js                                         5.27 kB │ gzip:   1.73 kB
../holdspeak/static/_built/assets/Atmosphere-C8tbdz7d.js                                  5.32 kB │ gzip:   2.23 kB
../holdspeak/static/_built/assets/RepoWindow-CtSqsrOU.js                                  5.79 kB │ gzip:   2.43 kB
../holdspeak/static/_built/assets/usePrimitiveDetail-obyElAMt.js                          8.53 kB │ gzip:   3.16 kB
../holdspeak/static/_built/assets/ProcessCore-DIoLd8Hs.js                                 9.42 kB │ gzip:   3.60 kB
../holdspeak/static/_built/assets/ComponentsCore-DnKpQXup.js                              9.97 kB │ gzip:   3.74 kB
../holdspeak/static/_built/assets/LiveCore-C8umlqK_.js                                   10.22 kB │ gzip:   4.01 kB
../holdspeak/static/_built/assets/BufferResource-C4LK1JH2.js                             10.62 kB │ gzip:   2.80 kB
../holdspeak/static/_built/assets/CadenceCore-Bx1ltNIj.js                                10.78 kB │ gzip:   3.67 kB
../holdspeak/static/_built/assets/BitmapFont-7LjJlH5F.js                                 12.87 kB │ gzip:   4.71 kB
../holdspeak/static/_built/assets/webworkerAll-DV8tBX8s.js                               15.48 kB │ gzip:   4.91 kB
../holdspeak/static/_built/assets/sceneKit-DiGkm6FV.js                                   16.55 kB │ gzip:   6.13 kB
../holdspeak/static/_built/assets/DoorCore-BN2eGpom.js                                   17.50 kB │ gzip:   5.26 kB
../holdspeak/static/_built/assets/CanvasRenderer-CINaBUth.js                             17.54 kB │ gzip:   5.88 kB
../holdspeak/static/_built/assets/lanternGardenScene-xeGn5N5B.js                         18.98 kB │ gzip:   7.14 kB
../holdspeak/static/_built/assets/ConciergeCore-BS1Q3fwg.js                              22.94 kB │ gzip:   6.90 kB
../holdspeak/static/_built/assets/rainyCityScene-P7sWSGGp.js                             28.01 kB │ gzip:   9.68 kB
../holdspeak/static/_built/assets/PeopleCore-BhUh1532.js                                 28.21 kB │ gzip:   7.67 kB
../holdspeak/static/_built/assets/WebGPURenderer-DscjYNG2.js                             38.99 kB │ gzip:  10.91 kB
../holdspeak/static/_built/assets/WorkbenchWindow-BZ1Ii9TQ.js                            41.92 kB │ gzip:  13.72 kB
../holdspeak/static/_built/assets/browserAll-Bc0GFbyM.js                                 43.12 kB │ gzip:  11.33 kB
../holdspeak/static/_built/assets/DictationCore-DwtJcB5g.js                              46.37 kB │ gzip:  14.82 kB
../holdspeak/static/_built/assets/RenderTargetSystem-fZd_cpB-.js                         46.38 kB │ gzip:  12.73 kB
../holdspeak/static/_built/assets/SettingsCore-C5XhHWHW.js                               46.86 kB │ gzip:  14.27 kB
../holdspeak/static/_built/assets/HistoryCore-DTkqVASr.js                                47.99 kB │ gzip:  14.68 kB
../holdspeak/static/_built/assets/react-SZyUX699.js                                      48.46 kB │ gzip:  17.18 kB
../holdspeak/static/_built/assets/WebGLRenderer-5BHvq09u.js                              68.80 kB │ gzip:  18.91 kB
../holdspeak/static/_built/assets/ProjectMemoryCore-BMeBZ5CD.js                         161.21 kB │ gzip:  44.27 kB
../holdspeak/static/_built/assets/index-CHOl_t-i.js                                     219.35 kB │ gzip:  69.02 kB
../holdspeak/static/_built/assets/WorldStage-BN7r78dv.js                                338.64 kB │ gzip: 107.28 kB
../holdspeak/static/_built/assets/XtermPane-DSPKOtY_.js                                 364.14 kB │ gzip:  93.99 kB
../holdspeak/static/_built/assets/UnrealBloomPass-COc2GKT4.js                           558.38 kB │ gzip: 141.32 kB
../holdspeak/static/_built/assets/desk-DbhWYbVw.js                                    1,320.40 kB │ gzip: 422.01 kB

(!) Some chunks are larger than 500 kB after minification. Consider:
- Using dynamic import() to code-split the application
- Use build.rollupOptions.output.manualChunks to improve chunking: https://rollupjs.org/configuration-options/#output-manualchunks
- Adjust chunk size limit for this warning via build.chunkSizeWarningLimit.
✓ built in 4.38s

> holdspeak-web@0.0.1 bundle:gate
> node scripts/check-bundle.mjs

bundle gate passed (Desk JS 1320404 B; Desk CSS 319048 B; source maps 0)
