tests/unit/test_phase143_surface_fallback_census.py::test_private_backend_route_and_recovery_decisions_are_classified
tests/unit/test_phase143_surface_fallback_census.py::test_web_route_pointer_controls_are_classified_and_single_owned
tests/unit/test_phase143_surface_fallback_census.py::test_story143_workflow_aliases_decode_once_and_no_adopter_reopens_fake_fallback
tests/unit/test_phase143_surface_fallback_census.py::test_census_artifact_covers_every_guarded_surface_and_recovery_kind
tests/unit/test_phase143_surface_fallback_census.py::test_swift_retry_and_fallback_policy_sites_are_exact_and_fail_closed
tests/unit/test_product_copy.py::test_every_declared_primary_surface_expands_and_is_classified
tests/unit/test_product_copy.py::test_primary_copy_has_no_prohibited_operational_drift
tests/unit/test_product_copy.py::test_recorded_copy_debt_only_shrinks
tests/unit/test_product_copy.py::test_each_prohibited_product_copy_rule_is_exercised
tests/unit/test_product_copy.py::test_failure_statements_must_carry_the_four_failure_facts
tests/unit/test_product_copy.py::test_failure_facts_skip_chips_buttons_and_documentation_prose
tests/unit/test_product_copy.py::test_failure_facts_exception_is_exact_and_bounded
tests/unit/test_product_copy.py::test_generic_open_exception_is_exact_and_bounded
tests/unit/test_product_copy.py::test_markdown_code_is_not_copy_and_does_not_exempt_surrounding_prose
tests/unit/test_product_copy.py::test_copy_contract_covers_postures_failures_and_bounded_exceptions
tests/unit/test_product_copy.py::test_inventory_contains_shared_product_language_in_real_surfaces
tests/e2e/test_hs201_lane_a_glass.py::test_summary_and_receipt_survive_real_hub_restart_on_both_glasses
tests/e2e/test_hs201_summary_face_glass.py::test_the_summary_is_asked_for_disclosed_and_found_again
tests/e2e/test_hs201_summary_face_glass.py::test_import_transcribes_and_stops_then_the_summary_is_asked_for

19 tests collected in 0.45s
