command: ['uv', 'run', '--no-sync', 'pytest', '--collect-only', '-q', 'tests/unit/test_philo4_04_headline_storage.py', 'tests/unit/test_brief_shelf.py', 'tests/unit/test_philo_4_01_generate.py', 'tests/unit/test_philo4_04_atlas_contracts.py', 'tests/unit/test_philo_graph_atlas.py', 'tests/unit/test_ux_canon_ratchet.py', 'tests/unit/test_evidence_scratch_guard.py']
cwd: /Users/karol/dev/tools/wt-philo-4-04
exit: 0

tests/unit/test_philo4_04_headline_storage.py::test_compose_fixture_has_the_ratified_headline
tests/unit/test_philo4_04_headline_storage.py::test_real_generate_shelf_and_latest_preserve_all_six_rows
tests/unit/test_brief_shelf.py::test_shelf_is_empty_before_any_triage
tests/unit/test_brief_shelf.py::test_acknowledge_survives_a_fresh_read
tests/unit/test_brief_shelf.py::test_defer_replaces_an_earlier_state
tests/unit/test_brief_shelf.py::test_clearing_returns_the_item_to_untouched
tests/unit/test_brief_shelf.py::test_unknown_item_and_state_are_refused_by_name
tests/unit/test_brief_shelf.py::test_shelf_routes_round_trip
tests/unit/test_brief_shelf.py::test_shelf_route_refusals_name_the_cause
tests/unit/test_philo_4_01_generate.py::test_empty_brief_headline_is_no_changes
tests/unit/test_philo_4_01_generate.py::test_next_day_generate_keeps_the_old_brief_triage
tests/unit/test_philo4_04_atlas_contracts.py::test_triaged_headline_case_is_a_two_row_face_walk
tests/unit/test_philo4_04_atlas_contracts.py::test_triaged_headline_case_reads_latest_for_retention
tests/unit/test_philo_graph_atlas.py::test_every_atlas_file_is_read
tests/unit/test_philo_graph_atlas.py::test_schema_is_a_valid_2020_12_schema
tests/unit/test_philo_graph_atlas.py::test_atlas_validates_against_its_schema[atlas-phase3.json]
tests/unit/test_philo_graph_atlas.py::test_every_source_reference_lands_on_its_symbol[atlas-phase3.json]
tests/unit/test_philo_graph_atlas.py::test_atlas_validates_against_its_schema[atlas.json]
tests/unit/test_philo_graph_atlas.py::test_every_source_reference_lands_on_its_symbol[atlas.json]
tests/unit/test_philo_graph_atlas.py::test_ids_are_unique
tests/unit/test_philo_graph_atlas.py::test_every_case_state_id_resolves
tests/unit/test_philo_graph_atlas.py::test_every_case_reference_inside_the_atlas_resolves
tests/unit/test_philo_graph_atlas.py::test_every_clock_a_case_uses_is_declared
tests/unit/test_philo_graph_atlas.py::test_every_applicable_case_carries_one_trigger
tests/unit/test_philo_graph_atlas.py::test_no_timer_edge_is_triggered_by_a_substitute_button
tests/unit/test_philo_graph_atlas.py::test_every_api_setup_step_exists_in_the_generated_openapi
tests/unit/test_philo_graph_atlas.py::test_every_fixture_step_exists_and_hashes_as_claimed
tests/unit/test_philo_graph_atlas.py::test_every_phase1_reference_resolves_to_a_record
tests/unit/test_philo_graph_atlas.py::test_every_selected_job_has_an_applicable_case_except_j8
tests/unit/test_philo_graph_atlas.py::test_every_brief_family_is_present
tests/unit/test_philo_graph_atlas.py::test_quiet_is_never_an_attention_state
tests/unit/test_philo_graph_atlas.py::test_face_cases_carry_both_ruled_viewports
tests/unit/test_philo_graph_atlas.py::test_unexercised_states_name_a_mechanism_and_a_cost
tests/unit/test_philo_graph_atlas.py::test_source_commit_is_the_revision_the_atlas_was_derived_from
tests/unit/test_philo_graph_atlas.py::test_every_applicable_predicate_is_a_kind_the_rig_implements
tests/unit/test_philo_graph_atlas.py::test_every_predicate_observes_a_selector_or_a_route
tests/unit/test_philo_graph_atlas.py::test_protocol_predicates_ask_for_a_new_row
tests/unit/test_philo_graph_atlas.py::test_every_case_keeps_its_human_sentence
tests/unit/test_philo_graph_atlas.py::test_every_ui_action_is_one_the_rig_implements
tests/unit/test_philo_graph_atlas.py::test_every_boundary_names_its_substitution
tests/unit/test_philo_graph_atlas.py::test_summary_cases_use_the_retained_architect_import_fixture
tests/unit/test_philo_graph_atlas.py::test_summary_run_cases_have_one_run_trigger
tests/unit/test_philo_graph_atlas.py::test_summary_running_reads_the_claimed_job_wire_status
tests/unit/test_philo_graph_atlas.py::test_summary_queued_reads_the_run_admission_response
tests/unit/test_philo_graph_atlas.py::test_summary_preconditions_do_not_require_future_or_consumed_run_state
tests/unit/test_philo_graph_atlas.py::test_summary_state_reads_do_not_require_a_new_row_after_setup_run
tests/unit/test_philo_graph_atlas.py::test_summary_manual_retry_requires_failed_producer_and_current_route
tests/unit/test_philo_graph_atlas.py::test_summary_planned_host_cases_check_real_text_and_control_ownership
tests/unit/test_philo_graph_atlas.py::test_summary_failure_cases_retain_reply_at_the_provider_boundary
tests/unit/test_philo_graph_atlas.py::test_summary_imports_wait_for_real_completion_and_retain_title
tests/unit/test_philo_graph_atlas.py::test_summary_arrival_observations_name_the_rendered_states
tests/unit/test_philo_graph_atlas.py::test_summary_models_window_closes_before_arrival_steps
tests/unit/test_philo_graph_atlas.py::test_summary_restart_proof_retains_summary_receipt_and_identity
tests/unit/test_philo_graph_atlas.py::test_summary_microphone_cases_keep_the_lawful_blocked_boundary
tests/unit/test_philo_graph_atlas.py::test_summary_cases_do_not_claim_the_old_pangram
tests/unit/test_philo_graph_atlas.py::test_summary_stop_cases_require_a_real_active_meeting
tests/unit/test_philo_graph_atlas.py::test_the_two_schemas_agree_on_the_case_contract
tests/unit/test_philo_graph_atlas.py::test_every_case_validates_against_the_graph_case_schema
tests/unit/test_philo_graph_atlas.py::test_the_graph_predicate_enum_does_not_outrun_the_rig
tests/unit/test_philo_graph_atlas.py::test_a_case_without_a_predicate_is_unreachable_with_a_reason
tests/unit/test_philo_graph_atlas.py::test_every_council_reading_names_its_sources
tests/unit/test_philo_graph_atlas.py::test_no_precondition_check_compares_two_snapshots
tests/unit/test_philo_graph_atlas.py::test_every_precondition_check_observes_a_selector_or_a_route
tests/unit/test_philo_graph_atlas.py::test_no_check_asserts_the_result_the_trigger_must_produce
tests/unit/test_philo_graph_atlas.py::test_every_protocol_field_path_with_a_placeholder_is_a_json_pointer
tests/unit/test_philo_graph_atlas.py::test_no_step_acts_on_a_root_placeholder
tests/unit/test_philo_graph_atlas.py::test_navigation_steps_carry_no_selector
tests/unit/test_philo_graph_atlas.py::test_every_click_and_fill_names_a_control
tests/unit/test_philo_graph_atlas.py::test_every_desk_face_case_crosses_the_gate_first
tests/unit/test_philo_graph_atlas.py::test_no_gate_case_crosses_the_gate_in_setup
tests/unit/test_philo_graph_atlas.py::test_gate_cases_check_the_gate_not_the_desk
tests/unit/test_philo_graph_atlas.py::test_every_captured_id_names_the_field_it_reads
tests/unit/test_philo_graph_atlas.py::test_same_day_generate_again_binds_returned_displayed_and_retained
tests/unit/test_philo_graph_atlas.py::test_no_populated_brief_case_reads_the_headline
tests/unit/test_philo_graph_atlas.py::test_the_brief_recipe_fence_refuses_its_mutations
tests/unit/test_philo_graph_atlas.py::test_the_populated_brief_predicate_needs_the_minted_row
tests/unit/test_philo_graph_atlas.py::test_j11_kept_verifies_the_saved_words_in_the_store
tests/unit/test_philo_graph_atlas.py::test_same_day_same_id_fails_a_different_id_by_machine
tests/unit/test_philo_graph_atlas.py::test_j10_retention_is_proven_after_another_reload
tests/unit/test_philo_graph_atlas.py::test_summary_failure_settings_reach_the_real_drainer_after_restart
tests/unit/test_philo_graph_atlas.py::test_summary_no_engine_absence_is_read_inside_the_existing_meetings_scope
tests/unit/test_philo_graph_atlas.py::test_summary_reload_reads_the_same_already_persisted_summary
tests/unit/test_philo_graph_atlas.py::test_summary_terminal_cases_read_durable_meeting_not_active_queue[case.j6.run_summary.intel_ready-/intel_job/status]
tests/unit/test_philo_graph_atlas.py::test_summary_terminal_cases_read_durable_meeting_not_active_queue[case.j6.run_summary.host_named-/run_receipt/attempts/0/host]
tests/unit/test_ux_canon_ratchet.py::test_ratchet
tests/unit/test_ux_canon_ratchet.py::test_hard_zeros
tests/unit/test_ux_canon_ratchet.py::test_ceiling_carries_its_date_and_reason
tests/unit/test_ux_canon_ratchet.py::test_healing
tests/unit/test_evidence_scratch_guard.py::test_no_test_writes_into_tracked_evidence
tests/unit/test_evidence_scratch_guard.py::test_allowlist_files_exist

90 tests collected in 0.69s
