SHOT /private/var/folders/q7/5dzz5g2116b3lq8rhg7hwjrr0000gn/T/pytest-of-karol/pytest-9424/test_first_use_fence_1440_900_0/shots/fixture-speech-kept-1440.png
PASS: fixture speech became visible text and a kept note; PCM samples 9898
PASS: engine setup completed visibly without a reload
SHOT /private/var/folders/q7/5dzz5g2116b3lq8rhg7hwjrr0000gn/T/pytest-of-karol/pytest-9424/test_first_use_fence_1440_900_0/shots/engine-set-1440.png
PASS: Speak dock door fits and owns its hit target
PASS: Meetings dock door fits and owns its hit target
PASS: Desk memory dock door fits and owns its hit target
PASS: Desk menu door is reachable
PASS: Desk menu content loaded
PASS: Object menu door is reachable
PASS: Object menu content loaded
PASS: Go menu door is reachable
PASS: Go menu content loaded
PASS: Window menu door is reachable
PASS: Window menu content loaded
FAIL: Write a thought opens a note authoring surface
SHOT /private/var/folders/q7/5dzz5g2116b3lq8rhg7hwjrr0000gn/T/pytest-of-karol/pytest-9424/test_first_use_fence_1440_900_0/shots/thought-door-1440.png
FAIL: The edit has a new visible Kept receipt in its editor before Save
SHOT /private/var/folders/q7/5dzz5g2116b3lq8rhg7hwjrr0000gn/T/pytest-of-karol/pytest-9424/test_first_use_fence_1440_900_0/shots/save-confirmation-1440.png
SHOT /private/var/folders/q7/5dzz5g2116b3lq8rhg7hwjrr0000gn/T/pytest-of-karol/pytest-9424/test_first_use_fence_1440_900_0/shots/editor-kept-before-save-1440.png
PLANNED 127.0.0.1 sha256:9e2fd3bfcb2bc4c7b8c8c0285adb84c496a83db03e9cc80e0066b20ddb0be1f1
FAIL: The imported transcript exposes Run summary without a reload
SHOT /private/var/folders/q7/5dzz5g2116b3lq8rhg7hwjrr0000gn/T/pytest-of-karol/pytest-9424/test_first_use_fence_1440_900_0/shots/import-refresh-1440.png
RECOVERY: reopen the imported meeting after the recorded import refresh failure.
SHOT /private/var/folders/q7/5dzz5g2116b3lq8rhg7hwjrr0000gn/T/pytest-of-karol/pytest-9424/test_first_use_fence_1440_900_0/shots/planned-host-1440.png
RECEIPT succeeded sha256:9e2fd3bfcb2bc4c7b8c8c0285adb84c496a83db03e9cc80e0066b20ddb0be1f1 127.0.0.1
FAIL: The open record shows the completed summary and actual host without a reload
SHOT /private/var/folders/q7/5dzz5g2116b3lq8rhg7hwjrr0000gn/T/pytest-of-karol/pytest-9424/test_first_use_fence_1440_900_0/shots/record-refresh-1440.png
RECOVERY: reopen the persisted meeting after the recorded refresh failure.
PASS: the persisted summary and run receipt agree with the planned host
SHOT /private/var/folders/q7/5dzz5g2116b3lq8rhg7hwjrr0000gn/T/pytest-of-karol/pytest-9424/test_first_use_fence_1440_900_0/shots/summary-reopened-1440.png
Notes query highlighted: ▧ / Change places / PROGRAM / ⌘⇧P
FAIL: Typing Notes and Enter reaches notes
SHOT /private/var/folders/q7/5dzz5g2116b3lq8rhg7hwjrr0000gn/T/pytest-of-karol/pytest-9424/test_first_use_fence_1440_900_0/shots/notes-query-1440.png
PASS: refind the saved note and its body in two navigation moves
SHOT /private/var/folders/q7/5dzz5g2116b3lq8rhg7hwjrr0000gn/T/pytest-of-karol/pytest-9424/test_first_use_fence_1440_900_0/shots/note-after-restart-1440.png
PASS: refind the meeting summary in two navigation moves; its receipt survives in the hub
SHOT /private/var/folders/q7/5dzz5g2116b3lq8rhg7hwjrr0000gn/T/pytest-of-karol/pytest-9424/test_first_use_fence_1440_900_0/shots/meeting-after-restart-1440.png
FSHOT /private/var/folders/q7/5dzz5g2116b3lq8rhg7hwjrr0000gn/T/pytest-of-karol/pytest-9424/test_first_use_fence_393_852_0/shots/fixture-speech-kept-393.png
PASS: fixture speech became visible text and a kept note; PCM samples 9898
PASS: engine setup completed visibly without a reload
SHOT /private/var/folders/q7/5dzz5g2116b3lq8rhg7hwjrr0000gn/T/pytest-of-karol/pytest-9424/test_first_use_fence_393_852_0/shots/engine-set-393.png
PASS: Speak dock door fits and owns its hit target
PASS: Meetings dock door fits and owns its hit target
FAIL: Desk memory dock door fits and owns its hit target
SHOT /private/var/folders/q7/5dzz5g2116b3lq8rhg7hwjrr0000gn/T/pytest-of-karol/pytest-9424/test_first_use_fence_393_852_0/shots/dock-memory-393.png
SHOT /private/var/folders/q7/5dzz5g2116b3lq8rhg7hwjrr0000gn/T/pytest-of-karol/pytest-9424/test_first_use_fence_393_852_0/shots/folded-go-menu-393.png
FAIL: New Note is visible and reachable in the folded Go menu (missing from Go)
SHOT /private/var/folders/q7/5dzz5g2116b3lq8rhg7hwjrr0000gn/T/pytest-of-karol/pytest-9424/test_first_use_fence_393_852_0/shots/menu-Desk-393.png
FAIL: Open is visible and reachable as an Object entry in Go (missing from Go)
SHOT /private/var/folders/q7/5dzz5g2116b3lq8rhg7hwjrr0000gn/T/pytest-of-karol/pytest-9424/test_first_use_fence_393_852_0/shots/menu-Object-393.png
FAIL: Close window is visible and reachable as a Window entry in Go (missing from Go)
SHOT /private/var/folders/q7/5dzz5g2116b3lq8rhg7hwjrr0000gn/T/pytest-of-karol/pytest-9424/test_first_use_fence_393_852_0/shots/menu-Window-393.png
FAIL: Write a thought opens a note authoring surface
SHOT /private/var/folders/q7/5dzz5g2116b3lq8rhg7hwjrr0000gn/T/pytest-of-karol/pytest-9424/test_first_use_fence_393_852_0/shots/thought-door-393.png
RECOVERY: use New Note keyboard command after the recorded menu failure.
FAIL: The edit has a new visible Kept receipt in its editor before Save
SHOT /private/var/folders/q7/5dzz5g2116b3lq8rhg7hwjrr0000gn/T/pytest-of-karol/pytest-9424/test_first_use_fence_393_852_0/shots/save-confirmation-393.png
SHOT /private/var/folders/q7/5dzz5g2116b3lq8rhg7hwjrr0000gn/T/pytest-of-karol/pytest-9424/test_first_use_fence_393_852_0/shots/editor-kept-before-save-393.png
PLANNED 127.0.0.1 sha256:fa52864d741f098b8996ddb8af9fec2c9173f4aba2337c69dd4597dd2684dc1e
FAIL: The imported transcript exposes Run summary without a reload
SHOT /private/var/folders/q7/5dzz5g2116b3lq8rhg7hwjrr0000gn/T/pytest-of-karol/pytest-9424/test_first_use_fence_393_852_0/shots/import-refresh-393.png
RECOVERY: reopen the imported meeting after the recorded import refresh failure.
SHOT /private/var/folders/q7/5dzz5g2116b3lq8rhg7hwjrr0000gn/T/pytest-of-karol/pytest-9424/test_first_use_fence_393_852_0/shots/planned-host-393.png
RECEIPT succeeded sha256:fa52864d741f098b8996ddb8af9fec2c9173f4aba2337c69dd4597dd2684dc1e 127.0.0.1
FAIL: The open record shows the completed summary and actual host without a reload
SHOT /private/var/folders/q7/5dzz5g2116b3lq8rhg7hwjrr0000gn/T/pytest-of-karol/pytest-9424/test_first_use_fence_393_852_0/shots/record-refresh-393.png
RECOVERY: reopen the persisted meeting after the recorded refresh failure.
PASS: the persisted summary and run receipt agree with the planned host
SHOT /private/var/folders/q7/5dzz5g2116b3lq8rhg7hwjrr0000gn/T/pytest-of-karol/pytest-9424/test_first_use_fence_393_852_0/shots/summary-reopened-393.png
Notes query highlighted: ▧ / Change places / PROGRAM / ⌘⇧P
FAIL: Typing Notes and Enter reaches notes
SHOT /private/var/folders/q7/5dzz5g2116b3lq8rhg7hwjrr0000gn/T/pytest-of-karol/pytest-9424/test_first_use_fence_393_852_0/shots/notes-query-393.png
PASS: refind the saved note and its body in two navigation moves
SHOT /private/var/folders/q7/5dzz5g2116b3lq8rhg7hwjrr0000gn/T/pytest-of-karol/pytest-9424/test_first_use_fence_393_852_0/shots/note-after-restart-393.png
PASS: refind the meeting summary in two navigation moves; its receipt survives in the hub
SHOT /private/var/folders/q7/5dzz5g2116b3lq8rhg7hwjrr0000gn/T/pytest-of-karol/pytest-9424/test_first_use_fence_393_852_0/shots/meeting-after-restart-393.png
F
=================================== FAILURES ===================================
________________________ test_first_use_fence[1440-900] ________________________
tests/e2e/test_hs202_first_use_smoke.py:579: in test_first_use_fence
    assert not failures, f"{width}: first-use steps failed: {', '.join(sorted(failures))}"
E   AssertionError: 1440: first-use steps failed: import-refresh, notes-query, record-refresh, save-confirmation, thought-door
E   assert not {'import-refresh', 'notes-query', 'record-refresh', 'save-confirmation', 'thought-door'}
------------------------------ Captured log call -------------------------------
WARNING  holdspeak.intel_queue_conductor:intel_queue_conductor.py:130 Intel queue drainer is OFF: this process does not own the database.
WARNING  holdspeak.intel_queue_conductor:intel_queue_conductor.py:130 Intel queue drainer is OFF: this process does not own the database.
________________________ test_first_use_fence[393-852] _________________________
tests/e2e/test_hs202_first_use_smoke.py:579: in test_first_use_fence
    assert not failures, f"{width}: first-use steps failed: {', '.join(sorted(failures))}"
E   AssertionError: 393: first-use steps failed: dock-memory, import-refresh, menu-Desk, menu-Object, menu-Window, notes-query, record-refresh, save-confirmation, thought-door
E   assert not {'dock-memory', 'import-refresh', 'menu-Desk', 'menu-Object', 'menu-Window', 'notes-query', ...}
------------------------------ Captured log call -------------------------------
WARNING  holdspeak.intel_queue_conductor:intel_queue_conductor.py:130 Intel queue drainer is OFF: this process does not own the database.
WARNING  holdspeak.intel_queue_conductor:intel_queue_conductor.py:130 Intel queue drainer is OFF: this process does not own the database.
=========================== short test summary info ============================
FAILED tests/e2e/test_hs202_first_use_smoke.py::test_first_use_fence[1440-900]
FAILED tests/e2e/test_hs202_first_use_smoke.py::test_first_use_fence[393-852]
2 failed in 87.76s (0:01:27)
