SHOT /private/var/folders/q7/5dzz5g2116b3lq8rhg7hwjrr0000gn/T/pytest-of-karol/pytest-9426/test_first_use_fence_1440_900_0/shots/fixture-speech-kept-1440.png
PASS: fixture speech became visible text and a kept note; PCM samples 9898
PASS: engine setup completed visibly without a reload
SHOT /private/var/folders/q7/5dzz5g2116b3lq8rhg7hwjrr0000gn/T/pytest-of-karol/pytest-9426/test_first_use_fence_1440_900_0/shots/engine-set-1440.png
PASS: Speak dock door fits and owns its hit target
PASS: Meetings dock door fits and owns its hit target
PASS: Desk memory dock door fits and owns its hit target
PASS: Desk menu door is reachable
PASS: Desk menu content loaded
PASS: Object menu door is reachable
PASS: Object menu content loaded
PASS: Go menu door is reachable
PASS: Go menu content loaded
PASS: Window menu door is reachable
PASS: Window menu content loaded
FAIL: Write a thought opens a note authoring surface
SHOT /private/var/folders/q7/5dzz5g2116b3lq8rhg7hwjrr0000gn/T/pytest-of-karol/pytest-9426/test_first_use_fence_1440_900_0/shots/thought-door-1440.png
FAIL: The edit has a new visible Kept receipt in its editor before Save
SHOT /private/var/folders/q7/5dzz5g2116b3lq8rhg7hwjrr0000gn/T/pytest-of-karol/pytest-9426/test_first_use_fence_1440_900_0/shots/save-confirmation-1440.png
SHOT /private/var/folders/q7/5dzz5g2116b3lq8rhg7hwjrr0000gn/T/pytest-of-karol/pytest-9426/test_first_use_fence_1440_900_0/shots/editor-kept-before-save-1440.png
PLANNED 127.0.0.1 sha256:40bbfc74fdb6ded618d7c0ccd9a254bdd8d0e9041d88d7189020eec11f5d24c1
FAIL: The imported transcript exposes Run summary without a reload
SHOT /private/var/folders/q7/5dzz5g2116b3lq8rhg7hwjrr0000gn/T/pytest-of-karol/pytest-9426/test_first_use_fence_1440_900_0/shots/import-refresh-1440.png
RECOVERY: reopen the imported meeting after the recorded import refresh failure.
SHOT /private/var/folders/q7/5dzz5g2116b3lq8rhg7hwjrr0000gn/T/pytest-of-karol/pytest-9426/test_first_use_fence_1440_900_0/shots/planned-host-1440.png
RECEIPT succeeded sha256:40bbfc74fdb6ded618d7c0ccd9a254bdd8d0e9041d88d7189020eec11f5d24c1 127.0.0.1
FAIL: The open record shows the completed summary and actual host without a reload
SHOT /private/var/folders/q7/5dzz5g2116b3lq8rhg7hwjrr0000gn/T/pytest-of-karol/pytest-9426/test_first_use_fence_1440_900_0/shots/record-refresh-1440.png
RECOVERY: reopen the persisted meeting after the recorded refresh failure.
PASS: the persisted summary and run receipt agree with the planned host
SHOT /private/var/folders/q7/5dzz5g2116b3lq8rhg7hwjrr0000gn/T/pytest-of-karol/pytest-9426/test_first_use_fence_1440_900_0/shots/summary-reopened-1440.png
Notes query highlighted: ▧ / Change places / PROGRAM / ⌘⇧P
FAIL: Typing Notes and Enter reaches notes
SHOT /private/var/folders/q7/5dzz5g2116b3lq8rhg7hwjrr0000gn/T/pytest-of-karol/pytest-9426/test_first_use_fence_1440_900_0/shots/notes-query-1440.png
PASS: refind the saved note and its body in two navigation moves
SHOT /private/var/folders/q7/5dzz5g2116b3lq8rhg7hwjrr0000gn/T/pytest-of-karol/pytest-9426/test_first_use_fence_1440_900_0/shots/note-after-restart-1440.png
PASS: refind the meeting summary in two navigation moves; its receipt survives in the hub
SHOT /private/var/folders/q7/5dzz5g2116b3lq8rhg7hwjrr0000gn/T/pytest-of-karol/pytest-9426/test_first_use_fence_1440_900_0/shots/meeting-after-restart-1440.png
VERIFIED exact expected failures: 1440 ['import-refresh', 'notes-query', 'record-refresh', 'save-confirmation', 'thought-door']
.SHOT /private/var/folders/q7/5dzz5g2116b3lq8rhg7hwjrr0000gn/T/pytest-of-karol/pytest-9426/test_first_use_fence_393_852_0/shots/fixture-speech-kept-393.png
PASS: fixture speech became visible text and a kept note; PCM samples 10239
PASS: engine setup completed visibly without a reload
SHOT /private/var/folders/q7/5dzz5g2116b3lq8rhg7hwjrr0000gn/T/pytest-of-karol/pytest-9426/test_first_use_fence_393_852_0/shots/engine-set-393.png
PASS: Speak dock door fits and owns its hit target
PASS: Meetings dock door fits and owns its hit target
FAIL: Desk memory dock door fits and owns its hit target
SHOT /private/var/folders/q7/5dzz5g2116b3lq8rhg7hwjrr0000gn/T/pytest-of-karol/pytest-9426/test_first_use_fence_393_852_0/shots/dock-memory-393.png
SHOT /private/var/folders/q7/5dzz5g2116b3lq8rhg7hwjrr0000gn/T/pytest-of-karol/pytest-9426/test_first_use_fence_393_852_0/shots/folded-go-menu-393.png
FAIL: New Note is visible and reachable in the folded Go menu (missing from Go)
SHOT /private/var/folders/q7/5dzz5g2116b3lq8rhg7hwjrr0000gn/T/pytest-of-karol/pytest-9426/test_first_use_fence_393_852_0/shots/menu-Desk-393.png
FAIL: Open is visible and reachable as an Object entry in Go (missing from Go)
SHOT /private/var/folders/q7/5dzz5g2116b3lq8rhg7hwjrr0000gn/T/pytest-of-karol/pytest-9426/test_first_use_fence_393_852_0/shots/menu-Object-393.png
FAIL: Close window is visible and reachable as a Window entry in Go (missing from Go)
SHOT /private/var/folders/q7/5dzz5g2116b3lq8rhg7hwjrr0000gn/T/pytest-of-karol/pytest-9426/test_first_use_fence_393_852_0/shots/menu-Window-393.png
FAIL: Write a thought opens a note authoring surface
SHOT /private/var/folders/q7/5dzz5g2116b3lq8rhg7hwjrr0000gn/T/pytest-of-karol/pytest-9426/test_first_use_fence_393_852_0/shots/thought-door-393.png
RECOVERY: use New Note keyboard command after the recorded menu failure.
FAIL: The edit has a new visible Kept receipt in its editor before Save
SHOT /private/var/folders/q7/5dzz5g2116b3lq8rhg7hwjrr0000gn/T/pytest-of-karol/pytest-9426/test_first_use_fence_393_852_0/shots/save-confirmation-393.png
SHOT /private/var/folders/q7/5dzz5g2116b3lq8rhg7hwjrr0000gn/T/pytest-of-karol/pytest-9426/test_first_use_fence_393_852_0/shots/editor-kept-before-save-393.png
PLANNED 127.0.0.1 sha256:5df7abee67ba9dc4862d0a2b4a69728465ccd9970c41b49b19636722b7b7cea4
FAIL: The imported transcript exposes Run summary without a reload
SHOT /private/var/folders/q7/5dzz5g2116b3lq8rhg7hwjrr0000gn/T/pytest-of-karol/pytest-9426/test_first_use_fence_393_852_0/shots/import-refresh-393.png
RECOVERY: reopen the imported meeting after the recorded import refresh failure.
SHOT /private/var/folders/q7/5dzz5g2116b3lq8rhg7hwjrr0000gn/T/pytest-of-karol/pytest-9426/test_first_use_fence_393_852_0/shots/planned-host-393.png
RECEIPT succeeded sha256:5df7abee67ba9dc4862d0a2b4a69728465ccd9970c41b49b19636722b7b7cea4 127.0.0.1
FAIL: The open record shows the completed summary and actual host without a reload
SHOT /private/var/folders/q7/5dzz5g2116b3lq8rhg7hwjrr0000gn/T/pytest-of-karol/pytest-9426/test_first_use_fence_393_852_0/shots/record-refresh-393.png
RECOVERY: reopen the persisted meeting after the recorded refresh failure.
PASS: the persisted summary and run receipt agree with the planned host
SHOT /private/var/folders/q7/5dzz5g2116b3lq8rhg7hwjrr0000gn/T/pytest-of-karol/pytest-9426/test_first_use_fence_393_852_0/shots/summary-reopened-393.png
Notes query highlighted: ▧ / Change places / PROGRAM / ⌘⇧P
FAIL: Typing Notes and Enter reaches notes
SHOT /private/var/folders/q7/5dzz5g2116b3lq8rhg7hwjrr0000gn/T/pytest-of-karol/pytest-9426/test_first_use_fence_393_852_0/shots/notes-query-393.png
PASS: refind the saved note and its body in two navigation moves
SHOT /private/var/folders/q7/5dzz5g2116b3lq8rhg7hwjrr0000gn/T/pytest-of-karol/pytest-9426/test_first_use_fence_393_852_0/shots/note-after-restart-393.png
PASS: refind the meeting summary in two navigation moves; its receipt survives in the hub
SHOT /private/var/folders/q7/5dzz5g2116b3lq8rhg7hwjrr0000gn/T/pytest-of-karol/pytest-9426/test_first_use_fence_393_852_0/shots/meeting-after-restart-393.png
VERIFIED exact expected failures: 393 ['dock-memory', 'import-refresh', 'menu-Desk', 'menu-Object', 'menu-Window', 'notes-query', 'record-refresh', 'save-confirmation', 'thought-door']
....ratchet: A3-prose 48 -> 43 -- lower the ceiling
ratchet: B 32 -> 30 -- lower the ceiling
.
6 passed in 92.95s (0:01:32)
