
 RUN  v4.1.9 /Users/karol/dev/tools/wt-philo-6-b/web

 ✓ src/desk/components/__tests__/writeReceipts.test.tsx > HS-132-06 workbench write receipts > names a refused ADD ITEM and keeps the typed instruction 344ms
 ✓ src/desk/components/__tests__/writeReceipts.test.tsx > HS-132-06 workbench write receipts > re-issues the refused add when RETRY is pressed 207ms
 ✓ src/desk/components/__tests__/writeReceipts.test.tsx > HS-132-06 workbench write receipts > names a refused DISMISS ITEM 91ms
 ✓ src/desk/components/__tests__/writeReceipts.test.tsx > HS-132-06 workbench write receipts > names a refused RE-RUN ITEM 107ms
 ✓ src/desk/components/__tests__/writeReceipts.test.tsx > HS-132-06 workbench write receipts > names a refused RETRY MINT 96ms
 ✓ src/desk/components/__tests__/writeReceipts.test.tsx > HS-132-06 workbench write receipts > names a refused RUN 65ms
 ✓ src/desk/components/__tests__/writeReceipts.test.tsx > HS-132-06 workbench write receipts > names a refused DROP TO WORK and a malformed drop 28ms
 ✓ src/desk/components/__tests__/writeReceipts.test.tsx > HS-132-06 workbench write receipts > stays quiet when the hub takes the write 139ms
 ✓ src/desk/components/__tests__/writeReceipts.test.tsx > HS-132-06 desk-floor write receipts > names a refused SEED DESK on the empty floor 41ms
 ✓ src/desk/components/__tests__/writeReceipts.test.tsx > HS-132-06 desk-floor write receipts > names a refused CREATE NOTE on the empty floor 23ms
 ✓ src/desk/components/__tests__/writeReceipts.test.tsx > HS-132-06 desk-floor write receipts > keeps a landed create quiet 1ms
 ✓ src/desk/components/__tests__/writeReceipts.test.tsx > HS-132-06 populated-floor write receipts > names a refused floor-menu create in the system bar, and retries 48ms
 ✓ src/desk/components/__tests__/writeReceipts.test.tsx > HS-132-06 populated-floor write receipts > prints one receipt only: a nearer line silences the system bar 8ms
 ✓ src/desk/__tests__/philo605DecisionBodyDiagnosis.test.tsx > PHILO-6-05 decision body fences > rolls a failed save back to the prior body before a slow refresh resolves 134ms
 ✓ src/desk/__tests__/philo605DecisionBodyDiagnosis.test.tsx > PHILO-6-05 decision body fences > keeps the prior body when a refused save's refresh fails 18ms
 ✓ src/desk/__tests__/philo605DecisionBodyDiagnosis.test.tsx > PHILO-6-05 decision body fences > negative control: a held pullout prop stays stale after the store write 78ms
 ✓ src/desk/__tests__/philo605DecisionBodyDiagnosis.test.tsx > PHILO-6-05 decision body fences > does not reproduce when the production host derives the object from items 65ms
 ✓ src/desk/__tests__/philo605DecisionBodyDiagnosis.test.tsx > PHILO-6-05 decision body fences > keeps an optimistic body when a pre-write refresh resolves 65ms
 ✓ src/desk/__tests__/philo605DecisionBodyDiagnosis.test.tsx > PHILO-6-05 decision body fences > keeps an optimistic body when a refresh starts during a pending write 13ms
 ✓ src/desk/__tests__/philo605DecisionBodyDiagnosis.test.tsx > PHILO-6-05 decision body fences > does not let an older refusal roll back or receipt a newer decision write 14ms
 ✓ src/desk/__tests__/philo301DecisionNoLoss.test.tsx > PHILO-3-01 no data loss on an immediate reopen > save -> close -> reopen inside the marker -> Done keeps the text 193ms
 ✓ src/desk/__tests__/philo301RetryKept.test.tsx > PHILO-3-01 a read failure never takes a pending write's Retry > create fails, read fails, both recover, Retry creates the record 45ms
 ✓ src/desk/__tests__/writeReceiptGuard.test.ts > HS-132-06 swallowed-write guard > flags a write caught into an empty block 2ms
 ✓ src/desk/__tests__/writeReceiptGuard.test.ts > HS-132-06 swallowed-write guard > flags a bare apiRequest swallow with a named binding 0ms
 ✓ src/desk/__tests__/writeReceiptGuard.test.ts > HS-132-06 swallowed-write guard > passes a write that reports into the receipt channel 0ms
 ✓ src/desk/__tests__/writeReceiptGuard.test.ts > HS-132-06 swallowed-write guard > ignores bare catches that guard no write 0ms
 ✓ src/desk/__tests__/writeReceiptGuard.test.ts > HS-132-06 swallowed-write guard > keeps every desk write out of a bare catch 4ms
 ✓ src/desk/__tests__/writeReceiptGuard.test.ts > HS-132-06 swallowed-write guard > keeps the debt ledger pointed at real files 1ms
 ✓ src/desk/__tests__/writeReceiptGuard.test.ts > HS-132-06 swallowed-write guard > leaves the wired surfaces with no swallowed write at all 0ms

 Test Files  5 passed (5)
      Tests  29 passed (29)
   Start at  21:18:28
   Duration  6.06s (transform 1.85s, setup 210ms, import 2.76s, tests 1.84s, environment 886ms)

