
 RUN  v4.1.9 /Users/karol/dev/tools/wt-philo-6-b/web

 ✓ src/desk/components/__tests__/writeReceipts.test.tsx > HS-132-06 workbench write receipts > names a refused ADD ITEM and keeps the typed instruction 335ms
 ✓ src/desk/components/__tests__/writeReceipts.test.tsx > HS-132-06 workbench write receipts > re-issues the refused add when RETRY is pressed 206ms
 ✓ src/desk/components/__tests__/writeReceipts.test.tsx > HS-132-06 workbench write receipts > names a refused DISMISS ITEM 95ms
 ✓ src/desk/components/__tests__/writeReceipts.test.tsx > HS-132-06 workbench write receipts > names a refused RE-RUN ITEM 108ms
 ✓ src/desk/components/__tests__/writeReceipts.test.tsx > HS-132-06 workbench write receipts > names a refused RETRY MINT 91ms
 ✓ src/desk/components/__tests__/writeReceipts.test.tsx > HS-132-06 workbench write receipts > names a refused RUN 64ms
 ✓ src/desk/components/__tests__/writeReceipts.test.tsx > HS-132-06 workbench write receipts > names a refused DROP TO WORK and a malformed drop 27ms
 ✓ src/desk/components/__tests__/writeReceipts.test.tsx > HS-132-06 workbench write receipts > stays quiet when the hub takes the write 140ms
 ✓ src/desk/components/__tests__/writeReceipts.test.tsx > HS-132-06 desk-floor write receipts > names a refused SEED DESK on the empty floor 40ms
 ✓ src/desk/components/__tests__/writeReceipts.test.tsx > HS-132-06 desk-floor write receipts > names a refused CREATE NOTE on the empty floor 22ms
 ✓ src/desk/components/__tests__/writeReceipts.test.tsx > HS-132-06 desk-floor write receipts > keeps a landed create quiet 1ms
 ✓ src/desk/components/__tests__/writeReceipts.test.tsx > HS-132-06 populated-floor write receipts > names a refused floor-menu create in the system bar, and retries 49ms
 ✓ src/desk/components/__tests__/writeReceipts.test.tsx > HS-132-06 populated-floor write receipts > prints one receipt only: a nearer line silences the system bar 8ms
 ✓ src/desk/__tests__/philo605DecisionBodyDiagnosis.test.tsx > PHILO-6-05 decision body fences > rolls a failed save back to the prior body before a slow refresh resolves 138ms
 ✓ src/desk/__tests__/philo605DecisionBodyDiagnosis.test.tsx > PHILO-6-05 decision body fences > keeps the prior body when a refused save's refresh fails 18ms
 ✓ src/desk/__tests__/philo605DecisionBodyDiagnosis.test.tsx > PHILO-6-05 decision body fences > negative control: a held pullout prop stays stale after the store write 85ms
 ✓ src/desk/__tests__/philo605DecisionBodyDiagnosis.test.tsx > PHILO-6-05 decision body fences > does not reproduce when the production host derives the object from items 61ms
 ✓ src/desk/__tests__/philo605DecisionBodyDiagnosis.test.tsx > PHILO-6-05 decision body fences > keeps an optimistic body when a pre-write refresh resolves 66ms
 ✓ src/desk/__tests__/philo605DecisionBodyDiagnosis.test.tsx > PHILO-6-05 decision body fences > keeps an optimistic body when a refresh starts during a pending write 13ms
 ✓ src/desk/__tests__/philo605DecisionBodyDiagnosis.test.tsx > PHILO-6-05 decision body fences > does not let an older refusal roll back or receipt a newer decision write 12ms
 ✓ src/desk/__tests__/philo301DecisionNoLoss.test.tsx > PHILO-3-01 no data loss on an immediate reopen > save -> close -> reopen inside the marker -> Done keeps the text 192ms
 ✓ src/desk/__tests__/philo301RetryKept.test.tsx > PHILO-3-01 a read failure never takes a pending write's Retry > create fails, read fails, both recover, Retry creates the record 45ms
 ✓ src/desk/__tests__/writeReceiptGuard.test.ts > HS-132-06 swallowed-write guard > flags a write caught into an empty block 2ms
 ✓ src/desk/__tests__/writeReceiptGuard.test.ts > HS-132-06 swallowed-write guard > flags a bare apiRequest swallow with a named binding 0ms
 ✓ src/desk/__tests__/writeReceiptGuard.test.ts > HS-132-06 swallowed-write guard > passes a write that reports into the receipt channel 0ms
 ✓ src/desk/__tests__/writeReceiptGuard.test.ts > HS-132-06 swallowed-write guard > ignores bare catches that guard no write 0ms
 ✓ src/desk/__tests__/writeReceiptGuard.test.ts > HS-132-06 swallowed-write guard > keeps every desk write out of a bare catch 4ms
 ✓ src/desk/__tests__/writeReceiptGuard.test.ts > HS-132-06 swallowed-write guard > keeps the debt ledger pointed at real files 1ms
 ✓ src/desk/__tests__/writeReceiptGuard.test.ts > HS-132-06 swallowed-write guard > leaves the wired surfaces with no swallowed write at all 0ms

 Test Files  5 passed (5)
      Tests  29 passed (29)
   Start at  21:14:55
   Duration  5.95s (transform 1.78s, setup 215ms, import 2.68s, tests 1.83s, environment 863ms)

