......F................................F................................ [ 75%]
.......................                                                  [100%]
=================================== FAILURES ===================================
______ test_atlas_validates_against_its_schema[atlas-phase12-source.json] ______

every_atlas = {'atlas_version': 'phase12-artifact-source', 'cases': [{'applicability': 'applicable', 'completion_bound_s': 10, 'edge... durable prepared row and succeeded receipt; it has not been sent.'}, ...}], 'clocks': [], 'council_readings': [], ...}
schema = {'$defs': {'case': {'additionalProperties': False, 'allOf': [{'if': {'properties': {...}, 'required': [...]}, 'then': ...raph/atlas.schema.json', '$schema': 'https://json-schema.org/draft/2020-12/schema', 'additionalProperties': False, ...}

    def test_atlas_validates_against_its_schema(every_atlas: dict, schema: dict) -> None:
        errors = sorted(
            Draft202012Validator(schema).iter_errors(every_atlas),
            key=lambda e: list(e.absolute_path),
        )
>       assert not errors, "\n".join(
            f"{'/'.join(str(p) for p in e.absolute_path)}: {e.message}" for e in errors[:20]
        )
E       AssertionError: cases/0/job: 'p12' is not one of ['j1', 'j2', 'j3', 'j4', 'j5', 'j6', 'j7', 'j8', 'j9', 'j10', 'j11', 'beyond', 'a1', 'a2', 'a3', 'a4', 'p7', 'p8', 'p9', 'p10', 'p11']
E         cases/1/job: 'p12' is not one of ['j1', 'j2', 'j3', 'j4', 'j5', 'j6', 'j7', 'j8', 'j9', 'j10', 'j11', 'beyond', 'a1', 'a2', 'a3', 'a4', 'p7', 'p8', 'p9', 'p10', 'p11']
E         clocks: [] should be non-empty
E         source_commit: '27d8bf1a' does not match '^[0-9a-f]{40}$'
E       assert not [<ValidationError: "'p12' is not one of ['j1', 'j2', 'j3', 'j4', 'j5', 'j6', 'j7', 'j8', 'j9', 'j10', 'j11', 'beyond',...'p11']">, <ValidationError: '[] should be non-empty'>, <ValidationError: "'27d8bf1a' does not match '^[0-9a-f]{40}$'">]

tests/unit/test_philo_graph_atlas.py:148: AssertionError
________ test_operation_siblings_use_headless_reads_and_canonical_steps ________

    def test_operation_siblings_use_headless_reads_and_canonical_steps() -> None:
        """Operation siblings prove the same durable result through the hub.
    
        Their observation is an operation object, so the rig can call a durable
        read after the trigger.  A refusal must observe that retained read while
        the trigger's own refusal record remains the only mutating result.
        """
        siblings = [
            case
            for path in ATLAS_FILES
            for case in json.loads(path.read_text())['cases']
            if case['id'].endswith('.op') or case['id'].endswith('.op.replayed')
        ]
        # 19 Phase 5 op siblings plus two replay variants; PHILO-7-03 adds 18
        # (atlas-phase7.json: nine desk pairs, two receipt cases, four refusal
        # receipts, three note siblings). PHILO-8-03 adds 5 (atlas-phase8.json:
        # two zones, the rename, the taken name, the list delete, two deletes).
        # PHILO-9-05 adds 1 (atlas-phase9.json: the Room's mark delivered).
        # PHILO-10-05 adds 12 (atlas-phase10.json: the Send's durable outcomes and
        # its transitions -- replay, Send and Discard in both orders).
        # PHILO-11-02 adds 3 Slack protocol cases on the same lifecycle.
>       assert len(siblings) == 60
E       assert 61 == 60
E        +  where 61 = len([{'applicability': 'applicable', 'completion_bound_s': 30, 'edge_ids': ['edge.tool.channel_send'], 'expected': {'obser... the kernel holds its indeterminate receipt with the owner as actor; ONE gh create. New (no red claimed)."}, ...}, ...])

tests/unit/test_philo_graph_atlas.py:490: AssertionError
=========================== short test summary info ============================
FAILED tests/unit/test_philo_graph_atlas.py::test_atlas_validates_against_its_schema[atlas-phase12-source.json]
FAILED tests/unit/test_philo_graph_atlas.py::test_operation_siblings_use_headless_reads_and_canonical_steps
2 failed, 93 passed in 1.06s
