
 RUN  v4.1.9 /Users/karol/dev/tools/wt-philo-12-01/web

 ✓ src/desk/floorSendBinding.test.ts > Floor send binding > exposes send only for the four primitive document kinds 1ms
 ✓ src/desk/floorSendBinding.test.ts > Floor send binding > binds decision to its exact document reference 0ms
 ✓ src/desk/floorSendBinding.test.ts > Floor send binding > binds artifact to its exact document reference 0ms
 ✓ src/desk/floorSendBinding.test.ts > Floor send binding > binds meeting summary to its exact document reference 0ms
 ✓ src/desk/floorSendBinding.test.ts > Floor send binding > binds meeting digest to its exact document reference 0ms
 ✓ src/desk/floorSendBinding.test.ts > Floor send binding > binds meeting followup to its exact document reference 0ms
 ✓ src/desk/floorSendBinding.test.ts > Floor send binding > binds project latest published update to its exact document reference 0ms
 ✓ src/desk/floorSendBinding.test.ts > Floor send binding > binds brief exact stored id to its exact document reference 0ms
 ✓ src/desk/floorSendBinding.test.ts > Floor send binding > defaults a meeting to Summary 0ms
 ✓ src/desk/floorSendBinding.test.ts > Floor send binding > names the known absence for meeting without a summary 0ms
 ✓ src/desk/floorSendBinding.test.ts > Floor send binding > names the known absence for project without a published update 0ms
 ✓ src/desk/floorSendBinding.test.ts > Floor send binding > names the known absence for parked destination 0ms
 ✓ src/desk/floorSendBinding.test.ts > Floor send binding > keeps a unread fact pending instead of refusing 0ms
 ✓ src/desk/floorSendBinding.test.ts > Floor send binding > keeps a loading fact pending instead of refusing 0ms
 ✓ src/desk/floorSendBinding.test.ts > Floor send binding > keeps a failed fact pending instead of refusing 0ms
 ✓ src/desk/floorSendBinding.test.ts > Floor send binding > keeps destination and brief as explicit nonprimitive projection data 0ms

 Test Files  1 passed (1)
      Tests  16 passed (16)
   Start at  20:29:44
   Duration  309ms (transform 37ms, setup 54ms, import 25ms, tests 4ms, environment 159ms)

