tests/unit/test_api_surface.py::test_committed_manifest_matches_the_live_app
tests/unit/test_api_surface.py::test_committed_markdown_matches_the_manifest
tests/unit/test_api_surface.py::test_clients_only_call_served_routes
tests/unit/test_api_surface.py::test_manifest_is_not_vacuous
tests/unit/test_api_surface.py::test_extractors_see_the_real_call_sites
tests/unit/test_api_surface.py::test_committed_openapi_matches_reference_app
tests/unit/test_philo9_atlas.py::test_the_general_fences_hold_for_each_phase9_file[test_every_case_state_id_resolves-atlas-phase9.json]
tests/unit/test_philo9_atlas.py::test_the_general_fences_hold_for_each_phase9_file[test_every_case_state_id_resolves-atlas-phase9-steward.json]
tests/unit/test_philo9_atlas.py::test_the_general_fences_hold_for_each_phase9_file[test_every_case_reference_inside_the_atlas_resolves-atlas-phase9.json]
tests/unit/test_philo9_atlas.py::test_the_general_fences_hold_for_each_phase9_file[test_every_case_reference_inside_the_atlas_resolves-atlas-phase9-steward.json]
tests/unit/test_philo9_atlas.py::test_the_general_fences_hold_for_each_phase9_file[test_every_clock_a_case_uses_is_declared-atlas-phase9.json]
tests/unit/test_philo9_atlas.py::test_the_general_fences_hold_for_each_phase9_file[test_every_clock_a_case_uses_is_declared-atlas-phase9-steward.json]
tests/unit/test_philo9_atlas.py::test_the_general_fences_hold_for_each_phase9_file[test_every_applicable_case_carries_one_trigger-atlas-phase9.json]
tests/unit/test_philo9_atlas.py::test_the_general_fences_hold_for_each_phase9_file[test_every_applicable_case_carries_one_trigger-atlas-phase9-steward.json]
tests/unit/test_philo9_atlas.py::test_the_general_fences_hold_for_each_phase9_file[test_face_cases_carry_both_ruled_viewports-atlas-phase9.json]
tests/unit/test_philo9_atlas.py::test_the_general_fences_hold_for_each_phase9_file[test_face_cases_carry_both_ruled_viewports-atlas-phase9-steward.json]
tests/unit/test_philo9_atlas.py::test_the_general_fences_hold_for_each_phase9_file[test_every_applicable_predicate_is_a_kind_the_rig_implements-atlas-phase9.json]
tests/unit/test_philo9_atlas.py::test_the_general_fences_hold_for_each_phase9_file[test_every_applicable_predicate_is_a_kind_the_rig_implements-atlas-phase9-steward.json]
tests/unit/test_philo9_atlas.py::test_the_general_fences_hold_for_each_phase9_file[test_every_predicate_observes_a_selector_or_a_route-atlas-phase9.json]
tests/unit/test_philo9_atlas.py::test_the_general_fences_hold_for_each_phase9_file[test_every_predicate_observes_a_selector_or_a_route-atlas-phase9-steward.json]
tests/unit/test_philo9_atlas.py::test_the_general_fences_hold_for_each_phase9_file[test_every_case_keeps_its_human_sentence-atlas-phase9.json]
tests/unit/test_philo9_atlas.py::test_the_general_fences_hold_for_each_phase9_file[test_every_case_keeps_its_human_sentence-atlas-phase9-steward.json]
tests/unit/test_philo9_atlas.py::test_the_general_fences_hold_for_each_phase9_file[test_every_ui_action_is_one_the_rig_implements-atlas-phase9.json]
tests/unit/test_philo9_atlas.py::test_the_general_fences_hold_for_each_phase9_file[test_every_ui_action_is_one_the_rig_implements-atlas-phase9-steward.json]
tests/unit/test_philo9_atlas.py::test_the_general_fences_hold_for_each_phase9_file[test_no_precondition_check_compares_two_snapshots-atlas-phase9.json]
tests/unit/test_philo9_atlas.py::test_the_general_fences_hold_for_each_phase9_file[test_no_precondition_check_compares_two_snapshots-atlas-phase9-steward.json]
tests/unit/test_philo9_atlas.py::test_the_general_fences_hold_for_each_phase9_file[test_every_precondition_check_observes_a_selector_or_a_route-atlas-phase9.json]
tests/unit/test_philo9_atlas.py::test_the_general_fences_hold_for_each_phase9_file[test_every_precondition_check_observes_a_selector_or_a_route-atlas-phase9-steward.json]
tests/unit/test_philo9_atlas.py::test_the_general_fences_hold_for_each_phase9_file[test_no_check_asserts_the_result_the_trigger_must_produce-atlas-phase9.json]
tests/unit/test_philo9_atlas.py::test_the_general_fences_hold_for_each_phase9_file[test_no_check_asserts_the_result_the_trigger_must_produce-atlas-phase9-steward.json]
tests/unit/test_philo9_atlas.py::test_the_general_fences_hold_for_each_phase9_file[test_no_step_acts_on_a_root_placeholder-atlas-phase9.json]
tests/unit/test_philo9_atlas.py::test_the_general_fences_hold_for_each_phase9_file[test_no_step_acts_on_a_root_placeholder-atlas-phase9-steward.json]
tests/unit/test_philo9_atlas.py::test_the_general_fences_hold_for_each_phase9_file[test_navigation_steps_carry_no_selector-atlas-phase9.json]
tests/unit/test_philo9_atlas.py::test_the_general_fences_hold_for_each_phase9_file[test_navigation_steps_carry_no_selector-atlas-phase9-steward.json]
tests/unit/test_philo9_atlas.py::test_the_general_fences_hold_for_each_phase9_file[test_every_desk_face_case_crosses_the_gate_first-atlas-phase9.json]
tests/unit/test_philo9_atlas.py::test_the_general_fences_hold_for_each_phase9_file[test_every_desk_face_case_crosses_the_gate_first-atlas-phase9-steward.json]
tests/unit/test_philo9_atlas.py::test_the_general_fences_hold_for_each_phase9_file[test_every_captured_id_names_the_field_it_reads-atlas-phase9.json]
tests/unit/test_philo9_atlas.py::test_the_general_fences_hold_for_each_phase9_file[test_every_captured_id_names_the_field_it_reads-atlas-phase9-steward.json]
tests/unit/test_philo9_atlas.py::test_every_api_step_exists_in_the_generated_openapi[atlas-phase9.json]
tests/unit/test_philo9_atlas.py::test_every_api_step_exists_in_the_generated_openapi[atlas-phase9-steward.json]
tests/unit/test_philo9_atlas.py::test_the_counts_over_every_atlas_file
tests/unit/test_philo9_atlas.py::test_every_story05_case_is_in_the_phase_file
tests/unit/test_philo9_atlas.py::test_face_cases_run_at_both_widths_and_the_rest_headless
tests/unit/test_philo9_atlas.py::test_every_pair_exists_and_proves_the_same_outcome
tests/unit/test_philo9_atlas.py::test_the_pairs_read_the_same_values
tests/unit/test_philo9_atlas.py::test_the_delivery_face_reads_its_own_clicks_durable_outcome
tests/unit/test_philo9_atlas.py::test_every_admitted_write_twin_reads_its_receipt_with_its_actor
tests/unit/test_philo9_atlas.py::test_every_face_case_without_a_twin_is_excluded_with_a_reason
tests/unit/test_philo9_atlas.py::test_no_trigger_is_optional_and_no_optional_step_is_the_outcome
tests/unit/test_philo9_atlas.py::test_every_new_face_case_is_new_or_red_on_main_in_its_words
tests/unit/test_philo9_atlas.py::test_every_claimed_run_keeps_its_own_observation[p9-merged]
tests/unit/test_philo9_atlas.py::test_every_claimed_run_keeps_its_own_observation[p78-merged]
tests/unit/test_philo9_atlas.py::test_every_claimed_run_keeps_its_own_observation[base-294632c0]
tests/unit/test_philo9_atlas.py::test_every_claimed_run_keeps_its_own_observation[base-merged]
tests/unit/test_philo10_atlas.py::test_the_general_fences_hold_for_the_phase10_file[test_every_case_state_id_resolves]
tests/unit/test_philo10_atlas.py::test_the_general_fences_hold_for_the_phase10_file[test_every_case_reference_inside_the_atlas_resolves]
tests/unit/test_philo10_atlas.py::test_the_general_fences_hold_for_the_phase10_file[test_every_clock_a_case_uses_is_declared]
tests/unit/test_philo10_atlas.py::test_the_general_fences_hold_for_the_phase10_file[test_every_applicable_case_carries_one_trigger]
tests/unit/test_philo10_atlas.py::test_the_general_fences_hold_for_the_phase10_file[test_face_cases_carry_both_ruled_viewports]
tests/unit/test_philo10_atlas.py::test_the_general_fences_hold_for_the_phase10_file[test_every_applicable_predicate_is_a_kind_the_rig_implements]
tests/unit/test_philo10_atlas.py::test_the_general_fences_hold_for_the_phase10_file[test_every_predicate_observes_a_selector_or_a_route]
tests/unit/test_philo10_atlas.py::test_the_general_fences_hold_for_the_phase10_file[test_every_case_keeps_its_human_sentence]
tests/unit/test_philo10_atlas.py::test_the_general_fences_hold_for_the_phase10_file[test_every_ui_action_is_one_the_rig_implements]
tests/unit/test_philo10_atlas.py::test_the_general_fences_hold_for_the_phase10_file[test_every_boundary_names_its_substitution]
tests/unit/test_philo10_atlas.py::test_the_general_fences_hold_for_the_phase10_file[test_no_precondition_check_compares_two_snapshots]
tests/unit/test_philo10_atlas.py::test_the_general_fences_hold_for_the_phase10_file[test_every_precondition_check_observes_a_selector_or_a_route]
tests/unit/test_philo10_atlas.py::test_the_general_fences_hold_for_the_phase10_file[test_no_check_asserts_the_result_the_trigger_must_produce]
tests/unit/test_philo10_atlas.py::test_the_general_fences_hold_for_the_phase10_file[test_no_step_acts_on_a_root_placeholder]
tests/unit/test_philo10_atlas.py::test_the_general_fences_hold_for_the_phase10_file[test_navigation_steps_carry_no_selector]
tests/unit/test_philo10_atlas.py::test_the_general_fences_hold_for_the_phase10_file[test_every_desk_face_case_crosses_the_gate_first]
tests/unit/test_philo10_atlas.py::test_the_general_fences_hold_for_the_phase10_file[test_every_captured_id_names_the_field_it_reads]
tests/unit/test_philo10_atlas.py::test_the_general_fences_hold_for_the_phase10_file[test_ids_are_unique]
tests/unit/test_philo10_atlas.py::test_the_phase10_file_validates_against_the_schema
tests/unit/test_philo10_atlas.py::test_every_api_step_exists_in_the_generated_openapi
tests/unit/test_philo10_atlas.py::test_the_counts_over_every_atlas_file
tests/unit/test_philo10_atlas.py::test_every_matrix_state_and_transition_has_its_case
tests/unit/test_philo10_atlas.py::test_face_cases_run_at_both_widths_and_the_rest_headless
tests/unit/test_philo10_atlas.py::test_every_face_case_reads_its_hub_outcome_in_the_same_observation
tests/unit/test_philo10_atlas.py::test_every_admitted_write_twin_reads_its_kernel_receipt_with_its_actor
tests/unit/test_philo10_atlas.py::test_every_face_case_without_a_twin_is_excluded_with_a_reason
tests/unit/test_philo10_atlas.py::test_the_pairs_read_the_same_values
tests/unit/test_philo10_atlas.py::test_one_dispatch_is_counted_at_the_runner_where_the_runner_answers_a_send
tests/unit/test_philo10_atlas.py::test_every_email_case_boots_the_memory_key_store_before_a_key_is_saved
tests/unit/test_philo10_atlas.py::test_the_email_edge_records_before_it_answers_and_never_the_key
tests/unit/test_philo10_atlas.py::test_every_runner_script_is_retained_and_answers_by_argv_prefix
tests/unit/test_philo10_atlas.py::test_no_trigger_is_optional_and_no_optional_step_is_the_outcome
tests/unit/test_philo10_atlas.py::test_a_timed_window_is_one_gesture
tests/unit/test_philo10_atlas.py::test_every_new_face_case_says_what_main_showed
tests/unit/test_philo10_atlas.py::test_cli_calls_counts_by_prefix_across_processes
tests/unit/test_philo10_atlas.py::test_protocol_reads_count_names_an_exact_number_of_rows
tests/unit/test_philo10_atlas.py::test_the_recording_runner_records_before_it_answers
tests/unit/test_philo10_atlas.py::test_the_copier_keeps_each_run_in_its_own_directory
tests/unit/test_philo10_atlas.py::test_the_copier_refuses_to_reuse_a_label
tests/unit/test_philo10_atlas.py::test_the_copier_refuses_a_run_that_is_not_its_own[shared-run-dir]
tests/unit/test_philo10_atlas.py::test_the_copier_refuses_a_run_that_is_not_its_own[batch-keyed]
tests/unit/test_philo10_atlas.py::test_the_copier_refuses_a_run_that_is_not_its_own[wrong-case]
tests/unit/test_philo10_atlas.py::test_the_copier_refuses_an_observation_of_another_case_or_width
tests/unit/test_philo10_atlas.py::test_every_claimed_run_keeps_its_own_observation[base-dce3afa9]
tests/unit/test_philo10_atlas.py::test_every_claimed_run_keeps_its_own_observation[base-merged]
tests/unit/test_philo10_atlas.py::test_every_claimed_run_keeps_its_own_observation[p10-final]
tests/unit/test_philo10_atlas.py::test_every_claimed_run_keeps_its_own_observation[p10-merged]
tests/unit/test_philo10_atlas.py::test_every_claimed_run_keeps_its_own_observation[p789-dce3afa9]
tests/unit/test_philo10_atlas.py::test_every_claimed_run_keeps_its_own_observation[p789-merged]
tests/unit/test_philo10_atlas.py::test_every_claimed_run_keeps_its_own_observation[red-98ea2cfa]
tests/unit/test_philo10_atlas.py::test_every_claimed_run_keeps_its_own_observation[s5-dce3afa9-a1]
tests/unit/test_philo10_atlas.py::test_every_claimed_run_keeps_its_own_observation[s5-dce3afa9-a2]
tests/unit/test_philo10_atlas.py::test_every_claimed_run_keeps_its_own_observation[s5-dce3afa9-a3]
tests/unit/test_philo10_atlas.py::test_every_claimed_run_keeps_its_own_observation[s5-merged-a1]
tests/unit/test_philo10_atlas.py::test_every_claimed_run_keeps_its_own_observation[s5-merged-a2]
tests/unit/test_philo10_atlas.py::test_every_claimed_run_keeps_its_own_observation[s5-merged-a3]
tests/unit/test_philo10_atlas.py::test_every_claimed_run_keeps_its_own_observation[serial-merged]
tests/unit/test_philo10_atlas.py::test_every_claimed_run_keeps_its_own_observation[words-merged]
tests/unit/test_philo10_atlas.py::test_every_claimed_run_keeps_its_own_observation[words-red-dce3afa9]
tests/unit/test_philo10_atlas.py::test_every_claimed_run_keeps_its_own_observation[../story-07-shots/p10-all-r2]
tests/unit/test_philo10_atlas.py::test_every_claimed_run_keeps_its_own_observation[../story-07-shots/resend-r2]

115 tests collected in 0.36s
