F                                                                        [100%]
=================================== FAILURES ===================================
_____ test_synthesis_footer_with_duplicate_lineage_id_stays_byte_for_byte ______

db = <holdspeak.db.core.Database object at 0x10b82a3c0>

    def test_synthesis_footer_with_duplicate_lineage_id_stays_byte_for_byte(db) -> None:
        ref = mint_meeting_synthesis(db)
        artifact_id = ref.split(":", 1)[1]
        stored = db.plugins.get_artifact(artifact_id)
        assert stored is not None
        lineage = {source["source_type"]: source["source_ref"] for source in stored.sources}
        original = f"- Source windows: {lineage['intent_window']}"
        altered = stored.body_markdown.replace(
            original,
            f"- Source windows: {lineage['intent_window']}, {lineage['intent_window']}",
        )
        assert altered != stored.body_markdown
        with db._connection() as conn:
            conn.execute("UPDATE artifacts SET body_markdown = ? WHERE id = ?", (altered, artifact_id))
    
        document = render_document(db, ref)
    
>       assert document.body_md == altered
E       AssertionError: assert '### Requirem...ed this body.' == '### Requirem...lugin runs: 1'
E         
E         Skipping 57 identical leading characters in diff, use -v to show
E         -  this body.
E         ?            -
E         +  this body.
E         - 
E         - - Source windows: philo12-synthesis-window, philo12-synthesis-window
E         - - Source plugin runs: 1

tests/unit/test_philo12_artifact_source.py:143: AssertionError
=========================== short test summary info ============================
FAILED tests/unit/test_philo12_artifact_source.py::test_synthesis_footer_with_duplicate_lineage_id_stays_byte_for_byte
1 failed in 0.73s
