FFFFF.                                                                   [100%]
=================================== FAILURES ===================================
_________ test_artifact_preview_equals_frozen_payload_and_is_read_only _________

hub = <test_philo5_the_loop.Hub object at 0x11261eba0>
tmp_path = PosixPath('/private/var/folders/q7/5dzz5g2116b3lq8rhg7hwjrr0000gn/T/tmp.25YTJFXH9E/pytest/test_artifact_preview_equals_f0')

    def test_artifact_preview_equals_frozen_payload_and_is_read_only(
        hub: Hub, tmp_path: Path
    ) -> None:
        document_ref, _body = _mint_artifact(hub)
        destination_id = _destination(hub, tmp_path / "artifact-preview")
        before_operations = _rows(hub, "SELECT * FROM kernel_operations")
    
        preview_response = hub.client.post(
            "/api/channels/preview",
            json={"document_ref": document_ref, "destination_id": destination_id},
        )
>       assert preview_response.status_code == 200, preview_response.text
E       AssertionError: {"success":false,"code":"document_kind_unknown","error_code":"document_kind_unknown","message":"Unknown document kind: artifact"}
E       assert 400 == 200
E        +  where 400 = <Response [400 Bad Request]>.status_code

tests/unit/test_philo12_artifact_lifecycle.py:67: AssertionError
_______ test_artifact_body_change_refuses_old_preview_before_owner_send ________

hub = <test_philo5_the_loop.Hub object at 0x1144bf750>
tmp_path = PosixPath('/private/var/folders/q7/5dzz5g2116b3lq8rhg7hwjrr0000gn/T/tmp.25YTJFXH9E/pytest/test_artifact_body_change_refu0')

    def test_artifact_body_change_refuses_old_preview_before_owner_send(
        hub: Hub, tmp_path: Path
    ) -> None:
        document_ref, _body = _mint_artifact(hub)
        destination_id = _destination(hub, tmp_path / "artifact-changed")
        old_preview_response = hub.client.post(
            "/api/channels/preview",
            json={"document_ref": document_ref, "destination_id": destination_id},
        )
>       assert old_preview_response.status_code == 200, old_preview_response.text
E       AssertionError: {"success":false,"code":"document_kind_unknown","error_code":"document_kind_unknown","message":"Unknown document kind: artifact"}
E       assert 400 == 200
E        +  where 400 = <Response [400 Bad Request]>.status_code

tests/unit/test_philo12_artifact_lifecycle.py:97: AssertionError
___________ test_artifact_send_and_discard_have_one_terminal_winner ____________

hub = <test_philo5_the_loop.Hub object at 0x115729450>
tmp_path = PosixPath('/private/var/folders/q7/5dzz5g2116b3lq8rhg7hwjrr0000gn/T/tmp.25YTJFXH9E/pytest/test_artifact_send_and_discard0')

    def test_artifact_send_and_discard_have_one_terminal_winner(
        hub: Hub, tmp_path: Path
    ) -> None:
        document_ref, _body = _mint_artifact(hub)
        destination_id = _destination(hub, tmp_path / "artifact-winner")
        prepared_response = hub.client.post(
            "/api/channels/sends",
            json={"document_ref": document_ref, "destination_id": destination_id},
        )
>       assert prepared_response.status_code == 200, prepared_response.text
E       AssertionError: {"success":false,"code":"document_kind_unknown","error_code":"document_kind_unknown","message":"Unknown document kind: artifact","operation_id":"op_50f3feb290444bad9c2bf63a6d4f7cc9","receipt":{"receipt_id":"rcpt_2d048e58067c47d5adbdae21fee65ce7","operation_id":"op_50f3feb290444bad9c2bf63a6d4f7cc9","state":"refused","outcome":"document_kind_unknown","result_ref":"","created_at":1790822412.9356742,"actor_kind":"owner","actor_identity":"owner-session","delegator_kind":"","delegator_identity":"","authority_basis":"authenticated_principal+declared_capability+hard_prerequisites+interruption_policy","target_ref":"document:artifact:art-2fbc1c61cb8d152589cd"}}
E       assert 400 == 200
E        +  where 400 = <Response [400 Bad Request]>.status_code

tests/unit/test_philo12_artifact_lifecycle.py:150: AssertionError
____________ test_external_agent_cannot_press_send_for_an_artifact _____________

hub = <test_philo5_the_loop.Hub object at 0x11595bce0>
tmp_path = PosixPath('/private/var/folders/q7/5dzz5g2116b3lq8rhg7hwjrr0000gn/T/tmp.25YTJFXH9E/pytest/test_external_agent_cannot_pre0')

    def test_external_agent_cannot_press_send_for_an_artifact(
        hub: Hub, tmp_path: Path
    ) -> None:
        document_ref, _body = _mint_artifact(hub)
        destination_id = _destination(hub, tmp_path / "artifact-agent")
        prepared_response = hub.client.post(
            "/api/channels/sends",
            json={"document_ref": document_ref, "destination_id": destination_id},
        )
>       assert prepared_response.status_code == 200, prepared_response.text
E       AssertionError: {"success":false,"code":"document_kind_unknown","error_code":"document_kind_unknown","message":"Unknown document kind: artifact","operation_id":"op_1b31a8cb3ee34a14acc0b0f0cf8b26c2","receipt":{"receipt_id":"rcpt_556f772f542f434199cd5082ae8a1246","operation_id":"op_1b31a8cb3ee34a14acc0b0f0cf8b26c2","state":"refused","outcome":"document_kind_unknown","result_ref":"","created_at":1790822413.579444,"actor_kind":"owner","actor_identity":"owner-session","delegator_kind":"","delegator_identity":"","authority_basis":"authenticated_principal+declared_capability+hard_prerequisites+interruption_policy","target_ref":"document:artifact:art-2fbc1c61cb8d152589cd"}}
E       assert 400 == 200
E        +  where 400 = <Response [400 Bad Request]>.status_code

tests/unit/test_philo12_artifact_lifecycle.py:190: AssertionError
___________ test_thread_can_prepare_an_artifact_but_does_not_send_it ___________

hub = <test_philo5_the_loop.Hub object at 0x1147bd5b0>
tmp_path = PosixPath('/private/var/folders/q7/5dzz5g2116b3lq8rhg7hwjrr0000gn/T/tmp.25YTJFXH9E/pytest/test_thread_can_prepare_an_art0')

    def test_thread_can_prepare_an_artifact_but_does_not_send_it(
        hub: Hub, tmp_path: Path
    ) -> None:
        document_ref, _body = _mint_artifact(hub)
        destination_id = _destination(hub, tmp_path / "artifact-thread")
        from holdspeak.services.thread_tools import CHAT_PALETTE, ThreadToolExecutor
    
        assert {"channel.destinations", "channel.prepare"} <= CHAT_PALETTE
        thread = hub.db.threads.create_thread(title="Artifact lifecycle thread")
    
        def dispatch(name: str, arguments: dict[str, Any], principal: Any) -> Any:
            return hub.root.operations.invoke(principal, name, arguments)
    
        executor = ThreadToolExecutor(
            hub.db,
            dispatch_fn=dispatch,
            principal=Principal(PrincipalKind.OWNER, "philo12-thread-owner"),
            control_mode_fn=lambda: "yolo",
            allowed_names=CHAT_PALETTE,
        )
        listed = executor.execute(
            executor.admit(
                "artifact-thread-destinations",
                thread.id,
                {"id": "destinations", "name": "channel.destinations", "arguments": {}},
            )
        )
        found = next(item for item in listed.payload["destinations"] if item["id"] == destination_id)
        prepared = executor.execute(
            executor.admit(
                "artifact-thread-prepare",
                thread.id,
                {
                    "id": "prepare",
                    "name": "channel.prepare",
                    "arguments": {"document_ref": document_ref, "destination_id": found["id"]},
                },
            )
        )
>       assert prepared.kind not in {"error", "tool_execution_failed"}, prepared.payload
E       AssertionError: {'error': 'Unknown document kind: artifact'}
E       assert 'tool_execution_failed' not in {'error', 'tool_execution_failed'}
E        +  where 'tool_execution_failed' = ToolResult(name='channel.prepare', kind='tool_execution_failed', payload={'error': 'Unknown document kind: artifact'}, bytes=0, receipt_id='', sensitive=False, elicitation=None, truncated=False, original_bytes=0).kind

tests/unit/test_philo12_artifact_lifecycle.py:242: AssertionError
=========================== short test summary info ============================
FAILED tests/unit/test_philo12_artifact_lifecycle.py::test_artifact_preview_equals_frozen_payload_and_is_read_only
FAILED tests/unit/test_philo12_artifact_lifecycle.py::test_artifact_body_change_refuses_old_preview_before_owner_send
FAILED tests/unit/test_philo12_artifact_lifecycle.py::test_artifact_send_and_discard_have_one_terminal_winner
FAILED tests/unit/test_philo12_artifact_lifecycle.py::test_external_agent_cannot_press_send_for_an_artifact
FAILED tests/unit/test_philo12_artifact_lifecycle.py::test_thread_can_prepare_an_artifact_but_does_not_send_it
5 failed, 1 passed in 5.40s
