F                                                                        [100%]
=================================== FAILURES ===================================
_____________________________ test_speak_loop_393 ______________________________

tmp_path = PosixPath('/private/var/folders/q7/5dzz5g2116b3lq8rhg7hwjrr0000gn/T/philo12-serial-my0vzx9u/pytest/test_speak_loop_3930')
monkeypatch = <_pytest.monkeypatch.MonkeyPatch object at 0x10a81cd60>

    @pytest.mark.e2e
    @pytest.mark.requires_meeting
    def test_speak_loop_393(tmp_path, monkeypatch):
        """The same loop at 393: the Learned row wraps, nothing overflows."""
>       _run(tmp_path, monkeypatch, 393, 852)

tests/e2e/test_hs176_loop_glass.py:372: 
_ _ _ _ _ _ _ _ _ _ _ _ _ _ _ _ _ _ _ _ _ _ _ _ _ _ _ _ _ _ _ _ _ _ _ _ _ _ _ _ 
tests/e2e/test_hs176_loop_glass.py:354: in _run
    _loop(page, width)
_ _ _ _ _ _ _ _ _ _ _ _ _ _ _ _ _ _ _ _ _ _ _ _ _ _ _ _ _ _ _ _ _ _ _ _ _ _ _ _ 

page = <Page url='http://127.0.0.1:52348/'>, width = 393

    def _loop(page: Any, width: int) -> None:
        _dry_run_on(page)
    
        # ── 1. land, judge, teach ──────────────────────────────────────
        result = _land(page, HEARD)
        result.get_by_role("button", name="Wrong").click()
        teach = page.locator(".speak-teach")
        teach.wait_for(timeout=8000)
        said = teach.get_by_role("textbox", name="What you said")
        assert said.input_value() == HEARD, said.input_value()
        said.fill(SAID)
        page.get_by_role("button", name="Teach correction").click()
        receipt = page.locator(".speak-receipt")
        receipt.wait_for(timeout=8000)
        assert "TAUGHT" in receipt.inner_text(), receipt.inner_text()
    
        # ── 2. speak it again, in the SAME session: the rule fires ─────
        result = _land(page, AGAIN)
        landed = result.locator(".speak-result-text").inner_text()
>       assert landed == APPLIED_TEXT, landed
E       AssertionError: Ship the queue for platform on schedule
E       assert 'Ship the que...m on schedule' == 'Ship the Q4 ...rm in October'
E         
E         - Ship the Q4 platform in October
E         + Ship the queue for platform on schedule

tests/e2e/test_hs176_loop_glass.py:276: AssertionError
------------------------------ Captured log call -------------------------------
WARNING  holdspeak.intel_queue_conductor:intel_queue_conductor.py:130 Intel queue drainer is OFF: this process does not own the database.
=========================== short test summary info ============================
FAILED tests/e2e/test_hs176_loop_glass.py::test_speak_loop_393 - AssertionErr...
1 failed in 7.22s
