FF..................F.FFFFFFFFF.F                                        [100%]
=================================== FAILURES ===================================
____________________ test_registry_declares_the_nine_kinds _____________________

    def test_registry_declares_the_nine_kinds() -> None:
>       assert tuple(DOCUMENT_SOURCES) == (
            "project_update",
            "monday_brief",
            "desk_decision",
            "meeting_decision",
            "decision_record",
            "meeting_summary",
            "meeting_digest",
            "meeting_followup",
            "artifact",
        )
E       AssertionError: assert ('project_upd...summary', ...) == ('project_upd...summary', ...)
E         
E         Right contains one more item: 'artifact'
E         Use -v to get more diff

tests/unit/test_philo11_document_sources.py:36: AssertionError
_________________ test_real_producers_render_all_nine_sources __________________

db = <holdspeak.db.core.Database object at 0x10feb4d70>
tmp_path = PosixPath('/private/var/folders/q7/5dzz5g2116b3lq8rhg7hwjrr0000gn/T/tmp.70dIlsWxEu/pytest/test_real_producers_render_all0')

    def test_real_producers_render_all_nine_sources(db, tmp_path: Path) -> None:
        refs = mint_documents(
            db,
            OWNER,
            now=datetime(2026, 9, 29, 10, 0, 0),
            people_keystore_path=tmp_path / "people.key",
        )
        refs["artifact"] = mint_meeting_synthesis(db)
>       rendered = {kind: render_document(db, ref) for kind, ref in refs.items()}
                          ^^^^^^^^^^^^^^^^^^^^^^^^

tests/unit/test_philo11_document_sources.py:57: 
_ _ _ _ _ _ _ _ _ _ _ _ _ _ _ _ _ _ _ _ _ _ _ _ _ _ _ _ _ _ _ _ _ _ _ _ _ _ _ _ 

db = <holdspeak.db.core.Database object at 0x10feb4d70>
document_ref = 'artifact:art-2fbc1c61cb8d152589cd'

>   ???
E   holdspeak.services.channel_contract.ChannelRefused: Unknown document kind: artifact

<HEAD:holdspeak/services/document_sources.py>:456: ChannelRefused
_______________ test_no_rendered_document_carries_an_internal_id _______________

db = <holdspeak.db.core.Database object at 0x11173f890>
tmp_path = PosixPath('/private/var/folders/q7/5dzz5g2116b3lq8rhg7hwjrr0000gn/T/tmp.70dIlsWxEu/pytest/test_no_rendered_document_carr0')

    def test_no_rendered_document_carries_an_internal_id(db, tmp_path: Path) -> None:
        refs = mint_documents(
            db,
            OWNER,
            now=datetime(2026, 9, 29, 10, 0, 0),
            people_keystore_path=tmp_path / "people.key",
        )
        refs["artifact"] = mint_meeting_synthesis(db)
        source_ids = {ref.split(":", 1)[1] for ref in refs.values()}
        artifact_source_ids: set[str] = set()
        with db._connection() as conn:
            source_ids |= {str(r[0]) for r in conn.execute("SELECT source_ref FROM decision_record_sources")}
            source_ids |= {str(r[0]) for r in conn.execute("SELECT id FROM decision_records")}
            artifact_source_ids = {str(r[0]) for r in conn.execute("SELECT source_ref FROM artifact_sources")}
        leaks: list[str] = []
        for kind, ref in refs.items():
>           document = render_document(db, ref)
                       ^^^^^^^^^^^^^^^^^^^^^^^^

tests/unit/test_philo11_document_sources.py:247: 
_ _ _ _ _ _ _ _ _ _ _ _ _ _ _ _ _ _ _ _ _ _ _ _ _ _ _ _ _ _ _ _ _ _ _ _ _ _ _ _ 

db = <holdspeak.db.core.Database object at 0x11173f890>
document_ref = 'artifact:art-2fbc1c61cb8d152589cd'

>   ???
E   holdspeak.services.channel_contract.ChannelRefused: Unknown document kind: artifact

<HEAD:holdspeak/services/document_sources.py>:456: ChannelRefused
_______________ test_real_producers_render_stored_artifact_body ________________

db = <holdspeak.db.core.Database object at 0x11173fb10>

    def test_real_producers_render_stored_artifact_body(db) -> None:
        refs = {
            "synthesis": mint_meeting_synthesis(db),
            "run": mint_run_output(db),
            "ask_keep": mint_ask_keep(db),
        }
    
>       synthesis = render_document(db, refs["synthesis"])
                    ^^^^^^^^^^^^^^^^^^^^^^^^^^^^^^^^^^^^^^

tests/unit/test_philo12_artifact_source.py:43: 
_ _ _ _ _ _ _ _ _ _ _ _ _ _ _ _ _ _ _ _ _ _ _ _ _ _ _ _ _ _ _ _ _ _ _ _ _ _ _ _ 

db = <holdspeak.db.core.Database object at 0x11173fb10>
document_ref = 'artifact:art-2fbc1c61cb8d152589cd'

>   ???
E   holdspeak.services.channel_contract.ChannelRefused: Unknown document kind: artifact

<HEAD:holdspeak/services/document_sources.py>:456: ChannelRefused
_____________________ test_authored_footer_lookalike_stays _____________________

db = <holdspeak.db.core.Database object at 0x111642710>

    def test_authored_footer_lookalike_stays(db) -> None:
        db.plugins.record_artifact(
            artifact_id="philo12-authored",
            meeting_id="",
            artifact_type="plugin_output",
            title="Authored source",
            body_markdown="Authored text\n\n- Source windows: authored-window\n- Source plugin runs: authored-run",
            sources=[{"source_type": "ask", "source_ref": "authored"}],
        )
    
>       document = render_document(db, "artifact:philo12-authored")
                   ^^^^^^^^^^^^^^^^^^^^^^^^^^^^^^^^^^^^^^^^^^^^^^^^

tests/unit/test_philo12_artifact_source.py:71: 
_ _ _ _ _ _ _ _ _ _ _ _ _ _ _ _ _ _ _ _ _ _ _ _ _ _ _ _ _ _ _ _ _ _ _ _ _ _ _ _ 

db = <holdspeak.db.core.Database object at 0x111642710>
document_ref = 'artifact:philo12-authored'

>   ???
E   holdspeak.services.channel_contract.ChannelRefused: Unknown document kind: artifact

<HEAD:holdspeak/services/document_sources.py>:456: ChannelRefused
___________________ test_footer_lookalike_inside_code_stays ____________________

db = <holdspeak.db.core.Database object at 0x1117cc050>

    def test_footer_lookalike_inside_code_stays(db) -> None:
        db.plugins.record_artifact(
            artifact_id="philo12-code",
            meeting_id="",
            artifact_type="plugin_output",
            title="Authored code",
            body_markdown=(
                "```text\n- Source windows: philo12-window\n"
                "- Source plugin runs: philo12-run\n```"
            ),
            sources=[{"source_type": "plugin_run", "source_ref": "philo12-run"}],
        )
    
>       document = render_document(db, "artifact:philo12-code")
                   ^^^^^^^^^^^^^^^^^^^^^^^^^^^^^^^^^^^^^^^^^^^^

tests/unit/test_philo12_artifact_source.py:90: 
_ _ _ _ _ _ _ _ _ _ _ _ _ _ _ _ _ _ _ _ _ _ _ _ _ _ _ _ _ _ _ _ _ _ _ _ _ _ _ _ 

db = <holdspeak.db.core.Database object at 0x1117cc050>
document_ref = 'artifact:philo12-code'

>   ???
E   holdspeak.services.channel_contract.ChannelRefused: Unknown document kind: artifact

<HEAD:holdspeak/services/document_sources.py>:456: ChannelRefused
_ test_synthesis_footer_with_mismatched_lineage_stays_byte_for_byte[windows-different-window] _

db = <holdspeak.db.core.Database object at 0x111642990>, line = 'windows'
replacement = 'different-window'

    @pytest.mark.parametrize(
        ("line", "replacement"),
        [
            ("windows", "different-window"),
            ("plugin runs", "different-run"),
        ],
    )
    def test_synthesis_footer_with_mismatched_lineage_stays_byte_for_byte(
        db, line: str, replacement: str
    ) -> None:
        ref = mint_meeting_synthesis(db)
        artifact_id = ref.split(":", 1)[1]
        stored = db.plugins.get_artifact(artifact_id)
        assert stored is not None
        lineage = {source["source_type"]: source["source_ref"] for source in stored.sources}
        original = (
            f"- Source windows: {lineage['intent_window']}"
            if line == "windows"
            else f"- Source plugin runs: {lineage['plugin_run']}"
        )
        altered = stored.body_markdown.replace(original, f"- Source {line}: {replacement}")
        assert altered != stored.body_markdown
        with db._connection() as conn:
            conn.execute("UPDATE artifacts SET body_markdown = ? WHERE id = ?", (altered, artifact_id))
    
>       document = render_document(db, ref)
                   ^^^^^^^^^^^^^^^^^^^^^^^^

tests/unit/test_philo12_artifact_source.py:121: 
_ _ _ _ _ _ _ _ _ _ _ _ _ _ _ _ _ _ _ _ _ _ _ _ _ _ _ _ _ _ _ _ _ _ _ _ _ _ _ _ 

db = <holdspeak.db.core.Database object at 0x111642990>
document_ref = 'artifact:art-2fbc1c61cb8d152589cd'

>   ???
E   holdspeak.services.channel_contract.ChannelRefused: Unknown document kind: artifact

<HEAD:holdspeak/services/document_sources.py>:456: ChannelRefused
_ test_synthesis_footer_with_mismatched_lineage_stays_byte_for_byte[plugin runs-different-run] _

db = <holdspeak.db.core.Database object at 0x1117cc2d0>, line = 'plugin runs'
replacement = 'different-run'

    @pytest.mark.parametrize(
        ("line", "replacement"),
        [
            ("windows", "different-window"),
            ("plugin runs", "different-run"),
        ],
    )
    def test_synthesis_footer_with_mismatched_lineage_stays_byte_for_byte(
        db, line: str, replacement: str
    ) -> None:
        ref = mint_meeting_synthesis(db)
        artifact_id = ref.split(":", 1)[1]
        stored = db.plugins.get_artifact(artifact_id)
        assert stored is not None
        lineage = {source["source_type"]: source["source_ref"] for source in stored.sources}
        original = (
            f"- Source windows: {lineage['intent_window']}"
            if line == "windows"
            else f"- Source plugin runs: {lineage['plugin_run']}"
        )
        altered = stored.body_markdown.replace(original, f"- Source {line}: {replacement}")
        assert altered != stored.body_markdown
        with db._connection() as conn:
            conn.execute("UPDATE artifacts SET body_markdown = ? WHERE id = ?", (altered, artifact_id))
    
>       document = render_document(db, ref)
                   ^^^^^^^^^^^^^^^^^^^^^^^^

tests/unit/test_philo12_artifact_source.py:121: 
_ _ _ _ _ _ _ _ _ _ _ _ _ _ _ _ _ _ _ _ _ _ _ _ _ _ _ _ _ _ _ _ _ _ _ _ _ _ _ _ 

db = <holdspeak.db.core.Database object at 0x1117cc2d0>
document_ref = 'artifact:art-2fbc1c61cb8d152589cd'

>   ???
E   holdspeak.services.channel_contract.ChannelRefused: Unknown document kind: artifact

<HEAD:holdspeak/services/document_sources.py>:456: ChannelRefused
________ test_synthesis_footer_removal_preserves_authored_prefix_bytes _________

db = <holdspeak.db.core.Database object at 0x1117cc410>

    def test_synthesis_footer_removal_preserves_authored_prefix_bytes(db) -> None:
        ref = mint_meeting_synthesis(db)
        artifact_id = ref.split(":", 1)[1]
        stored = db.plugins.get_artifact(artifact_id)
        assert stored is not None
        footer_start = stored.body_markdown.index("\n\n- Source windows:")
        authored_prefix = (
            stored.body_markdown[:footer_start]
            + "\n\n```python\nprint('keep this code')\n```  \n"
        )
        altered = authored_prefix + stored.body_markdown[footer_start:]
        with db._connection() as conn:
            conn.execute("UPDATE artifacts SET body_markdown = ? WHERE id = ?", (altered, artifact_id))
    
>       document = render_document(db, ref)
                   ^^^^^^^^^^^^^^^^^^^^^^^^

tests/unit/test_philo12_artifact_source.py:140: 
_ _ _ _ _ _ _ _ _ _ _ _ _ _ _ _ _ _ _ _ _ _ _ _ _ _ _ _ _ _ _ _ _ _ _ _ _ _ _ _ 

db = <holdspeak.db.core.Database object at 0x1117cc410>
document_ref = 'artifact:art-2fbc1c61cb8d152589cd'

>   ???
E   holdspeak.services.channel_contract.ChannelRefused: Unknown document kind: artifact

<HEAD:holdspeak/services/document_sources.py>:456: ChannelRefused
_____ test_artifact_body_refusals[philo12-empty-   -artifact_body_missing] _____

db = <holdspeak.db.core.Database object at 0x111642990>
artifact_id = 'philo12-empty', body = '   ', code = 'artifact_body_missing'

    @pytest.mark.parametrize(
        ("artifact_id", "body", "code"),
        [
            ("philo12-empty", "   ", "artifact_body_missing"),
        ],
    )
    def test_artifact_body_refusals(db, artifact_id: str, body: str, code: str) -> None:
        db.plugins.record_artifact(
            artifact_id=artifact_id,
            meeting_id="",
            artifact_type="plugin_output",
            title="Body refusal",
            body_markdown=body,
        )
    
        with pytest.raises(ChannelRefused) as caught:
            render_document(db, f"artifact:{artifact_id}")
    
>       assert caught.value.code == code
E       AssertionError: assert 'document_kind_unknown' == 'artifact_body_missing'
E         
E         - artifact_body_missing
E         + document_kind_unknown

tests/unit/test_philo12_artifact_source.py:163: AssertionError
________________ test_artifact_not_text_checks_raw_stored_value ________________

db = <holdspeak.db.core.Database object at 0x1117cc7d0>

    def test_artifact_not_text_checks_raw_stored_value(db) -> None:
        db.plugins.record_artifact(
            artifact_id="philo12-binary",
            meeting_id="",
            artifact_type="plugin_output",
            title="Binary body",
            body_markdown="placeholder",
        )
        with db._connection() as conn:
            conn.execute(
                "UPDATE artifacts SET body_markdown = ? WHERE id = ?",
                (sqlite3.Binary(b"\\x89PNG\\x00"), "philo12-binary"),
            )
    
        with pytest.raises(ChannelRefused) as caught:
            render_document(db, "artifact:philo12-binary")
    
>       assert caught.value.code == "artifact_not_text"
E       AssertionError: assert 'document_kind_unknown' == 'artifact_not_text'
E         
E         - artifact_not_text
E         + document_kind_unknown

tests/unit/test_philo12_artifact_source.py:183: AssertionError
____ test_artifact_missing_id_is_named[artifact:missing-document_not_found] ____

db = <holdspeak.db.core.Database object at 0x11173f250>
document_ref = 'artifact:missing', code = 'document_not_found'

    @pytest.mark.parametrize(
        ("document_ref", "code"),
        [("artifact:missing", "document_not_found"), ("artifact:", "document_kind_unknown")],
    )
    def test_artifact_missing_id_is_named(db, document_ref: str, code: str) -> None:
        with pytest.raises(ChannelRefused) as caught:
            render_document(db, document_ref)
    
>       assert caught.value.code == code
E       AssertionError: assert 'document_kind_unknown' == 'document_not_found'
E         
E         - document_not_found
E         + document_kind_unknown

tests/unit/test_philo12_artifact_source.py:194: AssertionError
_______________ test_artifact_size_uses_existing_channel_refusal _______________

hub = <test_philo5_the_loop.Hub object at 0x110277380>
tmp_path = PosixPath('/private/var/folders/q7/5dzz5g2116b3lq8rhg7hwjrr0000gn/T/tmp.70dIlsWxEu/pytest/test_artifact_size_uses_existi0')

    def test_artifact_size_uses_existing_channel_refusal(hub: Hub, tmp_path: Path) -> None:
        ref = mint_ask_keep(hub.db, body="x" * (SIZE_LIMITS["file"][0] + 1))
        destination_id = destination(hub, tmp_path / "artifact-out")
    
        response = hub.client.post(
            "/api/channels/preview",
            json={"document_ref": ref, "destination_id": destination_id},
        )
    
        assert response.status_code == 400, response.text
>       assert response.json()["code"] == "payload_too_large:file"
E       AssertionError: assert 'document_kind_unknown' == 'payload_too_large:file'
E         
E         - payload_too_large:file
E         + document_kind_unknown

tests/unit/test_philo12_artifact_source.py:207: AssertionError
=========================== short test summary info ============================
FAILED tests/unit/test_philo11_document_sources.py::test_registry_declares_the_nine_kinds
FAILED tests/unit/test_philo11_document_sources.py::test_real_producers_render_all_nine_sources
FAILED tests/unit/test_philo11_document_sources.py::test_no_rendered_document_carries_an_internal_id
FAILED tests/unit/test_philo12_artifact_source.py::test_real_producers_render_stored_artifact_body
FAILED tests/unit/test_philo12_artifact_source.py::test_authored_footer_lookalike_stays
FAILED tests/unit/test_philo12_artifact_source.py::test_footer_lookalike_inside_code_stays
FAILED tests/unit/test_philo12_artifact_source.py::test_synthesis_footer_with_mismatched_lineage_stays_byte_for_byte[windows-different-window]
FAILED tests/unit/test_philo12_artifact_source.py::test_synthesis_footer_with_mismatched_lineage_stays_byte_for_byte[plugin runs-different-run]
FAILED tests/unit/test_philo12_artifact_source.py::test_synthesis_footer_removal_preserves_authored_prefix_bytes
FAILED tests/unit/test_philo12_artifact_source.py::test_artifact_body_refusals[philo12-empty-   -artifact_body_missing]
FAILED tests/unit/test_philo12_artifact_source.py::test_artifact_not_text_checks_raw_stored_value
FAILED tests/unit/test_philo12_artifact_source.py::test_artifact_missing_id_is_named[artifact:missing-document_not_found]
FAILED tests/unit/test_philo12_artifact_source.py::test_artifact_size_uses_existing_channel_refusal
13 failed, 20 passed in 6.78s
