tests/unit/test_philo11_document_sources.py::test_registry_declares_the_nine_kinds
tests/unit/test_philo11_document_sources.py::test_real_producers_render_all_nine_sources
tests/unit/test_philo11_document_sources.py::test_monday_brief_names_unavailable_people_once
tests/unit/test_philo11_document_sources.py::test_meeting_sources_never_copy_transcript
tests/unit/test_philo11_document_sources.py::test_each_source_names_a_missing_record[project_update]
tests/unit/test_philo11_document_sources.py::test_each_source_names_a_missing_record[monday_brief]
tests/unit/test_philo11_document_sources.py::test_each_source_names_a_missing_record[desk_decision]
tests/unit/test_philo11_document_sources.py::test_each_source_names_a_missing_record[meeting_decision]
tests/unit/test_philo11_document_sources.py::test_each_source_names_a_missing_record[decision_record]
tests/unit/test_philo11_document_sources.py::test_each_source_names_a_missing_record[meeting_summary]
tests/unit/test_philo11_document_sources.py::test_each_source_names_a_missing_record[meeting_digest]
tests/unit/test_philo11_document_sources.py::test_each_source_names_a_missing_record[meeting_followup]
tests/unit/test_philo11_document_sources.py::test_each_source_names_a_missing_record[artifact]
tests/unit/test_philo11_document_sources.py::test_named_source_refusals[unknown_kind:source-document_kind_unknown]
tests/unit/test_philo11_document_sources.py::test_named_source_refusals[-document_kind_unknown]
tests/unit/test_philo11_document_sources.py::test_named_source_refusals[meeting_summary:missing-document_not_found]
tests/unit/test_philo11_document_sources.py::test_missing_meeting_summary_is_named_no_summary
tests/unit/test_philo11_document_sources.py::test_empty_aftercare_is_named_no_summary[meeting_digest]
tests/unit/test_philo11_document_sources.py::test_empty_aftercare_is_named_no_summary[meeting_followup]
tests/unit/test_philo11_document_sources.py::test_project_update_refuses_unpublished_by_generic_name
tests/unit/test_philo11_document_sources.py::test_aftercare_document_markdown_is_not_truncated
tests/unit/test_philo11_document_sources.py::test_no_rendered_document_carries_an_internal_id
tests/unit/test_philo11_document_sources.py::test_a_decision_record_names_its_sources_as_a_person_recognizes_them
tests/unit/test_philo12_artifact_source.py::test_real_producers_render_stored_artifact_body
tests/unit/test_philo12_artifact_source.py::test_authored_footer_lookalike_stays
tests/unit/test_philo12_artifact_source.py::test_footer_lookalike_inside_code_stays
tests/unit/test_philo12_artifact_source.py::test_synthesis_footer_with_mismatched_lineage_stays_byte_for_byte[windows-different-window]
tests/unit/test_philo12_artifact_source.py::test_synthesis_footer_with_mismatched_lineage_stays_byte_for_byte[plugin runs-different-run]
tests/unit/test_philo12_artifact_source.py::test_synthesis_footer_with_duplicate_lineage_id_stays_byte_for_byte
tests/unit/test_philo12_artifact_source.py::test_synthesis_footer_removal_preserves_authored_prefix_bytes
tests/unit/test_philo12_artifact_source.py::test_artifact_body_refusals[philo12-empty-   -artifact_body_missing]
tests/unit/test_philo12_artifact_source.py::test_artifact_not_text_checks_raw_stored_value
tests/unit/test_philo12_artifact_source.py::test_artifact_missing_id_is_named[artifact:missing-document_not_found]
tests/unit/test_philo12_artifact_source.py::test_artifact_missing_id_is_named[artifact:-document_kind_unknown]
tests/unit/test_philo12_artifact_source.py::test_artifact_size_uses_existing_channel_refusal

35 tests collected in 0.58s
