
> holdspeak-web@0.0.1 build
> vite build

vite v7.3.6 building client environment for production...
transforming...
✓ 1707 modules transformed.
rendering chunks...
[plugin vite:reporter] 
(!) /Users/karol/dev/tools/wt-philo-12-01/web/src/features/project-room/api.ts is dynamically imported by /Users/karol/dev/tools/wt-philo-12-01/web/src/features/project-room/prepare/usePrepareController.ts but also statically imported by /Users/karol/dev/tools/wt-philo-12-01/web/src/features/project-room/ProjectRoomCore.tsx, /Users/karol/dev/tools/wt-philo-12-01/web/src/features/project-room/RoomPeopleSection.tsx, /Users/karol/dev/tools/wt-philo-12-01/web/src/features/project-room/useProjectRoomController.ts, dynamic import will not move module into another chunk.

[plugin vite:reporter] 
(!) /Users/karol/dev/tools/wt-philo-12-01/web/src/desk/shell.ts is dynamically imported by /Users/karol/dev/tools/wt-philo-12-01/web/src/desk/components/window/Dock.tsx, /Users/karol/dev/tools/wt-philo-12-01/web/src/desk/store/compositorSlice.ts, /Users/karol/dev/tools/wt-philo-12-01/web/src/features/concierge/useConciergeController.ts, /Users/karol/dev/tools/wt-philo-12-01/web/src/features/project-room/prepare/usePrepareController.ts, /Users/karol/dev/tools/wt-philo-12-01/web/src/pages/cores/SettingsCore.tsx, /Users/karol/dev/tools/wt-philo-12-01/web/src/pages/cores/dictation/SpeakFace.tsx but also statically imported by /Users/karol/dev/tools/wt-philo-12-01/web/src/App.tsx, /Users/karol/dev/tools/wt-philo-12-01/web/src/components/AmbientLayer.tsx, /Users/karol/dev/tools/wt-philo-12-01/web/src/desk/chair/ChairHome.tsx, /Users/karol/dev/tools/wt-philo-12-01/web/src/desk/components/AttentionDrawer.tsx, /Users/karol/dev/tools/wt-philo-12-01/web/src/desk/components/DeskStartActions.tsx, /Users/karol/dev/tools/wt-philo-12-01/web/src/desk/components/DeskToolInspector.tsx, /Users/karol/dev/tools/wt-philo-12-01/web/src/desk/components/DeskToolShelf.tsx, /Users/karol/dev/tools/wt-philo-12-01/web/src/desk/components/FirstWords.tsx, /Users/karol/dev/tools/wt-philo-12-01/web/src/desk/components/GlassDropLayer.tsx, /Users/karol/dev/tools/wt-philo-12-01/web/src/desk/components/Pullout.tsx, /Users/karol/dev/tools/wt-philo-12-01/web/src/desk/components/RecordOrb.tsx, /Users/karol/dev/tools/wt-philo-12-01/web/src/desk/components/SurfaceWindows.tsx, /Users/karol/dev/tools/wt-philo-12-01/web/src/desk/components/SystemShade.tsx, /Users/karol/dev/tools/wt-philo-12-01/web/src/desk/components/TrustWindow.tsx, /Users/karol/dev/tools/wt-philo-12-01/web/src/desk/pullouts/ArtifactPullout.tsx, /Users/karol/dev/tools/wt-philo-12-01/web/src/desk/pullouts/ChainPullout.tsx, /Users/karol/dev/tools/wt-philo-12-01/web/src/desk/pullouts/CoderPullout.tsx, /Users/karol/dev/tools/wt-philo-12-01/web/src/desk/pullouts/DecisionPullout.tsx, /Users/karol/dev/tools/wt-philo-12-01/web/src/desk/pullouts/DirectoryPullout.tsx, /Users/karol/dev/tools/wt-philo-12-01/web/src/desk/pullouts/KbPullout.tsx, /Users/karol/dev/tools/wt-philo-12-01/web/src/desk/pullouts/MeetingPullout.tsx, /Users/karol/dev/tools/wt-philo-12-01/web/src/desk/pullouts/NotePullout.tsx, /Users/karol/dev/tools/wt-philo-12-01/web/src/desk/pullouts/RecipePullout.tsx, /Users/karol/dev/tools/wt-philo-12-01/web/src/desk/pullouts/WorkflowPullout.tsx, /Users/karol/dev/tools/wt-philo-12-01/web/src/desk/pullouts/shared/CapabilitySection.tsx, /Users/karol/dev/tools/wt-philo-12-01/web/src/desk/pullouts/views/BriefView.tsx, /Users/karol/dev/tools/wt-philo-12-01/web/src/desk/pullouts/views/FollowThroughView.tsx, /Users/karol/dev/tools/wt-philo-12-01/web/src/desk/surface/citations.tsx, /Users/karol/dev/tools/wt-philo-12-01/web/src/desk/thought-workspace/ThoughtWorkspaceWindow.tsx, /Users/karol/dev/tools/wt-philo-12-01/web/src/desk/verbRegistry.ts, /Users/karol/dev/tools/wt-philo-12-01/web/src/features/project-room/ProjectRoomCore.tsx, /Users/karol/dev/tools/wt-philo-12-01/web/src/features/project-room/RoomPeopleSection.tsx, /Users/karol/dev/tools/wt-philo-12-01/web/src/features/project-room/door/useDoorController.ts, /Users/karol/dev/tools/wt-philo-12-01/web/src/features/project-room/prepare/PreparePosture.tsx, /Users/karol/dev/tools/wt-philo-12-01/web/src/features/project-room/recall/RecallFace.tsx, /Users/karol/dev/tools/wt-philo-12-01/web/src/features/project-room/useProjectRoomController.ts, /Users/karol/dev/tools/wt-philo-12-01/web/src/pages/cores/CommandsCore.tsx, /Users/karol/dev/tools/wt-philo-12-01/web/src/pages/cores/CompanionCore.tsx, /Users/karol/dev/tools/wt-philo-12-01/web/src/pages/cores/HistoryCore.tsx, /Users/karol/dev/tools/wt-philo-12-01/web/src/pages/cores/LiveCore.tsx, /Users/karol/dev/tools/wt-philo-12-01/web/src/pages/cores/PeopleCore.tsx, /Users/karol/dev/tools/wt-philo-12-01/web/src/pages/cores/RuntimeDocsCore.tsx, /Users/karol/dev/tools/wt-philo-12-01/web/src/pages/cores/SettingsCore.tsx, /Users/karol/dev/tools/wt-philo-12-01/web/src/pages/cores/SetupCore.tsx, /Users/karol/dev/tools/wt-philo-12-01/web/src/pages/cores/dictation/DictationSections.tsx, /Users/karol/dev/tools/wt-philo-12-01/web/src/pages/cores/dictation/Readiness.tsx, /Users/karol/dev/tools/wt-philo-12-01/web/src/pages/cores/history/ArtifactsLibrary.tsx, /Users/karol/dev/tools/wt-philo-12-01/web/src/pages/cores/history/DoorSection.tsx, /Users/karol/dev/tools/wt-philo-12-01/web/src/pages/cores/history/ImportSection.tsx, /Users/karol/dev/tools/wt-philo-12-01/web/src/pages/cores/history/MeetingReview.tsx, dynamic import will not move module into another chunk.

[plugin vite:reporter] 
(!) /Users/karol/dev/tools/wt-philo-12-01/web/src/desk/store.ts is dynamically imported by /Users/karol/dev/tools/wt-philo-12-01/web/src/desk/shell.ts, /Users/karol/dev/tools/wt-philo-12-01/web/src/desk/shell.ts, /Users/karol/dev/tools/wt-philo-12-01/web/src/features/concierge/useConciergeController.ts, /Users/karol/dev/tools/wt-philo-12-01/web/src/features/concierge/useConciergeController.ts, /Users/karol/dev/tools/wt-philo-12-01/web/src/features/concierge/useConciergeController.ts but also statically imported by /Users/karol/dev/tools/wt-philo-12-01/web/src/desk/DeskApp.tsx, /Users/karol/dev/tools/wt-philo-12-01/web/src/desk/chair/ChairHome.tsx, /Users/karol/dev/tools/wt-philo-12-01/web/src/desk/components/AskPanel.tsx, /Users/karol/dev/tools/wt-philo-12-01/web/src/desk/components/DeskChrome.tsx, /Users/karol/dev/tools/wt-philo-12-01/web/src/desk/components/DeskFilingStrip.tsx, /Users/karol/dev/tools/wt-philo-12-01/web/src/desk/components/DeskListView.tsx, /Users/karol/dev/tools/wt-philo-12-01/web/src/desk/components/DeskMenuBar.tsx, /Users/karol/dev/tools/wt-philo-12-01/web/src/desk/components/DeskStartActions.tsx, /Users/karol/dev/tools/wt-philo-12-01/web/src/desk/components/DeskToolInspector.tsx, /Users/karol/dev/tools/wt-philo-12-01/web/src/desk/components/DeskToolShelf.tsx, /Users/karol/dev/tools/wt-philo-12-01/web/src/desk/components/DeskWindow.tsx, /Users/karol/dev/tools/wt-philo-12-01/web/src/desk/components/EmptyDesk.tsx, /Users/karol/dev/tools/wt-philo-12-01/web/src/desk/components/FirstWords.tsx, /Users/karol/dev/tools/wt-philo-12-01/web/src/desk/components/GroundingSection.tsx, /Users/karol/dev/tools/wt-philo-12-01/web/src/desk/components/InfoWindow.tsx, /Users/karol/dev/tools/wt-philo-12-01/web/src/desk/components/InlineEditor.tsx, /Users/karol/dev/tools/wt-philo-12-01/web/src/desk/components/InterviewPanel.tsx, /Users/karol/dev/tools/wt-philo-12-01/web/src/desk/components/NewWorkbenchChooser.tsx, /Users/karol/dev/tools/wt-philo-12-01/web/src/desk/components/Pullout.tsx, /Users/karol/dev/tools/wt-philo-12-01/web/src/desk/components/RecordOrb.tsx, /Users/karol/dev/tools/wt-philo-12-01/web/src/desk/components/RepoWindow.tsx, /Users/karol/dev/tools/wt-philo-12-01/web/src/desk/components/RoadmapWindow.tsx, /Users/karol/dev/tools/wt-philo-12-01/web/src/desk/components/ScheduleCreateWindow.tsx, /Users/karol/dev/tools/wt-philo-12-01/web/src/desk/components/SessionPullout.tsx, /Users/karol/dev/tools/wt-philo-12-01/web/src/desk/components/SurfaceWindows.tsx, /Users/karol/dev/tools/wt-philo-12-01/web/src/desk/components/ThreadComposer.tsx, /Users/karol/dev/tools/wt-philo-12-01/web/src/desk/components/WorkbenchTemplatePicker.tsx, /Users/karol/dev/tools/wt-philo-12-01/web/src/desk/components/WorkbenchWindow.tsx, /Users/karol/dev/tools/wt-philo-12-01/web/src/desk/components/ZoneWindow.tsx, /Users/karol/dev/tools/wt-philo-12-01/web/src/desk/components/window/Dock.tsx, /Users/karol/dev/tools/wt-philo-12-01/web/src/desk/components/window/Expose.tsx, /Users/karol/dev/tools/wt-philo-12-01/web/src/desk/components/window/RoomActions.tsx, /Users/karol/dev/tools/wt-philo-12-01/web/src/desk/components/window/windowCommands.ts, /Users/karol/dev/tools/wt-philo-12-01/web/src/desk/components/window/windowRegistry.ts, /Users/karol/dev/tools/wt-philo-12-01/web/src/desk/deleteReceipt.tsx, /Users/karol/dev/tools/wt-philo-12-01/web/src/desk/gl/WorldStage.tsx, /Users/karol/dev/tools/wt-philo-12-01/web/src/desk/gl/atmosphereActivity.ts, /Users/karol/dev/tools/wt-philo-12-01/web/src/desk/gl/engine.ts, /Users/karol/dev/tools/wt-philo-12-01/web/src/desk/hooks/useZoneRenameField.ts, /Users/karol/dev/tools/wt-philo-12-01/web/src/desk/infoContract.ts, /Users/karol/dev/tools/wt-philo-12-01/web/src/desk/intelligenceNavigation.ts, /Users/karol/dev/tools/wt-philo-12-01/web/src/desk/keymap.ts, /Users/karol/dev/tools/wt-philo-12-01/web/src/desk/newThought.ts, /Users/karol/dev/tools/wt-philo-12-01/web/src/desk/pullouts/ArtifactPullout.tsx, /Users/karol/dev/tools/wt-philo-12-01/web/src/desk/pullouts/ChainPullout.tsx, /Users/karol/dev/tools/wt-philo-12-01/web/src/desk/pullouts/CoderPullout.tsx, /Users/karol/dev/tools/wt-philo-12-01/web/src/desk/pullouts/DecisionPullout.tsx, /Users/karol/dev/tools/wt-philo-12-01/web/src/desk/pullouts/DirectoryPullout.tsx, /Users/karol/dev/tools/wt-philo-12-01/web/src/desk/pullouts/KbPullout.tsx, /Users/karol/dev/tools/wt-philo-12-01/web/src/desk/pullouts/MeetingPullout.tsx, /Users/karol/dev/tools/wt-philo-12-01/web/src/desk/pullouts/NotePullout.tsx, /Users/karol/dev/tools/wt-philo-12-01/web/src/desk/pullouts/RecipePullout.tsx, /Users/karol/dev/tools/wt-philo-12-01/web/src/desk/pullouts/ThreadPullout.tsx, /Users/karol/dev/tools/wt-philo-12-01/web/src/desk/pullouts/WorkflowPullout.tsx, /Users/karol/dev/tools/wt-philo-12-01/web/src/desk/pullouts/editors/KbEditor.tsx, /Users/karol/dev/tools/wt-philo-12-01/web/src/desk/pullouts/editors/NoteEditor.tsx, /Users/karol/dev/tools/wt-philo-12-01/web/src/desk/pullouts/editors/RecipeEditor.tsx, /Users/karol/dev/tools/wt-philo-12-01/web/src/desk/pullouts/editors/WorkflowEditor.tsx, /Users/karol/dev/tools/wt-philo-12-01/web/src/desk/pullouts/editors/useDebouncedSave.ts, /Users/karol/dev/tools/wt-philo-12-01/web/src/desk/pullouts/shared/CapabilitySection.tsx, /Users/karol/dev/tools/wt-philo-12-01/web/src/desk/pullouts/shared/ThreadsSection.tsx, /Users/karol/dev/tools/wt-philo-12-01/web/src/desk/pullouts/views/DecisionsView.tsx, /Users/karol/dev/tools/wt-philo-12-01/web/src/desk/surface/send/SendWell.tsx, /Users/karol/dev/tools/wt-philo-12-01/web/src/desk/thought-workspace/ThoughtWorkspaceWindow.tsx, /Users/karol/dev/tools/wt-philo-12-01/web/src/desk/useDeskChangedRefresh.ts, /Users/karol/dev/tools/wt-philo-12-01/web/src/desk/verbRegistry.ts, /Users/karol/dev/tools/wt-philo-12-01/web/src/features/project-room/ProjectRoomCore.tsx, /Users/karol/dev/tools/wt-philo-12-01/web/src/features/project-room/door/useDoorController.ts, /Users/karol/dev/tools/wt-philo-12-01/web/src/pages/cores/ChangePlacesCore.tsx, /Users/karol/dev/tools/wt-philo-12-01/web/src/pages/cores/WorkbenchesHomeCore.tsx, /Users/karol/dev/tools/wt-philo-12-01/web/src/pages/cores/settingsPrefs.tsx, dynamic import will not move module into another chunk.

[plugin vite:reporter] 
(!) /Users/karol/dev/tools/wt-philo-12-01/web/src/desk/threads.ts is dynamically imported by /Users/karol/dev/tools/wt-philo-12-01/web/src/desk/shell.ts, /Users/karol/dev/tools/wt-philo-12-01/web/src/desk/surface/citations.tsx, /Users/karol/dev/tools/wt-philo-12-01/web/src/desk/verbRegistry.ts, /Users/karol/dev/tools/wt-philo-12-01/web/src/desk/verbRegistry.ts but also statically imported by /Users/karol/dev/tools/wt-philo-12-01/web/src/desk/callLoopWiring.ts, /Users/karol/dev/tools/wt-philo-12-01/web/src/desk/components/CallChip.tsx, /Users/karol/dev/tools/wt-philo-12-01/web/src/desk/components/DeskToolInspector.tsx, /Users/karol/dev/tools/wt-philo-12-01/web/src/desk/components/DeskToolShelf.tsx, /Users/karol/dev/tools/wt-philo-12-01/web/src/desk/hooks/useChatImport.ts, /Users/karol/dev/tools/wt-philo-12-01/web/src/desk/pullouts/RecipePullout.tsx, /Users/karol/dev/tools/wt-philo-12-01/web/src/desk/pullouts/ThreadPullout.tsx, /Users/karol/dev/tools/wt-philo-12-01/web/src/desk/pullouts/shared/ThreadsSection.tsx, dynamic import will not move module into another chunk.

[plugin vite:reporter] 
(!) /Users/karol/dev/tools/wt-philo-12-01/web/src/desk/steering.ts is dynamically imported by /Users/karol/dev/tools/wt-philo-12-01/web/src/desk/shell.ts but also statically imported by /Users/karol/dev/tools/wt-philo-12-01/web/src/desk/components/MissionControlConveyor.tsx, /Users/karol/dev/tools/wt-philo-12-01/web/src/desk/components/SessionPullout.tsx, /Users/karol/dev/tools/wt-philo-12-01/web/src/desk/pullouts/CoderPullout.tsx, dynamic import will not move module into another chunk.

computing gzip size...
../holdspeak/static/_built/index.html                                                     0.90 kB │ gzip:   0.44 kB
../holdspeak/static/_built/assets/space-grotesk-vietnamese-700-normal-DMty7AZE.woff2      4.20 kB
../holdspeak/static/_built/assets/jetbrains-mono-greek-400-normal-C190GLew.woff2          4.23 kB
../holdspeak/static/_built/assets/jetbrains-mono-greek-500-normal-JpySY46c.woff2          4.28 kB
../holdspeak/static/_built/assets/space-grotesk-vietnamese-600-normal-DUi7WF5p.woff2      4.31 kB
../holdspeak/static/_built/assets/space-grotesk-vietnamese-500-normal-BmEvtly_.woff2      4.32 kB
../holdspeak/static/_built/assets/inter-vietnamese-400-normal-DMkecbls.woff2              4.97 kB
../holdspeak/static/_built/assets/inter-vietnamese-600-normal-Cc8MFFhd.woff2              5.10 kB
../holdspeak/static/_built/assets/inter-vietnamese-500-normal-DOriooB6.woff2              5.11 kB
../holdspeak/static/_built/assets/inter-greek-ext-400-normal-DGGRlc-M.woff2               5.26 kB
../holdspeak/static/_built/assets/jetbrains-mono-cyrillic-400-normal-BEIGL1Tu.woff2       5.33 kB
../holdspeak/static/_built/assets/jetbrains-mono-cyrillic-500-normal-DmUKJPL_.woff2       5.36 kB
../holdspeak/static/_built/assets/jetbrains-mono-vietnamese-400-normal-CqNFfHCs.woff      5.37 kB
../holdspeak/static/_built/assets/inter-greek-ext-500-normal-C4iEst2y.woff2               5.43 kB
../holdspeak/static/_built/assets/inter-greek-ext-600-normal-DRtmH8MT.woff2               5.43 kB
../holdspeak/static/_built/assets/jetbrains-mono-vietnamese-500-normal-DNRqzVM1.woff      5.48 kB
../holdspeak/static/_built/assets/space-grotesk-vietnamese-700-normal-Duxec5Rn.woff       5.59 kB
../holdspeak/static/_built/assets/jetbrains-mono-greek-400-normal-B9oWc5Lo.woff           5.66 kB
../holdspeak/static/_built/assets/space-grotesk-vietnamese-600-normal-D6zpsUhD.woff       5.70 kB
../holdspeak/static/_built/assets/space-grotesk-vietnamese-500-normal-BTqKIpxg.woff       5.72 kB
../holdspeak/static/_built/assets/jetbrains-mono-greek-500-normal-D7SFKleX.woff           5.72 kB
../holdspeak/static/_built/assets/inter-vietnamese-400-normal-Bbgyi5SW.woff               6.50 kB
../holdspeak/static/_built/assets/inter-vietnamese-500-normal-mJboJaSs.woff               6.60 kB
../holdspeak/static/_built/assets/inter-vietnamese-600-normal-BuLX-rYi.woff               6.64 kB
../holdspeak/static/_built/assets/jetbrains-mono-cyrillic-400-normal-ugxPyKxw.woff        6.98 kB
../holdspeak/static/_built/assets/jetbrains-mono-cyrillic-500-normal-DJqRU3vO.woff        7.02 kB
../holdspeak/static/_built/assets/inter-greek-ext-400-normal-KugGGMne.woff                7.06 kB
../holdspeak/static/_built/assets/inter-greek-ext-500-normal-2j5mBUwD.woff                7.19 kB
../holdspeak/static/_built/assets/inter-greek-ext-600-normal-B8X0CLgF.woff                7.21 kB
../holdspeak/static/_built/assets/jetbrains-mono-latin-ext-400-normal-Bc8Ftmh3.woff2      7.34 kB
../holdspeak/static/_built/assets/jetbrains-mono-latin-ext-500-normal-Cut-4mMH.woff2      7.53 kB
../holdspeak/static/_built/assets/inter-cyrillic-400-normal-obahsSVq.woff2                7.71 kB
../holdspeak/static/_built/assets/inter-greek-400-normal-B4URO6DV.woff2                   7.78 kB
../holdspeak/static/_built/assets/inter-cyrillic-500-normal-BasfLYem.woff2                7.90 kB
../holdspeak/static/_built/assets/inter-greek-500-normal-BIZE56-Y.woff2                   7.92 kB
../holdspeak/static/_built/assets/inter-greek-600-normal-plRanbMR.woff2                   7.94 kB
../holdspeak/static/_built/assets/inter-cyrillic-600-normal-CWCymEST.woff2                7.97 kB
../holdspeak/static/_built/assets/inter-cyrillic-400-normal-HOLc17fK.woff                 9.78 kB
../holdspeak/static/_built/assets/inter-greek-400-normal-q2sYcFCs.woff                    9.92 kB
../holdspeak/static/_built/assets/inter-cyrillic-600-normal-4D_pXhcN.woff                 9.94 kB
../holdspeak/static/_built/assets/inter-cyrillic-500-normal-CxZf_p3X.woff                 9.94 kB
../holdspeak/static/_built/assets/inter-greek-500-normal-Xzm54t5V.woff                    9.98 kB
../holdspeak/static/_built/assets/inter-greek-600-normal-BZpKdvQh.woff                   10.03 kB
../holdspeak/static/_built/assets/jetbrains-mono-latin-ext-400-normal-fXTG6kC5.woff      10.13 kB
../holdspeak/static/_built/assets/inter-cyrillic-ext-400-normal-BQZuk6qB.woff2           10.23 kB
../holdspeak/static/_built/assets/jetbrains-mono-latin-ext-500-normal-ckzbgY84.woff      10.34 kB
../holdspeak/static/_built/assets/inter-cyrillic-ext-500-normal-B0yAr1jD.woff2           10.43 kB
../holdspeak/static/_built/assets/inter-cyrillic-ext-600-normal-Dfes3d0z.woff2           10.48 kB
../holdspeak/static/_built/assets/space-grotesk-latin-ext-700-normal-BQnZhY3m.woff2      11.99 kB
../holdspeak/static/_built/assets/space-grotesk-latin-ext-500-normal-DUe3BAxM.woff2      12.27 kB
../holdspeak/static/_built/assets/space-grotesk-latin-ext-600-normal-DxxdqCpr.woff2      12.29 kB
../holdspeak/static/_built/assets/space-grotesk-latin-700-normal-RjhwGPKo.woff2          12.84 kB
../holdspeak/static/_built/assets/space-grotesk-latin-600-normal-DjKNqYRj.woff2          13.28 kB
../holdspeak/static/_built/assets/space-grotesk-latin-500-normal-lFbtlQH6.woff2          13.31 kB
../holdspeak/static/_built/assets/inter-cyrillic-ext-400-normal-DQukG94-.woff            13.34 kB
../holdspeak/static/_built/assets/inter-cyrillic-ext-500-normal-BmqWE9Dz.woff            13.45 kB
../holdspeak/static/_built/assets/inter-cyrillic-ext-600-normal-Bcila6Z-.woff            13.46 kB
../holdspeak/static/_built/assets/space-grotesk-latin-700-normal-CwsQ-cCU.woff           16.42 kB
../holdspeak/static/_built/assets/space-grotesk-latin-ext-700-normal-HVCqSBdx.woff       16.46 kB
../holdspeak/static/_built/assets/space-grotesk-latin-ext-600-normal-VcznFIpX.woff       16.73 kB
../holdspeak/static/_built/assets/space-grotesk-latin-ext-500-normal-3dgZTiw9.woff       16.79 kB
../holdspeak/static/_built/assets/space-grotesk-latin-600-normal-BflQw4A9.woff           16.88 kB
../holdspeak/static/_built/assets/space-grotesk-latin-500-normal-CNSSEhBt.woff           16.99 kB
../holdspeak/static/_built/assets/rainy-masonry-DIBtQ-m6.webp                            17.21 kB
../holdspeak/static/_built/assets/jetbrains-mono-latin-400-normal-V6pRDFza.woff2         21.17 kB
../holdspeak/static/_built/assets/jetbrains-mono-latin-500-normal-BWZEU5yA.woff2         21.83 kB
../holdspeak/static/_built/assets/inter-latin-400-normal-C38fXH4l.woff2                  23.66 kB
../holdspeak/static/_built/assets/inter-latin-500-normal-Cerq10X2.woff2                  24.27 kB
../holdspeak/static/_built/assets/inter-latin-600-normal-LgqL8muc.woff2                  24.45 kB
../holdspeak/static/_built/assets/jetbrains-mono-latin-400-normal-6-qcROiO.woff          27.50 kB
../holdspeak/static/_built/assets/jetbrains-mono-latin-500-normal-CJOVTJB7.woff          28.21 kB
../holdspeak/static/_built/assets/inter-latin-400-normal-CyCys3Eg.woff                   30.70 kB
../holdspeak/static/_built/assets/inter-latin-600-normal-CiBQ2DWP.woff                   31.26 kB
../holdspeak/static/_built/assets/inter-latin-500-normal-BL9OpVg8.woff                   31.28 kB
../holdspeak/static/_built/assets/inter-latin-ext-400-normal-C1nco2VV.woff2              35.00 kB
../holdspeak/static/_built/assets/inter-latin-ext-500-normal-CV4jyFjo.woff2              36.02 kB
../holdspeak/static/_built/assets/inter-latin-ext-600-normal-D2bJ5OIk.woff2              36.26 kB
../holdspeak/static/_built/assets/inter-latin-ext-400-normal-77YHD8bZ.woff               47.56 kB
../holdspeak/static/_built/assets/inter-latin-ext-500-normal-BxGbmqWO.woff               48.49 kB
../holdspeak/static/_built/assets/inter-latin-ext-600-normal-CIVaiw4L.woff               48.67 kB
../holdspeak/static/_built/assets/wet-concrete-B8Jlfxi3.webp                             61.50 kB
../holdspeak/static/_built/assets/wet-asphalt-nQmNY0GR.webp                              65.97 kB
../holdspeak/static/_built/assets/documentSends-BsqDYTzC.css                              0.23 kB │ gzip:   0.18 kB
../holdspeak/static/_built/assets/ConstitutionalContextCore-cE2vkmv2.css                  0.50 kB │ gzip:   0.23 kB
../holdspeak/static/_built/assets/CadenceCore-BcDWJsh4.css                                0.63 kB │ gzip:   0.34 kB
../holdspeak/static/_built/assets/RepoWindow-Dmvmdom7.css                                 1.59 kB │ gzip:   0.64 kB
../holdspeak/static/_built/assets/XtermPane-DDGTF8rc.css                                  3.62 kB │ gzip:   0.99 kB
../holdspeak/static/_built/assets/RoadmapWindow-BpQxUh51.css                              3.81 kB │ gzip:   1.07 kB
../holdspeak/static/_built/assets/PeopleCore-DawtcWHJ.css                                 4.94 kB │ gzip:   1.29 kB
../holdspeak/static/_built/assets/DoorCore-CASx1vIJ.css                                   5.56 kB │ gzip:   1.45 kB
../holdspeak/static/_built/assets/SendWell-D9YE7g0K.css                                   7.41 kB │ gzip:   1.55 kB
../holdspeak/static/_built/assets/ConciergeCore-B7BZbZ8k.css                              8.77 kB │ gzip:   1.79 kB
../holdspeak/static/_built/assets/DictationCore-DMwTh7Sg.css                             13.08 kB │ gzip:   2.39 kB
../holdspeak/static/_built/assets/WorkbenchWindow-Bbq47XG1.css                           13.47 kB │ gzip:   2.50 kB
../holdspeak/static/_built/assets/ProjectMemoryCore-DIOkMGZd.css                         23.53 kB │ gzip:   4.53 kB
../holdspeak/static/_built/assets/index-CDmRbF-L.css                                     93.37 kB │ gzip:  31.37 kB
../holdspeak/static/_built/assets/desk-CjRVXs2b.css                                     324.84 kB │ gzip:  48.58 kB
../holdspeak/static/_built/assets/atmosphereLighting-D2uEdGO0.js                          0.14 kB │ gzip:   0.14 kB
../holdspeak/static/_built/assets/WelcomePage-CRdqcSoz.js                                 0.38 kB │ gzip:   0.27 kB
../holdspeak/static/_built/assets/core-layout-BCLjDd1j.js                                 0.44 kB │ gzip:   0.26 kB
../holdspeak/static/_built/assets/PresencePage-Btzoaavv.js                                0.56 kB │ gzip:   0.37 kB
../holdspeak/static/_built/assets/core-hooks-FKDMluwI.js                                  0.57 kB │ gzip:   0.37 kB
../holdspeak/static/_built/assets/atmosphereControls-nB4jNh-k.js                          0.77 kB │ gzip:   0.41 kB
../holdspeak/static/_built/assets/Filter-B4MdtQUK.js                                      0.91 kB │ gzip:   0.48 kB
../holdspeak/static/_built/assets/ChangePlacesCore-D1-IxslM.js                            0.92 kB │ gzip:   0.49 kB
../holdspeak/static/_built/assets/MeetingSendWell-_s8OJg1U.js                             0.97 kB │ gzip:   0.59 kB
../holdspeak/static/_built/assets/documentSends-CcmBjtMl.js                               1.38 kB │ gzip:   0.68 kB
../holdspeak/static/_built/assets/SetupCore-DxhYpiui.js                                   2.07 kB │ gzip:   1.02 kB
../holdspeak/static/_built/assets/api-CkxPgKVn.js                                         2.38 kB │ gzip:   0.73 kB
../holdspeak/static/_built/assets/greenhouseScene-CbiPReIQ.js                             2.48 kB │ gzip:   1.34 kB
../holdspeak/static/_built/assets/midnightArchiveScene-Cks10AbM.js                        2.49 kB │ gzip:   1.36 kB
../holdspeak/static/_built/assets/deepSeaScene-Kph6_2or.js                                2.81 kB │ gzip:   1.52 kB
../holdspeak/static/_built/assets/nightTrainScene-DxGfS3yD.js                             2.90 kB │ gzip:   1.57 kB
../holdspeak/static/_built/assets/ConstitutionalContextCore-Ctgc6lE_.js                   2.99 kB │ gzip:   1.32 kB
../holdspeak/static/_built/assets/CompanionCore-CewnMGC8.js                               3.00 kB │ gzip:   1.35 kB
../holdspeak/static/_built/assets/WorkbenchesHomeCore-VdoskIda.js                         3.04 kB │ gzip:   1.41 kB
../holdspeak/static/_built/assets/laundromatScene-BNGSS1T1.js                             3.05 kB │ gzip:   1.58 kB
../holdspeak/static/_built/assets/radioStationScene-s-EUOSVI.js                           3.20 kB │ gzip:   1.61 kB
../holdspeak/static/_built/assets/ActivityCore-CqS6EA_D.js                                3.24 kB │ gzip:   1.44 kB
../holdspeak/static/_built/assets/RoadmapWindow-C-2Y7dhp.js                               3.62 kB │ gzip:   1.43 kB
../holdspeak/static/_built/assets/settingsWallpaper-RnseUR9b.js                           3.62 kB │ gzip:   1.64 kB
../holdspeak/static/_built/assets/CommandsCore-C3uuNcMj.js                                4.00 kB │ gzip:   1.70 kB
../holdspeak/static/_built/assets/CalendarSnapshotReviewCore-Bs0-Q7Sr.js                  4.06 kB │ gzip:   1.68 kB
../holdspeak/static/_built/assets/helpers-M5flVTQa.js                                     4.24 kB │ gzip:   1.59 kB
../holdspeak/static/_built/assets/api-C6XeGuKR.js                                         5.27 kB │ gzip:   1.73 kB
../holdspeak/static/_built/assets/Atmosphere-C8N_GD5H.js                                  5.32 kB │ gzip:   2.23 kB
../holdspeak/static/_built/assets/RepoWindow-BJlhCm_Z.js                                  5.79 kB │ gzip:   2.43 kB
../holdspeak/static/_built/assets/usePrimitiveDetail-BXm52k_f.js                          8.53 kB │ gzip:   3.16 kB
../holdspeak/static/_built/assets/ProcessCore-DBIJAF24.js                                 9.42 kB │ gzip:   3.60 kB
../holdspeak/static/_built/assets/ComponentsCore-DDilOpiH.js                              9.97 kB │ gzip:   3.74 kB
../holdspeak/static/_built/assets/LiveCore-BjuzYo0T.js                                   10.22 kB │ gzip:   4.01 kB
../holdspeak/static/_built/assets/BufferResource-C1byu9jd.js                             10.62 kB │ gzip:   2.80 kB
../holdspeak/static/_built/assets/CadenceCore-DkKCAlWJ.js                                10.78 kB │ gzip:   3.67 kB
../holdspeak/static/_built/assets/BitmapFont-BXDv_Pgg.js                                 12.83 kB │ gzip:   4.69 kB
../holdspeak/static/_built/assets/webworkerAll-DlhLjNKs.js                               15.45 kB │ gzip:   4.89 kB
../holdspeak/static/_built/assets/sceneKit-DiGkm6FV.js                                   16.55 kB │ gzip:   6.13 kB
../holdspeak/static/_built/assets/DoorCore-C2g6nnFj.js                                   17.50 kB │ gzip:   5.26 kB
../holdspeak/static/_built/assets/CanvasRenderer-gwrn5wPo.js                             17.50 kB │ gzip:   5.86 kB
../holdspeak/static/_built/assets/lanternGardenScene-xeGn5N5B.js                         18.98 kB │ gzip:   7.14 kB
../holdspeak/static/_built/assets/ConciergeCore-4NcEBs3p.js                              22.94 kB │ gzip:   6.90 kB
../holdspeak/static/_built/assets/rainyCityScene-P7sWSGGp.js                             28.01 kB │ gzip:   9.68 kB
../holdspeak/static/_built/assets/PeopleCore-DBpJTHkl.js                                 28.21 kB │ gzip:   7.67 kB
../holdspeak/static/_built/assets/WebGPURenderer-Qi2pRkiN.js                             38.95 kB │ gzip:  10.88 kB
../holdspeak/static/_built/assets/WorkbenchWindow-Bc3vlOOi.js                            42.06 kB │ gzip:  13.79 kB
../holdspeak/static/_built/assets/browserAll-BjiblTSJ.js                                 43.08 kB │ gzip:  11.31 kB
../holdspeak/static/_built/assets/SendWell-XWTkJa1M.js                                   44.88 kB │ gzip:  12.26 kB
../holdspeak/static/_built/assets/DictationCore-uzD9gTlm.js                              46.37 kB │ gzip:  14.82 kB
../holdspeak/static/_built/assets/RenderTargetSystem-fdFziV13.js                         46.38 kB │ gzip:  12.73 kB
../holdspeak/static/_built/assets/HistoryCore-C-ORz8zI.js                                47.15 kB │ gzip:  14.47 kB
../holdspeak/static/_built/assets/react-SZyUX699.js                                      48.46 kB │ gzip:  17.18 kB
../holdspeak/static/_built/assets/SettingsCore-C6X0CIvA.js                               63.34 kB │ gzip:  19.41 kB
../holdspeak/static/_built/assets/WebGLRenderer-B8jZDqzm.js                              68.76 kB │ gzip:  18.88 kB
../holdspeak/static/_built/assets/ProjectMemoryCore-xMJmdfXJ.js                         175.79 kB │ gzip:  48.56 kB
../holdspeak/static/_built/assets/index-ChQW1Esz.js                                     221.19 kB │ gzip:  69.71 kB
../holdspeak/static/_built/assets/WorldStage-CSldnsic.js                                337.59 kB │ gzip: 106.86 kB
../holdspeak/static/_built/assets/XtermPane-EpuK2umN.js                                 364.14 kB │ gzip:  93.99 kB
../holdspeak/static/_built/assets/UnrealBloomPass-COc2GKT4.js                           558.38 kB │ gzip: 141.32 kB
../holdspeak/static/_built/assets/desk-nYOrC5YL.js                                    1,337.18 kB │ gzip: 427.95 kB

(!) Some chunks are larger than 500 kB after minification. Consider:
- Using dynamic import() to code-split the application
- Use build.rollupOptions.output.manualChunks to improve chunking: https://rollupjs.org/configuration-options/#output-manualchunks
- Adjust chunk size limit for this warning via build.chunkSizeWarningLimit.
✓ built in 4.88s
