tests/integration/test_update_routes.py::TestTheLoop::test_full_loop
tests/integration/test_update_routes.py::TestLatestPublishedOrdering::test_no_published_update_is_null_and_draft_order_is_preserved
tests/integration/test_update_routes.py::TestLatestPublishedOrdering::test_same_second_equal_revision_uses_later_rowid
tests/integration/test_update_routes.py::TestLatestPublishedOrdering::test_same_second_published_tie_ignores_high_draft_revision
tests/integration/test_update_routes.py::TestLatestPublishedOrdering::test_published_at_beats_later_rowid
tests/integration/test_update_routes.py::TestPublishImmutability::test_save_on_published_refuses
tests/integration/test_update_routes.py::TestPublishImmutability::test_republish_refuses
tests/integration/test_update_routes.py::TestModelFallback::test_model_fallback_reason_surfaces
tests/integration/test_update_routes.py::TestCommandReplay::test_draft_replay
tests/integration/test_update_routes.py::TestCommandReplay::test_save_replay
tests/integration/test_update_routes.py::TestCommandReplay::test_regenerate_replay
tests/integration/test_update_routes.py::TestNotFound::test_list_unknown_project
tests/integration/test_update_routes.py::TestNotFound::test_draft_unknown_project
tests/integration/test_update_routes.py::TestNotFound::test_save_unknown_update
tests/integration/test_update_routes.py::TestNotFound::test_publish_unknown_update
tests/integration/test_update_routes.py::TestNotFound::test_regenerate_unknown_update
tests/integration/test_update_routes.py::TestNotFound::test_markdown_unknown_update
tests/unit/test_project_updates_schema.py::TestFreshSchema::test_schema_version_is_at_least_the_phase_floor
tests/unit/test_project_updates_schema.py::TestFreshSchema::test_updates_table_exists
tests/unit/test_project_updates_schema.py::TestFreshSchema::test_updates_columns
tests/unit/test_project_updates_schema.py::TestFreshSchema::test_updates_defaults
tests/unit/test_project_updates_schema.py::TestFreshSchema::test_updates_fk_to_projects
tests/unit/test_project_updates_schema.py::TestFreshSchema::test_updates_indexes
tests/unit/test_project_updates_schema.py::TestFreshSchema::test_published_at_nullable
tests/unit/test_project_updates_schema.py::TestFreshSchema::test_review_id_nullable
tests/unit/test_project_updates_schema.py::TestLifecycleLaw::test_insert_creates_draft
tests/unit/test_project_updates_schema.py::TestLifecycleLaw::test_publish_sets_published_lifecycle_and_timestamp
tests/unit/test_project_updates_schema.py::TestLifecycleLaw::test_update_draft_on_published_refuses
tests/unit/test_project_updates_schema.py::TestLifecycleLaw::test_republish_refuses
tests/unit/test_project_updates_schema.py::TestLifecycleLaw::test_supersede_published_refuses
tests/unit/test_project_updates_schema.py::TestLifecycleLaw::test_supersede_unaccepted_draft
tests/unit/test_project_updates_schema.py::TestLifecycleLaw::test_update_draft_on_superseded_refuses
tests/unit/test_project_updates_schema.py::TestLifecycleLaw::test_publish_on_superseded_refuses
tests/unit/test_project_updates_schema.py::TestLifecycleLaw::test_supersede_preserves_project_pin
tests/unit/test_project_updates_schema.py::TestLifecycleLaw::test_list_by_lifecycle
tests/unit/test_project_updates_schema.py::TestLifecycleLaw::test_update_draft_succeeds_on_draft
tests/unit/test_project_updates_schema.py::TestLifecycleLaw::test_in_transaction_variants_work
tests/unit/test_project_updates_schema.py::TestRevisionPinning::test_pin_survives_project_mutation
tests/unit/test_project_updates_schema.py::TestRevisionPinning::test_pin_records_at_creation_time
tests/unit/test_project_updates_schema.py::TestRevisionPinning::test_multiple_drafts_pin_different_revisions
tests/unit/test_project_updates_schema.py::TestLegacyReconcile::test_reconcile_adds_project_updates_table
tests/unit/test_project_updates_schema.py::TestLegacyReconcile::test_reconcile_is_idempotent
tests/unit/test_project_updates_schema.py::TestLegacyReconcile::test_existing_data_survives_reconcile
tests/unit/test_project_updates_schema.py::TestRealDbReconcile::test_real_db_reconcile_preserves_data
tests/unit/test_project_updates_schema.py::TestIdPrefix::test_generate_pupd_id_has_prefix
tests/unit/test_project_updates_schema.py::TestIdPrefix::test_two_ids_are_unique
tests/unit/test_project_updates_schema.py::TestIdPrefix::test_validate_pupd_id
tests/unit/test_update_drafter.py::TestGoldenRich::test_rich_draft_has_all_sections
tests/unit/test_update_drafter.py::TestGoldenRich::test_rich_draft_claims_all_have_refs
tests/unit/test_update_drafter.py::TestGoldenRich::test_rich_draft_progress_section_has_items
tests/unit/test_update_drafter.py::TestGoldenRich::test_rich_draft_decisions_section_has_proposals
tests/unit/test_update_drafter.py::TestGoldenRich::test_rich_draft_risks_section_has_open_risks
tests/unit/test_update_drafter.py::TestGoldenRich::test_rich_draft_manifest_records_truth
tests/unit/test_update_drafter.py::TestGoldenRich::test_rich_draft_lifecycle_is_draft
tests/unit/test_update_drafter.py::TestGoldenRich::test_rich_draft_source_coverage_ok
tests/unit/test_update_drafter.py::TestGoldenEmpty::test_empty_draft_has_all_sections
tests/unit/test_update_drafter.py::TestGoldenEmpty::test_empty_draft_honest_minimal_lines
tests/unit/test_update_drafter.py::TestGoldenEmpty::test_empty_draft_no_claims
tests/unit/test_update_drafter.py::TestGoldenEmpty::test_empty_draft_manifest_records_empty
tests/unit/test_update_drafter.py::TestGoldenDegraded::test_degraded_section_triggers_caveat
tests/unit/test_update_drafter.py::TestGoldenDegraded::test_degraded_manifest_has_caveats
tests/unit/test_update_drafter.py::TestGoldenDegraded::test_degraded_claims_carry_refs
tests/unit/test_update_drafter.py::TestDeterminism::test_byte_identical_on_repeat
tests/unit/test_update_drafter.py::TestDeterminism::test_deterministic_empty_room
tests/unit/test_update_drafter.py::TestSupersede::test_regenerate_supersedes_draft
tests/unit/test_update_drafter.py::TestSupersede::test_supersede_increments_revision
tests/unit/test_update_drafter.py::TestSupersede::test_supersede_never_touches_published
tests/unit/test_update_drafter.py::TestClaimSchema::test_claim_to_dict
tests/unit/test_update_drafter.py::TestClaimSchema::test_claim_immutable
tests/unit/test_update_drafter.py::TestClaimSchema::test_section_keys_complete
tests/unit/test_update_drafter.py::TestCaveatScanner::test_all_ok_no_caveats
tests/unit/test_update_drafter.py::TestCaveatScanner::test_degraded_section_produces_caveat
tests/unit/test_update_drafter.py::TestCaveatScanner::test_absent_section_produces_caveat
tests/unit/test_update_drafter.py::TestCaveatScanner::test_multiple_caveats_sorted
tests/unit/test_update_drafter.py::TestAssembleBody::test_all_minimal_sections
tests/unit/test_update_drafter.py::TestAssembleBody::test_section_order_is_canonical
tests/unit/test_update_drafter.py::TestModelClaimDiscipline::test_supported_sentence_binds_refs
tests/unit/test_update_drafter.py::TestModelClaimDiscipline::test_unsupported_sentence_lands_marked
tests/unit/test_update_drafter.py::TestModelClaimDiscipline::test_unsupported_sentence_never_bare_fact
tests/unit/test_update_drafter.py::TestModelClaimDiscipline::test_unparseable_model_output_full_deterministic_fallback
tests/unit/test_update_drafter.py::TestModelClaimDiscipline::test_model_with_invented_refs_marks_as_unverified
tests/unit/test_update_drafter.py::TestModelFallback::test_router_down_fallback
tests/unit/test_update_drafter.py::TestModelFallback::test_no_assignment_fallback
tests/unit/test_update_drafter.py::TestModelFallback::test_model_exception_fallback
tests/unit/test_update_drafter.py::TestModelFallback::test_empty_model_output_fallback
tests/unit/test_update_drafter.py::TestModelFallback::test_generator_records_model_path_on_success
tests/unit/test_update_drafter.py::TestRouteResolution::test_profile_id_differing_from_model_id_reaches_the_model
tests/unit/test_update_drafter.py::TestRouteResolution::test_unresolvable_route_falls_back_with_a_named_reason
tests/unit/test_update_drafter.py::TestRouteResolution::test_model_failure_reasons_are_named_separately
tests/unit/test_update_drafter.py::TestRouteResolution::test_real_broker_resolves_an_endpoint_profile_by_its_route
tests/unit/test_update_drafter.py::TestRouteResolution::test_deterministic_draft_carries_no_fallback_reason
tests/unit/test_update_drafter.py::TestManifestIdentity::test_manifest_same_across_generators
tests/unit/test_update_drafter.py::TestExtractStructuredJson::test_plain_json
tests/unit/test_update_drafter.py::TestExtractStructuredJson::test_fenced_json
tests/unit/test_update_drafter.py::TestExtractStructuredJson::test_think_block_stripped
tests/unit/test_update_drafter.py::TestExtractStructuredJson::test_trailing_prose_ignored
tests/unit/test_update_drafter.py::TestExtractStructuredJson::test_empty_returns_none
tests/unit/test_update_drafter.py::TestExtractStructuredJson::test_garbage_returns_none
tests/unit/test_update_drafter.py::TestParseModelOutput::test_all_cited_verified
tests/unit/test_update_drafter.py::TestParseModelOutput::test_uncited_marked
tests/unit/test_update_drafter.py::TestParseModelOutput::test_invented_ref_marked
tests/unit/test_update_drafter.py::TestParseModelOutput::test_unparseable_returns_none
tests/unit/test_update_drafter.py::TestParseModelOutput::test_missing_sections_filled_with_honest_minimal
tests/unit/test_update_drafter.py::TestParseModelOutput::test_body_md_marks_unverified_lines
tests/unit/test_update_drafter.py::TestClaimVerifiedSerialization::test_verified_true_omitted
tests/unit/test_update_drafter.py::TestClaimVerifiedSerialization::test_verified_false_included
tests/unit/test_update_drafter.py::TestClaimVerifiedSerialization::test_deterministic_claim_json_unchanged
tests/unit/test_update_drafter.py::TestBuildModelPrompt::test_prompt_has_system_and_user
tests/unit/test_update_drafter.py::TestBuildModelPrompt::test_empty_sections_noted
tests/unit/test_philo_graph_atlas.py::test_every_atlas_file_is_read
tests/unit/test_philo_graph_atlas.py::test_schema_is_a_valid_2020_12_schema
tests/unit/test_philo_graph_atlas.py::test_atlas_validates_against_its_schema[atlas-h-c5.json]
tests/unit/test_philo_graph_atlas.py::test_every_source_reference_lands_on_its_symbol[atlas-h-c5.json]
tests/unit/test_philo_graph_atlas.py::test_atlas_validates_against_its_schema[atlas-phase10.json]
tests/unit/test_philo_graph_atlas.py::test_every_source_reference_lands_on_its_symbol[atlas-phase10.json]
tests/unit/test_philo_graph_atlas.py::test_atlas_validates_against_its_schema[atlas-phase11-slack.json]
tests/unit/test_philo_graph_atlas.py::test_every_source_reference_lands_on_its_symbol[atlas-phase11-slack.json]
tests/unit/test_philo_graph_atlas.py::test_atlas_validates_against_its_schema[atlas-phase11.json]
tests/unit/test_philo_graph_atlas.py::test_every_source_reference_lands_on_its_symbol[atlas-phase11.json]
tests/unit/test_philo_graph_atlas.py::test_atlas_validates_against_its_schema[atlas-phase12-source.json]
tests/unit/test_philo_graph_atlas.py::test_every_source_reference_lands_on_its_symbol[atlas-phase12-source.json]
tests/unit/test_philo_graph_atlas.py::test_atlas_validates_against_its_schema[atlas-phase13-astra.json]
tests/unit/test_philo_graph_atlas.py::test_every_source_reference_lands_on_its_symbol[atlas-phase13-astra.json]
tests/unit/test_philo_graph_atlas.py::test_atlas_validates_against_its_schema[atlas-phase13-muaddib.json]
tests/unit/test_philo_graph_atlas.py::test_every_source_reference_lands_on_its_symbol[atlas-phase13-muaddib.json]
tests/unit/test_philo_graph_atlas.py::test_atlas_validates_against_its_schema[atlas-phase3.json]
tests/unit/test_philo_graph_atlas.py::test_every_source_reference_lands_on_its_symbol[atlas-phase3.json]
tests/unit/test_philo_graph_atlas.py::test_atlas_validates_against_its_schema[atlas-phase7.json]
tests/unit/test_philo_graph_atlas.py::test_every_source_reference_lands_on_its_symbol[atlas-phase7.json]
tests/unit/test_philo_graph_atlas.py::test_atlas_validates_against_its_schema[atlas-phase8.json]
tests/unit/test_philo_graph_atlas.py::test_every_source_reference_lands_on_its_symbol[atlas-phase8.json]
tests/unit/test_philo_graph_atlas.py::test_atlas_validates_against_its_schema[atlas-phase9-steward.json]
tests/unit/test_philo_graph_atlas.py::test_every_source_reference_lands_on_its_symbol[atlas-phase9-steward.json]
tests/unit/test_philo_graph_atlas.py::test_atlas_validates_against_its_schema[atlas-phase9.json]
tests/unit/test_philo_graph_atlas.py::test_every_source_reference_lands_on_its_symbol[atlas-phase9.json]
tests/unit/test_philo_graph_atlas.py::test_atlas_validates_against_its_schema[atlas.json]
tests/unit/test_philo_graph_atlas.py::test_every_source_reference_lands_on_its_symbol[atlas.json]
tests/unit/test_philo_graph_atlas.py::test_ids_are_unique
tests/unit/test_philo_graph_atlas.py::test_every_case_state_id_resolves
tests/unit/test_philo_graph_atlas.py::test_every_case_reference_inside_the_atlas_resolves
tests/unit/test_philo_graph_atlas.py::test_every_clock_a_case_uses_is_declared
tests/unit/test_philo_graph_atlas.py::test_every_applicable_case_carries_one_trigger
tests/unit/test_philo_graph_atlas.py::test_no_timer_edge_is_triggered_by_a_substitute_button
tests/unit/test_philo_graph_atlas.py::test_every_api_setup_step_exists_in_the_generated_openapi
tests/unit/test_philo_graph_atlas.py::test_every_fixture_step_exists_and_hashes_as_claimed
tests/unit/test_philo_graph_atlas.py::test_every_phase1_reference_resolves_to_a_record
tests/unit/test_philo_graph_atlas.py::test_every_selected_job_has_an_applicable_case_except_j8
tests/unit/test_philo_graph_atlas.py::test_every_brief_family_is_present
tests/unit/test_philo_graph_atlas.py::test_quiet_is_never_an_attention_state
tests/unit/test_philo_graph_atlas.py::test_face_cases_carry_both_ruled_viewports
tests/unit/test_philo_graph_atlas.py::test_unexercised_states_name_a_mechanism_and_a_cost
tests/unit/test_philo_graph_atlas.py::test_source_commit_is_the_revision_the_atlas_was_derived_from
tests/unit/test_philo_graph_atlas.py::test_every_applicable_predicate_is_a_kind_the_rig_implements
tests/unit/test_philo_graph_atlas.py::test_every_predicate_observes_a_selector_or_a_route
tests/unit/test_philo_graph_atlas.py::test_protocol_predicates_ask_for_a_new_row
tests/unit/test_philo_graph_atlas.py::test_every_case_keeps_its_human_sentence
tests/unit/test_philo_graph_atlas.py::test_operation_siblings_use_headless_reads_and_canonical_steps
tests/unit/test_philo_graph_atlas.py::test_named_pair_observations_bind_their_read_arguments
tests/unit/test_philo_graph_atlas.py::test_all_handled_operation_maps_items_by_decision_source
tests/unit/test_philo_graph_atlas.py::test_breakage_cases_use_evening_wrapper_and_shelf_old_item
tests/unit/test_philo_graph_atlas.py::test_every_ui_action_is_one_the_rig_implements
tests/unit/test_philo_graph_atlas.py::test_every_boundary_names_its_substitution
tests/unit/test_philo_graph_atlas.py::test_summary_cases_use_the_retained_architect_import_fixture
tests/unit/test_philo_graph_atlas.py::test_summary_run_cases_have_one_run_trigger
tests/unit/test_philo_graph_atlas.py::test_summary_running_reads_the_claimed_job_wire_status
tests/unit/test_philo_graph_atlas.py::test_summary_queued_reads_the_run_admission_response
tests/unit/test_philo_graph_atlas.py::test_protocol_status_can_require_top_level_integer_body_fields
tests/unit/test_philo_graph_atlas.py::test_summary_preconditions_do_not_require_future_or_consumed_run_state
tests/unit/test_philo_graph_atlas.py::test_summary_state_reads_do_not_require_a_new_row_after_setup_run
tests/unit/test_philo_graph_atlas.py::test_summary_manual_retry_requires_failed_producer_and_current_route
tests/unit/test_philo_graph_atlas.py::test_summary_planned_host_cases_check_real_text_and_control_ownership
tests/unit/test_philo_graph_atlas.py::test_summary_failure_cases_retain_reply_at_the_provider_boundary
tests/unit/test_philo_graph_atlas.py::test_summary_imports_wait_for_real_completion_and_retain_title
tests/unit/test_philo_graph_atlas.py::test_summary_arrival_observations_name_the_rendered_states
tests/unit/test_philo_graph_atlas.py::test_summary_models_window_closes_before_arrival_steps
tests/unit/test_philo_graph_atlas.py::test_summary_restart_proof_retains_summary_receipt_and_identity
tests/unit/test_philo_graph_atlas.py::test_summary_microphone_cases_keep_the_lawful_blocked_boundary
tests/unit/test_philo_graph_atlas.py::test_summary_cases_do_not_claim_the_old_pangram
tests/unit/test_philo_graph_atlas.py::test_summary_stop_cases_require_a_real_active_meeting
tests/unit/test_philo_graph_atlas.py::test_the_two_schemas_agree_on_the_case_contract
tests/unit/test_philo_graph_atlas.py::test_every_case_validates_against_the_graph_case_schema
tests/unit/test_philo_graph_atlas.py::test_the_graph_predicate_enum_does_not_outrun_the_rig
tests/unit/test_philo_graph_atlas.py::test_a_case_without_a_predicate_is_unreachable_with_a_reason
tests/unit/test_philo_graph_atlas.py::test_every_council_reading_names_its_sources
tests/unit/test_philo_graph_atlas.py::test_no_precondition_check_compares_two_snapshots
tests/unit/test_philo_graph_atlas.py::test_every_precondition_check_observes_a_selector_or_a_route
tests/unit/test_philo_graph_atlas.py::test_no_check_asserts_the_result_the_trigger_must_produce
tests/unit/test_philo_graph_atlas.py::test_every_protocol_field_path_with_a_placeholder_is_a_json_pointer
tests/unit/test_philo_graph_atlas.py::test_no_step_acts_on_a_root_placeholder
tests/unit/test_philo_graph_atlas.py::test_navigation_steps_carry_no_selector
tests/unit/test_philo_graph_atlas.py::test_every_click_and_fill_names_a_control
tests/unit/test_philo_graph_atlas.py::test_every_desk_face_case_crosses_the_gate_first
tests/unit/test_philo_graph_atlas.py::test_no_gate_case_crosses_the_gate_in_setup
tests/unit/test_philo_graph_atlas.py::test_gate_cases_check_the_gate_not_the_desk
tests/unit/test_philo_graph_atlas.py::test_every_captured_id_names_the_field_it_reads
tests/unit/test_philo_graph_atlas.py::test_same_day_generate_again_binds_returned_displayed_and_retained
tests/unit/test_philo_graph_atlas.py::test_no_populated_brief_case_reads_the_headline
tests/unit/test_philo_graph_atlas.py::test_the_brief_recipe_fence_refuses_its_mutations
tests/unit/test_philo_graph_atlas.py::test_the_populated_brief_predicate_needs_the_minted_row
tests/unit/test_philo_graph_atlas.py::test_j11_kept_verifies_the_saved_words_in_the_store
tests/unit/test_philo_graph_atlas.py::test_same_day_same_id_fails_a_different_id_by_machine
tests/unit/test_philo_graph_atlas.py::test_j10_retention_is_proven_after_another_reload
tests/unit/test_philo_graph_atlas.py::test_summary_failure_settings_reach_the_real_drainer_after_restart
tests/unit/test_philo_graph_atlas.py::test_summary_no_engine_absence_is_read_inside_the_existing_meetings_scope
tests/unit/test_philo_graph_atlas.py::test_summary_reload_reads_the_same_already_persisted_summary
tests/unit/test_philo_graph_atlas.py::test_summary_terminal_cases_read_durable_meeting_not_active_queue[case.j6.run_summary.intel_ready-/intel_job/status]
tests/unit/test_philo_graph_atlas.py::test_summary_terminal_cases_read_durable_meeting_not_active_queue[case.j6.run_summary.host_named-/run_receipt/attempts/0/host]
tests/unit/test_philo_graph_atlas.py::test_no_assignment_op_reads_refusal_code_separately_from_error
tests/unit/test_philo_graph_atlas.py::test_thought_op_save_starts_from_different_working_text
tests/unit/test_philo_graph_atlas.py::test_philo603_cases_use_the_real_summary_producer_and_surface_slots
tests/unit/test_philo_graph_atlas.py::test_philo603_placement_fence_rejects_fixed_card_and_overlap
tests/unit/test_philo_graph_atlas.py::test_philo603_placement_fence_accepts_flow_card_with_nine_point_clearance
tests/unit/test_philo_graph_atlas.py::test_philo603_placement_fence_checks_every_matching_clear_target

213 tests collected in 0.83s
