.tmp/philo3-prefix-rig/tests/unit/test_philo3_summary_rig.py::test_import_completion_rejects_a_successful_but_malformed_payload
.tmp/philo3-prefix-rig/tests/unit/test_philo3_summary_rig.py::test_import_completion_rejects_successful_nonobject_payloads
.tmp/philo3-prefix-rig/tests/unit/test_philo3_summary_rig.py::test_fixture_boundary_enforces_declared_admission_status
.tmp/philo3-prefix-rig/tests/unit/test_philo3_summary_rig.py::test_admission_response_requires_queued_state_and_job_identity
.tmp/philo3-prefix-rig/tests/unit/test_philo3_summary_rig.py::test_hit_target_requires_all_interior_points_and_phone_sized_control
.tmp/philo3-prefix-rig/tests/unit/test_philo3_summary_rig.py::test_hit_target_rejects_occlusion_short_control_and_out_of_viewport
.tmp/philo3-prefix-rig/tests/unit/test_philo3_summary_rig.py::test_phone_target_requires_44_pixels_without_changing_desktop_size
.tmp/philo3-prefix-rig/tests/unit/test_philo3_summary_rig.py::test_scheduler_wait_keeps_a_producer_state_already_reached_in_setup
.tmp/philo3-prefix-rig/tests/unit/test_philo3_summary_rig.py::test_restart_predicate_requires_summary_receipt_and_identity
.tmp/philo3-prefix-rig/tests/unit/test_philo3_summary_rig.py::test_restart_predicate_rejects_each_missing_retention_flag_and_changed_summary
.tmp/philo3-prefix-rig/tests/unit/test_philo3_summary_rig.py::test_engine_replay_is_declared_only_by_the_failure_boundary
.tmp/philo3-prefix-rig/tests/unit/test_philo_graph_atlas.py::test_summary_cases_use_the_retained_architect_import_fixture
.tmp/philo3-prefix-rig/tests/unit/test_philo_graph_atlas.py::test_summary_run_cases_have_one_run_trigger
.tmp/philo3-prefix-rig/tests/unit/test_philo_graph_atlas.py::test_summary_running_reads_the_claimed_job_wire_status
.tmp/philo3-prefix-rig/tests/unit/test_philo_graph_atlas.py::test_summary_queued_reads_the_run_admission_response
.tmp/philo3-prefix-rig/tests/unit/test_philo_graph_atlas.py::test_summary_preconditions_do_not_require_future_or_consumed_run_state
.tmp/philo3-prefix-rig/tests/unit/test_philo_graph_atlas.py::test_summary_state_reads_do_not_require_a_new_row_after_setup_run
.tmp/philo3-prefix-rig/tests/unit/test_philo_graph_atlas.py::test_summary_manual_retry_requires_failed_producer_and_current_route
.tmp/philo3-prefix-rig/tests/unit/test_philo_graph_atlas.py::test_summary_planned_host_cases_check_real_text_and_control_ownership
.tmp/philo3-prefix-rig/tests/unit/test_philo_graph_atlas.py::test_summary_failure_cases_retain_reply_at_the_provider_boundary
.tmp/philo3-prefix-rig/tests/unit/test_philo_graph_atlas.py::test_summary_imports_wait_for_real_completion_and_retain_title
.tmp/philo3-prefix-rig/tests/unit/test_philo_graph_atlas.py::test_summary_arrival_observations_name_the_rendered_states
.tmp/philo3-prefix-rig/tests/unit/test_philo_graph_atlas.py::test_summary_models_window_closes_before_arrival_steps
.tmp/philo3-prefix-rig/tests/unit/test_philo_graph_atlas.py::test_summary_restart_proof_retains_summary_receipt_and_identity
.tmp/philo3-prefix-rig/tests/unit/test_philo_graph_atlas.py::test_summary_microphone_cases_keep_the_lawful_blocked_boundary
.tmp/philo3-prefix-rig/tests/unit/test_philo_graph_atlas.py::test_summary_cases_do_not_claim_the_old_pangram
.tmp/philo3-prefix-rig/tests/unit/test_philo_graph_atlas.py::test_summary_stop_cases_require_a_real_active_meeting

27/74 tests collected (47 deselected) in 0.04s
