tests/unit/test_philo3_summary_detail.py::test_summary_wire_fixture_matches_real_producer_states
tests/unit/test_philo3_summary_detail.py::test_real_producer_projects_job_into_detail_list_and_recovery
tests/unit/test_philo3_summary_detail.py::test_real_producer_success_keeps_detail_and_recovery_job_projection
tests/unit/test_philo3_summary_detail.py::test_scheduled_retry_projects_retrying_after_due_time_and_manual_enqueue_stays_queued
tests/unit/test_philo3_summary_detail.py::test_real_producer_terminal_failure_projects_failed_cause
tests/unit/test_philo3_summary_detail.py::test_manual_retry_after_terminal_failure_has_no_retry_cause
tests/unit/test_philo3_summary_queue.py::test_real_admitted_success_notifies_after_running_and_receipt
tests/unit/test_philo3_summary_queue.py::test_real_admitted_retry_notifies_after_scheduled_successor_and_receipt
tests/unit/test_philo3_summary_queue.py::test_real_admitted_terminal_failure_notifies_after_settlement_and_receipt
tests/unit/test_philo3_summary_queue.py::test_real_admission_refusal_notifies_after_durable_refusal_receipt
tests/unit/test_philo3_summary_counts.py::test_terminal_failure_is_not_still_queued_in_runtime_frame
tests/unit/test_philo3_summary_counts.py::test_scheduled_retry_is_counted_as_queued_and_retrying
tests/unit/test_intel_queue.py::test_worker_start_and_stop
tests/unit/test_intel_queue.py::test_compute_retry_delay_seconds_uses_exponential_backoff
tests/unit/test_intel_queue.py::test_retry_or_fail_job_requeues_bound_owner_before_max_attempts
tests/unit/test_intel_queue.py::test_retry_or_fail_job_terminalizes_bound_owner_after_max_attempts
tests/unit/test_intel_queue.py::test_compute_failure_rate_percent
tests/unit/test_intel_queue.py::test_failure_alert_hysteresis_triggers_once_per_incident
tests/unit/test_intel_queue.py::test_post_failure_alert_webhook_posts_json_payload
tests/unit/test_intel_queue.py::test_post_failure_alert_webhook_resolved_payload
tests/unit/test_intel_queue.py::test_transcript_refresh_releases_its_own_claim_without_enqueue_reset
tests/unit/test_meeting_deferred_admission.py::test_a_closed_live_session_is_never_revived
tests/unit/test_meeting_deferred_admission.py::test_stop_handoff_post_commit_cancels_do_not_serially_delay_stop
tests/unit/test_meeting_deferred_admission.py::test_stop_provider_known_settlement_activates_normal_bound_queue_claim
tests/unit/test_meeting_deferred_admission.py::test_settled_stop_handoff_skipped_by_owner_never_unknown_recovers
tests/unit/test_meeting_deferred_admission.py::test_stop_provider_unknown_dispatch_keeps_reservation_and_fresh_admits
tests/unit/test_meeting_deferred_admission.py::test_bound_claim_executes_stored_service_member_and_completes_ledger
tests/unit/test_meeting_deferred_admission.py::test_pre_c_unbound_claim_is_cut_over_inert_and_only_a_fresh_descriptor_can_bind
tests/unit/test_meeting_deferred_admission.py::test_bound_claim_replaces_legacy_stop_handoff_with_frozen_descriptor
tests/unit/test_meeting_deferred_admission.py::test_stop_and_recovery_replays_preserve_v3_handoff_leaf
tests/unit/test_meeting_deferred_admission.py::test_zero_frozen_bookmarks_omit_label_route_and_preserve_analysis
tests/unit/test_meeting_deferred_admission.py::test_live_bound_executor_lease_excludes_background_http_and_cli_competitors
tests/unit/test_meeting_deferred_admission.py::test_stale_takeover_reconciles_only_its_own_execution
tests/unit/test_meeting_deferred_admission.py::test_bound_executor_heartbeat_exception_fails_closed
tests/unit/test_meeting_deferred_admission.py::test_stale_executor_cannot_publish_or_settle_after_epoch_takeover
tests/unit/test_meeting_deferred_admission.py::test_stale_bound_executor_takeover_cas_allows_one_cross_connection_owner
tests/unit/test_meeting_deferred_admission.py::test_bound_claim_commit_recovers_exact_owner_without_second_egress
tests/unit/test_meeting_deferred_admission.py::test_bound_publication_fence_supersedes_stale_result
tests/unit/test_meeting_deferred_admission.py::test_bound_deferred_kernel_refusal_is_terminal_with_one_attempt
tests/unit/test_meeting_deferred_admission.py::test_bound_retry_success_hides_failed_ancestor_from_all_ordinary_readers
tests/unit/test_meeting_deferred_admission.py::test_bound_bookmark_operations_are_frozen_and_budgeted_per_instance
tests/unit/test_meeting_deferred_admission.py::test_bound_bookmark_labels_preserve_duplicate_timestamp_identities
tests/unit/test_meeting_deferred_admission.py::test_bound_bookmark_publication_skips_deleted_frozen_identity
tests/unit/test_meeting_deferred_admission.py::test_claim_refusal_terminalizes_and_unbounded_drain_continues
tests/unit/test_meeting_deferred_admission.py::test_reserved_successor_never_claims_before_old_parent_receipt
tests/unit/test_meeting_deferred_admission.py::test_receipted_successor_is_promoted_once_after_process_loss
tests/unit/test_meeting_deferred_admission.py::test_claim_admits_one_job_parent_with_base_and_plugin_children
tests/unit/test_meeting_deferred_admission.py::test_a_deduped_plugin_admits_no_child
tests/unit/test_meeting_deferred_admission.py::test_each_queue_retry_admits_a_new_job_parent
tests/unit/test_meeting_deferred_admission.py::test_a_returned_error_result_fails_the_base_child_and_keeps_the_queue_vocabulary
tests/unit/test_meeting_deferred_admission.py::test_an_executed_plugin_runs_on_the_engine_its_frozen_revision_built
tests/unit/test_meeting_deferred_admission.py::test_an_llm_plugin_with_no_admitted_handle_is_refused_by_name
tests/unit/test_meeting_deferred_admission.py::test_c2_plugin_child_uses_frozen_member_and_inner_output
tests/unit/test_meeting_deferred_admission.py::test_c2_plugin_revision_drift_refuses_without_plugin_child
tests/unit/test_meeting_deferred_admission.py::test_c2_unknown_plugin_id_refuses_claim_without_any_child
tests/unit/test_meeting_deferred_admission.py::test_c2_non_executed_plugin_gates_mint_no_child[deduped]
tests/unit/test_meeting_deferred_admission.py::test_c2_non_executed_plugin_gates_mint_no_child[fault]
tests/unit/test_meeting_deferred_admission.py::test_c2_persisted_disabled_plugin_skips_before_admission
tests/unit/test_meeting_deferred_admission.py::test_a_stop_displaced_job_runs_the_bookmark_and_title_children
tests/unit/test_meeting_deferred_admission.py::test_the_meeting_is_not_ready_until_the_displaced_work_settles
tests/unit/test_meeting_deferred_admission.py::test_a_normal_deferred_job_runs_no_title_or_bookmark_children
tests/unit/test_meeting_deferred_admission.py::test_no_transcript_material_reaches_the_kernel_journal_on_the_deferred_path
tests/unit/test_meeting_deferred_admission.py::test_stop_fences_live_bundle_before_return_and_rejects_late_ready
tests/unit/test_meeting_deferred_admission.py::test_unassigned_plugin_excluded_with_receipt_core_analysis_succeeds
tests/unit/test_meeting_deferred_admission.py::test_core_capability_missing_assignment_remains_terminal
tests/unit/test_philo3_summary_round2_atlas.py::test_actual_j6_recipe_requires_plain_provider_cause[case.j6.run_summary.intel_failed-FAILED]
tests/unit/test_philo3_summary_round2_atlas.py::test_actual_j6_recipe_requires_plain_provider_cause[case.j6.run_summary.retrying-RETRYING]
tests/unit/test_philo_graph_atlas.py::test_every_atlas_file_is_read
tests/unit/test_philo_graph_atlas.py::test_schema_is_a_valid_2020_12_schema
tests/unit/test_philo_graph_atlas.py::test_atlas_validates_against_its_schema[atlas-phase3.json]
tests/unit/test_philo_graph_atlas.py::test_every_source_reference_lands_on_its_symbol[atlas-phase3.json]
tests/unit/test_philo_graph_atlas.py::test_atlas_validates_against_its_schema[atlas.json]
tests/unit/test_philo_graph_atlas.py::test_every_source_reference_lands_on_its_symbol[atlas.json]
tests/unit/test_philo_graph_atlas.py::test_ids_are_unique
tests/unit/test_philo_graph_atlas.py::test_every_case_state_id_resolves
tests/unit/test_philo_graph_atlas.py::test_every_case_reference_inside_the_atlas_resolves
tests/unit/test_philo_graph_atlas.py::test_every_clock_a_case_uses_is_declared
tests/unit/test_philo_graph_atlas.py::test_every_applicable_case_carries_one_trigger
tests/unit/test_philo_graph_atlas.py::test_no_timer_edge_is_triggered_by_a_substitute_button
tests/unit/test_philo_graph_atlas.py::test_every_api_setup_step_exists_in_the_generated_openapi
tests/unit/test_philo_graph_atlas.py::test_every_fixture_step_exists_and_hashes_as_claimed
tests/unit/test_philo_graph_atlas.py::test_every_phase1_reference_resolves_to_a_record
tests/unit/test_philo_graph_atlas.py::test_every_selected_job_has_an_applicable_case_except_j8
tests/unit/test_philo_graph_atlas.py::test_every_brief_family_is_present
tests/unit/test_philo_graph_atlas.py::test_quiet_is_never_an_attention_state
tests/unit/test_philo_graph_atlas.py::test_face_cases_carry_both_ruled_viewports
tests/unit/test_philo_graph_atlas.py::test_unexercised_states_name_a_mechanism_and_a_cost
tests/unit/test_philo_graph_atlas.py::test_source_commit_is_the_revision_the_atlas_was_derived_from
tests/unit/test_philo_graph_atlas.py::test_every_applicable_predicate_is_a_kind_the_rig_implements
tests/unit/test_philo_graph_atlas.py::test_every_predicate_observes_a_selector_or_a_route
tests/unit/test_philo_graph_atlas.py::test_protocol_predicates_ask_for_a_new_row
tests/unit/test_philo_graph_atlas.py::test_every_case_keeps_its_human_sentence
tests/unit/test_philo_graph_atlas.py::test_every_ui_action_is_one_the_rig_implements
tests/unit/test_philo_graph_atlas.py::test_every_boundary_names_its_substitution
tests/unit/test_philo_graph_atlas.py::test_summary_cases_use_the_retained_architect_import_fixture
tests/unit/test_philo_graph_atlas.py::test_summary_run_cases_have_one_run_trigger
tests/unit/test_philo_graph_atlas.py::test_summary_running_reads_the_claimed_job_wire_status
tests/unit/test_philo_graph_atlas.py::test_summary_queued_reads_the_run_admission_response
tests/unit/test_philo_graph_atlas.py::test_summary_preconditions_do_not_require_future_or_consumed_run_state
tests/unit/test_philo_graph_atlas.py::test_summary_state_reads_do_not_require_a_new_row_after_setup_run
tests/unit/test_philo_graph_atlas.py::test_summary_manual_retry_requires_failed_producer_and_current_route
tests/unit/test_philo_graph_atlas.py::test_summary_planned_host_cases_check_real_text_and_control_ownership
tests/unit/test_philo_graph_atlas.py::test_summary_failure_cases_retain_reply_at_the_provider_boundary
tests/unit/test_philo_graph_atlas.py::test_summary_imports_wait_for_real_completion_and_retain_title
tests/unit/test_philo_graph_atlas.py::test_summary_arrival_observations_name_the_rendered_states
tests/unit/test_philo_graph_atlas.py::test_summary_models_window_closes_before_arrival_steps
tests/unit/test_philo_graph_atlas.py::test_summary_restart_proof_retains_summary_receipt_and_identity
tests/unit/test_philo_graph_atlas.py::test_summary_microphone_cases_keep_the_lawful_blocked_boundary
tests/unit/test_philo_graph_atlas.py::test_summary_cases_do_not_claim_the_old_pangram
tests/unit/test_philo_graph_atlas.py::test_summary_stop_cases_require_a_real_active_meeting
tests/unit/test_philo_graph_atlas.py::test_the_two_schemas_agree_on_the_case_contract
tests/unit/test_philo_graph_atlas.py::test_every_case_validates_against_the_graph_case_schema
tests/unit/test_philo_graph_atlas.py::test_the_graph_predicate_enum_does_not_outrun_the_rig
tests/unit/test_philo_graph_atlas.py::test_a_case_without_a_predicate_is_unreachable_with_a_reason
tests/unit/test_philo_graph_atlas.py::test_every_council_reading_names_its_sources
tests/unit/test_philo_graph_atlas.py::test_no_precondition_check_compares_two_snapshots
tests/unit/test_philo_graph_atlas.py::test_every_precondition_check_observes_a_selector_or_a_route
tests/unit/test_philo_graph_atlas.py::test_no_check_asserts_the_result_the_trigger_must_produce
tests/unit/test_philo_graph_atlas.py::test_every_protocol_field_path_with_a_placeholder_is_a_json_pointer
tests/unit/test_philo_graph_atlas.py::test_no_step_acts_on_a_root_placeholder
tests/unit/test_philo_graph_atlas.py::test_navigation_steps_carry_no_selector
tests/unit/test_philo_graph_atlas.py::test_every_click_and_fill_names_a_control
tests/unit/test_philo_graph_atlas.py::test_every_desk_face_case_crosses_the_gate_first
tests/unit/test_philo_graph_atlas.py::test_no_gate_case_crosses_the_gate_in_setup
tests/unit/test_philo_graph_atlas.py::test_gate_cases_check_the_gate_not_the_desk
tests/unit/test_philo_graph_atlas.py::test_every_captured_id_names_the_field_it_reads
tests/unit/test_philo_graph_atlas.py::test_same_day_generate_again_binds_returned_displayed_and_retained
tests/unit/test_philo_graph_atlas.py::test_no_populated_brief_case_reads_the_headline
tests/unit/test_philo_graph_atlas.py::test_the_populated_brief_predicate_needs_the_minted_row
tests/unit/test_philo_graph_atlas.py::test_j11_kept_verifies_the_saved_words_in_the_store
tests/unit/test_philo_graph_atlas.py::test_same_day_same_id_fails_a_different_id_by_machine
tests/unit/test_philo_graph_atlas.py::test_j10_retention_is_proven_after_another_reload
tests/unit/test_philo_graph_atlas.py::test_summary_failure_settings_reach_the_real_drainer_after_restart
tests/unit/test_philo_graph_atlas.py::test_summary_no_engine_absence_is_read_inside_the_existing_meetings_scope
tests/unit/test_philo_graph_atlas.py::test_summary_reload_reads_the_same_already_persisted_summary
tests/unit/test_philo_graph_atlas.py::test_summary_terminal_cases_read_durable_meeting_not_active_queue[case.j6.run_summary.intel_ready-/intel_job/status]
tests/unit/test_philo_graph_atlas.py::test_summary_terminal_cases_read_durable_meeting_not_active_queue[case.j6.run_summary.host_named-/run_receipt/attempts/0/host]
tests/unit/test_product_copy.py::test_every_declared_primary_surface_expands_and_is_classified
tests/unit/test_product_copy.py::test_primary_copy_has_no_prohibited_operational_drift
tests/unit/test_product_copy.py::test_recorded_copy_debt_only_shrinks
tests/unit/test_product_copy.py::test_each_prohibited_product_copy_rule_is_exercised
tests/unit/test_product_copy.py::test_failure_statements_must_carry_the_four_failure_facts
tests/unit/test_product_copy.py::test_failure_facts_skip_chips_buttons_and_documentation_prose
tests/unit/test_product_copy.py::test_failure_facts_exception_is_exact_and_bounded
tests/unit/test_product_copy.py::test_generic_open_exception_is_exact_and_bounded
tests/unit/test_product_copy.py::test_markdown_code_is_not_copy_and_does_not_exempt_surrounding_prose
tests/unit/test_product_copy.py::test_copy_contract_covers_postures_failures_and_bounded_exceptions
tests/unit/test_product_copy.py::test_inventory_contains_shared_product_language_in_real_surfaces
tests/unit/test_phase143_surface_fallback_census.py::test_private_backend_route_and_recovery_decisions_are_classified
tests/unit/test_phase143_surface_fallback_census.py::test_web_route_pointer_controls_are_classified_and_single_owned
tests/unit/test_phase143_surface_fallback_census.py::test_story143_workflow_aliases_decode_once_and_no_adopter_reopens_fake_fallback
tests/unit/test_phase143_surface_fallback_census.py::test_census_artifact_covers_every_guarded_surface_and_recovery_kind
tests/unit/test_phase143_surface_fallback_census.py::test_swift_retry_and_fallback_policy_sites_are_exact_and_fail_closed

153 tests collected in 0.65s
