
> holdspeak-web@0.0.1 check
> npm run tokens:check && npm run tokens:gate && npm run guard:architecture && npm run typecheck && npm run test:web && npm run build && npm run bundle:gate


> holdspeak-web@0.0.1 tokens:check
> node scripts/generate-tokens.cjs --check

tokens.css and tokens.gen.ts match design-tokens.json

> holdspeak-web@0.0.1 tokens:gate
> node scripts/validate-tokens.cjs

token gate: clean (11 allow-listed exceptions, all in use)

> holdspeak-web@0.0.1 guard:architecture
> node scripts/guard-architecture.mjs

React architecture guard passed (826 source files; zero framework residue).

> holdspeak-web@0.0.1 typecheck
> tsc --noEmit


> holdspeak-web@0.0.1 test:web
> vitest run --maxWorkers=2


 RUN  v4.1.9 /Users/karol/dev/tools/wt-philo-3-02/web

Error: Not implemented: HTMLCanvasElement.prototype.getContext (without installing the canvas npm package)
    at module.exports (/Users/karol/dev/tools/wt-philo-3-02/web/node_modules/jsdom/lib/jsdom/browser/not-implemented.js:9:17)
    at HTMLCanvasElementImpl.getContext (/Users/karol/dev/tools/wt-philo-3-02/web/node_modules/jsdom/lib/jsdom/living/nodes/HTMLCanvasElement-impl.js:42:5)
    at HTMLCanvasElement.getContext (/Users/karol/dev/tools/wt-philo-3-02/web/node_modules/jsdom/lib/jsdom/living/generated/HTMLCanvasElement.js:131:58)
    at createColoredCanvas (file:///Users/karol/dev/tools/wt-philo-3-02/web/node_modules/pixi.js/lib/rendering/renderers/canvas/utils/canUseNewCanvasBlendModes.mjs:7:26)
    at canUseNewCanvasBlendModes (file:///Users/karol/dev/tools/wt-philo-3-02/web/node_modules/pixi.js/lib/rendering/renderers/canvas/utils/canUseNewCanvasBlendModes.mjs:17:21)
    at file:///Users/karol/dev/tools/wt-philo-3-02/web/node_modules/pixi.js/lib/rendering/renderers/canvas/utils/canvasUtils.mjs:11:19
    at ModuleJob.run (node:internal/modules/esm/module_job:343:25)
    at processTicksAndRejections (node:internal/process/task_queues:105:5)
    at onImport.tracePromise.__proto__ (node:internal/modules/esm/loader:665:26)
    at VitestModuleEvaluator.runExternalModule (file:///Users/karol/dev/tools/wt-philo-3-02/web/node_modules/vitest/dist/module-evaluator.js:80:21) undefined
Error: Not implemented: HTMLCanvasElement.prototype.getContext (without installing the canvas npm package)
    at module.exports (/Users/karol/dev/tools/wt-philo-3-02/web/node_modules/jsdom/lib/jsdom/browser/not-implemented.js:9:17)
    at HTMLCanvasElementImpl.getContext (/Users/karol/dev/tools/wt-philo-3-02/web/node_modules/jsdom/lib/jsdom/living/nodes/HTMLCanvasElement-impl.js:42:5)
    at HTMLCanvasElement.getContext (/Users/karol/dev/tools/wt-philo-3-02/web/node_modules/jsdom/lib/jsdom/living/generated/HTMLCanvasElement.js:131:58)
    at getTestContext (file:///Users/karol/dev/tools/wt-philo-3-02/web/node_modules/pixi.js/lib/rendering/renderers/gl/shader/program/getTestContext.mjs:8:22)
    at getMaxFragmentPrecision (file:///Users/karol/dev/tools/wt-philo-3-02/web/node_modules/pixi.js/lib/rendering/renderers/gl/shader/program/getMaxFragmentPrecision.mjs:8:16)
    at new _GlProgram (file:///Users/karol/dev/tools/wt-philo-3-02/web/node_modules/pixi.js/lib/rendering/renderers/gl/shader/GlProgram.mjs:37:40)
    at Function.from (file:///Users/karol/dev/tools/wt-philo-3-02/web/node_modules/pixi.js/lib/rendering/renderers/gl/shader/GlProgram.mjs:77:27)
    at new ParticleShader (file:///Users/karol/dev/tools/wt-philo-3-02/web/node_modules/pixi.js/lib/scene/particle-container/shared/shader/ParticleShader.mjs:15:33)
    at new ParticleContainerPipe (file:///Users/karol/dev/tools/wt-philo-3-02/web/node_modules/pixi.js/lib/scene/particle-container/shared/ParticleContainerPipe.mjs:29:26)
    at new CanvasParticleContainerPipe (file:///Users/karol/dev/tools/wt-philo-3-02/web/node_modules/pixi.js/lib/scene/particle-container/canvas/CanvasParticleContainerPipe.mjs:8:5) undefined
Error: Not implemented: HTMLCanvasElement.prototype.getContext (without installing the canvas npm package)
    at module.exports (/Users/karol/dev/tools/wt-philo-3-02/web/node_modules/jsdom/lib/jsdom/browser/not-implemented.js:9:17)
    at HTMLCanvasElementImpl.getContext (/Users/karol/dev/tools/wt-philo-3-02/web/node_modules/jsdom/lib/jsdom/living/nodes/HTMLCanvasElement-impl.js:42:5)
    at HTMLCanvasElement.getContext (/Users/karol/dev/tools/wt-philo-3-02/web/node_modules/jsdom/lib/jsdom/living/generated/HTMLCanvasElement.js:131:58)
    at CanvasContextSystem.init (file:///Users/karol/dev/tools/wt-philo-3-02/web/node_modules/pixi.js/lib/rendering/renderers/canvas/CanvasContextSystem.mjs:35:46)
    at CanvasRenderer.init (file:///Users/karol/dev/tools/wt-philo-3-02/web/node_modules/pixi.js/lib/rendering/renderers/shared/system/AbstractRenderer.mjs:69:40)
    at processTicksAndRejections (node:internal/process/task_queues:105:5)
    at autoDetectRenderer (file:///Users/karol/dev/tools/wt-philo-3-02/web/node_modules/pixi.js/lib/rendering/renderers/autoDetectRenderer.mjs:53:3)
    at _Application.init (file:///Users/karol/dev/tools/wt-philo-3-02/web/node_modules/pixi.js/lib/app/Application.mjs:52:21)
    at WorldEngine.init (/Users/karol/dev/tools/wt-philo-3-02/web/src/desk/gl/engine.ts:188:7) undefined
Error: Not implemented: HTMLCanvasElement.prototype.getContext (without installing the canvas npm package)
    at module.exports (/Users/karol/dev/tools/wt-philo-3-02/web/node_modules/jsdom/lib/jsdom/browser/not-implemented.js:9:17)
    at HTMLCanvasElementImpl.getContext (/Users/karol/dev/tools/wt-philo-3-02/web/node_modules/jsdom/lib/jsdom/living/nodes/HTMLCanvasElement-impl.js:42:5)
    at HTMLCanvasElement.getContext (/Users/karol/dev/tools/wt-philo-3-02/web/node_modules/jsdom/lib/jsdom/living/generated/HTMLCanvasElement.js:131:58)
    at CanvasContextSystem.init (file:///Users/karol/dev/tools/wt-philo-3-02/web/node_modules/pixi.js/lib/rendering/renderers/canvas/CanvasContextSystem.mjs:35:46)
    at CanvasRenderer.init (file:///Users/karol/dev/tools/wt-philo-3-02/web/node_modules/pixi.js/lib/rendering/renderers/shared/system/AbstractRenderer.mjs:69:40)
    at processTicksAndRejections (node:internal/process/task_queues:105:5)
    at autoDetectRenderer (file:///Users/karol/dev/tools/wt-philo-3-02/web/node_modules/pixi.js/lib/rendering/renderers/autoDetectRenderer.mjs:53:3)
    at _Application.init (file:///Users/karol/dev/tools/wt-philo-3-02/web/node_modules/pixi.js/lib/app/Application.mjs:52:21)
    at WorldEngine.init (/Users/karol/dev/tools/wt-philo-3-02/web/src/desk/gl/engine.ts:188:7) undefined
Error: Not implemented: HTMLCanvasElement.prototype.getContext (without installing the canvas npm package)
    at module.exports (/Users/karol/dev/tools/wt-philo-3-02/web/node_modules/jsdom/lib/jsdom/browser/not-implemented.js:9:17)
    at HTMLCanvasElementImpl.getContext (/Users/karol/dev/tools/wt-philo-3-02/web/node_modules/jsdom/lib/jsdom/living/nodes/HTMLCanvasElement-impl.js:42:5)
    at HTMLCanvasElement.getContext (/Users/karol/dev/tools/wt-philo-3-02/web/node_modules/jsdom/lib/jsdom/living/generated/HTMLCanvasElement.js:131:58)
    at createColoredCanvas (file:///Users/karol/dev/tools/wt-philo-3-02/web/node_modules/pixi.js/lib/rendering/renderers/canvas/utils/canUseNewCanvasBlendModes.mjs:7:26)
    at canUseNewCanvasBlendModes (file:///Users/karol/dev/tools/wt-philo-3-02/web/node_modules/pixi.js/lib/rendering/renderers/canvas/utils/canUseNewCanvasBlendModes.mjs:17:21)
    at file:///Users/karol/dev/tools/wt-philo-3-02/web/node_modules/pixi.js/lib/rendering/renderers/canvas/utils/canvasUtils.mjs:11:19
    at ModuleJob.run (node:internal/modules/esm/module_job:343:25)
    at processTicksAndRejections (node:internal/process/task_queues:105:5)
    at onImport.tracePromise.__proto__ (node:internal/modules/esm/loader:665:26)
    at VitestModuleEvaluator.runExternalModule (file:///Users/karol/dev/tools/wt-philo-3-02/web/node_modules/vitest/dist/module-evaluator.js:80:21) undefined
Error: Not implemented: HTMLCanvasElement.prototype.getContext (without installing the canvas npm package)
    at module.exports (/Users/karol/dev/tools/wt-philo-3-02/web/node_modules/jsdom/lib/jsdom/browser/not-implemented.js:9:17)
    at HTMLCanvasElementImpl.getContext (/Users/karol/dev/tools/wt-philo-3-02/web/node_modules/jsdom/lib/jsdom/living/nodes/HTMLCanvasElement-impl.js:42:5)
    at HTMLCanvasElement.getContext (/Users/karol/dev/tools/wt-philo-3-02/web/node_modules/jsdom/lib/jsdom/living/generated/HTMLCanvasElement.js:131:58)
    at getTestContext (file:///Users/karol/dev/tools/wt-philo-3-02/web/node_modules/pixi.js/lib/rendering/renderers/gl/shader/program/getTestContext.mjs:8:22)
    at getMaxFragmentPrecision (file:///Users/karol/dev/tools/wt-philo-3-02/web/node_modules/pixi.js/lib/rendering/renderers/gl/shader/program/getMaxFragmentPrecision.mjs:8:16)
    at new _GlProgram (file:///Users/karol/dev/tools/wt-philo-3-02/web/node_modules/pixi.js/lib/rendering/renderers/gl/shader/GlProgram.mjs:37:40)
    at Function.from (file:///Users/karol/dev/tools/wt-philo-3-02/web/node_modules/pixi.js/lib/rendering/renderers/gl/shader/GlProgram.mjs:77:27)
    at new ParticleShader (file:///Users/karol/dev/tools/wt-philo-3-02/web/node_modules/pixi.js/lib/scene/particle-container/shared/shader/ParticleShader.mjs:15:33)
    at new ParticleContainerPipe (file:///Users/karol/dev/tools/wt-philo-3-02/web/node_modules/pixi.js/lib/scene/particle-container/shared/ParticleContainerPipe.mjs:29:26)
    at new CanvasParticleContainerPipe (file:///Users/karol/dev/tools/wt-philo-3-02/web/node_modules/pixi.js/lib/scene/particle-container/canvas/CanvasParticleContainerPipe.mjs:8:5) undefined
Error: Not implemented: HTMLCanvasElement.prototype.getContext (without installing the canvas npm package)
    at module.exports (/Users/karol/dev/tools/wt-philo-3-02/web/node_modules/jsdom/lib/jsdom/browser/not-implemented.js:9:17)
    at HTMLCanvasElementImpl.getContext (/Users/karol/dev/tools/wt-philo-3-02/web/node_modules/jsdom/lib/jsdom/living/nodes/HTMLCanvasElement-impl.js:42:5)
    at HTMLCanvasElement.getContext (/Users/karol/dev/tools/wt-philo-3-02/web/node_modules/jsdom/lib/jsdom/living/generated/HTMLCanvasElement.js:131:58)
    at CanvasContextSystem.init (file:///Users/karol/dev/tools/wt-philo-3-02/web/node_modules/pixi.js/lib/rendering/renderers/canvas/CanvasContextSystem.mjs:35:46)
    at CanvasRenderer.init (file:///Users/karol/dev/tools/wt-philo-3-02/web/node_modules/pixi.js/lib/rendering/renderers/shared/system/AbstractRenderer.mjs:69:40)
    at processTicksAndRejections (node:internal/process/task_queues:105:5)
    at autoDetectRenderer (file:///Users/karol/dev/tools/wt-philo-3-02/web/node_modules/pixi.js/lib/rendering/renderers/autoDetectRenderer.mjs:53:3)
    at _Application.init (file:///Users/karol/dev/tools/wt-philo-3-02/web/node_modules/pixi.js/lib/app/Application.mjs:52:21)
    at WorldEngine.init (/Users/karol/dev/tools/wt-philo-3-02/web/src/desk/gl/engine.ts:188:7) undefined
Error: Not implemented: HTMLCanvasElement.prototype.getContext (without installing the canvas npm package)
    at module.exports (/Users/karol/dev/tools/wt-philo-3-02/web/node_modules/jsdom/lib/jsdom/browser/not-implemented.js:9:17)
    at HTMLCanvasElementImpl.getContext (/Users/karol/dev/tools/wt-philo-3-02/web/node_modules/jsdom/lib/jsdom/living/nodes/HTMLCanvasElement-impl.js:42:5)
    at HTMLCanvasElement.getContext (/Users/karol/dev/tools/wt-philo-3-02/web/node_modules/jsdom/lib/jsdom/living/generated/HTMLCanvasElement.js:131:58)
    at CanvasContextSystem.init (file:///Users/karol/dev/tools/wt-philo-3-02/web/node_modules/pixi.js/lib/rendering/renderers/canvas/CanvasContextSystem.mjs:35:46)
    at CanvasRenderer.init (file:///Users/karol/dev/tools/wt-philo-3-02/web/node_modules/pixi.js/lib/rendering/renderers/shared/system/AbstractRenderer.mjs:69:40)
    at processTicksAndRejections (node:internal/process/task_queues:105:5)
    at autoDetectRenderer (file:///Users/karol/dev/tools/wt-philo-3-02/web/node_modules/pixi.js/lib/rendering/renderers/autoDetectRenderer.mjs:53:3)
    at _Application.init (file:///Users/karol/dev/tools/wt-philo-3-02/web/node_modules/pixi.js/lib/app/Application.mjs:52:21)
    at WorldEngine.init (/Users/karol/dev/tools/wt-philo-3-02/web/src/desk/gl/engine.ts:188:7) undefined
Error: Not implemented: HTMLCanvasElement.prototype.getContext (without installing the canvas npm package)
    at module.exports (/Users/karol/dev/tools/wt-philo-3-02/web/node_modules/jsdom/lib/jsdom/browser/not-implemented.js:9:17)
    at HTMLCanvasElementImpl.getContext (/Users/karol/dev/tools/wt-philo-3-02/web/node_modules/jsdom/lib/jsdom/living/nodes/HTMLCanvasElement-impl.js:42:5)
    at HTMLCanvasElement.getContext (/Users/karol/dev/tools/wt-philo-3-02/web/node_modules/jsdom/lib/jsdom/living/generated/HTMLCanvasElement.js:131:58)
    at /Users/karol/dev/tools/wt-philo-3-02/web/node_modules/axe-core/axe.js:16723:49
    at Object.get (/Users/karol/dev/tools/wt-philo-3-02/web/node_modules/axe-core/axe.js:11239:23)
    at _isIconLigature (/Users/karol/dev/tools/wt-philo-3-02/web/node_modules/axe-core/axe.js:16722:41)
    at /Users/karol/dev/tools/wt-philo-3-02/web/node_modules/axe-core/axe.js:28288:54
    at Array.some (<anonymous>)
    at hasRealTextChildren (/Users/karol/dev/tools/wt-philo-3-02/web/node_modules/axe-core/axe.js:28287:35)
    at Rule.colorContrastMatches [as matches] (/Users/karol/dev/tools/wt-philo-3-02/web/node_modules/axe-core/axe.js:28249:12) undefined

 Test Files  306 passed (306)
      Tests  2807 passed (2807)
   Start at  15:35:54
   Duration  89.48s (transform 4.84s, setup 11.97s, import 32.27s, tests 60.88s, environment 52.38s)


> holdspeak-web@0.0.1 build
> vite build

vite v7.3.6 building client environment for production...
transforming...
✓ 1690 modules transformed.
rendering chunks...
[plugin vite:reporter] 
(!) /Users/karol/dev/tools/wt-philo-3-02/web/src/features/project-room/api.ts is dynamically imported by /Users/karol/dev/tools/wt-philo-3-02/web/src/features/project-room/prepare/usePrepareController.ts but also statically imported by /Users/karol/dev/tools/wt-philo-3-02/web/src/features/project-room/ProjectRoomCore.tsx, /Users/karol/dev/tools/wt-philo-3-02/web/src/features/project-room/RoomPeopleSection.tsx, /Users/karol/dev/tools/wt-philo-3-02/web/src/features/project-room/useProjectRoomController.ts, dynamic import will not move module into another chunk.

[plugin vite:reporter] 
(!) /Users/karol/dev/tools/wt-philo-3-02/web/src/desk/shell.ts is dynamically imported by /Users/karol/dev/tools/wt-philo-3-02/web/src/desk/components/window/Dock.tsx, /Users/karol/dev/tools/wt-philo-3-02/web/src/desk/store/compositorSlice.ts, /Users/karol/dev/tools/wt-philo-3-02/web/src/features/concierge/useConciergeController.ts, /Users/karol/dev/tools/wt-philo-3-02/web/src/features/project-room/prepare/usePrepareController.ts, /Users/karol/dev/tools/wt-philo-3-02/web/src/pages/cores/SettingsCore.tsx, /Users/karol/dev/tools/wt-philo-3-02/web/src/pages/cores/dictation/SpeakFace.tsx but also statically imported by /Users/karol/dev/tools/wt-philo-3-02/web/src/App.tsx, /Users/karol/dev/tools/wt-philo-3-02/web/src/components/AmbientLayer.tsx, /Users/karol/dev/tools/wt-philo-3-02/web/src/desk/chair/ChairHome.tsx, /Users/karol/dev/tools/wt-philo-3-02/web/src/desk/components/AttentionDrawer.tsx, /Users/karol/dev/tools/wt-philo-3-02/web/src/desk/components/DeskStartActions.tsx, /Users/karol/dev/tools/wt-philo-3-02/web/src/desk/components/DeskToolInspector.tsx, /Users/karol/dev/tools/wt-philo-3-02/web/src/desk/components/DeskToolShelf.tsx, /Users/karol/dev/tools/wt-philo-3-02/web/src/desk/components/FirstWords.tsx, /Users/karol/dev/tools/wt-philo-3-02/web/src/desk/components/GlassDropLayer.tsx, /Users/karol/dev/tools/wt-philo-3-02/web/src/desk/components/Pullout.tsx, /Users/karol/dev/tools/wt-philo-3-02/web/src/desk/components/RecordOrb.tsx, /Users/karol/dev/tools/wt-philo-3-02/web/src/desk/components/SurfaceWindows.tsx, /Users/karol/dev/tools/wt-philo-3-02/web/src/desk/components/SystemShade.tsx, /Users/karol/dev/tools/wt-philo-3-02/web/src/desk/components/TrustWindow.tsx, /Users/karol/dev/tools/wt-philo-3-02/web/src/desk/pullouts/ArtifactPullout.tsx, /Users/karol/dev/tools/wt-philo-3-02/web/src/desk/pullouts/ChainPullout.tsx, /Users/karol/dev/tools/wt-philo-3-02/web/src/desk/pullouts/CoderPullout.tsx, /Users/karol/dev/tools/wt-philo-3-02/web/src/desk/pullouts/DecisionPullout.tsx, /Users/karol/dev/tools/wt-philo-3-02/web/src/desk/pullouts/DirectoryPullout.tsx, /Users/karol/dev/tools/wt-philo-3-02/web/src/desk/pullouts/KbPullout.tsx, /Users/karol/dev/tools/wt-philo-3-02/web/src/desk/pullouts/MeetingPullout.tsx, /Users/karol/dev/tools/wt-philo-3-02/web/src/desk/pullouts/NotePullout.tsx, /Users/karol/dev/tools/wt-philo-3-02/web/src/desk/pullouts/RecipePullout.tsx, /Users/karol/dev/tools/wt-philo-3-02/web/src/desk/pullouts/WorkflowPullout.tsx, /Users/karol/dev/tools/wt-philo-3-02/web/src/desk/pullouts/shared/CapabilitySection.tsx, /Users/karol/dev/tools/wt-philo-3-02/web/src/desk/pullouts/views/BriefView.tsx, /Users/karol/dev/tools/wt-philo-3-02/web/src/desk/pullouts/views/FollowThroughView.tsx, /Users/karol/dev/tools/wt-philo-3-02/web/src/desk/surface/citations.tsx, /Users/karol/dev/tools/wt-philo-3-02/web/src/desk/thought-workspace/ThoughtWorkspaceWindow.tsx, /Users/karol/dev/tools/wt-philo-3-02/web/src/desk/verbRegistry.ts, /Users/karol/dev/tools/wt-philo-3-02/web/src/features/project-room/ProjectRoomCore.tsx, /Users/karol/dev/tools/wt-philo-3-02/web/src/features/project-room/RoomPeopleSection.tsx, /Users/karol/dev/tools/wt-philo-3-02/web/src/features/project-room/door/useDoorController.ts, /Users/karol/dev/tools/wt-philo-3-02/web/src/features/project-room/prepare/PreparePosture.tsx, /Users/karol/dev/tools/wt-philo-3-02/web/src/features/project-room/recall/RecallFace.tsx, /Users/karol/dev/tools/wt-philo-3-02/web/src/features/project-room/useProjectRoomController.ts, /Users/karol/dev/tools/wt-philo-3-02/web/src/pages/cores/CommandsCore.tsx, /Users/karol/dev/tools/wt-philo-3-02/web/src/pages/cores/CompanionCore.tsx, /Users/karol/dev/tools/wt-philo-3-02/web/src/pages/cores/HistoryCore.tsx, /Users/karol/dev/tools/wt-philo-3-02/web/src/pages/cores/LiveCore.tsx, /Users/karol/dev/tools/wt-philo-3-02/web/src/pages/cores/PeopleCore.tsx, /Users/karol/dev/tools/wt-philo-3-02/web/src/pages/cores/RuntimeDocsCore.tsx, /Users/karol/dev/tools/wt-philo-3-02/web/src/pages/cores/SettingsCore.tsx, /Users/karol/dev/tools/wt-philo-3-02/web/src/pages/cores/SetupCore.tsx, /Users/karol/dev/tools/wt-philo-3-02/web/src/pages/cores/dictation/DictationSections.tsx, /Users/karol/dev/tools/wt-philo-3-02/web/src/pages/cores/dictation/Readiness.tsx, /Users/karol/dev/tools/wt-philo-3-02/web/src/pages/cores/history/ArtifactsLibrary.tsx, /Users/karol/dev/tools/wt-philo-3-02/web/src/pages/cores/history/DoorSection.tsx, /Users/karol/dev/tools/wt-philo-3-02/web/src/pages/cores/history/ImportSection.tsx, /Users/karol/dev/tools/wt-philo-3-02/web/src/pages/cores/history/MeetingReview.tsx, dynamic import will not move module into another chunk.

[plugin vite:reporter] 
(!) /Users/karol/dev/tools/wt-philo-3-02/web/src/desk/store.ts is dynamically imported by /Users/karol/dev/tools/wt-philo-3-02/web/src/desk/shell.ts, /Users/karol/dev/tools/wt-philo-3-02/web/src/desk/shell.ts, /Users/karol/dev/tools/wt-philo-3-02/web/src/features/concierge/useConciergeController.ts, /Users/karol/dev/tools/wt-philo-3-02/web/src/features/concierge/useConciergeController.ts, /Users/karol/dev/tools/wt-philo-3-02/web/src/features/concierge/useConciergeController.ts but also statically imported by /Users/karol/dev/tools/wt-philo-3-02/web/src/desk/DeskApp.tsx, /Users/karol/dev/tools/wt-philo-3-02/web/src/desk/chair/ChairHome.tsx, /Users/karol/dev/tools/wt-philo-3-02/web/src/desk/components/AskPanel.tsx, /Users/karol/dev/tools/wt-philo-3-02/web/src/desk/components/DeskChrome.tsx, /Users/karol/dev/tools/wt-philo-3-02/web/src/desk
[PMO_EVIDENCE_OUTPUT_TRUNCATED]
