TB-control-1-desk-1440 front [('People', 26, 5.4)] inactive [(26, 7.81)] fails []
TB-control-2-closeup-1440 front [('People', 26, 5.4)] inactive [(26, 7.81)] fails []
TB-control-4-window-menu-1440 front [('People', 26, 5.4)] inactive [(26, 7.81)] fails []
TB-control-3-phone-393 front [('People', 44, 5.4)] inactive [(44, 7.81)] fails []
TB-control-5-window-menu-393 front [('People', 44, 5.4)] inactive [(44, 7.81)] fails []
TB-A-1-desk-1440 front [('People', 26, 5.4)] inactive [(26, 5.44)] fails []
TB-A-2-closeup-1440 front [('People', 26, 5.4)] inactive [(26, 5.44)] fails []
TB-A-4-window-menu-1440 front [('People', 26, 5.4)] inactive [(26, 5.44)] fails []
TB-A-3-phone-393 front [('People', 44, 5.4)] inactive [(44, 5.44)] fails []
TB-A-5-window-menu-393 front [('People', 44, 5.4)] inactive [(44, 5.44)] fails []
TB-B-1-desk-1440 front [('People', 26, 5.4)] inactive [(26, 5.44)] fails []
TB-B-2-closeup-1440 front [('People', 26, 5.4)] inactive [(26, 5.44)] fails []
TB-B-4-window-menu-1440 front [('People', 26, 5.4)] inactive [(26, 5.44)] fails []
TB-B-3-phone-393 front [('People', 44, 5.4)] inactive [(44, 5.44)] fails []
TB-B-5-window-menu-393 front [('People', 44, 5.4)] inactive [(44, 5.44)] fails []
TB-C-1-desk-1440 front [('People', 32, 13.79)] inactive [(32, 6.05)] fails []
TB-C-2-closeup-1440 front [('People', 32, 13.79)] inactive [(32, 6.05)] fails []
TB-C-4-window-menu-1440 front [('People', 32, 13.79)] inactive [(32, 6.05)] fails []
TB-C-3-phone-393 front [('People', 44, 13.79)] inactive [(44, 6.05)] fails []
TB-C-5-window-menu-393 front [('People', 44, 13.79)] inactive [(44, 6.05)] fails []

ALL FENCES HELD; EXIT 0
