Proof copy: current Chair and TranscriptWell; only refresh retention restored to setMeetingDetails({}).

 RUN  v4.1.9 /Users/karol/dev/tools/wt-philo-3-02/.tmp/philo3-r2-before-e_v42msc/web

stderr | src/desk/chair/arrivalSummaryCompletion.test.tsx > PHILO-3-02 Arrival summary completion > keeps the open summary and user-open transcript through an unresolved desk refresh
An update to Arrival inside a test was not wrapped in act(...).

When testing, code that causes React state updates should be wrapped into act(...):

act(() => {
  /* fire events that update state */
});
/* assert on the output */

This ensures that you're testing the behavior the user would see in the browser. Learn more at https://react.dev/link/wrap-tests-with-act
An update to Arrival inside a test was not wrapped in act(...).

When testing, code that causes React state updates should be wrapped into act(...):

act(() => {
  /* fire events that update state */
});
/* assert on the output */

This ensures that you're testing the behavior the user would see in the browser. Learn more at https://react.dev/link/wrap-tests-with-act

 ❯ src/desk/chair/arrivalSummaryCompletion.test.tsx (12 tests | 1 failed | 11 skipped) 157ms
     × keeps the open summary and user-open transcript through an unresolved desk refresh 156ms

⎯⎯⎯⎯⎯⎯⎯ Failed Tests 1 ⎯⎯⎯⎯⎯⎯⎯

 FAIL  src/desk/chair/arrivalSummaryCompletion.test.tsx > PHILO-3-02 Arrival summary completion > keeps the open summary and user-open transcript through an unresolved desk refresh
TestingLibraryElementError: Unable to find an element by: [data-testid="meeting-summary-text"]

Ignored nodes: comments, script, style
[36m<body>[39m
  [36m<div>[39m
    [36m<div[39m
      [33mclass[39m=[32m"chair"[39m
      [33mdata-testid[39m=[32m"chair"[39m
    [36m>[39m
      [36m<div[39m
        [33mclass[39m=[32m"arrival-headline"[39m
        [33mdata-testid[39m=[32m"arrival-headline"[39m
      [36m>[39m
        [36m<h1[39m
          [33mclass[39m=[32m"arrival-display arrival-display--muted"[39m
          [33mdata-testid[39m=[32m"arrival-display"[39m
        [36m>[39m
          [0mNothing needs you[0m
        [36m</h1>[39m
      [36m</div>[39m
      [36m<div[39m
        [33mdata-testid[39m=[32m"arrival-brief"[39m
      [36m>[39m
        [36m<section[39m
          [33mclass[39m=[32m"surface-section"[39m
        [36m>[39m
          [36m<header[39m
            [33mclass[39m=[32m"surface-section-head"[39m
          [36m>[39m
            [36m<h3>[39m
              [0mBRIEF[0m
            [36m</h3>[39m
            [36m<span[39m
              [33mclass[39m=[32m"gadget-chip gadget-chip-egress"[39m
              [33mdata-scope[39m=[32m"local"[39m
              [33mtitle[39m=[32m"The brief is built from this desk's own records."[39m
            [36m>[39m
              [0mTHIS DEVICE[0m
            [36m</span>[39m
            [36m<button[39m
              [33mclass[39m=[32m"btn btn--ghost btn--sm "[39m
              [33mdata-testid[39m=[32m"arrival-brief-generate"[39m
              [33mtype[39m=[32m"button"[39m
            [36m>[39m
              [0mGenerate[0m
            [36m</button>[39m
          [36m</header>[39m
          [36m<span[39m
            [33mclass[39m=[32m"arrival-brief-empty"[39m
          [36m>[39m
            [0mNo brief yet[0m
          [36m</span>[39m
        [36m</section>[39m
      [36m</div>[39m
      [36m<div[39m
        [33mdata-testid[39m=[32m"arrival-meetings"[39m
      [36m>[39m
        [36m<section[39m
          [33mclass[39m=[32m"surface-section"[39m
        [36m>[39m
          [36m<header[39m
            [33mclass[39m=[32m"surface-section-head"[39m
          [36m>[39m
            [36m<h3>[39m
              [0mMEETINGS 1[0m
            [36m</h3>[39m
          [36m</header>[39m
          [36m<div[39m
            [33mclass[39m=[32m"surface-ledger"[39m
            [33mdata-cols[39m=[32m"room"[39m
          [36m>[39m
            [36m<div[39m
              [33mclass[39m=[32m"surface-ledger-head"[39m
            [36m>[39m
              [36m<span[39m
                [33mclass[39m=[32m"surface-ledger-count"[39m
              [36m/>[39m
            [36m</div>[39m
            [36m<li[39m
              [33mclass[39m=[32m"surface-ledger-row"[39m
              [33mdata-wrap[39m=[32m"true"[39m
            [36m>[39m
              [36m<div[39m
                [33mclass[39m=[32m"surface-ledger-line"[39m
                [33mdata-has-trailing[39m=[32m"true"[39m
                [33mdata-testid[39m=[32m"arrival-meeting-row"[39m
                [33mrole[39m=[32m"button"[39m
                [33mtabindex[39m=[32m"0"[39m
              [36m>[39m
                [36m<span[39m
                  [33mclass[39m=[32m"surface-ledger-time"[39m
                [36m>[39m
                  [0mAUG 10[0m
                [36m</span>[39m
                [36m<span[39m
                  [33mclass[39m=[32m"surface-ledger-primary"[39m
                [36m>[39m
                  [0mArchitecture boundary review[0m
                [36m</span>[39m
                [36m<span[39m
                  [33mclass[39m=[32m"arrival-meeting-duration"[39m
                [36m>[39m
                  [0m35 S[0m
                [36m</span>[39m
                [36m<span[39m
                  [33mclass[39m=[32m"arrival-meeting-duration"[39m
                [36m>[39m
                  [0m16 WORDS[0m
                [36m</span>[39m
                [36m<span[39m
                  [33maria-label[39m=[32m"RAN"[39m
                  [33mclass[39m=[32m"surface-state-chip"[39m
                  [33mdata-state[39m=[32m"success"[39m
                  [33mrole[39m=[32m"status"[39m
                [36m>[39m
                  [36m<span[39m
                    [33maria-hidden[39m=[32m"true"[39m
                    [33mclass[39m=[32m"surface-state-chip-icon"[39m
                  [36m>[39m
                    [0m●[0m
                  [36m</span>[39m
                  [0mRAN[0m
                [36m</span>[39m
                [36m<span[39m
                  [33mclass[39m=[32m"summary-route"[39m
                  [33mdata-testid[39m=[32m"arrival-attempts"[39m
                [36m>[39m
                  [36m<span[39m
                    [33mclass[39m=[32m"gadget-chip gadget-chip-egress"[39m
                    [33mdata-scope[39m=[32m"local"[39m
                    [33mtitle[39m=[32m"The route for this face is not set."[39m
                  [36m>[39m
                    [0mTHIS DEVICE[0m
                  [36m</span>[39m
                [36m</span>[39m
                [36m<span[39m
                  [33mclass[39m=[32m"surface-ledger-trailing"[39m
                [36m>[39m
                  [36m<button[39m
                    [33mclass[39m=[32m"btn btn--ghost btn--sm "[39m
                    [33mtype[39m=[32m"button"[39m
                  [36m>[39m
                    [0mOpen[0m
                  [36m</button>[39m
                [36m</span>[39m
              [36m</div>[39m
            [36m</li>[39m
          [36m</div>[39m
        [36m</section>[39m
      [36m</div>[39m
      [36m<footer[39m
        [33mclass[39m=[32m"arrival-capture-bar"[39m
        [33mdata-testid[39m=[32m"arrival-capture-bar"[39m
      [36m>[39m
        [36m<span[39m
          [33mclass[39m=[32m"arrival-capture-talk"[39m
        [36m/>[39m
        [36m<button[39m
          [33mclass[39m=[32m"btn btn--ghost "[39m
          [33mdata-testid[39m=[32m"arrival-develop-thought"[39m
          [33mtype[39m=[32m"button"[39m
        [36m>[39m
          [0mWrite a thought[0m
        [36m</button>[39m
        [36m<button[39m
          [33mclass[39m=[32m"btn btn--ghost "[39m
          [33mdata-testid[39m=[32m"arrival-record-meeting"[39m
          [33mtype[39m=[32m"button"[39m
        [36m>[39m
          [0mRecord meeting[0m
        [36m</button>[39m
        [36m<button[39m
          [33mclass[39m=[32m"btn btn--ghost "[39m
          [33mdata-testid[39m=[32m"arrival-schedule"[39m
          [33mtype[39m=[32m"button"[39m
        [36m>[39m
          [0mSchedule[0m
        [36m</button>[39m
      [36m</footer>[39m
    [36m</div>[39m
  [36m</div>[39m
[36m</body>[39m
 ❯ Object.getElementError ../../../web/node_modules/@testing-library/dom/dist/config.js:37:19
 ❯ ../../../web/node_modules/@testing-library/dom/dist/query-helpers.js:76:38
 ❯ ../../../web/node_modules/@testing-library/dom/dist/query-helpers.js:52:17
 ❯ ../../../web/node_modules/@testing-library/dom/dist/query-helpers.js:95:19
 ❯ src/desk/chair/arrivalSummaryCompletion.test.tsx:300:19
    298|     } as never);
    299|     await waitFor(() => expect(detailReads).toBe(2));
    300|     expect(screen.getByTestId("meeting-summary-text")).toHaveTextConte…
       |                   ^
    301|       "The team reviewed the budget.",
    302|     );

⎯⎯⎯⎯⎯⎯⎯⎯⎯⎯⎯⎯⎯⎯⎯⎯⎯⎯⎯⎯⎯⎯⎯⎯[1/1]⎯


 Test Files  1 failed (1)
      Tests  1 failed | 11 skipped (12)
   Start at  15:33:44
   Duration  993ms (transform 373ms, setup 62ms, import 498ms, tests 157ms, environment 194ms)

