tests/e2e/test_graph_walk_smoke.py::test_the_rig_drives_the_real_atlas[case.j10.arrival_generate_brief.generated_empty]
tests/e2e/test_hs171_shade_glass.py::test_shade_quiet_1440
tests/e2e/test_philo8_one_delete_glass.py::TestOneDelete::test_a_resize_that_changes_the_face_commits
tests/e2e/test_philo7_delete_receipt_glass.py::TestDeleteReceiptGlass::test_the_delete_receipt_is_readable_in_the_viewport[1440]
tests/e2e/test_philo8_03_then_guard.py::test_a_follow_up_after_the_window_is_blocked[1440-before_guard]
tests/e2e/test_philo8_03_then_guard.py::test_a_follow_up_after_the_window_is_blocked[1440-click_wait]
tests/e2e/test_philo8_03_then_guard.py::test_a_follow_up_after_the_window_is_blocked[393-before_guard]
tests/e2e/test_hs176_loop_glass.py::test_speak_loop_1440
tests/e2e/test_hs176_loop_glass.py::test_speak_loop_393
tests/e2e/test_philo8_03_then_guard.py::test_a_follow_up_after_the_window_is_blocked[393-click_wait]
tests/e2e/test_philo8_one_delete_glass.py::TestOneDelete::test_the_list_row_menu_delete_removes_the_object[1440]
tests/e2e/test_philo8_one_delete_glass.py::TestOneDelete::test_the_list_row_menu_delete_removes_the_object[393]
tests/e2e/test_philo8_one_delete_glass.py::TestOneDelete::test_a_failed_refresh_keeps_the_pending_delete_and_its_undo[1440]
tests/e2e/test_philo8_one_delete_glass.py::TestOneDelete::test_a_failed_refresh_keeps_the_pending_delete_and_its_undo[393]
tests/e2e/test_philo8_one_delete_glass.py::TestOneDelete::test_the_list_palette_delete_removes_the_selected_object[393]
tests/e2e/test_philo8_one_delete_glass.py::TestOneDelete::test_the_foot_never_covers_the_last_rows[393]
tests/e2e/test_philo3_01_receipt_hits.py::test_receipt_verbs_own_their_areas[1440]
tests/e2e/test_philo8_one_delete_glass.py::TestOneDelete::test_undo_on_the_list_keeps_the_object[393]
tests/e2e/test_philo8_01_list_rename_glass.py::TestListRenameGlass::test_a_taken_name_shows_the_chip_on_the_floor[1440]
tests/e2e/test_philo8_one_delete_glass.py::TestOneDelete::test_a_repeated_delete_never_offers_a_false_undo[floor-1440]
tests/e2e/test_philo8_01_list_rename_glass.py::TestListRenameGlass::test_a_failed_save_shows_in_the_chip_slot[1440-spatial-422]
tests/e2e/test_philo8_01_list_rename_glass.py::TestListRenameGlass::test_a_failed_save_shows_in_the_chip_slot[1440-spatial-network]
tests/e2e/test_philo8_one_delete_glass.py::TestOneDelete::test_a_repeated_delete_never_offers_a_false_undo[list-393]
tests/e2e/test_philo8_01_list_rename_glass.py::TestListRenameGlass::test_a_refusal_after_the_field_closed_goes_to_the_write_receipt[1440]
tests/e2e/test_philo8_one_delete_glass.py::TestOneDelete::test_a_repeated_workbench_remove_never_offers_a_false_undo
tests/e2e/test_philo8_one_delete_glass.py::TestOneDelete::test_a_workbench_remove_works_again_after_a_refusal[393]

26 tests collected in 0.06s
